Archive member included because of file (symbol)

c:/altera/12.1sp1/nios2eds/bin/gnu/h-i686-mingw32/bin/../lib/gcc/nios2-elf/4.1.2/mno-hw-mul\libgcc.a(_addsub_df.o)
                              obj/default/midi_generator.o (__subdf3)
c:/altera/12.1sp1/nios2eds/bin/gnu/h-i686-mingw32/bin/../lib/gcc/nios2-elf/4.1.2/mno-hw-mul\libgcc.a(_si_to_df.o)
                              obj/default/midi_generator.o (__floatsidf)
c:/altera/12.1sp1/nios2eds/bin/gnu/h-i686-mingw32/bin/../lib/gcc/nios2-elf/4.1.2/mno-hw-mul\libgcc.a(_df_to_si.o)
                              obj/default/midi_generator.o (__fixdfsi)
c:/altera/12.1sp1/nios2eds/bin/gnu/h-i686-mingw32/bin/../lib/gcc/nios2-elf/4.1.2/mno-hw-mul\libgcc.a(_thenan_df.o)
                              c:/altera/12.1sp1/nios2eds/bin/gnu/h-i686-mingw32/bin/../lib/gcc/nios2-elf/4.1.2/mno-hw-mul\libgcc.a(_addsub_df.o) (__thenan_df)
c:/altera/12.1sp1/nios2eds/bin/gnu/h-i686-mingw32/bin/../lib/gcc/nios2-elf/4.1.2/mno-hw-mul\libgcc.a(_clzsi2.o)
                              c:/altera/12.1sp1/nios2eds/bin/gnu/h-i686-mingw32/bin/../lib/gcc/nios2-elf/4.1.2/mno-hw-mul\libgcc.a(_si_to_df.o) (__clzsi2)
c:/altera/12.1sp1/nios2eds/bin/gnu/h-i686-mingw32/bin/../lib/gcc/nios2-elf/4.1.2/mno-hw-mul\libgcc.a(_pack_df.o)
                              c:/altera/12.1sp1/nios2eds/bin/gnu/h-i686-mingw32/bin/../lib/gcc/nios2-elf/4.1.2/mno-hw-mul\libgcc.a(_addsub_df.o) (__pack_d)
c:/altera/12.1sp1/nios2eds/bin/gnu/h-i686-mingw32/bin/../lib/gcc/nios2-elf/4.1.2/mno-hw-mul\libgcc.a(_unpack_df.o)
                              c:/altera/12.1sp1/nios2eds/bin/gnu/h-i686-mingw32/bin/../lib/gcc/nios2-elf/4.1.2/mno-hw-mul\libgcc.a(_addsub_df.o) (__unpack_d)
c:/altera/12.1sp1/nios2eds/bin/gnu/h-i686-mingw32/bin/../lib/gcc/nios2-elf/4.1.2/mno-hw-mul\libgcc.a(_clz.o)
                              c:/altera/12.1sp1/nios2eds/bin/gnu/h-i686-mingw32/bin/../lib/gcc/nios2-elf/4.1.2/mno-hw-mul\libgcc.a(_clzsi2.o) (__clz_tab)
c:/altera/12.1sp1/nios2eds/bin/gnu/h-i686-mingw32/bin/../lib/gcc/nios2-elf/4.1.2/../../../../nios2-elf/lib/mno-hw-mul\libc.a(lib_a-strcat.o)
                              obj/default/midi_generator.o (strcat)
c:/altera/12.1sp1/nios2eds/bin/gnu/h-i686-mingw32/bin/../lib/gcc/nios2-elf/4.1.2/../../../../nios2-elf/lib/mno-hw-mul\libc.a(lib_a-strcpy.o)
                              c:/altera/12.1sp1/nios2eds/bin/gnu/h-i686-mingw32/bin/../lib/gcc/nios2-elf/4.1.2/../../../../nios2-elf/lib/mno-hw-mul\libc.a(lib_a-strcat.o) (strcpy)
../MIDIGenerator_bsp/\libucosii_bsp.a(alt_iic.o)
                              obj/default/midi_generator.o (alt_ic_isr_register)
../MIDIGenerator_bsp/\libucosii_bsp.a(alt_iic_isr_register.o)
                              ../MIDIGenerator_bsp/\libucosii_bsp.a(alt_iic.o) (alt_iic_isr_register)
../MIDIGenerator_bsp/\libucosii_bsp.a(alt_irq_entry.o)
                              ../MIDIGenerator_bsp/\libucosii_bsp.a(alt_iic_isr_register.o) (alt_irq_entry)
../MIDIGenerator_bsp/\libucosii_bsp.a(alt_irq_handler.o)
                              ../MIDIGenerator_bsp/\libucosii_bsp.a(alt_iic_isr_register.o) (alt_irq_handler)
../MIDIGenerator_bsp/\libucosii_bsp.a(alt_irq_vars.o)
                              ../MIDIGenerator_bsp/\libucosii_bsp.a(alt_iic.o) (alt_irq_active)
../MIDIGenerator_bsp/\libucosii_bsp.a(alt_load.o)
                              ../MIDIGenerator_bsp//obj/HAL/src/crt0.o (alt_load)
../MIDIGenerator_bsp/\libucosii_bsp.a(alt_main.o)
                              ../MIDIGenerator_bsp//obj/HAL/src/crt0.o (alt_main)
../MIDIGenerator_bsp/\libucosii_bsp.a(alt_printf.o)
                              obj/default/midi_generator.o (alt_printf)
../MIDIGenerator_bsp/\libucosii_bsp.a(alt_putchar.o)
                              ../MIDIGenerator_bsp/\libucosii_bsp.a(alt_printf.o) (alt_putchar)
../MIDIGenerator_bsp/\libucosii_bsp.a(alt_env_lock.o)
                              ../MIDIGenerator_bsp/\libucosii_bsp.a(alt_main.o) (alt_envsem)
../MIDIGenerator_bsp/\libucosii_bsp.a(alt_malloc_lock.o)
                              ../MIDIGenerator_bsp/\libucosii_bsp.a(alt_main.o) (alt_heapsem)
../MIDIGenerator_bsp/\libucosii_bsp.a(os_core.o)
                              ../MIDIGenerator_bsp/\libucosii_bsp.a(alt_main.o) (OSInit)
../MIDIGenerator_bsp/\libucosii_bsp.a(os_dbg.o)
                              ../MIDIGenerator_bsp/\libucosii_bsp.a(os_core.o) (OSDebugInit)
../MIDIGenerator_bsp/\libucosii_bsp.a(os_flag.o)
                              ../MIDIGenerator_bsp/\libucosii_bsp.a(os_core.o) (OS_FlagInit)
../MIDIGenerator_bsp/\libucosii_bsp.a(os_mem.o)
                              ../MIDIGenerator_bsp/\libucosii_bsp.a(os_core.o) (OS_MemInit)
../MIDIGenerator_bsp/\libucosii_bsp.a(os_q.o)
                              ../MIDIGenerator_bsp/\libucosii_bsp.a(os_core.o) (OS_QInit)
../MIDIGenerator_bsp/\libucosii_bsp.a(os_sem.o)
                              obj/default/midi_generator.o (OSSemCreate)
../MIDIGenerator_bsp/\libucosii_bsp.a(os_task.o)
[...]
Memory Configuration

Name             Origin             Length             Attributes
sdram_0          0x00800000         0x00800000
sram_0           0x01080000         0x00080000
reset            0x01104000         0x00000020
onchip_memory2_0 0x01104020         0x00003fe0
*default*        0x00000000         0xffffffff

Linker script and memory map

LOAD ../MIDIGenerator_bsp//obj/HAL/src/crt0.o
LOAD obj/default/midi_generator.o
LOAD c:/altera/12.1sp1/nios2eds/bin/gnu/h-i686-mingw32/bin/../lib/gcc/nios2-elf/4.1.2/../../../../nios2-elf/lib/mno-hw-mul\libstdc++.a
LOAD c:/altera/12.1sp1/nios2eds/bin/gnu/h-i686-mingw32/bin/../lib/gcc/nios2-elf/4.1.2/../../../../nios2-elf/lib/mno-hw-mul\libm.a
LOAD c:/altera/12.1sp1/nios2eds/bin/gnu/h-i686-mingw32/bin/../lib/gcc/nios2-elf/4.1.2/mno-hw-mul\libgcc.a
START GROUP
LOAD c:/altera/12.1sp1/nios2eds/bin/gnu/h-i686-mingw32/bin/../lib/gcc/nios2-elf/4.1.2/../../../../nios2-elf/lib/mno-hw-mul\libc.a
LOAD c:/altera/12.1sp1/nios2eds/bin/gnu/h-i686-mingw32/bin/../lib/gcc/nios2-elf/4.1.2/mno-hw-mul\libgcc.a
LOAD ../MIDIGenerator_bsp/\libucosii_bsp.a
END GROUP
LOAD c:/altera/12.1sp1/nios2eds/bin/gnu/h-i686-mingw32/bin/../lib/gcc/nios2-elf/4.1.2/mno-hw-mul\libgcc.a
                0x00800000                __alt_mem_sdram_0 = 0x800000
                0x01080000                __alt_mem_sram_0 = 0x1080000
                0x01104000                __alt_mem_onchip_memory2_0 = 0x1104000

.entry          0x01104000       0x20
 *(.entry)
 .entry         0x01104000       0x20 ../MIDIGenerator_bsp//obj/HAL/src/crt0.o
                0x01104000                __reset

.exceptions     0x01104020      0x19c load address 0x00800000
                0x01104020                PROVIDE (__ram_exceptions_start, ABSOLUTE (.))
                0x01104020                . = ALIGN (0x20)
 *(.irq)
 *(.exceptions.entry.label)
 .exceptions.entry.label
                0x01104020        0x0 ../MIDIGenerator_bsp/\libucosii_bsp.a(alt_irq_entry.o)
                0x01104020                alt_irq_entry
 .exceptions.entry.label
                0x01104020        0x0 ../MIDIGenerator_bsp/\libucosii_bsp.a(alt_exception_entry.o)
                0x01104020                alt_exception
 *(.exceptions.entry.user)
 *(.exceptions.entry)
 .exceptions.entry
                0x01104020       0x54 ../MIDIGenerator_bsp/\libucosii_bsp.a(alt_exception_entry.o)
 *(.exceptions.irqtest.user)
 *(.exceptions.irqtest)
 .exceptions.irqtest
                0x01104074       0x10 ../MIDIGenerator_bsp/\libucosii_bsp.a(alt_irq_entry.o)
 *(.exceptions.irqhandler.user)
 *(.exceptions.irqhandler)
 .exceptions.irqhandler
                0x01104084        0x4 ../MIDIGenerator_bsp/\libucosii_bsp.a(alt_irq_entry.o)
 *(.exceptions.irqreturn.user)
 *(.exceptions.irqreturn)
 .exceptions.irqreturn
                0x01104088        0x4 ../MIDIGenerator_bsp/\libucosii_bsp.a(alt_irq_entry.o)
 *(.exceptions.notirq.label)
 .exceptions.notirq.label
                0x0110408c        0x0 ../MIDIGenerator_bsp/\libucosii_bsp.a(alt_irq_entry.o)
 *(.exceptions.notirq.user)
 *(.exceptions.notirq)
 .exceptions.notirq
                0x0110408c        0x8 ../MIDIGenerator_bsp/\libucosii_bsp.a(alt_exception_entry.o)
 *(.exceptions.soft.user)
 *(.exceptions.soft)
 *(.exceptions.unknown.user)
 *(.exceptions.unknown)
 .exceptions.unknown
                0x01104094        0x4 ../MIDIGenerator_bsp/\libucosii_bsp.a(alt_exception_entry.o)
 *(.exceptions.exit.label)
 .exceptions.exit.label
                0x01104098        0x0 ../MIDIGenerator_bsp/\libucosii_bsp.a(alt_irq_entry.o)
 .exceptions.exit.label
                0x01104098        0x0 ../MIDIGenerator_bsp/\libucosii_bsp.a(alt_exception_entry.o)
 *(.exceptions.exit.user)
 *(.exceptions.exit)
 .exceptions.exit
                0x01104098       0x54 ../MIDIGenerator_bsp/\libucosii_bsp.a(alt_exception_entry.o)
 *(.exceptions)
 .exceptions    0x011040ec       0xd0 ../MIDIGenerator_bsp/\libucosii_bsp.a(alt_irq_handler.o)
                0x011040ec                alt_irq_handler
                0x011041bc                PROVIDE (__ram_exceptions_end, ABSOLUTE (.))
                0x00800000                PROVIDE (__flash_exceptions_start, LOADADDR (.exceptions))

.text           0x0080019c     0xf26c
                0x0080019c                PROVIDE (stext, ABSOLUTE (.))
 *(.interp)
 *(.hash)
 *(.dynsym)
 *(.dynstr)
 *(.gnu.version)
 *(.gnu.version_d)
 *(.gnu.version_r)
 *(.rel.init)
 *(.rela.init)
 *(.rel.text .rel.text.* .rel.gnu.linkonce.t.*)
 *(.rela.text .rela.text.* .rela.gnu.linkonce.t.*)
 *(.rel.fini)
 *(.rela.fini)
 *(.rel.rodata .rel.rodata.* .rel.gnu.linkonce.r.*)
 *(.rela.rodata .rela.rodata.* .rela.gnu.linkonce.r.*)
 *(.rel.data .rel.data.* .rel.gnu.linkonce.d.*)
 *(.rela.data .rela.data.* .rela.gnu.linkonce.d.*)
 *(.rel.tdata .rel.tdata.* .rel.gnu.linkonce.td.*)
 *(.rela.tdata .rela.tdata.* .rela.gnu.linkonce.td.*)
 *(.rel.tbss .rel.tbss.* .rel.gnu.linkonce.tb.*)
 *(.rela.tbss .rela.tbss.* .rela.gnu.linkonce.tb.*)
 *(.rel.ctors)
 *(.rela.ctors)
 *(.rel.dtors)
 *(.rela.dtors)
 *(.rel.got)
 *(.rela.got)
 *(.rel.sdata .rel.sdata.* .rel.gnu.linkonce.s.*)
 *(.rela.sdata .rela.sdata.* .rela.gnu.linkonce.s.*)
 *(.rel.sbss .rel.sbss.* .rel.gnu.linkonce.sb.*)
 *(.rela.sbss .rela.sbss.* .rela.gnu.linkonce.sb.*)
 *(.rel.sdata2 .rel.sdata2.* .rel.gnu.linkonce.s2.*)
 *(.rela.sdata2 .rela.sdata2.* .rela.gnu.linkonce.s2.*)
 *(.rel.sbss2 .rel.sbss2.* .rel.gnu.linkonce.sb2.*)
 *(.rela.sbss2 .rela.sbss2.* .rela.gnu.linkonce.sb2.*)
 *(.rel.bss .rel.bss.* .rel.gnu.linkonce.b.*)
 *(.rela.bss .rela.bss.* .rela.gnu.linkonce.b.*)
 *(.rel.plt)
 *(.rela.plt)
 *(.rel.dyn)
 *(.init)
 *(.plt)
 *(.text .stub .text.* .gnu.linkonce.t.*)
 .text          0x0080019c       0x3c ../MIDIGenerator_bsp//obj/HAL/src/crt0.o
                0x0080019c                _start
 .text          0x008001d8      0x498 obj/default/midi_generator.o
                0x008001d8                inputPollingTask
                0x00800300                handleLaserStatusChange
                0x008003cc                getMidiData
                0x008004a8                printLaserStatusOnLCD
                0x008005cc                main
 .text          0x00800670      0x504 c:/altera/12.1sp1/nios2eds/bin/gnu/h-i686-mingw32/bin/../lib/gcc/nios2-elf/4.1.2/mno-hw-mul\libgcc.a(_addsub_df.o)
                0x00800a80                __subdf3
                0x00800b00                __adddf3
 .text          0x00800b74       0xf8 c:/altera/12.1sp1/nios2eds/bin/gnu/h-i686-mingw32/bin/../lib/gcc/nios2-elf/4.1.2/mno-hw-mul\libgcc.a(_si_to_df.o)
                0x00800b74                __floatsidf
 .text          0x00800c6c       0xd8 c:/altera/12.1sp1/nios2eds/bin/gnu/h-i686-mingw32/bin/../lib/gcc/nios2-elf/4.1.2/mno-hw-mul\libgcc.a(_df_to_si.o)
                0x00800c6c                __fixdfsi
 .text          0x00800d44        0x0 c:/altera/12.1sp1/nios2eds/bin/gnu/h-i686-mingw32/bin/../lib/gcc/nios2-elf/4.1.2/mno-hw-mul\libgcc.a(_thenan_df.o)
 .text          0x00800d44       0x80 c:/altera/12.1sp1/nios2eds/bin/gnu/h-i686-mingw32/bin/../lib/gcc/nios2-elf/4.1.2/mno-hw-mul\libgcc.a(_clzsi2.o)
                0x00800d44                __clzsi2
 .text          0x00800dc4      0x314 c:/altera/12.1sp1/nios2eds/bin/gnu/h-i686-mingw32/bin/../lib/gcc/nios2-elf/4.1.2/mno-hw-mul\libgcc.a(_pack_df.o)
                0x00800dc4                __pack_d
 .text          0x008010d8      0x138 c:/altera/12.1sp1/nios2eds/bin/gnu/h-i686-mingw32/bin/../lib/gcc/nios2-elf/4.1.2/mno-hw-mul\libgcc.a(_unpack_df.o)
                0x008010d8                __unpack_d
 .text          0x00801210        0x0 c:/altera/12.1sp1/nios2eds/bin/gnu/h-i686-mingw32/bin/../lib/gcc/nios2-elf/4.1.2/mno-hw-mul\libgcc.a(_clz.o)
 .text          0x00801210       0x90 c:/altera/12.1sp1/nios2eds/bin/gnu/h-i686-mingw32/bin/../lib/gcc/nios2-elf/4.1.2/../../../../nios2-elf/lib/mno-hw-mul\libc.a(lib_a-strcat.o)
                0x00801210                strcat
 .text          0x008012a0       0x8c c:/altera/12.1sp1/nios2eds/bin/gnu/h-i686-mingw32/bin/../lib/gcc/nios2-elf/4.1.2/../../../../nios2-elf/lib/mno-hw-mul\libc.a(lib_a-strcpy.o)
                0x008012a0                strcpy
 .text          0x0080132c      0x1d4 ../MIDIGenerator_bsp/\libucosii_bsp.a(alt_iic.o)
                0x0080132c                alt_ic_isr_register
                0x0080137c                alt_ic_irq_enable
                0x00801418                alt_ic_irq_disable
                0x008014b8                alt_ic_irq_enabled
 .text          0x00801500       0xf8 ../MIDIGenerator_bsp/\libucosii_bsp.a(alt_iic_isr_register.o)
                0x00801500                alt_iic_isr_register
 .text          0x008015f8        0x0 ../MIDIGenerator_bsp/\libucosii_bsp.a(alt_irq_entry.o)
 .text          0x008015f8        0x0 ../MIDIGenerator_bsp/\libucosii_bsp.a(alt_irq_handler.o)
 .text          0x008015f8        0x0 ../MIDIGenerator_bsp/\libucosii_bsp.a(alt_irq_vars.o)
 .text          0x008015f8       0xec ../MIDIGenerator_bsp/\libucosii_bsp.a(alt_load.o)
                0x008015f8                alt_load
 .text          0x008016e4       0xc8 ../MIDIGenerator_bsp/\libucosii_bsp.a(alt_main.o)
                0x008016e4                alt_main
 .text          0x008017ac      0x258 ../MIDIGenerator_bsp/\libucosii_bsp.a(alt_printf.o)
                0x008017ac                alt_printf
 .text          0x00801a04       0x40 ../MIDIGenerator_bsp/\libucosii_bsp.a(alt_putchar.o)
                0x00801a04                alt_putchar
 .text          0x00801a44      0x108 ../MIDIGenerator_bsp/\libucosii_bsp.a(alt_env_lock.o)
                0x00801a44                __env_lock
                0x00801af0                __env_unlock
 .text          0x00801b4c      0x1d8 ../MIDIGenerator_bsp/\libucosii_bsp.a(alt_malloc_lock.o)
                0x00801b4c                __malloc_lock
                0x00801c54                __malloc_unlock
 .text          0x00801d24     0x2128 ../MIDIGenerator_bsp/\libucosii_bsp.a(os_core.o)
                0x00801d24                OSEventNameGet
                0x00801e54                OSEventNameSet
                0x00801f98                OSEventPendMulti
                0x0080264c                OSInit
                0x008026a0                OSIntEnter
                0x0080271c                OSIntExit
                0x0080281c                OSSchedLock
                0x008028a8                OSSchedUnlock
                0x0080298c                OSStart
                0x008029fc                OSStatInit
                0x00802aa8                OSTimeTick
                0x00802ce8                OSVersion
                0x00802d08                OS_Dummy
                0x00802d24                OS_EventTaskRdy
                0x00802eb8                OS_EventTaskWait
                0x00802fc8                OS_EventTaskWaitMulti
                0x0080311c                OS_EventTaskRemove
                0x008031d4                OS_EventTaskRemoveMulti
                0x008032d8                OS_EventWaitListInit
                0x008036a4                OS_MemClr
                0x008036f8                OS_MemCopy
                0x00803764                OS_Sched
                0x008038a8                OS_StrCopy
                0x00803928                OS_StrLen
                0x00803980                OS_TaskIdle
                0x008039dc                OS_TaskStat
                0x00803aa4                OS_TaskStatStkChk
                0x00803b6c                OS_TCBInit
 .text          0x00803e4c      0x18c ../MIDIGenerator_bsp/\libucosii_bsp.a(os_dbg.o)
                0x00803e4c                OSDebugInit
 .text          0x00803fd8     0x193c ../MIDIGenerator_bsp/\libucosii_bsp.a(os_flag.o)
                0x00803fd8                OSFlagAccept
                0x0080430c                OSFlagCreate
                0x00804448                OSFlagDel
                0x008046f0                OSFlagNameGet
                0x00804834                OSFlagNameSet
                0x00804988                OSFlagPend
                0x00804fcc                OSFlagPendGetFlagsRdy
                0x00805034                OSFlagPost
                0x008053dc                OSFlagQuery
                0x00805674                OS_FlagInit
                0x00805868                OS_FlagUnlink
 .text          0x00805914      0x80c ../MIDIGenerator_bsp/\libucosii_bsp.a(os_mem.o)
                0x00805914                OSMemCreate
                0x00805b30                OSMemGet
                0x00805c34                OSMemNameGet
                0x00805d40                OSMemNameSet
                0x00805e60                OSMemPut
                0x00805f50                OSMemQuery
                0x0080604c                OS_MemInit
 .text          0x00806120     0x1334 ../MIDIGenerator_bsp/\libucosii_bsp.a(os_q.o)
                0x00806120                OSQAccept
                0x00806274                OSQCreate
                0x00806488                OSQDel
                0x00806788                OSQFlush
                0x00806850                OSQPend
                0x00806b70                OSQPendAbort
                0x00806cec                OSQPost
                0x00806e6c                OSQPostFront
                0x00806ff4                OSQPostOpt
                0x00807228                OSQQuery
                0x008073a8                OS_QInit
 .text          0x00807454      0xbc8 ../MIDIGenerator_bsp/\libucosii_bsp.a(os_sem.o)
                0x00807454                OSSemAccept
                0x00807514                OSSemCreate
                0x00807628                OSSemDel
                0x008078c8                OSSemPend
                0x00807b44                OSSemPendAbort
                0x00807cc0                OSSemPost
                0x00807de8                OSSemQuery
                0x00807f18                OSSemSet
 .text          0x0080801c     0x1a40 ../MIDIGenerator_bsp/\libucosii_bsp.a(os_task.o)
                0x0080801c                OSTaskChangePrio
                0x00808590                OSTaskCreate
                0x00808764                OSTaskCreateExt
                0x00808964                OSTaskDel
                0x00808d70                OSTaskDelReq
                0x00808ee0                OSTaskNameGet
                0x00809098                OSTaskNameSet
                0x0080925c                OSTaskResume
                0x00809474                OSTaskStkChk
                0x00809670                OSTaskSuspend
                0x0080989c                OSTaskQuery
                0x008099e0                OS_TaskStkClr
 .text          0x00809a5c      0x5b4 ../MIDIGenerator_bsp/\libucosii_bsp.a(os_time.o)
                0x00809a5c                OSTimeDly
                0x00809ba8                OSTimeDlyHMSM
                0x00809d38                OSTimeDlyResume
                0x00809f48                OSTimeGet
                0x00809fac                OSTimeSet
 .text          0x0080a010       0xe0 ../MIDIGenerator_bsp/\libucosii_bsp.a(alt_sys_init.o)
                0x0080a010                alt_irq_init
                0x0080a044                alt_sys_init
 .text          0x0080a0f0      0x148 ../MIDIGenerator_bsp/\libucosii_bsp.a(altera_avalon_jtag_uart_fd.o)
                0x0080a0f0                altera_avalon_jtag_uart_read_fd
                0x0080a148                altera_avalon_jtag_uart_write_fd
                0x0080a1a0                altera_avalon_jtag_uart_close_fd
                0x0080a1e8                altera_avalon_jtag_uart_ioctl_fd
 .text          0x0080a238      0x584 ../MIDIGenerator_bsp/\libucosii_bsp.a(altera_avalon_jtag_uart_init.o)
                0x0080a238                altera_avalon_jtag_uart_init
                0x0080a748                altera_avalon_jtag_uart_close
 .text          0x0080a7bc       0xf4 ../MIDIGenerator_bsp/\libucosii_bsp.a(altera_avalon_jtag_uart_ioctl.o)
                0x0080a7bc                altera_avalon_jtag_uart_ioctl
 .text          0x0080a8b0      0x2c0 ../MIDIGenerator_bsp/\libucosii_bsp.a(altera_avalon_jtag_uart_read.o)
                0x0080a8b0                altera_avalon_jtag_uart_read
 .text          0x0080ab70      0x2dc ../MIDIGenerator_bsp/\libucosii_bsp.a(altera_avalon_jtag_uart_write.o)
                0x0080ab70                altera_avalon_jtag_uart_write
 .text          0x0080ae4c      0x100 ../MIDIGenerator_bsp/\libucosii_bsp.a(altera_avalon_timer_sc.o)
                0x0080aebc                alt_avalon_timer_sc_init
 .text          0x0080af4c      0x530 ../MIDIGenerator_bsp/\libucosii_bsp.a(altera_up_avalon_character_lcd.o)
                0x0080af4c                get_DDRAM_addr
                0x0080afc8                alt_up_character_lcd_send_cmd
                0x0080affc                alt_up_character_lcd_init
                0x0080b030                alt_up_character_lcd_open_dev
                0x0080b070                alt_up_character_lcd_write
                0x0080b0e8                alt_up_character_lcd_string
                0x0080b160                alt_up_character_lcd_write_fd
                0x0080b1ac                alt_up_character_lcd_set_cursor_pos
                0x0080b224                alt_up_character_lcd_shift_cursor
                0x0080b2d4                alt_up_character_lcd_shift_display
                0x0080b384                alt_up_character_lcd_erase_pos
                0x0080b414                alt_up_character_lcd_cursor_off
                0x0080b448                alt_up_character_lcd_cursor_blink_on
 .text          0x0080b47c      0x154 ../MIDIGenerator_bsp/\libucosii_bsp.a(alt_alarm_start.o)
                0x0080b47c                alt_alarm_start
 .text          0x0080b5d0      0x160 ../MIDIGenerator_bsp/\libucosii_bsp.a(alt_close.o)
                0x0080b5d0                close
 .text          0x0080b730       0x1c ../MIDIGenerator_bsp/\libucosii_bsp.a(alt_dcache_flush_all.o)
                0x0080b730                alt_dcache_flush_all
 .text          0x0080b74c       0x2c ../MIDIGenerator_bsp/\libucosii_bsp.a(alt_dev.o)
 .text          0x0080b778      0x114 ../MIDIGenerator_bsp/\libucosii_bsp.a(alt_dev_llist_insert.o)
                0x0080b778                alt_dev_llist_insert
 .text          0x0080b88c       0x64 ../MIDIGenerator_bsp/\libucosii_bsp.a(alt_do_ctors.o)
                0x0080b88c                _do_ctors
 .text          0x0080b8f0       0x64 ../MIDIGenerator_bsp/\libucosii_bsp.a(alt_do_dtors.o)
                0x0080b8f0                _do_dtors
 .text          0x0080b954        0x0 ../MIDIGenerator_bsp/\libucosii_bsp.a(alt_errno.o)
 .text          0x0080b954        0x0 ../MIDIGenerator_bsp/\libucosii_bsp.a(alt_exception_entry.o)
 .text          0x0080b954       0x94 ../MIDIGenerator_bsp/\libucosii_bsp.a(alt_find_dev.o)
                0x0080b954                alt_find_dev
 .text          0x0080b9e8       0x1c ../MIDIGenerator_bsp/\libucosii_bsp.a(alt_icache_flush_all.o)
                0x0080b9e8                alt_icache_flush_all
 .text          0x0080ba04      0x150 ../MIDIGenerator_bsp/\libucosii_bsp.a(alt_io_redirect.o)
                0x0080badc                alt_io_redirect
 .text          0x0080bb54      0x2e4 ../MIDIGenerator_bsp/\libucosii_bsp.a(alt_open.o)
                0x0080bc4c                open
 .text          0x0080be38       0x78 ../MIDIGenerator_bsp/\libucosii_bsp.a(alt_release_fd.o)
                0x0080be38                alt_release_fd
 .text          0x0080beb0      0x1a8 ../MIDIGenerator_bsp/\libucosii_bsp.a(alt_tick.o)
                0x0080beb0                alt_alarm_stop
                0x0080bf48                alt_tick
 .text          0x0080c058       0x20 ../MIDIGenerator_bsp/\libucosii_bsp.a(altera_nios2_qsys_irq.o)
                0x0080c058                altera_nios2_qsys_irq_init
 .text          0x0080c078       0xd0 ../MIDIGenerator_bsp/\libucosii_bsp.a(os_cpu_a.o)
                0x0080c078                OSCtxSw
                0x0080c078                OSIntCtxSw
                0x0080c104                OSStartHighRdy
                0x0080c124                OSStartTsk
 .text          0x0080c148      0x418 ../MIDIGenerator_bsp/\libucosii_bsp.a(os_cpu_c.o)
                0x0080c148                OSTaskStkInit
                0x0080c458                OSTaskCreateHook
                0x0080c478                OSTaskDelHook
                0x0080c498                OSTaskSwHook
                0x0080c4b4                OSTaskStatHook
                0x0080c4d0                OSTimeTickHook
                0x0080c4ec                OSInitHookBegin
                0x0080c508                OSInitHookEnd
                0x0080c524                OSTaskIdleHook
                0x0080c540                OSTCBInitHook
 .text          0x0080c560      0x120 ../MIDIGenerator_bsp/\libucosii_bsp.a(alt_find_file.o)
                0x0080c560                alt_find_file
 .text          0x0080c680      0x104 ../MIDIGenerator_bsp/\libucosii_bsp.a(alt_get_fd.o)
                0x0080c680                alt_get_fd
 .text          0x0080c784       0x14 c:/altera/12.1sp1/nios2eds/bin/gnu/h-i686-mingw32/bin/../lib/gcc/nios2-elf/4.1.2/../../../../nios2-elf/lib/mno-hw-mul\libc.a(lib_a-atexit.o)
                0x0080c784                atexit
 .text          0x0080c798       0x38 c:/altera/12.1sp1/nios2eds/bin/gnu/h-i686-mingw32/bin/../lib/gcc/nios2-elf/4.1.2/../../../../nios2-elf/lib/mno-hw-mul\libc.a(lib_a-exit.o)
                0x0080c798                exit
 .text          0x0080c7d0        0x0 c:/altera/12.1sp1/nios2eds/bin/gnu/h-i686-mingw32/bin/../lib/gcc/nios2-elf/4.1.2/../../../../nios2-elf/lib/mno-hw-mul\libc.a(lib_a-impure.o)
 .text          0x0080c7d0        0x0 c:/altera/12.1sp1/nios2eds/bin/gnu/h-i686-mingw32/bin/../lib/gcc/nios2-elf/4.1.2/../../../../nios2-elf/lib/mno-hw-mul\libc.a(lib_a-int_errno.o)
 .text          0x0080c7d0       0x74 c:/altera/12.1sp1/nios2eds/bin/gnu/h-i686-mingw32/bin/../lib/gcc/nios2-elf/4.1.2/../../../../nios2-elf/lib/mno-hw-mul\libc.a(lib_a-memcmp.o)
                0x0080c7d0                memcmp
 .text          0x0080c844       0xa0 c:/altera/12.1sp1/nios2eds/bin/gnu/h-i686-mingw32/bin/../lib/gcc/nios2-elf/4.1.2/../../../../nios2-elf/lib/mno-hw-mul\libc.a(lib_a-memcpy.o)
                0x0080c844                memcpy
 .text          0x0080c8e4       0x98 c:/altera/12.1sp1/nios2eds/bin/gnu/h-i686-mingw32/bin/../lib/gcc/nios2-elf/4.1.2/../../../../nios2-elf/lib/mno-hw-mul\libc.a(lib_a-memset.o)
                0x0080c8e4                memset
 .text          0x0080c97c      0x1ec c:/altera/12.1sp1/nios2eds/bin/gnu/h-i686-mingw32/bin/../lib/gcc/nios2-elf/4.1.2/../../../../nios2-elf/lib/mno-hw-mul\libc.a(lib_a-putc.o)
                0x0080c97c                putc
                0x0080ca80                _putc_r
 .text          0x0080cb68       0x74 c:/altera/12.1sp1/nios2eds/bin/gnu/h-i686-mingw32/bin/../lib/gcc/nios2-elf/4.1.2/../../../../nios2-elf/lib/mno-hw-mul\libc.a(lib_a-strlen.o)
                0x0080cb68                strlen
 .text          0x0080cbdc      0x14c c:/altera/12.1sp1/nios2eds/bin/gnu/h-i686-mingw32/bin/../lib/gcc/nios2-elf/4.1.2/../../../../nios2-elf/lib/mno-hw-mul\libc.a(lib_a-wbuf.o)
                0x0080cbdc                __swbuf_r
                0x0080cd0c                __swbuf
 .text          0x0080cd28      0x13c c:/altera/12.1sp1/nios2eds/bin/gnu/h-i686-mingw32/bin/../lib/gcc/nios2-elf/4.1.2/../../../../nios2-elf/lib/mno-hw-mul\libc.a(lib_a-wsetup.o)
                0x0080cd28                __swsetup_r
 .text          0x0080ce64      0x134 c:/altera/12.1sp1/nios2eds/bin/gnu/h-i686-mingw32/bin/../lib/gcc/nios2-elf/4.1.2/../../../../nios2-elf/lib/mno-hw-mul\libc.a(lib_a-__atexit.o)
                0x0080ce64                __register_exitproc
 .text          0x0080cf98      0x1b4 c:/altera/12.1sp1/nios2eds/bin/gnu/h-i686-mingw32/bin/../lib/gcc/nios2-elf/4.1.2/../../../../nios2-elf/lib/mno-hw-mul\libc.a(lib_a-__call_atexit.o)
                0x0080cf9c                __call_exitprocs
 .text          0x0080d14c      0x230 c:/altera/12.1sp1/nios2eds/bin/gnu/h-i686-mingw32/bin/../lib/gcc/nios2-elf/4.1.2/../../../../nios2-elf/lib/mno-hw-mul\libc.a(lib_a-fflush.o)
                0x0080d14c                _fflush_r
                0x0080d348                fflush
 .text          0x0080d37c      0x2f4 c:/altera/12.1sp1/nios2eds/bin/gnu/h-i686-mingw32/bin/../lib/gcc/nios2-elf/4.1.2/../../../../nios2-elf/lib/mno-hw-mul\libc.a(lib_a-findfp.o)
                0x0080d3d4                __sfp_lock_acquire
                0x0080d3d8                __sfp_lock_release
                0x0080d3dc                __sinit_lock_acquire
                0x0080d3e0                __sinit_lock_release
                0x0080d3e4                __sinit
                0x0080d498                __fp_unlock_all
                0x0080d4b0                __fp_lock_all
                0x0080d4c8                _cleanup_r
                0x0080d4d4                _cleanup
                0x0080d4e4                __sfmoreglue
                0x0080d580                __sfp
 .text          0x0080d670      0x440 c:/altera/12.1sp1/nios2eds/bin/gnu/h-i686-mingw32/bin/../lib/gcc/nios2-elf/4.1.2/../../../../nios2-elf/lib/mno-hw-mul\libc.a(lib_a-freer.o)
                0x0080d670                _malloc_trim_r
                0x0080d79c                _free_r
 .text          0x0080dab0      0x180 c:/altera/12.1sp1/nios2eds/bin/gnu/h-i686-mingw32/bin/../lib/gcc/nios2-elf/4.1.2/../../../../nios2-elf/lib/mno-hw-mul\libc.a(lib_a-fwalk.o)
                0x0080dab0                _fwalk_reent
                0x0080db78                _fwalk
 .text          0x0080dc30      0x194 c:/altera/12.1sp1/nios2eds/bin/gnu/h-i686-mingw32/bin/../lib/gcc/nios2-elf/4.1.2/../../../../nios2-elf/lib/mno-hw-mul\libc.a(lib_a-makebuf.o)
                0x0080dc30                __smakebuf_r
 .text          0x0080ddc4      0x740 c:/altera/12.1sp1/nios2eds/bin/gnu/h-i686-mingw32/bin/../lib/gcc/nios2-elf/4.1.2/../../../../nios2-elf/lib/mno-hw-mul\libc.a(lib_a-mallocr.o)
                0x0080ddc4                _malloc_r
 .text          0x0080e504       0x70 c:/altera/12.1sp1/nios2eds/bin/gnu/h-i686-mingw32/bin/../lib/gcc/nios2-elf/4.1.2/../../../../nios2-elf/lib/mno-hw-mul\libc.a(lib_a-sbrkr.o)
                0x0080e504                _sbrk_r
 .text          0x0080e574      0x14c c:/altera/12.1sp1/nios2eds/bin/gnu/h-i686-mingw32/bin/../lib/gcc/nios2-elf/4.1.2/../../../../nios2-elf/lib/mno-hw-mul\libc.a(lib_a-stdio.o)
                0x0080e574                __sclose
                0x0080e57c                __sseek
                0x0080e5e4                __swrite
                0x0080e660                __sread
 .text          0x0080e6c0       0x78 c:/altera/12.1sp1/nios2eds/bin/gnu/h-i686-mingw32/bin/../lib/gcc/nios2-elf/4.1.2/../../../../nios2-elf/lib/mno-hw-mul\libc.a(lib_a-writer.o)
                0x0080e6c0                _write_r
 .text          0x0080e738       0x70 c:/altera/12.1sp1/nios2eds/bin/gnu/h-i686-mingw32/bin/../lib/gcc/nios2-elf/4.1.2/../../../../nios2-elf/lib/mno-hw-mul\libc.a(lib_a-closer.o)
                0x0080e738                _close_r
 .text          0x0080e7a8      0x124 c:/altera/12.1sp1/nios2eds/bin/gnu/h-i686-mingw32/bin/../lib/gcc/nios2-elf/4.1.2/../../../../nios2-elf/lib/mno-hw-mul\libc.a(lib_a-fclose.o)
                0x0080e7a8                _fclose_r
                0x0080e8b8                fclose
 .text          0x0080e8cc       0x74 c:/altera/12.1sp1/nios2eds/bin/gnu/h-i686-mingw32/bin/../lib/gcc/nios2-elf/4.1.2/../../../../nios2-elf/lib/mno-hw-mul\libc.a(lib_a-fstatr.o)
                0x0080e8cc                _fstat_r
 .text          0x0080e940       0x70 c:/altera/12.1sp1/nios2eds/bin/gnu/h-i686-mingw32/bin/../lib/gcc/nios2-elf/4.1.2/../../../../nios2-elf/lib/mno-hw-mul\libc.a(lib_a-isattyr.o)
                0x0080e940                _isatty_r
 .text          0x0080e9b0       0x78 c:/altera/12.1sp1/nios2eds/bin/gnu/h-i686-mingw32/bin/../lib/gcc/nios2-elf/4.1.2/../../../../nios2-elf/lib/mno-hw-mul\libc.a(lib_a-lseekr.o)
                0x0080e9b0                _lseek_r
 .text          0x0080ea28       0x78 c:/altera/12.1sp1/nios2eds/bin/gnu/h-i686-mingw32/bin/../lib/gcc/nios2-elf/4.1.2/../../../../nios2-elf/lib/mno-hw-mul\libc.a(lib_a-readr.o)
                0x0080ea28                _read_r
 .text          0x0080eaa0      0x14c c:/altera/12.1sp1/nios2eds/bin/gnu/h-i686-mingw32/bin/../lib/gcc/nios2-elf/4.1.2/mno-hw-mul\libgcc.a(lib2-divmod.o)
                0x0080eb1c                __divsi3
                0x0080eb7c                __modsi3
                0x0080ebdc                __udivsi3
                0x0080ebe4                __umodsi3
 .text          0x0080ebec       0x38 c:/altera/12.1sp1/nios2eds/bin/gnu/h-i686-mingw32/bin/../lib/gcc/nios2-elf/4.1.2/mno-hw-mul\libgcc.a(lib2-mul.o)
                0x0080ebec                __mulsi3
 .text          0x0080ec24       0x6c ../MIDIGenerator_bsp/\libucosii_bsp.a(alt_exit.o)
                0x0080ec64                _exit
 .text          0x0080ec90      0x138 ../MIDIGenerator_bsp/\libucosii_bsp.a(alt_fstat.o)
                0x0080ec90                fstat
 .text          0x0080edc8      0x124 ../MIDIGenerator_bsp/\libucosii_bsp.a(alt_isatty.o)
                0x0080edc8                isatty
 .text          0x0080eeec      0x154 ../MIDIGenerator_bsp/\libucosii_bsp.a(alt_lseek.o)
                0x0080eeec                lseek
 .text          0x0080f040      0x184 ../MIDIGenerator_bsp/\libucosii_bsp.a(alt_read.o)
                0x0080f040                read
 .text          0x0080f1c4       0xbc ../MIDIGenerator_bsp/\libucosii_bsp.a(alt_sbrk.o)
                0x0080f1c4                sbrk
 .text          0x0080f280      0x184 ../MIDIGenerator_bsp/\libucosii_bsp.a(alt_write.o)
                0x0080f280                write
 *(.gnu.warning.*)
 *(.fini)
                0x0080f404                PROVIDE (__etext, ABSOLUTE (.))
                0x0080f404                PROVIDE (_etext, ABSOLUTE (.))
                0x0080f404                PROVIDE (etext, ABSOLUTE (.))
 *(.eh_frame_hdr)
                0x0080f404                . = ALIGN (0x4)
                0x0080f404                PROVIDE (__preinit_array_start, ABSOLUTE (.))
 *(.preinit_array)
                0x0080f404                PROVIDE (__preinit_array_end, ABSOLUTE (.))
                0x0080f404                PROVIDE (__init_array_start, ABSOLUTE (.))
 *(.init_array)
                0x0080f404                PROVIDE (__init_array_end, ABSOLUTE (.))
                0x0080f404                PROVIDE (__fini_array_start, ABSOLUTE (.))
 *(.fini_array)
                0x0080f404                PROVIDE (__fini_array_end, ABSOLUTE (.))
 *(.eh_frame)
 *(.gcc_except_table)
 *(.dynamic)
                0x0080f404                PROVIDE (__CTOR_LIST__, ABSOLUTE (.))
 *(.ctors)
 *(SORT(.ctors.*))
 .ctors.65535   0x0080f404        0x4 c:/altera/12.1sp1/nios2eds/bin/gnu/h-i686-mingw32/bin/../lib/gcc/nios2-elf/4.1.2/../../../../nios2-elf/lib/mno-hw-mul\libc.a(lib_a-__call_atexit.o)
                0x0080f408                PROVIDE (__CTOR_END__, ABSOLUTE (.))
                0x0080f408                PROVIDE (__DTOR_LIST__, ABSOLUTE (.))
 *(.dtors)
 *(SORT(.dtors.*))
                0x0080f408                PROVIDE (__DTOR_END__, ABSOLUTE (.))
 *(.jcr)
                0x0080f408                . = ALIGN (0x4)

.rodata         0x0080f408      0x31c
                0x0080f408                PROVIDE (__ram_rodata_start, ABSOLUTE (.))
                0x0080f408                . = ALIGN (0x4)
 *(.rodata .rodata.* .gnu.linkonce.r.*)
 .rodata        0x0080f408       0x94 obj/default/midi_generator.o
 .rodata        0x0080f49c       0x14 c:/altera/12.1sp1/nios2eds/bin/gnu/h-i686-mingw32/bin/../lib/gcc/nios2-elf/4.1.2/mno-hw-mul\libgcc.a(_thenan_df.o)
                0x0080f49c                __thenan_df
 .rodata        0x0080f4b0      0x100 c:/altera/12.1sp1/nios2eds/bin/gnu/h-i686-mingw32/bin/../lib/gcc/nios2-elf/4.1.2/mno-hw-mul\libgcc.a(_clz.o)
                0x0080f4b0                __clz_tab
 .rodata        0x0080f5b0       0x14 ../MIDIGenerator_bsp/\libucosii_bsp.a(alt_main.o)
 .rodata        0x0080f5c4      0x120 ../MIDIGenerator_bsp/\libucosii_bsp.a(os_core.o)
                0x0080f5c4                OSUnMapTbl
 .rodata        0x0080f6e4       0x2c ../MIDIGenerator_bsp/\libucosii_bsp.a(alt_sys_init.o)
 .rodata        0x0080f710        0xc ../MIDIGenerator_bsp/\libucosii_bsp.a(alt_dev.o)
 .rodata        0x0080f71c        0x4 ../MIDIGenerator_bsp/\libucosii_bsp.a(os_cpu_c.o)
 .rodata.str1.4
                0x0080f720        0x4 c:/altera/12.1sp1/nios2eds/bin/gnu/h-i686-mingw32/bin/../lib/gcc/nios2-elf/4.1.2/../../../../nios2-elf/lib/mno-hw-mul\libc.a(lib_a-impure.o)
 *(.rodata1)
                0x0080f724                . = ALIGN (0x4)
                0x0080f724                PROVIDE (__ram_rodata_end, ABSOLUTE (.))
                0x0080f408                PROVIDE (__flash_rodata_start, LOADADDR (.rodata))

.rwdata         0x0080f724     0x1afc load address 0x00811220
                0x0080f724                PROVIDE (__ram_rwdata_start, ABSOLUTE (.))
                0x0080f724                . = ALIGN (0x4)
 *(.got.plt)
 *(.got)
 *(.data1)
 *(.data .data.* .gnu.linkonce.d.*)
 .data          0x0080f724        0x0 ../MIDIGenerator_bsp//obj/HAL/src/crt0.o
 .data          0x0080f724        0x0 obj/default/midi_generator.o
 .data          0x0080f724        0x0 c:/altera/12.1sp1/nios2eds/bin/gnu/h-i686-mingw32/bin/../lib/gcc/nios2-elf/4.1.2/mno-hw-mul\libgcc.a(_addsub_df.o)
 .data          0x0080f724        0x0 c:/altera/12.1sp1/nios2eds/bin/gnu/h-i686-mingw32/bin/../lib/gcc/nios2-elf/4.1.2/mno-hw-mul\libgcc.a(_si_to_df.o)
 .data          0x0080f724        0x0 c:/altera/12.1sp1/nios2eds/bin/gnu/h-i686-mingw32/bin/../lib/gcc/nios2-elf/4.1.2/mno-hw-mul\libgcc.a(_df_to_si.o)
 .data          0x0080f724        0x0 c:/altera/12.1sp1/nios2eds/bin/gnu/h-i686-mingw32/bin/../lib/gcc/nios2-elf/4.1.2/mno-hw-mul\libgcc.a(_thenan_df.o)
 .data          0x0080f724        0x0 c:/altera/12.1sp1/nios2eds/bin/gnu/h-i686-mingw32/bin/../lib/gcc/nios2-elf/4.1.2/mno-hw-mul\libgcc.a(_clzsi2.o)
 .data          0x0080f724        0x0 c:/altera/12.1sp1/nios2eds/bin/gnu/h-i686-mingw32/bin/../lib/gcc/nios2-elf/4.1.2/mno-hw-mul\libgcc.a(_pack_df.o)
 .data          0x0080f724        0x0 c:/altera/12.1sp1/nios2eds/bin/gnu/h-i686-mingw32/bin/../lib/gcc/nios2-elf/4.1.2/mno-hw-mul\libgcc.a(_unpack_df.o)
 .data          0x0080f724        0x0 c:/altera/12.1sp1/nios2eds/bin/gnu/h-i686-mingw32/bin/../lib/gcc/nios2-elf/4.1.2/mno-hw-mul\libgcc.a(_clz.o)
 .data          0x0080f724        0x0 c:/altera/12.1sp1/nios2eds/bin/gnu/h-i686-mingw32/bin/../lib/gcc/nios2-elf/4.1.2/../../../../nios2-elf/lib/mno-hw-mul\libc.a(lib_a-strcat.o)
 .data          0x0080f724        0x0 c:/altera/12.1sp1/nios2eds/bin/gnu/h-i686-mingw32/bin/../lib/gcc/nios2-elf/4.1.2/../../../../nios2-elf/lib/mno-hw-mul\libc.a(lib_a-strcpy.o)
 .data          0x0080f724        0x0 ../MIDIGenerator_bsp/\libucosii_bsp.a(alt_iic.o)
 .data          0x0080f724        0x0 ../MIDIGenerator_bsp/\libucosii_bsp.a(alt_iic_isr_register.o)
 .data          0x0080f724        0x0 ../MIDIGenerator_bsp/\libucosii_bsp.a(alt_irq_entry.o)
 .data          0x0080f724        0x0 ../MIDIGenerator_bsp/\libucosii_bsp.a(alt_irq_handler.o)
 .data          0x0080f724        0x0 ../MIDIGenerator_bsp/\libucosii_bsp.a(alt_irq_vars.o)
 .data          0x0080f724        0x0 ../MIDIGenerator_bsp/\libucosii_bsp.a(alt_load.o)
 .data          0x0080f724        0x0 ../MIDIGenerator_bsp/\libucosii_bsp.a(alt_main.o)
 .data          0x0080f724        0x0 ../MIDIGenerator_bsp/\libucosii_bsp.a(alt_printf.o)
 .data          0x0080f724        0x0 ../MIDIGenerator_bsp/\libucosii_bsp.a(alt_putchar.o)
 .data          0x0080f724        0x0 ../MIDIGenerator_bsp/\libucosii_bsp.a(alt_env_lock.o)
 .data          0x0080f724        0x0 ../MIDIGenerator_bsp/\libucosii_bsp.a(alt_malloc_lock.o)
 .data          0x0080f724        0x0 ../MIDIGenerator_bsp/\libucosii_bsp.a(os_core.o)
 .data          0x0080f724        0x0 ../MIDIGenerator_bsp/\libucosii_bsp.a(os_dbg.o)
 .data          0x0080f724        0x0 ../MIDIGenerator_bsp/\libucosii_bsp.a(os_flag.o)
 .data          0x0080f724        0x0 ../MIDIGenerator_bsp/\libucosii_bsp.a(os_mem.o)
 .data          0x0080f724        0x0 ../MIDIGenerator_bsp/\libucosii_bsp.a(os_q.o)
 .data          0x0080f724        0x0 ../MIDIGenerator_bsp/\libucosii_bsp.a(os_sem.o)
 .data          0x0080f724        0x0 ../MIDIGenerator_bsp/\libucosii_bsp.a(os_task.o)
 .data          0x0080f724        0x0 ../MIDIGenerator_bsp/\libucosii_bsp.a(os_time.o)
 .data          0x0080f724     0x1098 ../MIDIGenerator_bsp/\libucosii_bsp.a(alt_sys_init.o)
 .data          0x008107bc        0x0 ../MIDIGenerator_bsp/\libucosii_bsp.a(altera_avalon_jtag_uart_fd.o)
 .data          0x008107bc        0x0 ../MIDIGenerator_bsp/\libucosii_bsp.a(altera_avalon_jtag_uart_init.o)
 .data          0x008107bc        0x0 ../MIDIGenerator_bsp/\libucosii_bsp.a(altera_avalon_jtag_uart_ioctl.o)
 .data          0x008107bc        0x0 ../MIDIGenerator_bsp/\libucosii_bsp.a(altera_avalon_jtag_uart_read.o)
 .data          0x008107bc        0x0 ../MIDIGenerator_bsp/\libucosii_bsp.a(altera_avalon_jtag_uart_write.o)
 .data          0x008107bc        0x0 ../MIDIGenerator_bsp/\libucosii_bsp.a(altera_avalon_timer_sc.o)
 .data          0x008107bc        0x0 ../MIDIGenerator_bsp/\libucosii_bsp.a(altera_up_avalon_character_lcd.o)
 .data          0x008107bc        0x0 ../MIDIGenerator_bsp/\libucosii_bsp.a(alt_alarm_start.o)
 .data          0x008107bc        0x0 ../MIDIGenerator_bsp/\libucosii_bsp.a(alt_close.o)
 .data          0x008107bc        0x0 ../MIDIGenerator_bsp/\libucosii_bsp.a(alt_dcache_flush_all.o)
 .data          0x008107bc      0x1a8 ../MIDIGenerator_bsp/\libucosii_bsp.a(alt_dev.o)
                0x008107bc                alt_dev_null
                0x008107e4                alt_fd_list
 .data          0x00810964        0x0 ../MIDIGenerator_bsp/\libucosii_bsp.a(alt_dev_llist_insert.o)
 .data          0x00810964        0x0 ../MIDIGenerator_bsp/\libucosii_bsp.a(alt_do_ctors.o)
 .data          0x00810964        0x0 ../MIDIGenerator_bsp/\libucosii_bsp.a(alt_do_dtors.o)
 .data          0x00810964        0x0 ../MIDIGenerator_bsp/\libucosii_bsp.a(alt_errno.o)
 .data          0x00810964        0x0 ../MIDIGenerator_bsp/\libucosii_bsp.a(alt_exception_entry.o)
 .data          0x00810964        0x0 ../MIDIGenerator_bsp/\libucosii_bsp.a(alt_find_dev.o)
 .data          0x00810964        0x0 ../MIDIGenerator_bsp/\libucosii_bsp.a(alt_icache_flush_all.o)
 .data          0x00810964        0x0 ../MIDIGenerator_bsp/\libucosii_bsp.a(alt_io_redirect.o)
 .data          0x00810964        0x0 ../MIDIGenerator_bsp/\libucosii_bsp.a(alt_open.o)
 .data          0x00810964        0x0 ../MIDIGenerator_bsp/\libucosii_bsp.a(alt_release_fd.o)
 .data          0x00810964        0x0 ../MIDIGenerator_bsp/\libucosii_bsp.a(alt_tick.o)
 .data          0x00810964        0x0 ../MIDIGenerator_bsp/\libucosii_bsp.a(altera_nios2_qsys_irq.o)
 .data          0x00810964        0x0 ../MIDIGenerator_bsp/\libucosii_bsp.a(os_cpu_a.o)
 .data          0x00810964        0x0 ../MIDIGenerator_bsp/\libucosii_bsp.a(os_cpu_c.o)
 .data          0x00810964        0x0 ../MIDIGenerator_bsp/\libucosii_bsp.a(alt_find_file.o)
 .data          0x00810964        0x0 ../MIDIGenerator_bsp/\libucosii_bsp.a(alt_get_fd.o)
 .data          0x00810964        0x0 c:/altera/12.1sp1/nios2eds/bin/gnu/h-i686-mingw32/bin/../lib/gcc/nios2-elf/4.1.2/../../../../nios2-elf/lib/mno-hw-mul\libc.a(lib_a-atexit.o)
 .data          0x00810964        0x0 c:/altera/12.1sp1/nios2eds/bin/gnu/h-i686-mingw32/bin/../lib/gcc/nios2-elf/4.1.2/../../../../nios2-elf/lib/mno-hw-mul\libc.a(lib_a-exit.o)
 .data          0x00810964      0x400 c:/altera/12.1sp1/nios2eds/bin/gnu/h-i686-mingw32/bin/../lib/gcc/nios2-elf/4.1.2/../../../../nios2-elf/lib/mno-hw-mul\libc.a(lib_a-impure.o)
 .data          0x00810d64        0x0 c:/altera/12.1sp1/nios2eds/bin/gnu/h-i686-mingw32/bin/../lib/gcc/nios2-elf/4.1.2/../../../../nios2-elf/lib/mno-hw-mul\libc.a(lib_a-int_errno.o)
 .data          0x00810d64        0x0 c:/altera/12.1sp1/nios2eds/bin/gnu/h-i686-mingw32/bin/../lib/gcc/nios2-elf/4.1.2/../../../../nios2-elf/lib/mno-hw-mul\libc.a(lib_a-memcmp.o)
 .data          0x00810d64        0x0 c:/altera/12.1sp1/nios2eds/bin/gnu/h-i686-mingw32/bin/../lib/gcc/nios2-elf/4.1.2/../../../../nios2-elf/lib/mno-hw-mul\libc.a(lib_a-memcpy.o)
 .data          0x00810d64        0x0 c:/altera/12.1sp1/nios2eds/bin/gnu/h-i686-mingw32/bin/../lib/gcc/nios2-elf/4.1.2/../../../../nios2-elf/lib/mno-hw-mul\libc.a(lib_a-memset.o)
 .data          0x00810d64        0x0 c:/altera/12.1sp1/nios2eds/bin/gnu/h-i686-mingw32/bin/../lib/gcc/nios2-elf/4.1.2/../../../../nios2-elf/lib/mno-hw-mul\libc.a(lib_a-putc.o)
 .data          0x00810d64        0x0 c:/altera/12.1sp1/nios2eds/bin/gnu/h-i686-mingw32/bin/../lib/gcc/nios2-elf/4.1.2/../../../../nios2-elf/lib/mno-hw-mul\libc.a(lib_a-strlen.o)
 .data          0x00810d64        0x0 c:/altera/12.1sp1/nios2eds/bin/gnu/h-i686-mingw32/bin/../lib/gcc/nios2-elf/4.1.2/../../../../nios2-elf/lib/mno-hw-mul\libc.a(lib_a-wbuf.o)
 .data          0x00810d64        0x0 c:/altera/12.1sp1/nios2eds/bin/gnu/h-i686-mingw32/bin/../lib/gcc/nios2-elf/4.1.2/../../../../nios2-elf/lib/mno-hw-mul\libc.a(lib_a-wsetup.o)
 .data          0x00810d64        0x0 c:/altera/12.1sp1/nios2eds/bin/gnu/h-i686-mingw32/bin/../lib/gcc/nios2-elf/4.1.2/../../../../nios2-elf/lib/mno-hw-mul\libc.a(lib_a-__atexit.o)
 .data          0x00810d64        0x0 c:/altera/12.1sp1/nios2eds/bin/gnu/h-i686-mingw32/bin/../lib/gcc/nios2-elf/4.1.2/../../../../nios2-elf/lib/mno-hw-mul\libc.a(lib_a-__call_atexit.o)
 .data          0x00810d64        0x0 c:/altera/12.1sp1/nios2eds/bin/gnu/h-i686-mingw32/bin/../lib/gcc/nios2-elf/4.1.2/../../../../nios2-elf/lib/mno-hw-mul\libc.a(lib_a-fflush.o)
 .data          0x00810d64        0x0 c:/altera/12.1sp1/nios2eds/bin/gnu/h-i686-mingw32/bin/../lib/gcc/nios2-elf/4.1.2/../../../../nios2-elf/lib/mno-hw-mul\libc.a(lib_a-findfp.o)
 .data          0x00810d64        0x0 c:/altera/12.1sp1/nios2eds/bin/gnu/h-i686-mingw32/bin/../lib/gcc/nios2-elf/4.1.2/../../../../nios2-elf/lib/mno-hw-mul\libc.a(lib_a-freer.o)
 .data          0x00810d64        0x0 c:/altera/12.1sp1/nios2eds/bin/gnu/h-i686-mingw32/bin/../lib/gcc/nios2-elf/4.1.2/../../../../nios2-elf/lib/mno-hw-mul\libc.a(lib_a-fwalk.o)
 .data          0x00810d64        0x0 c:/altera/12.1sp1/nios2eds/bin/gnu/h-i686-mingw32/bin/../lib/gcc/nios2-elf/4.1.2/../../../../nios2-elf/lib/mno-hw-mul\libc.a(lib_a-makebuf.o)
 .data          0x00810d64      0x408 c:/altera/12.1sp1/nios2eds/bin/gnu/h-i686-mingw32/bin/../lib/gcc/nios2-elf/4.1.2/../../../../nios2-elf/lib/mno-hw-mul\libc.a(lib_a-mallocr.o)
                0x00810d64                __malloc_av_
 .data          0x0081116c        0x0 c:/altera/12.1sp1/nios2eds/bin/gnu/h-i686-mingw32/bin/../lib/gcc/nios2-elf/4.1.2/../../../../nios2-elf/lib/mno-hw-mul\libc.a(lib_a-sbrkr.o)
 .data          0x0081116c        0x0 c:/altera/12.1sp1/nios2eds/bin/gnu/h-i686-mingw32/bin/../lib/gcc/nios2-elf/4.1.2/../../../../nios2-elf/lib/mno-hw-mul\libc.a(lib_a-stdio.o)
 .data          0x0081116c        0x0 c:/altera/12.1sp1/nios2eds/bin/gnu/h-i686-mingw32/bin/../lib/gcc/nios2-elf/4.1.2/../../../../nios2-elf/lib/mno-hw-mul\libc.a(lib_a-writer.o)
 .data          0x0081116c        0x0 c:/altera/12.1sp1/nios2eds/bin/gnu/h-i686-mingw32/bin/../lib/gcc/nios2-elf/4.1.2/../../../../nios2-elf/lib/mno-hw-mul\libc.a(lib_a-closer.o)
 .data          0x0081116c        0x0 c:/altera/12.1sp1/nios2eds/bin/gnu/h-i686-mingw32/bin/../lib/gcc/nios2-elf/4.1.2/../../../../nios2-elf/lib/mno-hw-mul\libc.a(lib_a-fclose.o)
 .data          0x0081116c        0x0 c:/altera/12.1sp1/nios2eds/bin/gnu/h-i686-mingw32/bin/../lib/gcc/nios2-elf/4.1.2/../../../../nios2-elf/lib/mno-hw-mul\libc.a(lib_a-fstatr.o)
 .data          0x0081116c        0x0 c:/altera/12.1sp1/nios2eds/bin/gnu/h-i686-mingw32/bin/../lib/gcc/nios2-elf/4.1.2/../../../../nios2-elf/lib/mno-hw-mul\libc.a(lib_a-isattyr.o)
 .data          0x0081116c        0x0 c:/altera/12.1sp1/nios2eds/bin/gnu/h-i686-mingw32/bin/../lib/gcc/nios2-elf/4.1.2/../../../../nios2-elf/lib/mno-hw-mul\libc.a(lib_a-lseekr.o)
 .data          0x0081116c        0x0 c:/altera/12.1sp1/nios2eds/bin/gnu/h-i686-mingw32/bin/../lib/gcc/nios2-elf/4.1.2/../../../../nios2-elf/lib/mno-hw-mul\libc.a(lib_a-readr.o)
 .data          0x0081116c        0x0 c:/altera/12.1sp1/nios2eds/bin/gnu/h-i686-mingw32/bin/../lib/gcc/nios2-elf/4.1.2/mno-hw-mul\libgcc.a(lib2-divmod.o)
 .data          0x0081116c        0x0 c:/altera/12.1sp1/nios2eds/bin/gnu/h-i686-mingw32/bin/../lib/gcc/nios2-elf/4.1.2/mno-hw-mul\libgcc.a(lib2-mul.o)
 .data          0x0081116c        0x0 ../MIDIGenerator_bsp/\libucosii_bsp.a(alt_exit.o)
 .data          0x0081116c        0x0 ../MIDIGenerator_bsp/\libucosii_bsp.a(alt_fstat.o)
 .data          0x0081116c        0x0 ../MIDIGenerator_bsp/\libucosii_bsp.a(alt_isatty.o)
 .data          0x0081116c        0x0 ../MIDIGenerator_bsp/\libucosii_bsp.a(alt_lseek.o)
 .data          0x0081116c        0x0 ../MIDIGenerator_bsp/\libucosii_bsp.a(alt_read.o)
 .data          0x0081116c        0x0 ../MIDIGenerator_bsp/\libucosii_bsp.a(alt_sbrk.o)
 .data          0x0081116c        0x0 ../MIDIGenerator_bsp/\libucosii_bsp.a(alt_write.o)
                0x0081916c                _gp = ABSOLUTE ((. + 0x8000))
                0x0081916c                PROVIDE (gp, _gp)
 *(.rwdata .rwdata.*)
 *(.sdata .sdata.* .gnu.linkonce.s.*)
 .sdata         0x0081116c        0x4 ../MIDIGenerator_bsp/\libucosii_bsp.a(alt_irq_vars.o)
                0x0081116c                alt_priority_mask
 .sdata         0x00811170        0x4 ../MIDIGenerator_bsp/\libucosii_bsp.a(alt_env_lock.o)
 .sdata         0x00811174        0x4 ../MIDIGenerator_bsp/\libucosii_bsp.a(alt_malloc_lock.o)
 .sdata         0x00811178       0x74 ../MIDIGenerator_bsp/\libucosii_bsp.a(os_dbg.o)
                0x00811178                OSDebugEn
                0x0081117c                OSEndiannessTest
                0x00811180                OSEventEn
                0x00811182                OSEventMax
                0x00811184                OSEventNameSize
                0x00811186                OSEventSize
                0x00811188                OSEventTblSize
                0x0081118a                OSEventMultiEn
                0x0081118c                OSFlagEn
                0x0081118e                OSFlagGrpSize
                0x00811190                OSFlagNodeSize
                0x00811192                OSFlagWidth
                0x00811194                OSFlagMax
                0x00811196                OSFlagNameSize
                0x00811198                OSLowestPrio
                0x0081119a                OSMboxEn
                0x0081119c                OSMemEn
                0x0081119e                OSMemMax
                0x008111a0                OSMemNameSize
                0x008111a2                OSMemSize
                0x008111a4                OSMemTblSize
                0x008111a6                OSMutexEn
                0x008111a8                OSPtrSize
                0x008111aa                OSQEn
                0x008111ac                OSQMax
                0x008111ae                OSQSize
                0x008111b0                OSRdyTblSize
                0x008111b2                OSSemEn
                0x008111b4                OSStkWidth
                0x008111b6                OSTaskCreateEn
                0x008111b8                OSTaskCreateExtEn
                0x008111ba                OSTaskDelEn
                0x008111bc                OSTaskIdleStkSize
                0x008111be                OSTaskProfileEn
                0x008111c0                OSTaskMax
                0x008111c2                OSTaskNameSize
                0x008111c4                OSTaskStatEn
                0x008111c6                OSTaskStatStkSize
                0x008111c8                OSTaskStatStkChkEn
                0x008111ca                OSTaskSwHookEn
                0x008111cc                OSTCBPrioTblMax
                0x008111ce                OSTCBSize
                0x008111d0                OSTicksPerSec
                0x008111d2                OSTimeTickHookEn
                0x008111d4                OSVersionNbr
                0x008111d6                OSTmrEn
                0x008111d8                OSTmrCfgMax
                0x008111da                OSTmrCfgNameSize
                0x008111dc                OSTmrCfgWheelSize
                0x008111de                OSTmrCfgTicksPerSec
                0x008111e0                OSTmrSize
                0x008111e2                OSTmrTblSize
                0x008111e4                OSTmrWheelSize
                0x008111e6                OSTmrWheelTblSize
                0x008111e8                OSDataSize
 .sdata         0x008111ec       0x14 ../MIDIGenerator_bsp/\libucosii_bsp.a(alt_dev.o)
                0x008111ec                alt_fs_list
                0x008111f4                alt_dev_list
                0x008111fc                alt_max_fd
 .sdata         0x00811200        0x4 ../MIDIGenerator_bsp/\libucosii_bsp.a(alt_errno.o)
                0x00811200                alt_errno
 .sdata         0x00811204        0x8 ../MIDIGenerator_bsp/\libucosii_bsp.a(alt_tick.o)
                0x00811204                alt_alarm_list
 .sdata         0x0081120c        0x8 c:/altera/12.1sp1/nios2eds/bin/gnu/h-i686-mingw32/bin/../lib/gcc/nios2-elf/4.1.2/../../../../nios2-elf/lib/mno-hw-mul\libc.a(lib_a-impure.o)
                0x0081120c                _impure_ptr
                0x00811210                _global_impure_ptr
 .sdata         0x00811214        0x8 c:/altera/12.1sp1/nios2eds/bin/gnu/h-i686-mingw32/bin/../lib/gcc/nios2-elf/4.1.2/../../../../nios2-elf/lib/mno-hw-mul\libc.a(lib_a-mallocr.o)
                0x00811214                __malloc_trim_threshold
                0x00811218                __malloc_sbrk_base
 .sdata         0x0081121c        0x4 ../MIDIGenerator_bsp/\libucosii_bsp.a(alt_sbrk.o)
 *(.sdata2 .sdata2.* .gnu.linkonce.s2.*)
                0x00811220                . = ALIGN (0x4)
                0x00811220                _edata = ABSOLUTE (.)
                0x00811220                PROVIDE (edata, ABSOLUTE (.))
                0x00811220                PROVIDE (__ram_rwdata_end, ABSOLUTE (.))
                0x00811220                PROVIDE (__flash_rwdata_start, LOADADDR (.rwdata))

.bss            0x00812d1c     0x5578
                0x00812d1c                __bss_start = ABSOLUTE (.)
                0x00812d1c                PROVIDE (__sbss_start, ABSOLUTE (.))
                0x00812d1c                PROVIDE (___sbss_start, ABSOLUTE (.))
 *(.dynsbss)
 *(.sbss .sbss.* .gnu.linkonce.sb.*)
 .sbss          0x00812d1c        0x4 obj/default/midi_generator.o
                0x00812d1c                laserStatusChanged
 .sbss          0x00812d20        0x4 ../MIDIGenerator_bsp/\libucosii_bsp.a(alt_irq_vars.o)
                0x00812d20                alt_irq_active
 .sbss          0x00812d24        0xc ../MIDIGenerator_bsp/\libucosii_bsp.a(alt_main.o)
                0x00812d24                alt_argc
                0x00812d28                alt_argv
                0x00812d2c                alt_envp
 .sbss          0x00812d30        0x8 ../MIDIGenerator_bsp/\libucosii_bsp.a(alt_env_lock.o)
                0x00812d34                alt_envsem
 .sbss          0x00812d38        0x8 ../MIDIGenerator_bsp/\libucosii_bsp.a(alt_malloc_lock.o)
                0x00812d3c                alt_heapsem
 .sbss          0x00812d40       0x50 ../MIDIGenerator_bsp/\libucosii_bsp.a(os_core.o)
                0x00812d40                OSLockNesting
                0x00812d41                OSRunning
                0x00812d44                OSIdleCtr
                0x00812d48                OSPrioHighRdy
                0x00812d49                OSPrioCur
                0x00812d4c                OSTCBList
                0x00812d50                OSTickStepState
                0x00812d54                OSCtxSwCtr
                0x00812d58                OSIdleCtrMax
                0x00812d5c                OSTCBFreeList
                0x00812d60                OSCPUUsage
                0x00812d61                OSTaskCtr
                0x00812d64                OSMemFreeList
                0x00812d68                OSTCBHighRdy
                0x00812d6c                OSQFreeList
                0x00812d70                OSRdyGrp
                0x00812d71                OSRdyTbl
                0x00812d74                OSEventFreeList
                0x00812d78                OSIntNesting
                0x00812d7c                OSTCBCur
                0x00812d80                OSTime
                0x00812d84                OSFlagFreeList
                0x00812d88                OSStatRdy
                0x00812d8c                OSIdleCtrRun
 .sbss          0x00812d90        0x4 ../MIDIGenerator_bsp/\libucosii_bsp.a(alt_dev.o)
                0x00812d90                alt_fd_list_lock
 .sbss          0x00812d94        0x8 ../MIDIGenerator_bsp/\libucosii_bsp.a(alt_tick.o)
                0x00812d94                _alt_tick_rate
                0x00812d98                _alt_nticks
 .sbss          0x00812d9c        0x4 c:/altera/12.1sp1/nios2eds/bin/gnu/h-i686-mingw32/bin/../lib/gcc/nios2-elf/4.1.2/../../../../nios2-elf/lib/mno-hw-mul\libc.a(lib_a-int_errno.o)
                0x00812d9c                errno
 .sbss          0x00812da0        0xc c:/altera/12.1sp1/nios2eds/bin/gnu/h-i686-mingw32/bin/../lib/gcc/nios2-elf/4.1.2/../../../../nios2-elf/lib/mno-hw-mul\libc.a(lib_a-mallocr.o)
                0x00812da0                __malloc_top_pad
                0x00812da4                __malloc_max_sbrked_mem
                0x00812da8                __malloc_max_total_mem
 *(.sbss2 .sbss2.* .gnu.linkonce.sb2.*)
 *(.scommon)
                0x00812dac                PROVIDE (__sbss_end, ABSOLUTE (.))
                0x00812dac                PROVIDE (___sbss_end, ABSOLUTE (.))
 *(.dynbss)
 *(.bss .bss.* .gnu.linkonce.b.*)
 .bss           0x00812dac        0x0 ../MIDIGenerator_bsp//obj/HAL/src/crt0.o
 .bss           0x00812dac        0x9 obj/default/midi_generator.o
 .bss           0x00812db5        0x0 c:/altera/12.1sp1/nios2eds/bin/gnu/h-i686-mingw32/bin/../lib/gcc/nios2-elf/4.1.2/mno-hw-mul\libgcc.a(_addsub_df.o)
 .bss           0x00812db5        0x0 c:/altera/12.1sp1/nios2eds/bin/gnu/h-i686-mingw32/bin/../lib/gcc/nios2-elf/4.1.2/mno-hw-mul\libgcc.a(_si_to_df.o)
 .bss           0x00812db5        0x0 c:/altera/12.1sp1/nios2eds/bin/gnu/h-i686-mingw32/bin/../lib/gcc/nios2-elf/4.1.2/mno-hw-mul\libgcc.a(_df_to_si.o)
 .bss           0x00812db5        0x0 c:/altera/12.1sp1/nios2eds/bin/gnu/h-i686-mingw32/bin/../lib/gcc/nios2-elf/4.1.2/mno-hw-mul\libgcc.a(_thenan_df.o)
 .bss           0x00812db5        0x0 c:/altera/12.1sp1/nios2eds/bin/gnu/h-i686-mingw32/bin/../lib/gcc/nios2-elf/4.1.2/mno-hw-mul\libgcc.a(_clzsi2.o)
 .bss           0x00812db5        0x0 c:/altera/12.1sp1/nios2eds/bin/gnu/h-i686-mingw32/bin/../lib/gcc/nios2-elf/4.1.2/mno-hw-mul\libgcc.a(_pack_df.o)
 .bss           0x00812db5        0x0 c:/altera/12.1sp1/nios2eds/bin/gnu/h-i686-mingw32/bin/../lib/gcc/nios2-elf/4.1.2/mno-hw-mul\libgcc.a(_unpack_df.o)
 .bss           0x00812db5        0x0 c:/altera/12.1sp1/nios2eds/bin/gnu/h-i686-mingw32/bin/../lib/gcc/nios2-elf/4.1.2/mno-hw-mul\libgcc.a(_clz.o)
 .bss           0x00812db5        0x0 c:/altera/12.1sp1/nios2eds/bin/gnu/h-i686-mingw32/bin/../lib/gcc/nios2-elf/4.1.2/../../../../nios2-elf/lib/mno-hw-mul\libc.a(lib_a-strcat.o)
 .bss           0x00812db5        0x0 c:/altera/12.1sp1/nios2eds/bin/gnu/h-i686-mingw32/bin/../lib/gcc/nios2-elf/4.1.2/../../../../nios2-elf/lib/mno-hw-mul\libc.a(lib_a-strcpy.o)
 .bss           0x00812db5        0x0 ../MIDIGenerator_bsp/\libucosii_bsp.a(alt_iic.o)
 .bss           0x00812db5        0x0 ../MIDIGenerator_bsp/\libucosii_bsp.a(alt_iic_isr_register.o)
 .bss           0x00812db5        0x0 ../MIDIGenerator_bsp/\libucosii_bsp.a(alt_irq_entry.o)
 .bss           0x00812db5        0x0 ../MIDIGenerator_bsp/\libucosii_bsp.a(alt_irq_handler.o)
 .bss           0x00812db5        0x0 ../MIDIGenerator_bsp/\libucosii_bsp.a(alt_irq_vars.o)
 .bss           0x00812db5        0x0 ../MIDIGenerator_bsp/\libucosii_bsp.a(alt_load.o)
 .bss           0x00812db5        0x0 ../MIDIGenerator_bsp/\libucosii_bsp.a(alt_main.o)
 .bss           0x00812db5        0x0 ../MIDIGenerator_bsp/\libucosii_bsp.a(alt_printf.o)
 .bss           0x00812db5        0x0 ../MIDIGenerator_bsp/\libucosii_bsp.a(alt_putchar.o)
 .bss           0x00812db5        0x0 ../MIDIGenerator_bsp/\libucosii_bsp.a(alt_env_lock.o)
 .bss           0x00812db5        0x0 ../MIDIGenerator_bsp/\libucosii_bsp.a(alt_malloc_lock.o)
 .bss           0x00812db5        0x0 ../MIDIGenerator_bsp/\libucosii_bsp.a(os_core.o)
 .bss           0x00812db5        0x0 ../MIDIGenerator_bsp/\libucosii_bsp.a(os_dbg.o)
 .bss           0x00812db5        0x0 ../MIDIGenerator_bsp/\libucosii_bsp.a(os_flag.o)
 .bss           0x00812db5        0x0 ../MIDIGenerator_bsp/\libucosii_bsp.a(os_mem.o)
 .bss           0x00812db5        0x0 ../MIDIGenerator_bsp/\libucosii_bsp.a(os_q.o)
 .bss           0x00812db5        0x0 ../MIDIGenerator_bsp/\libucosii_bsp.a(os_sem.o)
 .bss           0x00812db5        0x0 ../MIDIGenerator_bsp/\libucosii_bsp.a(os_task.o)
 .bss           0x00812db5        0x0 ../MIDIGenerator_bsp/\libucosii_bsp.a(os_time.o)
 .bss           0x00812db5        0x0 ../MIDIGenerator_bsp/\libucosii_bsp.a(alt_sys_init.o)
 .bss           0x00812db5        0x0 ../MIDIGenerator_bsp/\libucosii_bsp.a(altera_avalon_jtag_uart_fd.o)
 .bss           0x00812db5        0x0 ../MIDIGenerator_bsp/\libucosii_bsp.a(altera_avalon_jtag_uart_init.o)
 .bss           0x00812db5        0x0 ../MIDIGenerator_bsp/\libucosii_bsp.a(altera_avalon_jtag_uart_ioctl.o)
 .bss           0x00812db5        0x0 ../MIDIGenerator_bsp/\libucosii_bsp.a(altera_avalon_jtag_uart_read.o)
 .bss           0x00812db5        0x0 ../MIDIGenerator_bsp/\libucosii_bsp.a(altera_avalon_jtag_uart_write.o)
 .bss           0x00812db5        0x0 ../MIDIGenerator_bsp/\libucosii_bsp.a(altera_avalon_timer_sc.o)
 .bss           0x00812db5        0x0 ../MIDIGenerator_bsp/\libucosii_bsp.a(altera_up_avalon_character_lcd.o)
 .bss           0x00812db5        0x0 ../MIDIGenerator_bsp/\libucosii_bsp.a(alt_alarm_start.o)
 .bss           0x00812db5        0x0 ../MIDIGenerator_bsp/\libucosii_bsp.a(alt_close.o)
 .bss           0x00812db5        0x0 ../MIDIGenerator_bsp/\libucosii_bsp.a(alt_dcache_flush_all.o)
 .bss           0x00812db5        0x0 ../MIDIGenerator_bsp/\libucosii_bsp.a(alt_dev.o)
 .bss           0x00812db5        0x0 ../MIDIGenerator_bsp/\libucosii_bsp.a(alt_dev_llist_insert.o)
 .bss           0x00812db5        0x0 ../MIDIGenerator_bsp/\libucosii_bsp.a(alt_do_ctors.o)
 .bss           0x00812db5        0x0 ../MIDIGenerator_bsp/\libucosii_bsp.a(alt_do_dtors.o)
 .bss           0x00812db5        0x0 ../MIDIGenerator_bsp/\libucosii_bsp.a(alt_errno.o)
 .bss           0x00812db5        0x0 ../MIDIGenerator_bsp/\libucosii_bsp.a(alt_exception_entry.o)
 .bss           0x00812db5        0x0 ../MIDIGenerator_bsp/\libucosii_bsp.a(alt_find_dev.o)
 .bss           0x00812db5        0x0 ../MIDIGenerator_bsp/\libucosii_bsp.a(alt_icache_flush_all.o)
 .bss           0x00812db5        0x0 ../MIDIGenerator_bsp/\libucosii_bsp.a(alt_io_redirect.o)
 .bss           0x00812db5        0x0 ../MIDIGenerator_bsp/\libucosii_bsp.a(alt_open.o)
 .bss           0x00812db5        0x0 ../MIDIGenerator_bsp/\libucosii_bsp.a(alt_release_fd.o)
 .bss           0x00812db5        0x0 ../MIDIGenerator_bsp/\libucosii_bsp.a(alt_tick.o)
 .bss           0x00812db5        0x0 ../MIDIGenerator_bsp/\libucosii_bsp.a(altera_nios2_qsys_irq.o)
 .bss           0x00812db5        0x0 ../MIDIGenerator_bsp/\libucosii_bsp.a(os_cpu_a.o)
 .bss           0x00812db5        0x0 ../MIDIGenerator_bsp/\libucosii_bsp.a(os_cpu_c.o)
 .bss           0x00812db5        0x0 ../MIDIGenerator_bsp/\libucosii_bsp.a(alt_find_file.o)
 .bss           0x00812db5        0x0 ../MIDIGenerator_bsp/\libucosii_bsp.a(alt_get_fd.o)
 .bss           0x00812db5        0x0 c:/altera/12.1sp1/nios2eds/bin/gnu/h-i686-mingw32/bin/../lib/gcc/nios2-elf/4.1.2/../../../../nios2-elf/lib/mno-hw-mul\libc.a(lib_a-atexit.o)
 .bss           0x00812db5        0x0 c:/altera/12.1sp1/nios2eds/bin/gnu/h-i686-mingw32/bin/../lib/gcc/nios2-elf/4.1.2/../../../../nios2-elf/lib/mno-hw-mul\libc.a(lib_a-exit.o)
 .bss           0x00812db5        0x0 c:/altera/12.1sp1/nios2eds/bin/gnu/h-i686-mingw32/bin/../lib/gcc/nios2-elf/4.1.2/../../../../nios2-elf/lib/mno-hw-mul\libc.a(lib_a-impure.o)
 .bss           0x00812db5        0x0 c:/altera/12.1sp1/nios2eds/bin/gnu/h-i686-mingw32/bin/../lib/gcc/nios2-elf/4.1.2/../../../../nios2-elf/lib/mno-hw-mul\libc.a(lib_a-int_errno.o)
 .bss           0x00812db5        0x0 c:/altera/12.1sp1/nios2eds/bin/gnu/h-i686-mingw32/bin/../lib/gcc/nios2-elf/4.1.2/../../../../nios2-elf/lib/mno-hw-mul\libc.a(lib_a-memcmp.o)
 .bss           0x00812db5        0x0 c:/altera/12.1sp1/nios2eds/bin/gnu/h-i686-mingw32/bin/../lib/gcc/nios2-elf/4.1.2/../../../../nios2-elf/lib/mno-hw-mul\libc.a(lib_a-memcpy.o)
 .bss           0x00812db5        0x0 c:/altera/12.1sp1/nios2eds/bin/gnu/h-i686-mingw32/bin/../lib/gcc/nios2-elf/4.1.2/../../../../nios2-elf/lib/mno-hw-mul\libc.a(lib_a-memset.o)
 .bss           0x00812db5        0x0 c:/altera/12.1sp1/nios2eds/bin/gnu/h-i686-mingw32/bin/../lib/gcc/nios2-elf/4.1.2/../../../../nios2-elf/lib/mno-hw-mul\libc.a(lib_a-putc.o)
 .bss           0x00812db5        0x0 c:/altera/12.1sp1/nios2eds/bin/gnu/h-i686-mingw32/bin/../lib/gcc/nios2-elf/4.1.2/../../../../nios2-elf/lib/mno-hw-mul\libc.a(lib_a-strlen.o)
 .bss           0x00812db5        0x0 c:/altera/12.1sp1/nios2eds/bin/gnu/h-i686-mingw32/bin/../lib/gcc/nios2-elf/4.1.2/../../../../nios2-elf/lib/mno-hw-mul\libc.a(lib_a-wbuf.o)
 .bss           0x00812db5        0x0 c:/altera/12.1sp1/nios2eds/bin/gnu/h-i686-mingw32/bin/../lib/gcc/nios2-elf/4.1.2/../../../../nios2-elf/lib/mno-hw-mul\libc.a(lib_a-wsetup.o)
 .bss           0x00812db5        0x0 c:/altera/12.1sp1/nios2eds/bin/gnu/h-i686-mingw32/bin/../lib/gcc/nios2-elf/4.1.2/../../../../nios2-elf/lib/mno-hw-mul\libc.a(lib_a-__atexit.o)
 .bss           0x00812db5        0x0 c:/altera/12.1sp1/nios2eds/bin/gnu/h-i686-mingw32/bin/../lib/gcc/nios2-elf/4.1.2/../../../../nios2-elf/lib/mno-hw-mul\libc.a(lib_a-__call_atexit.o)
 .bss           0x00812db5        0x0 c:/altera/12.1sp1/nios2eds/bin/gnu/h-i686-mingw32/bin/../lib/gcc/nios2-elf/4.1.2/../../../../nios2-elf/lib/mno-hw-mul\libc.a(lib_a-fflush.o)
 .bss           0x00812db5        0x0 c:/altera/12.1sp1/nios2eds/bin/gnu/h-i686-mingw32/bin/../lib/gcc/nios2-elf/4.1.2/../../../../nios2-elf/lib/mno-hw-mul\libc.a(lib_a-findfp.o)
 .bss           0x00812db5        0x0 c:/altera/12.1sp1/nios2eds/bin/gnu/h-i686-mingw32/bin/../lib/gcc/nios2-elf/4.1.2/../../../../nios2-elf/lib/mno-hw-mul\libc.a(lib_a-freer.o)
 .bss           0x00812db5        0x0 c:/altera/12.1sp1/nios2eds/bin/gnu/h-i686-mingw32/bin/../lib/gcc/nios2-elf/4.1.2/../../../../nios2-elf/lib/mno-hw-mul\libc.a(lib_a-fwalk.o)
 .bss           0x00812db5        0x0 c:/altera/12.1sp1/nios2eds/bin/gnu/h-i686-mingw32/bin/../lib/gcc/nios2-elf/4.1.2/../../../../nios2-elf/lib/mno-hw-mul\libc.a(lib_a-makebuf.o)
 *fill*         0x00812db5        0x3 00
 .bss           0x00812db8       0x28 c:/altera/12.1sp1/nios2eds/bin/gnu/h-i686-mingw32/bin/../lib/gcc/nios2-elf/4.1.2/../../../../nios2-elf/lib/mno-hw-mul\libc.a(lib_a-mallocr.o)
                0x00812db8                __malloc_current_mallinfo
 .bss           0x00812de0        0x0 c:/altera/12.1sp1/nios2eds/bin/gnu/h-i686-mingw32/bin/../lib/gcc/nios2-elf/4.1.2/../../../../nios2-elf/lib/mno-hw-mul\libc.a(lib_a-sbrkr.o)
 .bss           0x00812de0        0x0 c:/altera/12.1sp1/nios2eds/bin/gnu/h-i686-mingw32/bin/../lib/gcc/nios2-elf/4.1.2/../../../../nios2-elf/lib/mno-hw-mul\libc.a(lib_a-stdio.o)
 .bss           0x00812de0        0x0 c:/altera/12.1sp1/nios2eds/bin/gnu/h-i686-mingw32/bin/../lib/gcc/nios2-elf/4.1.2/../../../../nios2-elf/lib/mno-hw-mul\libc.a(lib_a-writer.o)
 .bss           0x00812de0        0x0 c:/altera/12.1sp1/nios2eds/bin/gnu/h-i686-mingw32/bin/../lib/gcc/nios2-elf/4.1.2/../../../../nios2-elf/lib/mno-hw-mul\libc.a(lib_a-closer.o)
 .bss           0x00812de0        0x0 c:/altera/12.1sp1/nios2eds/bin/gnu/h-i686-mingw32/bin/../lib/gcc/nios2-elf/4.1.2/../../../../nios2-elf/lib/mno-hw-mul\libc.a(lib_a-fclose.o)
 .bss           0x00812de0        0x0 c:/altera/12.1sp1/nios2eds/bin/gnu/h-i686-mingw32/bin/../lib/gcc/nios2-elf/4.1.2/../../../../nios2-elf/lib/mno-hw-mul\libc.a(lib_a-fstatr.o)
 .bss           0x00812de0        0x0 c:/altera/12.1sp1/nios2eds/bin/gnu/h-i686-mingw32/bin/../lib/gcc/nios2-elf/4.1.2/../../../../nios2-elf/lib/mno-hw-mul\libc.a(lib_a-isattyr.o)
 .bss           0x00812de0        0x0 c:/altera/12.1sp1/nios2eds/bin/gnu/h-i686-mingw32/bin/../lib/gcc/nios2-elf/4.1.2/../../../../nios2-elf/lib/mno-hw-mul\libc.a(lib_a-lseekr.o)
 .bss           0x00812de0        0x0 c:/altera/12.1sp1/nios2eds/bin/gnu/h-i686-mingw32/bin/../lib/gcc/nios2-elf/4.1.2/../../../../nios2-elf/lib/mno-hw-mul\libc.a(lib_a-readr.o)
 .bss           0x00812de0        0x0 c:/altera/12.1sp1/nios2eds/bin/gnu/h-i686-mingw32/bin/../lib/gcc/nios2-elf/4.1.2/mno-hw-mul\libgcc.a(lib2-divmod.o)
 .bss           0x00812de0        0x0 c:/altera/12.1sp1/nios2eds/bin/gnu/h-i686-mingw32/bin/../lib/gcc/nios2-elf/4.1.2/mno-hw-mul\libgcc.a(lib2-mul.o)
 .bss           0x00812de0        0x0 ../MIDIGenerator_bsp/\libucosii_bsp.a(alt_exit.o)
 .bss           0x00812de0        0x0 ../MIDIGenerator_bsp/\libucosii_bsp.a(alt_fstat.o)
 .bss           0x00812de0        0x0 ../MIDIGenerator_bsp/\libucosii_bsp.a(alt_isatty.o)
 .bss           0x00812de0        0x0 ../MIDIGenerator_bsp/\libucosii_bsp.a(alt_lseek.o)
 .bss           0x00812de0        0x0 ../MIDIGenerator_bsp/\libucosii_bsp.a(alt_read.o)
 .bss           0x00812de0        0x0 ../MIDIGenerator_bsp/\libucosii_bsp.a(alt_sbrk.o)
 .bss           0x00812de0        0x0 ../MIDIGenerator_bsp/\libucosii_bsp.a(alt_write.o)
 *(COMMON)
 COMMON         0x00812de0     0x2000 obj/default/midi_generator.o
                0x00812de0                inputPollingTaskStack
 COMMON         0x00814de0      0x100 ../MIDIGenerator_bsp/\libucosii_bsp.a(alt_irq_handler.o)
                0x00814de0                alt_irq
 COMMON         0x00814ee0     0x3224 ../MIDIGenerator_bsp/\libucosii_bsp.a(os_core.o)
                0x00814ee0                OSFlagTbl
                0x00815250                OSMemTbl
                0x00815e80                OSTaskStatStk
                0x00816680                OSQTbl
                0x00816860                OSTaskIdleStk
                0x00817060                OSEventTbl
                0x00817ba0                OSTCBTbl
                0x008180b0                OSTCBPrioTbl
 COMMON         0x00818104      0x190 c:/altera/12.1sp1/nios2eds/bin/gnu/h-i686-mingw32/bin/../lib/gcc/nios2-elf/4.1.2/../../../../nios2-elf/lib/mno-hw-mul\libc.a(lib_a-atexit.o)
                0x00818104                _atexit0
                0x00818294                . = ALIGN (0x4)
                0x00818294                __bss_end = ABSOLUTE (.)

.sdram_0        0x00818294        0x0
                0x00818294                PROVIDE (_alt_partition_sdram_0_start, ABSOLUTE (.))
 *(.sdram_0. sdram_0.*)
                0x00818294                . = ALIGN (0x4)
                0x00818294                PROVIDE (_alt_partition_sdram_0_end, ABSOLUTE (.))
                0x00818294                _end = ABSOLUTE (.)
                0x00818294                end = ABSOLUTE (.)
                0x00818294                __alt_stack_base = ABSOLUTE (.)
                0x00818294                PROVIDE (_alt_partition_sdram_0_load_addr, LOADADDR (.sdram_0))

.sram_0         0x01080000        0x0 load address 0x00818294
                0x01080000                PROVIDE (_alt_partition_sram_0_start, ABSOLUTE (.))
 *(.sram_0. sram_0.*)
                0x01080000                . = ALIGN (0x4)
                0x01080000                PROVIDE (_alt_partition_sram_0_end, ABSOLUTE (.))
                0x00818294                PROVIDE (_alt_partition_sram_0_load_addr, LOADADDR (.sram_0))

.onchip_memory2_0
                0x011041bc        0x0 load address 0x00818294
                0x011041bc                PROVIDE (_alt_partition_onchip_memory2_0_start, ABSOLUTE (.))
 *(.onchip_memory2_0. onchip_memory2_0.*)
                0x011041bc                . = ALIGN (0x4)
                0x011041bc                PROVIDE (_alt_partition_onchip_memory2_0_end, ABSOLUTE (.))
                0x00818294                PROVIDE (_alt_partition_onchip_memory2_0_load_addr, LOADADDR (.onchip_memory2_0))

.stab
 *(.stab)

.stabstr
 *(.stabstr)

.stab.excl
 *(.stab.excl)

.stab.exclstr
 *(.stab.exclstr)

.stab.index
 *(.stab.index)

.stab.indexstr
 *(.stab.indexstr)

.comment        0x00000000       0x26
 *(.comment)
 .comment       0x00000000       0x26 obj/default/midi_generator.o
                                 0x27 (size before relaxing)
 .comment       0x00000000       0x27 c:/altera/12.1sp1/nios2eds/bin/gnu/h-i686-mingw32/bin/../lib/gcc/nios2-elf/4.1.2/mno-hw-mul\libgcc.a(_addsub_df.o)
 .comment       0x00000000       0x27 c:/altera/12.1sp1/nios2eds/bin/gnu/h-i686-mingw32/bin/../lib/gcc/nios2-elf/4.1.2/mno-hw-mul\libgcc.a(_si_to_df.o)
 .comment       0x00000000       0x27 c:/altera/12.1sp1/nios2eds/bin/gnu/h-i686-mingw32/bin/../lib/gcc/nios2-elf/4.1.2/mno-hw-mul\libgcc.a(_df_to_si.o)
 .comment       0x00000000       0x27 c:/altera/12.1sp1/nios2eds/bin/gnu/h-i686-mingw32/bin/../lib/gcc/nios2-elf/4.1.2/mno-hw-mul\libgcc.a(_thenan_df.o)
 .comment       0x00000000       0x27 c:/altera/12.1sp1/nios2eds/bin/gnu/h-i686-mingw32/bin/../lib/gcc/nios2-elf/4.1.2/mno-hw-mul\libgcc.a(_clzsi2.o)
 .comment       0x00000000       0x27 c:/altera/12.1sp1/nios2eds/bin/gnu/h-i686-mingw32/bin/../lib/gcc/nios2-elf/4.1.2/mno-hw-mul\libgcc.a(_pack_df.o)
 .comment       0x00000000       0x27 c:/altera/12.1sp1/nios2eds/bin/gnu/h-i686-mingw32/bin/../lib/gcc/nios2-elf/4.1.2/mno-hw-mul\libgcc.a(_unpack_df.o)
 .comment       0x00000000       0x27 c:/altera/12.1sp1/nios2eds/bin/gnu/h-i686-mingw32/bin/../lib/gcc/nios2-elf/4.1.2/mno-hw-mul\libgcc.a(_clz.o)
 .comment       0x00000000       0x27 c:/altera/12.1sp1/nios2eds/bin/gnu/h-i686-mingw32/bin/../lib/gcc/nios2-elf/4.1.2/../../../../nios2-elf/lib/mno-hw-mul\libc.a(lib_a-strcat.o)
 .comment       0x00000000       0x27 c:/altera/12.1sp1/nios2eds/bin/gnu/h-i686-mingw32/bin/../lib/gcc/nios2-elf/4.1.2/../../../../nios2-elf/lib/mno-hw-mul\libc.a(lib_a-strcpy.o)
 .comment       0x00000000       0x27 ../MIDIGenerator_bsp/\libucosii_bsp.a(alt_iic.o)
 .comment       0x00000000       0x27 ../MIDIGenerator_bsp/\libucosii_bsp.a(alt_iic_isr_register.o)
 .comment       0x00000000       0x27 ../MIDIGenerator_bsp/\libucosii_bsp.a(alt_irq_handler.o)
 .comment       0x00000000       0x27 ../MIDIGenerator_bsp/\libucosii_bsp.a(alt_irq_vars.o)
 .comment       0x00000000       0x27 ../MIDIGenerator_bsp/\libucosii_bsp.a(alt_load.o)
 .comment       0x00000000       0x27 ../MIDIGenerator_bsp/\libucosii_bsp.a(alt_main.o)
 .comment       0x00000000       0x27 ../MIDIGenerator_bsp/\libucosii_bsp.a(alt_printf.o)
 .comment       0x00000000       0x27 ../MIDIGenerator_bsp/\libucosii_bsp.a(alt_putchar.o)
 .comment       0x00000000       0x27 ../MIDIGenerator_bsp/\libucosii_bsp.a(alt_env_lock.o)
 .comment       0x00000000       0x27 ../MIDIGenerator_bsp/\libucosii_bsp.a(alt_malloc_lock.o)
 .comment       0x00000000       0x27 ../MIDIGenerator_bsp/\libucosii_bsp.a(os_core.o)
 .comment       0x00000000       0x27 ../MIDIGenerator_bsp/\libucosii_bsp.a(os_dbg.o)
 .comment       0x00000000       0x27 ../MIDIGenerator_bsp/\libucosii_bsp.a(os_flag.o)
 .comment       0x00000000       0x27 ../MIDIGenerator_bsp/\libucosii_bsp.a(os_mem.o)
 .comment       0x00000000       0x27 ../MIDIGenerator_bsp/\libucosii_bsp.a(os_q.o)
 .comment       0x00000000       0x27 ../MIDIGenerator_bsp/\libucosii_bsp.a(os_sem.o)
 .comment       0x00000000       0x27 ../MIDIGenerator_bsp/\libucosii_bsp.a(os_task.o)
 .comment       0x00000000       0x27 ../MIDIGenerator_bsp/\libucosii_bsp.a(os_time.o)
 .comment       0x00000000       0x27 ../MIDIGenerator_bsp/\libucosii_bsp.a(alt_sys_init.o)
 .comment       0x00000000       0x27 ../MIDIGenerator_bsp/\libucosii_bsp.a(altera_avalon_jtag_uart_fd.o)
 .comment       0x00000000       0x27 ../MIDIGenerator_bsp/\libucosii_bsp.a(altera_avalon_jtag_uart_init.o)
 .comment       0x00000000       0x27 ../MIDIGenerator_bsp/\libucosii_bsp.a(altera_avalon_jtag_uart_ioctl.o)
 .comment       0x00000000       0x27 ../MIDIGenerator_bsp/\libucosii_bsp.a(altera_avalon_jtag_uart_read.o)
 .comment       0x00000000       0x27 ../MIDIGenerator_bsp/\libucosii_bsp.a(altera_avalon_jtag_uart_write.o)
 .comment       0x00000000       0x27 ../MIDIGenerator_bsp/\libucosii_bsp.a(altera_avalon_timer_sc.o)
 .comment       0x00000000       0x27 ../MIDIGenerator_bsp/\libucosii_bsp.a(altera_up_avalon_character_lcd.o)
 .comment       0x00000000       0x27 ../MIDIGenerator_bsp/\libucosii_bsp.a(alt_alarm_start.o)
 .comment       0x00000000       0x27 ../MIDIGenerator_bsp/\libucosii_bsp.a(alt_close.o)
 .comment       0x00000000       0x27 ../MIDIGenerator_bsp/\libucosii_bsp.a(alt_dcache_flush_all.o)
 .comment       0x00000000       0x27 ../MIDIGenerator_bsp/\libucosii_bsp.a(alt_dev.o)
 .comment       0x00000000       0x27 ../MIDIGenerator_bsp/\libucosii_bsp.a(alt_dev_llist_insert.o)
 .comment       0x00000000       0x27 ../MIDIGenerator_bsp/\libucosii_bsp.a(alt_do_ctors.o)
 .comment       0x00000000       0x27 ../MIDIGenerator_bsp/\libucosii_bsp.a(alt_do_dtors.o)
 .comment       0x00000000       0x27 ../MIDIGenerator_bsp/\libucosii_bsp.a(alt_errno.o)
 .comment       0x00000000       0x27 ../MIDIGenerator_bsp/\libucosii_bsp.a(alt_find_dev.o)
 .comment       0x00000000       0x27 ../MIDIGenerator_bsp/\libucosii_bsp.a(alt_icache_flush_all.o)
 .comment       0x00000000       0x27 ../MIDIGenerator_bsp/\libucosii_bsp.a(alt_io_redirect.o)
 .comment       0x00000000       0x27 ../MIDIGenerator_bsp/\libucosii_bsp.a(alt_open.o)
 .comment       0x00000000       0x27 ../MIDIGenerator_bsp/\libucosii_bsp.a(alt_release_fd.o)
 .comment       0x00000000       0x27 ../MIDIGenerator_bsp/\libucosii_bsp.a(alt_tick.o)
 .comment       0x00000000       0x27 ../MIDIGenerator_bsp/\libucosii_bsp.a(altera_nios2_qsys_irq.o)
 .comment       0x00000000       0x27 ../MIDIGenerator_bsp/\libucosii_bsp.a(os_cpu_c.o)
 .comment       0x00000000       0x27 ../MIDIGenerator_bsp/\libucosii_bsp.a(alt_find_file.o)
 .comment       0x00000000       0x27 ../MIDIGenerator_bsp/\libucosii_bsp.a(alt_get_fd.o)
 .comment       0x00000000       0x27 c:/altera/12.1sp1/nios2eds/bin/gnu/h-i686-mingw32/bin/../lib/gcc/nios2-elf/4.1.2/../../../../nios2-elf/lib/mno-hw-mul\libc.a(lib_a-atexit.o)
 .comment       0x00000000       0x27 c:/altera/12.1sp1/nios2eds/bin/gnu/h-i686-mingw32/bin/../lib/gcc/nios2-elf/4.1.2/../../../../nios2-elf/lib/mno-hw-mul\libc.a(lib_a-exit.o)
 .comment       0x00000000       0x27 c:/altera/12.1sp1/nios2eds/bin/gnu/h-i686-mingw32/bin/../lib/gcc/nios2-elf/4.1.2/../../../../nios2-elf/lib/mno-hw-mul\libc.a(lib_a-impure.o)
 .comment       0x00000000       0x27 c:/altera/12.1sp1/nios2eds/bin/gnu/h-i686-mingw32/bin/../lib/gcc/nios2-elf/4.1.2/../../../../nios2-elf/lib/mno-hw-mul\libc.a(lib_a-int_errno.o)
 .comment       0x00000000       0x27 c:/altera/12.1sp1/nios2eds/bin/gnu/h-i686-mingw32/bin/../lib/gcc/nios2-elf/4.1.2/../../../../nios2-elf/lib/mno-hw-mul\libc.a(lib_a-memcmp.o)
 .comment       0x00000000       0x27 c:/altera/12.1sp1/nios2eds/bin/gnu/h-i686-mingw32/bin/../lib/gcc/nios2-elf/4.1.2/../../../../nios2-elf/lib/mno-hw-mul\libc.a(lib_a-memcpy.o)
 .comment       0x00000000       0x27 c:/altera/12.1sp1/nios2eds/bin/gnu/h-i686-mingw32/bin/../lib/gcc/nios2-elf/4.1.2/../../../../nios2-elf/lib/mno-hw-mul\libc.a(lib_a-memset.o)
 .comment       0x00000000       0x27 c:/altera/12.1sp1/nios2eds/bin/gnu/h-i686-mingw32/bin/../lib/gcc/nios2-elf/4.1.2/../../../../nios2-elf/lib/mno-hw-mul\libc.a(lib_a-putc.o)
 .comment       0x00000000       0x27 c:/altera/12.1sp1/nios2eds/bin/gnu/h-i686-mingw32/bin/../lib/gcc/nios2-elf/4.1.2/../../../../nios2-elf/lib/mno-hw-mul\libc.a(lib_a-strlen.o)
 .comment       0x00000000       0x27 c:/altera/12.1sp1/nios2eds/bin/gnu/h-i686-mingw32/bin/../lib/gcc/nios2-elf/4.1.2/../../../../nios2-elf/lib/mno-hw-mul\libc.a(lib_a-wbuf.o)
 .comment       0x00000000       0x27 c:/altera/12.1sp1/nios2eds/bin/gnu/h-i686-mingw32/bin/../lib/gcc/nios2-elf/4.1.2/../../../../nios2-elf/lib/mno-hw-mul\libc.a(lib_a-wsetup.o)
 .comment       0x00000000       0x27 c:/altera/12.1sp1/nios2eds/bin/gnu/h-i686-mingw32/bin/../lib/gcc/nios2-elf/4.1.2/../../../../nios2-elf/lib/mno-hw-mul\libc.a(lib_a-__atexit.o)
 .comment       0x00000000       0x27 c:/altera/12.1sp1/nios2eds/bin/gnu/h-i686-mingw32/bin/../lib/gcc/nios2-elf/4.1.2/../../../../nios2-elf/lib/mno-hw-mul\libc.a(lib_a-__call_atexit.o)
 .comment       0x00000000       0x27 c:/altera/12.1sp1/nios2eds/bin/gnu/h-i686-mingw32/bin/../lib/gcc/nios2-elf/4.1.2/../../../../nios2-elf/lib/mno-hw-mul\libc.a(lib_a-fflush.o)
 .comment       0x00000000       0x27 c:/altera/12.1sp1/nios2eds/bin/gnu/h-i686-mingw32/bin/../lib/gcc/nios2-elf/4.1.2/../../../../nios2-elf/lib/mno-hw-mul\libc.a(lib_a-findfp.o)
 .comment       0x00000000       0x27 c:/altera/12.1sp1/nios2eds/bin/gnu/h-i686-mingw32/bin/../lib/gcc/nios2-elf/4.1.2/../../../../nios2-elf/lib/mno-hw-mul\libc.a(lib_a-freer.o)
 .comment       0x00000000       0x27 c:/altera/12.1sp1/nios2eds/bin/gnu/h-i686-mingw32/bin/../lib/gcc/nios2-elf/4.1.2/../../../../nios2-elf/lib/mno-hw-mul\libc.a(lib_a-fwalk.o)
 .comment       0x00000000       0x27 c:/altera/12.1sp1/nios2eds/bin/gnu/h-i686-mingw32/bin/../lib/gcc/nios2-elf/4.1.2/../../../../nios2-elf/lib/mno-hw-mul\libc.a(lib_a-makebuf.o)
 .comment       0x00000000       0x27 c:/altera/12.1sp1/nios2eds/bin/gnu/h-i686-mingw32/bin/../lib/gcc/nios2-elf/4.1.2/../../../../nios2-elf/lib/mno-hw-mul\libc.a(lib_a-mallocr.o)
 .comment       0x00000000       0x27 c:/altera/12.1sp1/nios2eds/bin/gnu/h-i686-mingw32/bin/../lib/gcc/nios2-elf/4.1.2/../../../../nios2-elf/lib/mno-hw-mul\libc.a(lib_a-sbrkr.o)
 .comment       0x00000000       0x27 c:/altera/12.1sp1/nios2eds/bin/gnu/h-i686-mingw32/bin/../lib/gcc/nios2-elf/4.1.2/../../../../nios2-elf/lib/mno-hw-mul\libc.a(lib_a-stdio.o)
 .comment       0x00000000       0x27 c:/altera/12.1sp1/nios2eds/bin/gnu/h-i686-mingw32/bin/../lib/gcc/nios2-elf/4.1.2/../../../../nios2-elf/lib/mno-hw-mul\libc.a(lib_a-writer.o)
 .comment       0x00000000       0x27 c:/altera/12.1sp1/nios2eds/bin/gnu/h-i686-mingw32/bin/../lib/gcc/nios2-elf/4.1.2/../../../../nios2-elf/lib/mno-hw-mul\libc.a(lib_a-closer.o)
 .comment       0x00000000       0x27 c:/altera/12.1sp1/nios2eds/bin/gnu/h-i686-mingw32/bin/../lib/gcc/nios2-elf/4.1.2/../../../../nios2-elf/lib/mno-hw-mul\libc.a(lib_a-fclose.o)
 .comment       0x00000000       0x27 c:/altera/12.1sp1/nios2eds/bin/gnu/h-i686-mingw32/bin/../lib/gcc/nios2-elf/4.1.2/../../../../nios2-elf/lib/mno-hw-mul\libc.a(lib_a-fstatr.o)
 .comment       0x00000000       0x27 c:/altera/12.1sp1/nios2eds/bin/gnu/h-i686-mingw32/bin/../lib/gcc/nios2-elf/4.1.2/../../../../nios2-elf/lib/mno-hw-mul\libc.a(lib_a-isattyr.o)
 .comment       0x00000000       0x27 c:/altera/12.1sp1/nios2eds/bin/gnu/h-i686-mingw32/bin/../lib/gcc/nios2-elf/4.1.2/../../../../nios2-elf/lib/mno-hw-mul\libc.a(lib_a-lseekr.o)
 .comment       0x00000000       0x27 c:/altera/12.1sp1/nios2eds/bin/gnu/h-i686-mingw32/bin/../lib/gcc/nios2-elf/4.1.2/../../../../nios2-elf/lib/mno-hw-mul\libc.a(lib_a-readr.o)
 .comment       0x00000000       0x27 c:/altera/12.1sp1/nios2eds/bin/gnu/h-i686-mingw32/bin/../lib/gcc/nios2-elf/4.1.2/mno-hw-mul\libgcc.a(lib2-divmod.o)
 .comment       0x00000000       0x27 c:/altera/12.1sp1/nios2eds/bin/gnu/h-i686-mingw32/bin/../lib/gcc/nios2-elf/4.1.2/mno-hw-mul\libgcc.a(lib2-mul.o)
 .comment       0x00000000       0x27 ../MIDIGenerator_bsp/\libucosii_bsp.a(alt_exit.o)
 .comment       0x00000000       0x27 ../MIDIGenerator_bsp/\libucosii_bsp.a(alt_fstat.o)
 .comment       0x00000000       0x27 ../MIDIGenerator_bsp/\libucosii_bsp.a(alt_isatty.o)
 .comment       0x00000000       0x27 ../MIDIGenerator_bsp/\libucosii_bsp.a(alt_lseek.o)
 .comment       0x00000000       0x27 ../MIDIGenerator_bsp/\libucosii_bsp.a(alt_read.o)
 .comment       0x00000000       0x27 ../MIDIGenerator_bsp/\libucosii_bsp.a(alt_sbrk.o)
 .comment       0x00000000       0x27 ../MIDIGenerator_bsp/\libucosii_bsp.a(alt_write.o)

.debug
 *(.debug)

.line
 *(.line)

.debug_srcinfo
 *(.debug_srcinfo)

.debug_sfnames
 *(.debug_sfnames)

.debug_aranges  0x00000000      0xb78
 *(.debug_aranges)
 .debug_aranges
                0x00000000       0x28 ../MIDIGenerator_bsp//obj/HAL/src/crt0.o
 .debug_aranges
                0x00000028       0x20 obj/default/midi_generator.o
 .debug_aranges
                0x00000048       0x20 c:/altera/12.1sp1/nios2eds/bin/gnu/h-i686-mingw32/bin/../lib/gcc/nios2-elf/4.1.2/mno-hw-mul\libgcc.a(_addsub_df.o)
 .debug_aranges
                0x00000068       0x20 c:/altera/12.1sp1/nios2eds/bin/gnu/h-i686-mingw32/bin/../lib/gcc/nios2-elf/4.1.2/mno-hw-mul\libgcc.a(_si_to_df.o)
 .debug_aranges
                0x00000088       0x20 c:/altera/12.1sp1/nios2eds/bin/gnu/h-i686-mingw32/bin/../lib/gcc/nios2-elf/4.1.2/mno-hw-mul\libgcc.a(_df_to_si.o)
 .debug_aranges
                0x000000a8       0x20 c:/altera/12.1sp1/nios2eds/bin/gnu/h-i686-mingw32/bin/../lib/gcc/nios2-elf/4.1.2/mno-hw-mul\libgcc.a(_clzsi2.o)
 .debug_aranges
                0x000000c8       0x20 c:/altera/12.1sp1/nios2eds/bin/gnu/h-i686-mingw32/bin/../lib/gcc/nios2-elf/4.1.2/mno-hw-mul\libgcc.a(_pack_df.o)
 .debug_aranges
                0x000000e8       0x20 c:/altera/12.1sp1/nios2eds/bin/gnu/h-i686-mingw32/bin/../lib/gcc/nios2-elf/4.1.2/mno-hw-mul\libgcc.a(_unpack_df.o)
 .debug_aranges
                0x00000108       0x20 c:/altera/12.1sp1/nios2eds/bin/gnu/h-i686-mingw32/bin/../lib/gcc/nios2-elf/4.1.2/../../../../nios2-elf/lib/mno-hw-mul\libc.a(lib_a-strcat.o)
 .debug_aranges
                0x00000128       0x20 c:/altera/12.1sp1/nios2eds/bin/gnu/h-i686-mingw32/bin/../lib/gcc/nios2-elf/4.1.2/../../../../nios2-elf/lib/mno-hw-mul\libc.a(lib_a-strcpy.o)
 .debug_aranges
                0x00000148       0x20 ../MIDIGenerator_bsp/\libucosii_bsp.a(alt_iic.o)
 .debug_aranges
                0x00000168       0x20 ../MIDIGenerator_bsp/\libucosii_bsp.a(alt_iic_isr_register.o)
 .debug_aranges
                0x00000188       0x30 ../MIDIGenerator_bsp/\libucosii_bsp.a(alt_irq_entry.o)
 .debug_aranges
                0x000001b8       0x28 ../MIDIGenerator_bsp/\libucosii_bsp.a(alt_irq_handler.o)
 .debug_aranges
                0x000001e0       0x20 ../MIDIGenerator_bsp/\libucosii_bsp.a(alt_load.o)
 .debug_aranges
                0x00000200       0x20 ../MIDIGenerator_bsp/\libucosii_bsp.a(alt_main.o)
 .debug_aranges
                0x00000220       0x20 ../MIDIGenerator_bsp/\libucosii_bsp.a(alt_printf.o)
 .debug_aranges
                0x00000240       0x20 ../MIDIGenerator_bsp/\libucosii_bsp.a(alt_putchar.o)
 .debug_aranges
                0x00000260       0x20 ../MIDIGenerator_bsp/\libucosii_bsp.a(alt_env_lock.o)
 .debug_aranges
                0x00000280       0x20 ../MIDIGenerator_bsp/\libucosii_bsp.a(alt_malloc_lock.o)
 .debug_aranges
                0x000002a0       0x20 ../MIDIGenerator_bsp/\libucosii_bsp.a(os_core.o)
 .debug_aranges
                0x000002c0       0x20 ../MIDIGenerator_bsp/\libucosii_bsp.a(os_dbg.o)
 .debug_aranges
                0x000002e0       0x20 ../MIDIGenerator_bsp/\libucosii_bsp.a(os_flag.o)
 .debug_aranges
                0x00000300       0x20 ../MIDIGenerator_bsp/\libucosii_bsp.a(os_mem.o)
 .debug_aranges
                0x00000320       0x20 ../MIDIGenerator_bsp/\libucosii_bsp.a(os_q.o)
 .debug_aranges
                0x00000340       0x20 ../MIDIGenerator_bsp/\libucosii_bsp.a(os_sem.o)
 .debug_aranges
                0x00000360       0x20 ../MIDIGenerator_bsp/\libucosii_bsp.a(os_task.o)
 .debug_aranges
                0x00000380       0x20 ../MIDIGenerator_bsp/\libucosii_bsp.a(os_time.o)
 .debug_aranges
                0x000003a0       0x20 ../MIDIGenerator_bsp/\libucosii_bsp.a(alt_sys_init.o)
 .debug_aranges
                0x000003c0       0x20 ../MIDIGenerator_bsp/\libucosii_bsp.a(altera_avalon_jtag_uart_fd.o)
 .debug_aranges
                0x000003e0       0x20 ../MIDIGenerator_bsp/\libucosii_bsp.a(altera_avalon_jtag_uart_init.o)
 .debug_aranges
                0x00000400       0x20 ../MIDIGenerator_bsp/\libucosii_bsp.a(altera_avalon_jtag_uart_ioctl.o)
 .debug_aranges
                0x00000420       0x20 ../MIDIGenerator_bsp/\libucosii_bsp.a(altera_avalon_jtag_uart_read.o)
 .debug_aranges
                0x00000440       0x20 ../MIDIGenerator_bsp/\libucosii_bsp.a(altera_avalon_jtag_uart_write.o)
 .debug_aranges
                0x00000460       0x20 ../MIDIGenerator_bsp/\libucosii_bsp.a(altera_avalon_timer_sc.o)
 .debug_aranges
                0x00000480       0x20 ../MIDIGenerator_bsp/\libucosii_bsp.a(altera_up_avalon_character_lcd.o)
 .debug_aranges
                0x000004a0       0x20 ../MIDIGenerator_bsp/\libucosii_bsp.a(alt_alarm_start.o)
 .debug_aranges
                0x000004c0       0x20 ../MIDIGenerator_bsp/\libucosii_bsp.a(alt_close.o)
 .debug_aranges
                0x000004e0       0x20 ../MIDIGenerator_bsp/\libucosii_bsp.a(alt_dcache_flush_all.o)
 .debug_aranges
                0x00000500       0x20 ../MIDIGenerator_bsp/\libucosii_bsp.a(alt_dev.o)
 .debug_aranges
                0x00000520       0x20 ../MIDIGenerator_bsp/\libucosii_bsp.a(alt_dev_llist_insert.o)
 .debug_aranges
                0x00000540       0x20 ../MIDIGenerator_bsp/\libucosii_bsp.a(alt_do_ctors.o)
 .debug_aranges
                0x00000560       0x20 ../MIDIGenerator_bsp/\libucosii_bsp.a(alt_do_dtors.o)
 .debug_aranges
                0x00000580       0x38 ../MIDIGenerator_bsp/\libucosii_bsp.a(alt_exception_entry.o)
 .debug_aranges
                0x000005b8       0x20 ../MIDIGenerator_bsp/\libucosii_bsp.a(alt_find_dev.o)
 .debug_aranges
                0x000005d8       0x20 ../MIDIGenerator_bsp/\libucosii_bsp.a(alt_icache_flush_all.o)
 .debug_aranges
                0x000005f8       0x20 ../MIDIGenerator_bsp/\libucosii_bsp.a(alt_io_redirect.o)
 .debug_aranges
                0x00000618       0x20 ../MIDIGenerator_bsp/\libucosii_bsp.a(alt_open.o)
 .debug_aranges
                0x00000638       0x20 ../MIDIGenerator_bsp/\libucosii_bsp.a(alt_release_fd.o)
 .debug_aranges
                0x00000658       0x20 ../MIDIGenerator_bsp/\libucosii_bsp.a(alt_tick.o)
 .debug_aranges
                0x00000678       0x20 ../MIDIGenerator_bsp/\libucosii_bsp.a(altera_nios2_qsys_irq.o)
 .debug_aranges
                0x00000698       0x20 ../MIDIGenerator_bsp/\libucosii_bsp.a(os_cpu_a.o)
 .debug_aranges
                0x000006b8       0x20 ../MIDIGenerator_bsp/\libucosii_bsp.a(os_cpu_c.o)
 .debug_aranges
                0x000006d8       0x20 ../MIDIGenerator_bsp/\libucosii_bsp.a(alt_find_file.o)
 .debug_aranges
                0x000006f8       0x20 ../MIDIGenerator_bsp/\libucosii_bsp.a(alt_get_fd.o)
 .debug_aranges
                0x00000718       0x20 c:/altera/12.1sp1/nios2eds/bin/gnu/h-i686-mingw32/bin/../lib/gcc/nios2-elf/4.1.2/../../../../nios2-elf/lib/mno-hw-mul\libc.a(lib_a-atexit.o)
 .debug_aranges
                0x00000738       0x20 c:/altera/12.1sp1/nios2eds/bin/gnu/h-i686-mingw32/bin/../lib/gcc/nios2-elf/4.1.2/../../../../nios2-elf/lib/mno-hw-mul\libc.a(lib_a-exit.o)
 .debug_aranges
                0x00000758       0x20 c:/altera/12.1sp1/nios2eds/bin/gnu/h-i686-mingw32/bin/../lib/gcc/nios2-elf/4.1.2/../../../../nios2-elf/lib/mno-hw-mul\libc.a(lib_a-memcmp.o)
 .debug_aranges
                0x00000778       0x20 c:/altera/12.1sp1/nios2eds/bin/gnu/h-i686-mingw32/bin/../lib/gcc/nios2-elf/4.1.2/../../../../nios2-elf/lib/mno-hw-mul\libc.a(lib_a-memcpy.o)
 .debug_aranges
                0x00000798       0x20 c:/altera/12.1sp1/nios2eds/bin/gnu/h-i686-mingw32/bin/../lib/gcc/nios2-elf/4.1.2/../../../../nios2-elf/lib/mno-hw-mul\libc.a(lib_a-memset.o)
 .debug_aranges
                0x000007b8       0x20 c:/altera/12.1sp1/nios2eds/bin/gnu/h-i686-mingw32/bin/../lib/gcc/nios2-elf/4.1.2/../../../../nios2-elf/lib/mno-hw-mul\libc.a(lib_a-putc.o)
 .debug_aranges
                0x000007d8       0x20 c:/altera/12.1sp1/nios2eds/bin/gnu/h-i686-mingw32/bin/../lib/gcc/nios2-elf/4.1.2/../../../../nios2-elf/lib/mno-hw-mul\libc.a(lib_a-strlen.o)
 .debug_aranges
                0x000007f8       0x20 c:/altera/12.1sp1/nios2eds/bin/gnu/h-i686-mingw32/bin/../lib/gcc/nios2-elf/4.1.2/../../../../nios2-elf/lib/mno-hw-mul\libc.a(lib_a-wbuf.o)
 .debug_aranges
                0x00000818       0x20 c:/altera/12.1sp1/nios2eds/bin/gnu/h-i686-mingw32/bin/../lib/gcc/nios2-elf/4.1.2/../../../../nios2-elf/lib/mno-hw-mul\libc.a(lib_a-wsetup.o)
 .debug_aranges
                0x00000838       0x20 c:/altera/12.1sp1/nios2eds/bin/gnu/h-i686-mingw32/bin/../lib/gcc/nios2-elf/4.1.2/../../../../nios2-elf/lib/mno-hw-mul\libc.a(lib_a-__atexit.o)
 .debug_aranges
                0x00000858       0x20 c:/altera/12.1sp1/nios2eds/bin/gnu/h-i686-mingw32/bin/../lib/gcc/nios2-elf/4.1.2/../../../../nios2-elf/lib/mno-hw-mul\libc.a(lib_a-__call_atexit.o)
 .debug_aranges
                0x00000878       0x20 c:/altera/12.1sp1/nios2eds/bin/gnu/h-i686-mingw32/bin/../lib/gcc/nios2-elf/4.1.2/../../../../nios2-elf/lib/mno-hw-mul\libc.a(lib_a-fflush.o)
 .debug_aranges
                0x00000898       0x20 c:/altera/12.1sp1/nios2eds/bin/gnu/h-i686-mingw32/bin/../lib/gcc/nios2-elf/4.1.2/../../../../nios2-elf/lib/mno-hw-mul\libc.a(lib_a-findfp.o)
 .debug_aranges
                0x000008b8       0x20 c:/altera/12.1sp1/nios2eds/bin/gnu/h-i686-mingw32/bin/../lib/gcc/nios2-elf/4.1.2/../../../../nios2-elf/lib/mno-hw-mul\libc.a(lib_a-freer.o)
 .debug_aranges
                0x000008d8       0x20 c:/altera/12.1sp1/nios2eds/bin/gnu/h-i686-mingw32/bin/../lib/gcc/nios2-elf/4.1.2/../../../../nios2-elf/lib/mno-hw-mul\libc.a(lib_a-fwalk.o)
 .debug_aranges
                0x000008f8       0x20 c:/altera/12.1sp1/nios2eds/bin/gnu/h-i686-mingw32/bin/../lib/gcc/nios2-elf/4.1.2/../../../../nios2-elf/lib/mno-hw-mul\libc.a(lib_a-makebuf.o)
 .debug_aranges
                0x00000918       0x20 c:/altera/12.1sp1/nios2eds/bin/gnu/h-i686-mingw32/bin/../lib/gcc/nios2-elf/4.1.2/../../../../nios2-elf/lib/mno-hw-mul\libc.a(lib_a-mallocr.o)
 .debug_aranges
                0x00000938       0x20 c:/altera/12.1sp1/nios2eds/bin/gnu/h-i686-mingw32/bin/../lib/gcc/nios2-elf/4.1.2/../../../../nios2-elf/lib/mno-hw-mul\libc.a(lib_a-sbrkr.o)
 .debug_aranges
                0x00000958       0x20 c:/altera/12.1sp1/nios2eds/bin/gnu/h-i686-mingw32/bin/../lib/gcc/nios2-elf/4.1.2/../../../../nios2-elf/lib/mno-hw-mul\libc.a(lib_a-stdio.o)
 .debug_aranges
                0x00000978       0x20 c:/altera/12.1sp1/nios2eds/bin/gnu/h-i686-mingw32/bin/../lib/gcc/nios2-elf/4.1.2/../../../../nios2-elf/lib/mno-hw-mul\libc.a(lib_a-writer.o)
 .debug_aranges
                0x00000998       0x20 c:/altera/12.1sp1/nios2eds/bin/gnu/h-i686-mingw32/bin/../lib/gcc/nios2-elf/4.1.2/../../../../nios2-elf/lib/mno-hw-mul\libc.a(lib_a-closer.o)
 .debug_aranges
                0x000009b8       0x20 c:/altera/12.1sp1/nios2eds/bin/gnu/h-i686-mingw32/bin/../lib/gcc/nios2-elf/4.1.2/../../../../nios2-elf/lib/mno-hw-mul\libc.a(lib_a-fclose.o)
 .debug_aranges
                0x000009d8       0x20 c:/altera/12.1sp1/nios2eds/bin/gnu/h-i686-mingw32/bin/../lib/gcc/nios2-elf/4.1.2/../../../../nios2-elf/lib/mno-hw-mul\libc.a(lib_a-fstatr.o)
 .debug_aranges
                0x000009f8       0x20 c:/altera/12.1sp1/nios2eds/bin/gnu/h-i686-mingw32/bin/../lib/gcc/nios2-elf/4.1.2/../../../../nios2-elf/lib/mno-hw-mul\libc.a(lib_a-isattyr.o)
 .debug_aranges
                0x00000a18       0x20 c:/altera/12.1sp1/nios2eds/bin/gnu/h-i686-mingw32/bin/../lib/gcc/nios2-elf/4.1.2/../../../../nios2-elf/lib/mno-hw-mul\libc.a(lib_a-lseekr.o)
 .debug_aranges
                0x00000a38       0x20 c:/altera/12.1sp1/nios2eds/bin/gnu/h-i686-mingw32/bin/../lib/gcc/nios2-elf/4.1.2/../../../../nios2-elf/lib/mno-hw-mul\libc.a(lib_a-readr.o)
 .debug_aranges
                0x00000a58       0x20 c:/altera/12.1sp1/nios2eds/bin/gnu/h-i686-mingw32/bin/../lib/gcc/nios2-elf/4.1.2/mno-hw-mul\libgcc.a(lib2-divmod.o)
 .debug_aranges
                0x00000a78       0x20 c:/altera/12.1sp1/nios2eds/bin/gnu/h-i686-mingw32/bin/../lib/gcc/nios2-elf/4.1.2/mno-hw-mul\libgcc.a(lib2-mul.o)
 .debug_aranges
                0x00000a98       0x20 ../MIDIGenerator_bsp/\libucosii_bsp.a(alt_exit.o)
 .debug_aranges
                0x00000ab8       0x20 ../MIDIGenerator_bsp/\libucosii_bsp.a(alt_fstat.o)
 .debug_aranges
                0x00000ad8       0x20 ../MIDIGenerator_bsp/\libucosii_bsp.a(alt_isatty.o)
 .debug_aranges
                0x00000af8       0x20 ../MIDIGenerator_bsp/\libucosii_bsp.a(alt_lseek.o)
 .debug_aranges
                0x00000b18       0x20 ../MIDIGenerator_bsp/\libucosii_bsp.a(alt_read.o)
 .debug_aranges
                0x00000b38       0x20 ../MIDIGenerator_bsp/\libucosii_bsp.a(alt_sbrk.o)
 .debug_aranges
                0x00000b58       0x20 ../MIDIGenerator_bsp/\libucosii_bsp.a(alt_write.o)

.debug_pubnames
                0x00000000     0x1dd9
 *(.debug_pubnames)
 .debug_pubnames
                0x00000000       0xa7 obj/default/midi_generator.o
 .debug_pubnames
                0x000000a7       0x2c c:/altera/12.1sp1/nios2eds/bin/gnu/h-i686-mingw32/bin/../lib/gcc/nios2-elf/4.1.2/mno-hw-mul\libgcc.a(_addsub_df.o)
 .debug_pubnames