Archive member included because of file (symbol)

c:/altera/12.1sp1/nios2eds/bin/gnu/h-i686-mingw32/bin/../lib/gcc/nios2-elf/4.1.2/mno-hw-mul\libgcc.a(lib2-mul.o)
                              obj/default/hello_ucosii.o (__mulsi3)
c:/altera/12.1sp1/nios2eds/bin/gnu/h-i686-mingw32/bin/../lib/gcc/nios2-elf/4.1.2/../../../../nios2-elf/lib/mno-hw-mul\libc.a(lib_a-printf.o)
                              obj/default/hello_ucosii.o (printf)
c:/altera/12.1sp1/nios2eds/bin/gnu/h-i686-mingw32/bin/../lib/gcc/nios2-elf/4.1.2/../../../../nios2-elf/lib/mno-hw-mul\libc.a(lib_a-strcat.o)
                              obj/default/hello_ucosii.o (strcat)
c:/altera/12.1sp1/nios2eds/bin/gnu/h-i686-mingw32/bin/../lib/gcc/nios2-elf/4.1.2/../../../../nios2-elf/lib/mno-hw-mul\libc.a(lib_a-strcpy.o)
                              c:/altera/12.1sp1/nios2eds/bin/gnu/h-i686-mingw32/bin/../lib/gcc/nios2-elf/4.1.2/../../../../nios2-elf/lib/mno-hw-mul\libc.a(lib_a-strcat.o) (strcpy)
c:/altera/12.1sp1/nios2eds/bin/gnu/h-i686-mingw32/bin/../lib/gcc/nios2-elf/4.1.2/../../../../nios2-elf/lib/mno-hw-mul\libc.a(lib_a-vfprintf.o)
                              c:/altera/12.1sp1/nios2eds/bin/gnu/h-i686-mingw32/bin/../lib/gcc/nios2-elf/4.1.2/../../../../nios2-elf/lib/mno-hw-mul\libc.a(lib_a-printf.o) (___vfprintf_internal_r)
c:/altera/12.1sp1/nios2eds/bin/gnu/h-i686-mingw32/bin/../lib/gcc/nios2-elf/4.1.2/../../../../nios2-elf/lib/mno-hw-mul\libc.a(lib_a-wsetup.o)
                              c:/altera/12.1sp1/nios2eds/bin/gnu/h-i686-mingw32/bin/../lib/gcc/nios2-elf/4.1.2/../../../../nios2-elf/lib/mno-hw-mul\libc.a(lib_a-vfprintf.o) (__swsetup_r)
c:/altera/12.1sp1/nios2eds/bin/gnu/h-i686-mingw32/bin/../lib/gcc/nios2-elf/4.1.2/../../../../nios2-elf/lib/mno-hw-mul\libc.a(lib_a-dtoa.o)
                              c:/altera/12.1sp1/nios2eds/bin/gnu/h-i686-mingw32/bin/../lib/gcc/nios2-elf/4.1.2/../../../../nios2-elf/lib/mno-hw-mul\libc.a(lib_a-vfprintf.o) (_dtoa_r)
c:/altera/12.1sp1/nios2eds/bin/gnu/h-i686-mingw32/bin/../lib/gcc/nios2-elf/4.1.2/../../../../nios2-elf/lib/mno-hw-mul\libc.a(lib_a-fflush.o)
                              c:/altera/12.1sp1/nios2eds/bin/gnu/h-i686-mingw32/bin/../lib/gcc/nios2-elf/4.1.2/../../../../nios2-elf/lib/mno-hw-mul\libc.a(lib_a-vfprintf.o) (_fflush_r)
c:/altera/12.1sp1/nios2eds/bin/gnu/h-i686-mingw32/bin/../lib/gcc/nios2-elf/4.1.2/../../../../nios2-elf/lib/mno-hw-mul\libc.a(lib_a-findfp.o)
                              c:/altera/12.1sp1/nios2eds/bin/gnu/h-i686-mingw32/bin/../lib/gcc/nios2-elf/4.1.2/../../../../nios2-elf/lib/mno-hw-mul\libc.a(lib_a-vfprintf.o) (__sinit)
c:/altera/12.1sp1/nios2eds/bin/gnu/h-i686-mingw32/bin/../lib/gcc/nios2-elf/4.1.2/../../../../nios2-elf/lib/mno-hw-mul\libc.a(lib_a-freer.o)
                              c:/altera/12.1sp1/nios2eds/bin/gnu/h-i686-mingw32/bin/../lib/gcc/nios2-elf/4.1.2/../../../../nios2-elf/lib/mno-hw-mul\libc.a(lib_a-wsetup.o) (_free_r)
c:/altera/12.1sp1/nios2eds/bin/gnu/h-i686-mingw32/bin/../lib/gcc/nios2-elf/4.1.2/../../../../nios2-elf/lib/mno-hw-mul\libc.a(lib_a-fvwrite.o)
                              c:/altera/12.1sp1/nios2eds/bin/gnu/h-i686-mingw32/bin/../lib/gcc/nios2-elf/4.1.2/../../../../nios2-elf/lib/mno-hw-mul\libc.a(lib_a-vfprintf.o) (__sfvwrite_r)
c:/altera/12.1sp1/nios2eds/bin/gnu/h-i686-mingw32/bin/../lib/gcc/nios2-elf/4.1.2/../../../../nios2-elf/lib/mno-hw-mul\libc.a(lib_a-fwalk.o)
                              c:/altera/12.1sp1/nios2eds/bin/gnu/h-i686-mingw32/bin/../lib/gcc/nios2-elf/4.1.2/../../../../nios2-elf/lib/mno-hw-mul\libc.a(lib_a-fflush.o) (_fwalk_reent)
c:/altera/12.1sp1/nios2eds/bin/gnu/h-i686-mingw32/bin/../lib/gcc/nios2-elf/4.1.2/../../../../nios2-elf/lib/mno-hw-mul\libc.a(lib_a-impure.o)
                              c:/altera/12.1sp1/nios2eds/bin/gnu/h-i686-mingw32/bin/../lib/gcc/nios2-elf/4.1.2/../../../../nios2-elf/lib/mno-hw-mul\libc.a(lib_a-printf.o) (_impure_ptr)
c:/altera/12.1sp1/nios2eds/bin/gnu/h-i686-mingw32/bin/../lib/gcc/nios2-elf/4.1.2/../../../../nios2-elf/lib/mno-hw-mul\libc.a(lib_a-locale.o)
                              c:/altera/12.1sp1/nios2eds/bin/gnu/h-i686-mingw32/bin/../lib/gcc/nios2-elf/4.1.2/../../../../nios2-elf/lib/mno-hw-mul\libc.a(lib_a-vfprintf.o) (_localeconv_r)
c:/altera/12.1sp1/nios2eds/bin/gnu/h-i686-mingw32/bin/../lib/gcc/nios2-elf/4.1.2/../../../../nios2-elf/lib/mno-hw-mul\libc.a(lib_a-makebuf.o)
                              c:/altera/12.1sp1/nios2eds/bin/gnu/h-i686-mingw32/bin/../lib/gcc/nios2-elf/4.1.2/../../../../nios2-elf/lib/mno-hw-mul\libc.a(lib_a-wsetup.o) (__smakebuf_r)
c:/altera/12.1sp1/nios2eds/bin/gnu/h-i686-mingw32/bin/../lib/gcc/nios2-elf/4.1.2/../../../../nios2-elf/lib/mno-hw-mul\libc.a(lib_a-mallocr.o)
                              c:/altera/12.1sp1/nios2eds/bin/gnu/h-i686-mingw32/bin/../lib/gcc/nios2-elf/4.1.2/../../../../nios2-elf/lib/mno-hw-mul\libc.a(lib_a-findfp.o) (_malloc_r)
[...]
Memory Configuration

Name             Origin             Length             Attributes
sdram_0          0x00800000         0x00800000
sram_0           0x01080000         0x00080000
reset            0x01104000         0x00000020
onchip_memory2_0 0x01104020         0x00003fe0
*default*        0x00000000         0xffffffff

Linker script and memory map

LOAD ../MIDIGenerator_bsp//obj/HAL/src/crt0.o
LOAD obj/default/hello_ucosii.o
LOAD c:/altera/12.1sp1/nios2eds/bin/gnu/h-i686-mingw32/bin/../lib/gcc/nios2-elf/4.1.2/../../../../nios2-elf/lib/mno-hw-mul\libstdc++.a
LOAD c:/altera/12.1sp1/nios2eds/bin/gnu/h-i686-mingw32/bin/../lib/gcc/nios2-elf/4.1.2/../../../../nios2-elf/lib/mno-hw-mul\libm.a
LOAD c:/altera/12.1sp1/nios2eds/bin/gnu/h-i686-mingw32/bin/../lib/gcc/nios2-elf/4.1.2/mno-hw-mul\libgcc.a
START GROUP
LOAD c:/altera/12.1sp1/nios2eds/bin/gnu/h-i686-mingw32/bin/../lib/gcc/nios2-elf/4.1.2/../../../../nios2-elf/lib/mno-hw-mul\libc.a
LOAD c:/altera/12.1sp1/nios2eds/bin/gnu/h-i686-mingw32/bin/../lib/gcc/nios2-elf/4.1.2/mno-hw-mul\libgcc.a
LOAD ../MIDIGenerator_bsp/\libucosii_bsp.a
END GROUP
LOAD c:/altera/12.1sp1/nios2eds/bin/gnu/h-i686-mingw32/bin/../lib/gcc/nios2-elf/4.1.2/mno-hw-mul\libgcc.a
                0x00800000                __alt_mem_sdram_0 = 0x800000
                0x01080000                __alt_mem_sram_0 = 0x1080000
                0x01104000                __alt_mem_onchip_memory2_0 = 0x1104000

.entry          0x01104000       0x20
 *(.entry)
 .entry         0x01104000       0x20 ../MIDIGenerator_bsp//obj/HAL/src/crt0.o
                0x01104000                __reset

.exceptions     0x01104020      0x19c load address 0x00800000
                0x01104020                PROVIDE (__ram_exceptions_start, ABSOLUTE (.))
                0x01104020                . = ALIGN (0x20)
 *(.irq)
 *(.exceptions.entry.label)
 .exceptions.entry.label
                0x01104020        0x0 ../MIDIGenerator_bsp/\libucosii_bsp.a(alt_irq_entry.o)
                0x01104020                alt_irq_entry
 .exceptions.entry.label
                0x01104020        0x0 ../MIDIGenerator_bsp/\libucosii_bsp.a(alt_exception_entry.o)
                0x01104020                alt_exception
 *(.exceptions.entry.user)
 *(.exceptions.entry)
 .exceptions.entry
                0x01104020       0x54 ../MIDIGenerator_bsp/\libucosii_bsp.a(alt_exception_entry.o)
 *(.exceptions.irqtest.user)
 *(.exceptions.irqtest)
 .exceptions.irqtest
                0x01104074       0x10 ../MIDIGenerator_bsp/\libucosii_bsp.a(alt_irq_entry.o)
 *(.exceptions.irqhandler.user)
 *(.exceptions.irqhandler)
 .exceptions.irqhandler
                0x01104084        0x4 ../MIDIGenerator_bsp/\libucosii_bsp.a(alt_irq_entry.o)
 *(.exceptions.irqreturn.user)
 *(.exceptions.irqreturn)
 .exceptions.irqreturn
                0x01104088        0x4 ../MIDIGenerator_bsp/\libucosii_bsp.a(alt_irq_entry.o)
 *(.exceptions.notirq.label)
 .exceptions.notirq.label
                0x0110408c        0x0 ../MIDIGenerator_bsp/\libucosii_bsp.a(alt_irq_entry.o)
 *(.exceptions.notirq.user)
 *(.exceptions.notirq)
 .exceptions.notirq
                0x0110408c        0x8 ../MIDIGenerator_bsp/\libucosii_bsp.a(alt_exception_entry.o)
 *(.exceptions.soft.user)
 *(.exceptions.soft)
 *(.exceptions.unknown.user)
 *(.exceptions.unknown)
 .exceptions.unknown
                0x01104094        0x4 ../MIDIGenerator_bsp/\libucosii_bsp.a(alt_exception_entry.o)
 *(.exceptions.exit.label)
 .exceptions.exit.label
                0x01104098        0x0 ../MIDIGenerator_bsp/\libucosii_bsp.a(alt_irq_entry.o)
 .exceptions.exit.label
                0x01104098        0x0 ../MIDIGenerator_bsp/\libucosii_bsp.a(alt_exception_entry.o)
 *(.exceptions.exit.user)
 *(.exceptions.exit)
 .exceptions.exit
                0x01104098       0x54 ../MIDIGenerator_bsp/\libucosii_bsp.a(alt_exception_entry.o)
 *(.exceptions)
 .exceptions    0x011040ec       0xd0 ../MIDIGenerator_bsp/\libucosii_bsp.a(alt_irq_handler.o)
                0x011040ec                alt_irq_handler
                0x011041bc                PROVIDE (__ram_exceptions_end, ABSOLUTE (.))
                0x00800000                PROVIDE (__flash_exceptions_start, LOADADDR (.exceptions))

.text           0x0080019c    0x1614c
                0x0080019c                PROVIDE (stext, ABSOLUTE (.))
 *(.interp)
 *(.hash)
 *(.dynsym)
 *(.dynstr)
 *(.gnu.version)
 *(.gnu.version_d)
 *(.gnu.version_r)
 *(.rel.init)
 *(.rela.init)
 *(.rel.text .rel.text.* .rel.gnu.linkonce.t.*)
 *(.rela.text .rela.text.* .rela.gnu.linkonce.t.*)
 *(.rel.fini)
 *(.rela.fini)
 *(.rel.rodata .rel.rodata.* .rel.gnu.linkonce.r.*)
 *(.rela.rodata .rela.rodata.* .rela.gnu.linkonce.r.*)
 *(.rel.data .rel.data.* .rel.gnu.linkonce.d.*)
 *(.rela.data .rela.data.* .rela.gnu.linkonce.d.*)
 *(.rel.tdata .rel.tdata.* .rel.gnu.linkonce.td.*)
 *(.rela.tdata .rela.tdata.* .rela.gnu.linkonce.td.*)
 *(.rel.tbss .rel.tbss.* .rel.gnu.linkonce.tb.*)
 *(.rela.tbss .rela.tbss.* .rela.gnu.linkonce.tb.*)
 *(.rel.ctors)
 *(.rela.ctors)
 *(.rel.dtors)
 *(.rela.dtors)
 *(.rel.got)
 *(.rela.got)
 *(.rel.sdata .rel.sdata.* .rel.gnu.linkonce.s.*)
 *(.rela.sdata .rela.sdata.* .rela.gnu.linkonce.s.*)
 *(.rel.sbss .rel.sbss.* .rel.gnu.linkonce.sb.*)
 *(.rela.sbss .rela.sbss.* .rela.gnu.linkonce.sb.*)
 *(.rel.sdata2 .rel.sdata2.* .rel.gnu.linkonce.s2.*)
 *(.rela.sdata2 .rela.sdata2.* .rela.gnu.linkonce.s2.*)
 *(.rel.sbss2 .rel.sbss2.* .rel.gnu.linkonce.sb2.*)
 *(.rela.sbss2 .rela.sbss2.* .rela.gnu.linkonce.sb2.*)
 *(.rel.bss .rel.bss.* .rel.gnu.linkonce.b.*)
 *(.rela.bss .rela.bss.* .rela.gnu.linkonce.b.*)
 *(.rel.plt)
 *(.rela.plt)
 *(.rel.dyn)
 *(.init)
 *(.plt)
 *(.text .stub .text.* .gnu.linkonce.t.*)
 .text          0x0080019c       0x3c ../MIDIGenerator_bsp//obj/HAL/src/crt0.o
                0x0080019c                _start
 .text          0x008001d8      0x320 obj/default/hello_ucosii.o
                0x008001d8                getBinary
                0x0080027c                getMappedNote
                0x008002c0                handleLaserStatusChange
                0x00800388                task1
                0x0080048c                main
 .text          0x008004f8       0x38 c:/altera/12.1sp1/nios2eds/bin/gnu/h-i686-mingw32/bin/../lib/gcc/nios2-elf/4.1.2/mno-hw-mul\libgcc.a(lib2-mul.o)
                0x008004f8                __mulsi3
 .text          0x00800530       0x78 c:/altera/12.1sp1/nios2eds/bin/gnu/h-i686-mingw32/bin/../lib/gcc/nios2-elf/4.1.2/../../../../nios2-elf/lib/mno-hw-mul\libc.a(lib_a-printf.o)
                0x00800530                printf
                0x00800574                _printf_r
 .text          0x008005a8       0x90 c:/altera/12.1sp1/nios2eds/bin/gnu/h-i686-mingw32/bin/../lib/gcc/nios2-elf/4.1.2/../../../../nios2-elf/lib/mno-hw-mul\libc.a(lib_a-strcat.o)
                0x008005a8                strcat
 .text          0x00800638       0x8c c:/altera/12.1sp1/nios2eds/bin/gnu/h-i686-mingw32/bin/../lib/gcc/nios2-elf/4.1.2/../../../../nios2-elf/lib/mno-hw-mul\libc.a(lib_a-strcpy.o)
                0x00800638                strcpy
 .text          0x008006c4     0x1f40 c:/altera/12.1sp1/nios2eds/bin/gnu/h-i686-mingw32/bin/../lib/gcc/nios2-elf/4.1.2/../../../../nios2-elf/lib/mno-hw-mul\libc.a(lib_a-vfprintf.o)
                0x0080071c                ___vfprintf_internal_r
                0x008025e0                __vfprintf_internal
 .text          0x00802604      0x13c c:/altera/12.1sp1/nios2eds/bin/gnu/h-i686-mingw32/bin/../lib/gcc/nios2-elf/4.1.2/../../../../nios2-elf/lib/mno-hw-mul\libc.a(lib_a-wsetup.o)
                0x00802604                __swsetup_r
 .text          0x00802740     0x17f8 c:/altera/12.1sp1/nios2eds/bin/gnu/h-i686-mingw32/bin/../lib/gcc/nios2-elf/4.1.2/../../../../nios2-elf/lib/mno-hw-mul\libc.a(lib_a-dtoa.o)
                0x00802984                _dtoa_r
 .text          0x00803f38      0x230 c:/altera/12.1sp1/nios2eds/bin/gnu/h-i686-mingw32/bin/../lib/gcc/nios2-elf/4.1.2/../../../../nios2-elf/lib/mno-hw-mul\libc.a(lib_a-fflush.o)
                0x00803f38                _fflush_r
                0x00804134                fflush
 .text          0x00804168      0x2f4 c:/altera/12.1sp1/nios2eds/bin/gnu/h-i686-mingw32/bin/../lib/gcc/nios2-elf/4.1.2/../../../../nios2-elf/lib/mno-hw-mul\libc.a(lib_a-findfp.o)
                0x008041c0                __sfp_lock_acquire
                0x008041c4                __sfp_lock_release
                0x008041c8                __sinit_lock_acquire
                0x008041cc                __sinit_lock_release
                0x008041d0                __sinit
                0x00804284                __fp_unlock_all
                0x0080429c                __fp_lock_all
                0x008042b4                _cleanup_r
                0x008042c0                _cleanup
                0x008042d0                __sfmoreglue
                0x0080436c                __sfp
 .text          0x0080445c      0x440 c:/altera/12.1sp1/nios2eds/bin/gnu/h-i686-mingw32/bin/../lib/gcc/nios2-elf/4.1.2/../../../../nios2-elf/lib/mno-hw-mul\libc.a(lib_a-freer.o)
                0x0080445c                _malloc_trim_r
                0x00804588                _free_r
 .text          0x0080489c      0x49c c:/altera/12.1sp1/nios2eds/bin/gnu/h-i686-mingw32/bin/../lib/gcc/nios2-elf/4.1.2/../../../../nios2-elf/lib/mno-hw-mul\libc.a(lib_a-fvwrite.o)
                0x0080489c                __sfvwrite_r
 .text          0x00804d38      0x180 c:/altera/12.1sp1/nios2eds/bin/gnu/h-i686-mingw32/bin/../lib/gcc/nios2-elf/4.1.2/../../../../nios2-elf/lib/mno-hw-mul\libc.a(lib_a-fwalk.o)
                0x00804d38                _fwalk_reent
                0x00804e00                _fwalk
 .text          0x00804eb8        0x0 c:/altera/12.1sp1/nios2eds/bin/gnu/h-i686-mingw32/bin/../lib/gcc/nios2-elf/4.1.2/../../../../nios2-elf/lib/mno-hw-mul\libc.a(lib_a-impure.o)
 .text          0x00804eb8       0xc4 c:/altera/12.1sp1/nios2eds/bin/gnu/h-i686-mingw32/bin/../lib/gcc/nios2-elf/4.1.2/../../../../nios2-elf/lib/mno-hw-mul\libc.a(lib_a-locale.o)
                0x00804eb8                __locale_charset
                0x00804ec0                _localeconv_r
                0x00804ecc                localeconv
                0x00804edc                _setlocale_r
                0x00804f60                setlocale
 .text          0x00804f7c      0x194 c:/altera/12.1sp1/nios2eds/bin/gnu/h-i686-mingw32/bin/../lib/gcc/nios2-elf/4.1.2/../../../../nios2-elf/lib/mno-hw-mul\libc.a(lib_a-makebuf.o)
                0x00804f7c                __smakebuf_r
 .text          0x00805110      0x740 c:/altera/12.1sp1/nios2eds/bin/gnu/h-i686-mingw32/bin/../lib/gcc/nios2-elf/4.1.2/../../../../nios2-elf/lib/mno-hw-mul\libc.a(lib_a-mallocr.o)
                0x00805110                _malloc_r
 .text          0x00805850       0xe4 c:/altera/12.1sp1/nios2eds/bin/gnu/h-i686-mingw32/bin/../lib/gcc/nios2-elf/4.1.2/../../../../nios2-elf/lib/mno-hw-mul\libc.a(lib_a-memchr.o)
                0x00805850                memchr
 .text          0x00805934       0xa0 c:/altera/12.1sp1/nios2eds/bin/gnu/h-i686-mingw32/bin/../lib/gcc/nios2-elf/4.1.2/../../../../nios2-elf/lib/mno-hw-mul\libc.a(lib_a-memcpy.o)
                0x00805934                memcpy
 .text          0x008059d4       0xe0 c:/altera/12.1sp1/nios2eds/bin/gnu/h-i686-mingw32/bin/../lib/gcc/nios2-elf/4.1.2/../../../../nios2-elf/lib/mno-hw-mul\libc.a(lib_a-memmove.o)
                0x008059d4                memmove
 .text          0x00805ab4       0x98 c:/altera/12.1sp1/nios2eds/bin/gnu/h-i686-mingw32/bin/../lib/gcc/nios2-elf/4.1.2/../../../../nios2-elf/lib/mno-hw-mul\libc.a(lib_a-memset.o)
                0x00805ab4                memset
 .text          0x00805b4c     0x108c c:/altera/12.1sp1/nios2eds/bin/gnu/h-i686-mingw32/bin/../lib/gcc/nios2-elf/4.1.2/../../../../nios2-elf/lib/mno-hw-mul\libc.a(lib_a-mprec.o)
                0x00805b4c                _Bfree
                0x00805b74                __hi0bits
                0x00805be4                __lo0bits
                0x00805ca8                __mcmp
                0x00805d08                __ulp
                0x00805d88                __b2d
                0x00805ea8                __ratio
                0x00805f58                _mprec_log10
                0x00805fec                __copybits
                0x00806044                __any_on
                0x008060cc                _Balloc
                0x00806188                __d2b
                0x00806304                __mdiff
                0x00806490                __lshift
                0x008065dc                __multiply
                0x00806830                __i2b
                0x0080686c                __multadd
                0x00806998                __pow5mult
                0x00806ab8                __s2b
 .text          0x00806bd8      0x5f4 c:/altera/12.1sp1/nios2eds/bin/gnu/h-i686-mingw32/bin/../lib/gcc/nios2-elf/4.1.2/../../../../nios2-elf/lib/mno-hw-mul\libc.a(lib_a-reallocr.o)
                0x00806bd8                _realloc_r
 .text          0x008071cc       0x40 c:/altera/12.1sp1/nios2eds/bin/gnu/h-i686-mingw32/bin/../lib/gcc/nios2-elf/4.1.2/../../../../nios2-elf/lib/mno-hw-mul\libc.a(lib_a-s_isinfd.o)
                0x008071cc                __isinfd
 .text          0x0080720c       0x30 c:/altera/12.1sp1/nios2eds/bin/gnu/h-i686-mingw32/bin/../lib/gcc/nios2-elf/4.1.2/../../../../nios2-elf/lib/mno-hw-mul\libc.a(lib_a-s_isnand.o)
                0x0080720c                __isnand
 .text          0x0080723c       0x70 c:/altera/12.1sp1/nios2eds/bin/gnu/h-i686-mingw32/bin/../lib/gcc/nios2-elf/4.1.2/../../../../nios2-elf/lib/mno-hw-mul\libc.a(lib_a-sbrkr.o)
                0x0080723c                _sbrk_r
 .text          0x008072ac      0x14c c:/altera/12.1sp1/nios2eds/bin/gnu/h-i686-mingw32/bin/../lib/gcc/nios2-elf/4.1.2/../../../../nios2-elf/lib/mno-hw-mul\libc.a(lib_a-stdio.o)
                0x008072ac                __sclose
                0x008072b4                __sseek
                0x0080731c                __swrite
                0x00807398                __sread
 .text          0x008073f8       0xbc c:/altera/12.1sp1/nios2eds/bin/gnu/h-i686-mingw32/bin/../lib/gcc/nios2-elf/4.1.2/../../../../nios2-elf/lib/mno-hw-mul\libc.a(lib_a-strcmp.o)
                0x008073f8                strcmp
 .text          0x008074b4       0x74 c:/altera/12.1sp1/nios2eds/bin/gnu/h-i686-mingw32/bin/../lib/gcc/nios2-elf/4.1.2/../../../../nios2-elf/lib/mno-hw-mul\libc.a(lib_a-strlen.o)
                0x008074b4                strlen
 .text          0x00807528       0x78 c:/altera/12.1sp1/nios2eds/bin/gnu/h-i686-mingw32/bin/../lib/gcc/nios2-elf/4.1.2/../../../../nios2-elf/lib/mno-hw-mul\libc.a(lib_a-writer.o)
                0x00807528                _write_r
 .text          0x008075a0       0xc8 c:/altera/12.1sp1/nios2eds/bin/gnu/h-i686-mingw32/bin/../lib/gcc/nios2-elf/4.1.2/../../../../nios2-elf/lib/mno-hw-mul\libc.a(lib_a-callocr.o)
                0x008075a0                _calloc_r
 .text          0x00807668       0x70 c:/altera/12.1sp1/nios2eds/bin/gnu/h-i686-mingw32/bin/../lib/gcc/nios2-elf/4.1.2/../../../../nios2-elf/lib/mno-hw-mul\libc.a(lib_a-closer.o)
                0x00807668                _close_r
 .text          0x008076d8      0x124 c:/altera/12.1sp1/nios2eds/bin/gnu/h-i686-mingw32/bin/../lib/gcc/nios2-elf/4.1.2/../../../../nios2-elf/lib/mno-hw-mul\libc.a(lib_a-fclose.o)
                0x008076d8                _fclose_r
                0x008077e8                fclose
 .text          0x008077fc       0x74 c:/altera/12.1sp1/nios2eds/bin/gnu/h-i686-mingw32/bin/../lib/gcc/nios2-elf/4.1.2/../../../../nios2-elf/lib/mno-hw-mul\libc.a(lib_a-fstatr.o)
                0x008077fc                _fstat_r
 .text          0x00807870        0x0 c:/altera/12.1sp1/nios2eds/bin/gnu/h-i686-mingw32/bin/../lib/gcc/nios2-elf/4.1.2/../../../../nios2-elf/lib/mno-hw-mul\libc.a(lib_a-int_errno.o)
 .text          0x00807870       0x70 c:/altera/12.1sp1/nios2eds/bin/gnu/h-i686-mingw32/bin/../lib/gcc/nios2-elf/4.1.2/../../../../nios2-elf/lib/mno-hw-mul\libc.a(lib_a-isattyr.o)
                0x00807870                _isatty_r
 .text          0x008078e0       0x78 c:/altera/12.1sp1/nios2eds/bin/gnu/h-i686-mingw32/bin/../lib/gcc/nios2-elf/4.1.2/../../../../nios2-elf/lib/mno-hw-mul\libc.a(lib_a-lseekr.o)
                0x008078e0                _lseek_r
 .text          0x00807958       0x78 c:/altera/12.1sp1/nios2eds/bin/gnu/h-i686-mingw32/bin/../lib/gcc/nios2-elf/4.1.2/../../../../nios2-elf/lib/mno-hw-mul\libc.a(lib_a-readr.o)
                0x00807958                _read_r
 .text          0x008079d0      0x66c c:/altera/12.1sp1/nios2eds/bin/gnu/h-i686-mingw32/bin/../lib/gcc/nios2-elf/4.1.2/mno-hw-mul\libgcc.a(_udivdi3.o)
                0x008079d0                __udivdi3
 .text          0x0080803c      0x660 c:/altera/12.1sp1/nios2eds/bin/gnu/h-i686-mingw32/bin/../lib/gcc/nios2-elf/4.1.2/mno-hw-mul\libgcc.a(_umoddi3.o)
                0x0080803c                __umoddi3
 .text          0x0080869c      0x504 c:/altera/12.1sp1/nios2eds/bin/gnu/h-i686-mingw32/bin/../lib/gcc/nios2-elf/4.1.2/mno-hw-mul\libgcc.a(_addsub_df.o)
                0x00808aac                __subdf3
                0x00808b2c                __adddf3
 .text          0x00808ba0      0x3c4 c:/altera/12.1sp1/nios2eds/bin/gnu/h-i686-mingw32/bin/../lib/gcc/nios2-elf/4.1.2/mno-hw-mul\libgcc.a(_mul_df.o)
                0x00808ba0                __muldf3
 .text          0x00808f64      0x258 c:/altera/12.1sp1/nios2eds/bin/gnu/h-i686-mingw32/bin/../lib/gcc/nios2-elf/4.1.2/mno-hw-mul\libgcc.a(_div_df.o)
                0x00808f64                __divdf3
 .text          0x008091bc       0x88 c:/altera/12.1sp1/nios2eds/bin/gnu/h-i686-mingw32/bin/../lib/gcc/nios2-elf/4.1.2/mno-hw-mul\libgcc.a(_eq_df.o)
                0x008091bc                __eqdf2
 .text          0x00809244       0x88 c:/altera/12.1sp1/nios2eds/bin/gnu/h-i686-mingw32/bin/../lib/gcc/nios2-elf/4.1.2/mno-hw-mul\libgcc.a(_ne_df.o)
                0x00809244                __nedf2
 .text          0x008092cc       0x88 c:/altera/12.1sp1/nios2eds/bin/gnu/h-i686-mingw32/bin/../lib/gcc/nios2-elf/4.1.2/mno-hw-mul\libgcc.a(_gt_df.o)
                0x008092cc                __gtdf2
 .text          0x00809354       0x88 c:/altera/12.1sp1/nios2eds/bin/gnu/h-i686-mingw32/bin/../lib/gcc/nios2-elf/4.1.2/mno-hw-mul\libgcc.a(_ge_df.o)
                0x00809354                __gedf2
 .text          0x008093dc       0x88 c:/altera/12.1sp1/nios2eds/bin/gnu/h-i686-mingw32/bin/../lib/gcc/nios2-elf/4.1.2/mno-hw-mul\libgcc.a(_lt_df.o)
                0x008093dc                __ltdf2
 .text          0x00809464       0xf8 c:/altera/12.1sp1/nios2eds/bin/gnu/h-i686-mingw32/bin/../lib/gcc/nios2-elf/4.1.2/mno-hw-mul\libgcc.a(_si_to_df.o)
                0x00809464                __floatsidf
 .text          0x0080955c       0xd8 c:/altera/12.1sp1/nios2eds/bin/gnu/h-i686-mingw32/bin/../lib/gcc/nios2-elf/4.1.2/mno-hw-mul\libgcc.a(_df_to_si.o)
                0x0080955c                __fixdfsi
 .text          0x00809634        0x0 c:/altera/12.1sp1/nios2eds/bin/gnu/h-i686-mingw32/bin/../lib/gcc/nios2-elf/4.1.2/mno-hw-mul\libgcc.a(_thenan_df.o)
 .text          0x00809634      0x194 c:/altera/12.1sp1/nios2eds/bin/gnu/h-i686-mingw32/bin/../lib/gcc/nios2-elf/4.1.2/mno-hw-mul\libgcc.a(_usi_to_df.o)
                0x00809634                __floatunsidf
 .text          0x008097c8      0x14c c:/altera/12.1sp1/nios2eds/bin/gnu/h-i686-mingw32/bin/../lib/gcc/nios2-elf/4.1.2/mno-hw-mul\libgcc.a(lib2-divmod.o)
                0x00809844                __divsi3
                0x008098a4                __modsi3
                0x00809904                __udivsi3
                0x0080990c                __umodsi3
 .text          0x00809914      0x124 c:/altera/12.1sp1/nios2eds/bin/gnu/h-i686-mingw32/bin/../lib/gcc/nios2-elf/4.1.2/mno-hw-mul\libgcc.a(_muldi3.o)
                0x00809914                __muldi3
 .text          0x00809a38        0x0 c:/altera/12.1sp1/nios2eds/bin/gnu/h-i686-mingw32/bin/../lib/gcc/nios2-elf/4.1.2/mno-hw-mul\libgcc.a(_clz.o)
 .text          0x00809a38       0x80 c:/altera/12.1sp1/nios2eds/bin/gnu/h-i686-mingw32/bin/../lib/gcc/nios2-elf/4.1.2/mno-hw-mul\libgcc.a(_clzsi2.o)
                0x00809a38                __clzsi2
 .text          0x00809ab8      0x314 c:/altera/12.1sp1/nios2eds/bin/gnu/h-i686-mingw32/bin/../lib/gcc/nios2-elf/4.1.2/mno-hw-mul\libgcc.a(_pack_df.o)
                0x00809ab8                __pack_d
 .text          0x00809dcc      0x138 c:/altera/12.1sp1/nios2eds/bin/gnu/h-i686-mingw32/bin/../lib/gcc/nios2-elf/4.1.2/mno-hw-mul\libgcc.a(_unpack_df.o)
                0x00809dcc                __unpack_d
 .text          0x00809f04       0xc8 c:/altera/12.1sp1/nios2eds/bin/gnu/h-i686-mingw32/bin/../lib/gcc/nios2-elf/4.1.2/mno-hw-mul\libgcc.a(_fpcmp_parts_df.o)
                0x00809f04                __fpcmp_parts_d
 .text          0x00809fcc      0x160 ../MIDIGenerator_bsp/\libucosii_bsp.a(alt_close.o)
                0x00809fcc                close
 .text          0x0080a12c       0x2c ../MIDIGenerator_bsp/\libucosii_bsp.a(alt_dev.o)
 .text          0x0080a158        0x0 ../MIDIGenerator_bsp/\libucosii_bsp.a(alt_errno.o)
 .text          0x0080a158      0x138 ../MIDIGenerator_bsp/\libucosii_bsp.a(alt_fstat.o)
                0x0080a158                fstat
 .text          0x0080a290      0x124 ../MIDIGenerator_bsp/\libucosii_bsp.a(alt_isatty.o)
                0x0080a290                isatty
 .text          0x0080a3b4       0xec ../MIDIGenerator_bsp/\libucosii_bsp.a(alt_load.o)
                0x0080a3b4                alt_load
 .text          0x0080a4a0      0x154 ../MIDIGenerator_bsp/\libucosii_bsp.a(alt_lseek.o)
                0x0080a4a0                lseek
 .text          0x0080a5f4       0xc8 ../MIDIGenerator_bsp/\libucosii_bsp.a(alt_main.o)
                0x0080a5f4                alt_main
 .text          0x0080a6bc      0x258 ../MIDIGenerator_bsp/\libucosii_bsp.a(alt_printf.o)
                0x0080a6bc                alt_printf
 .text          0x0080a914       0x40 ../MIDIGenerator_bsp/\libucosii_bsp.a(alt_putchar.o)
                0x0080a914                alt_putchar
 .text          0x0080a954      0x184 ../MIDIGenerator_bsp/\libucosii_bsp.a(alt_read.o)
                0x0080a954                read
 .text          0x0080aad8       0x78 ../MIDIGenerator_bsp/\libucosii_bsp.a(alt_release_fd.o)
                0x0080aad8                alt_release_fd
 .text          0x0080ab50       0xbc ../MIDIGenerator_bsp/\libucosii_bsp.a(alt_sbrk.o)
                0x0080ab50                sbrk
 .text          0x0080ac0c      0x184 ../MIDIGenerator_bsp/\libucosii_bsp.a(alt_write.o)
                0x0080ac0c                write
 .text          0x0080ad90      0x108 ../MIDIGenerator_bsp/\libucosii_bsp.a(alt_env_lock.o)
                0x0080ad90                __env_lock
                0x0080ae3c                __env_unlock
 .text          0x0080ae98      0x1d8 ../MIDIGenerator_bsp/\libucosii_bsp.a(alt_malloc_lock.o)
                0x0080ae98                __malloc_lock
                0x0080afa0                __malloc_unlock
 .text          0x0080b070     0x2128 ../MIDIGenerator_bsp/\libucosii_bsp.a(os_core.o)
                0x0080b070                OSEventNameGet
                0x0080b1a0                OSEventNameSet
                0x0080b2e4                OSEventPendMulti
                0x0080b998                OSInit
                0x0080b9ec                OSIntEnter
                0x0080ba68                OSIntExit
                0x0080bb68                OSSchedLock
                0x0080bbf4                OSSchedUnlock
                0x0080bcd8                OSStart
                0x0080bd48                OSStatInit
                0x0080bdf4                OSTimeTick
                0x0080c034                OSVersion
                0x0080c054                OS_Dummy
                0x0080c070                OS_EventTaskRdy
                0x0080c204                OS_EventTaskWait
                0x0080c314                OS_EventTaskWaitMulti
                0x0080c468                OS_EventTaskRemove
                0x0080c520                OS_EventTaskRemoveMulti
                0x0080c624                OS_EventWaitListInit
                0x0080c9f0                OS_MemClr
                0x0080ca44                OS_MemCopy
                0x0080cab0                OS_Sched
                0x0080cbf4                OS_StrCopy
                0x0080cc74                OS_StrLen
                0x0080cccc                OS_TaskIdle
                0x0080cd28                OS_TaskStat
                0x0080cdf0                OS_TaskStatStkChk
                0x0080ceb8                OS_TCBInit
 .text          0x0080d198      0x18c ../MIDIGenerator_bsp/\libucosii_bsp.a(os_dbg.o)
                0x0080d198                OSDebugInit
 .text          0x0080d324     0x193c ../MIDIGenerator_bsp/\libucosii_bsp.a(os_flag.o)
                0x0080d324                OSFlagAccept
                0x0080d658                OSFlagCreate
                0x0080d794                OSFlagDel
                0x0080da3c                OSFlagNameGet
                0x0080db80                OSFlagNameSet
                0x0080dcd4                OSFlagPend
                0x0080e318                OSFlagPendGetFlagsRdy
                0x0080e380                OSFlagPost
                0x0080e728                OSFlagQuery
                0x0080e9c0                OS_FlagInit
                0x0080ebb4                OS_FlagUnlink
 .text          0x0080ec60      0x80c ../MIDIGenerator_bsp/\libucosii_bsp.a(os_mem.o)
                0x0080ec60                OSMemCreate
                0x0080ee7c                OSMemGet
                0x0080ef80                OSMemNameGet
                0x0080f08c                OSMemNameSet
                0x0080f1ac                OSMemPut
                0x0080f29c                OSMemQuery
                0x0080f398                OS_MemInit
 .text          0x0080f46c     0x1334 ../MIDIGenerator_bsp/\libucosii_bsp.a(os_q.o)
                0x0080f46c                OSQAccept
                0x0080f5c0                OSQCreate
                0x0080f7d4                OSQDel
                0x0080fad4                OSQFlush
                0x0080fb9c                OSQPend
                0x0080febc                OSQPendAbort
                0x00810038                OSQPost
                0x008101b8                OSQPostFront
                0x00810340                OSQPostOpt
                0x00810574                OSQQuery
                0x008106f4                OS_QInit
 .text          0x008107a0      0xbc8 ../MIDIGenerator_bsp/\libucosii_bsp.a(os_sem.o)
                0x008107a0                OSSemAccept
                0x00810860                OSSemCreate
                0x00810974                OSSemDel
                0x00810c14                OSSemPend
                0x00810e90                OSSemPendAbort
                0x0081100c                OSSemPost
                0x00811134                OSSemQuery
                0x00811264                OSSemSet
 .text          0x00811368     0x1a40 ../MIDIGenerator_bsp/\libucosii_bsp.a(os_task.o)
                0x00811368                OSTaskChangePrio
                0x008118dc                OSTaskCreate
                0x00811ab0                OSTaskCreateExt
                0x00811cb0                OSTaskDel
                0x008120bc                OSTaskDelReq
                0x0081222c                OSTaskNameGet
                0x008123e4                OSTaskNameSet
                0x008125a8                OSTaskResume
                0x008127c0                OSTaskStkChk
                0x008129bc                OSTaskSuspend
                0x00812be8                OSTaskQuery
                0x00812d2c                OS_TaskStkClr
 .text          0x00812da8      0x5b4 ../MIDIGenerator_bsp/\libucosii_bsp.a(os_time.o)
                0x00812da8                OSTimeDly
                0x00812ef4                OSTimeDlyHMSM
                0x00813084                OSTimeDlyResume
                0x00813294                OSTimeGet
                0x008132f8                OSTimeSet
 .text          0x0081335c       0xe0 ../MIDIGenerator_bsp/\libucosii_bsp.a(alt_sys_init.o)
                0x0081335c                alt_irq_init
                0x00813390                alt_sys_init
 .text          0x0081343c      0x148 ../MIDIGenerator_bsp/\libucosii_bsp.a(altera_avalon_jtag_uart_fd.o)
                0x0081343c                altera_avalon_jtag_uart_read_fd
                0x00813494                altera_avalon_jtag_uart_write_fd
                0x008134ec                altera_avalon_jtag_uart_close_fd
                0x00813534                altera_avalon_jtag_uart_ioctl_fd
 .text          0x00813584      0x584 ../MIDIGenerator_bsp/\libucosii_bsp.a(altera_avalon_jtag_uart_init.o)
                0x00813584                altera_avalon_jtag_uart_init
                0x00813a94                altera_avalon_jtag_uart_close
 .text          0x00813b08       0xf4 ../MIDIGenerator_bsp/\libucosii_bsp.a(altera_avalon_jtag_uart_ioctl.o)
                0x00813b08                altera_avalon_jtag_uart_ioctl
 .text          0x00813bfc      0x2c0 ../MIDIGenerator_bsp/\libucosii_bsp.a(altera_avalon_jtag_uart_read.o)
                0x00813bfc                altera_avalon_jtag_uart_read
 .text          0x00813ebc      0x2dc ../MIDIGenerator_bsp/\libucosii_bsp.a(altera_avalon_jtag_uart_write.o)
                0x00813ebc                altera_avalon_jtag_uart_write
 .text          0x00814198      0x100 ../MIDIGenerator_bsp/\libucosii_bsp.a(altera_avalon_timer_sc.o)
                0x00814208                alt_avalon_timer_sc_init
 .text          0x00814298      0x530 ../MIDIGenerator_bsp/\libucosii_bsp.a(altera_up_avalon_character_lcd.o)
                0x00814298                get_DDRAM_addr
                0x00814314                alt_up_character_lcd_send_cmd
                0x00814348                alt_up_character_lcd_init
                0x0081437c                alt_up_character_lcd_open_dev
                0x008143bc                alt_up_character_lcd_write
                0x00814434                alt_up_character_lcd_string
                0x008144ac                alt_up_character_lcd_write_fd
                0x008144f8                alt_up_character_lcd_set_cursor_pos
                0x00814570                alt_up_character_lcd_shift_cursor
                0x00814620                alt_up_character_lcd_shift_display
                0x008146d0                alt_up_character_lcd_erase_pos
                0x00814760                alt_up_character_lcd_cursor_off
                0x00814794                alt_up_character_lcd_cursor_blink_on
 .text          0x008147c8      0x154 ../MIDIGenerator_bsp/\libucosii_bsp.a(alt_alarm_start.o)
                0x008147c8                alt_alarm_start
 .text          0x0081491c       0x1c ../MIDIGenerator_bsp/\libucosii_bsp.a(alt_dcache_flush_all.o)
                0x0081491c                alt_dcache_flush_all
 .text          0x00814938      0x114 ../MIDIGenerator_bsp/\libucosii_bsp.a(alt_dev_llist_insert.o)
                0x00814938                alt_dev_llist_insert
 .text          0x00814a4c       0x64 ../MIDIGenerator_bsp/\libucosii_bsp.a(alt_do_ctors.o)
                0x00814a4c                _do_ctors
 .text          0x00814ab0       0x64 ../MIDIGenerator_bsp/\libucosii_bsp.a(alt_do_dtors.o)
                0x00814ab0                _do_dtors
 .text          0x00814b14       0x94 ../MIDIGenerator_bsp/\libucosii_bsp.a(alt_find_dev.o)
                0x00814b14                alt_find_dev
 .text          0x00814ba8       0x1c ../MIDIGenerator_bsp/\libucosii_bsp.a(alt_icache_flush_all.o)
                0x00814ba8                alt_icache_flush_all
 .text          0x00814bc4      0x1d4 ../MIDIGenerator_bsp/\libucosii_bsp.a(alt_iic.o)
                0x00814bc4                alt_ic_isr_register
                0x00814c14                alt_ic_irq_enable
                0x00814cb0                alt_ic_irq_disable
                0x00814d50                alt_ic_irq_enabled
 .text          0x00814d98       0xf8 ../MIDIGenerator_bsp/\libucosii_bsp.a(alt_iic_isr_register.o)
                0x00814d98                alt_iic_isr_register
 .text          0x00814e90      0x150 ../MIDIGenerator_bsp/\libucosii_bsp.a(alt_io_redirect.o)
                0x00814f68                alt_io_redirect
 .text          0x00814fe0        0x0 ../MIDIGenerator_bsp/\libucosii_bsp.a(alt_irq_entry.o)
 .text          0x00814fe0        0x0 ../MIDIGenerator_bsp/\libucosii_bsp.a(alt_irq_handler.o)
 .text          0x00814fe0        0x0 ../MIDIGenerator_bsp/\libucosii_bsp.a(alt_irq_vars.o)
 .text          0x00814fe0      0x2e4 ../MIDIGenerator_bsp/\libucosii_bsp.a(alt_open.o)
                0x008150d8                open
 .text          0x008152c4      0x1a8 ../MIDIGenerator_bsp/\libucosii_bsp.a(alt_tick.o)
                0x008152c4                alt_alarm_stop
                0x0081535c                alt_tick
 .text          0x0081546c       0x20 ../MIDIGenerator_bsp/\libucosii_bsp.a(altera_nios2_qsys_irq.o)
                0x0081546c                altera_nios2_qsys_irq_init
 .text          0x0081548c       0xd0 ../MIDIGenerator_bsp/\libucosii_bsp.a(os_cpu_a.o)
                0x0081548c                OSCtxSw
                0x0081548c                OSIntCtxSw
                0x00815518                OSStartHighRdy
                0x00815538                OSStartTsk
 .text          0x0081555c      0x418 ../MIDIGenerator_bsp/\libucosii_bsp.a(os_cpu_c.o)
                0x0081555c                OSTaskStkInit
                0x0081586c                OSTaskCreateHook
                0x0081588c                OSTaskDelHook
                0x008158ac                OSTaskSwHook
                0x008158c8                OSTaskStatHook
                0x008158e4                OSTimeTickHook
                0x00815900                OSInitHookBegin
                0x0081591c                OSInitHookEnd
                0x00815938                OSTaskIdleHook
                0x00815954                OSTCBInitHook
 .text          0x00815974        0x0 ../MIDIGenerator_bsp/\libucosii_bsp.a(alt_exception_entry.o)
 .text          0x00815974      0x120 ../MIDIGenerator_bsp/\libucosii_bsp.a(alt_find_file.o)
                0x00815974                alt_find_file
 .text          0x00815a94      0x104 ../MIDIGenerator_bsp/\libucosii_bsp.a(alt_get_fd.o)
                0x00815a94                alt_get_fd
 .text          0x00815b98       0x14 c:/altera/12.1sp1/nios2eds/bin/gnu/h-i686-mingw32/bin/../lib/gcc/nios2-elf/4.1.2/../../../../nios2-elf/lib/mno-hw-mul\libc.a(lib_a-atexit.o)
                0x00815b98                atexit
 .text          0x00815bac       0x38 c:/altera/12.1sp1/nios2eds/bin/gnu/h-i686-mingw32/bin/../lib/gcc/nios2-elf/4.1.2/../../../../nios2-elf/lib/mno-hw-mul\libc.a(lib_a-exit.o)
                0x00815bac                exit
 .text          0x00815be4       0x74 c:/altera/12.1sp1/nios2eds/bin/gnu/h-i686-mingw32/bin/../lib/gcc/nios2-elf/4.1.2/../../../../nios2-elf/lib/mno-hw-mul\libc.a(lib_a-memcmp.o)
                0x00815be4                memcmp
 .text          0x00815c58      0x1ec c:/altera/12.1sp1/nios2eds/bin/gnu/h-i686-mingw32/bin/../lib/gcc/nios2-elf/4.1.2/../../../../nios2-elf/lib/mno-hw-mul\libc.a(lib_a-putc.o)
                0x00815c58                putc
                0x00815d5c                _putc_r
 .text          0x00815e44      0x14c c:/altera/12.1sp1/nios2eds/bin/gnu/h-i686-mingw32/bin/../lib/gcc/nios2-elf/4.1.2/../../../../nios2-elf/lib/mno-hw-mul\libc.a(lib_a-wbuf.o)
                0x00815e44                __swbuf_r
                0x00815f74                __swbuf
 .text          0x00815f90      0x134 c:/altera/12.1sp1/nios2eds/bin/gnu/h-i686-mingw32/bin/../lib/gcc/nios2-elf/4.1.2/../../../../nios2-elf/lib/mno-hw-mul\libc.a(lib_a-__atexit.o)
                0x00815f90                __register_exitproc
 .text          0x008160c4      0x1b4 c:/altera/12.1sp1/nios2eds/bin/gnu/h-i686-mingw32/bin/../lib/gcc/nios2-elf/4.1.2/../../../../nios2-elf/lib/mno-hw-mul\libc.a(lib_a-__call_atexit.o)
                0x008160c8                __call_exitprocs
 .text          0x00816278       0x6c ../MIDIGenerator_bsp/\libucosii_bsp.a(alt_exit.o)
                0x008162b8                _exit
 *(.gnu.warning.*)
 *(.fini)
                0x008162e4                PROVIDE (__etext, ABSOLUTE (.))
                0x008162e4                PROVIDE (_etext, ABSOLUTE (.))
                0x008162e4                PROVIDE (etext, ABSOLUTE (.))
 *(.eh_frame_hdr)
                0x008162e4                . = ALIGN (0x4)
                0x008162e4                PROVIDE (__preinit_array_start, ABSOLUTE (.))
 *(.preinit_array)
                0x008162e4                PROVIDE (__preinit_array_end, ABSOLUTE (.))
                0x008162e4                PROVIDE (__init_array_start, ABSOLUTE (.))
 *(.init_array)
                0x008162e4                PROVIDE (__init_array_end, ABSOLUTE (.))
                0x008162e4                PROVIDE (__fini_array_start, ABSOLUTE (.))
 *(.fini_array)
                0x008162e4                PROVIDE (__fini_array_end, ABSOLUTE (.))
 *(.eh_frame)
 *(.gcc_except_table)
 *(.dynamic)
                0x008162e4                PROVIDE (__CTOR_LIST__, ABSOLUTE (.))
 *(.ctors)
 *(SORT(.ctors.*))
 .ctors.65535   0x008162e4        0x4 c:/altera/12.1sp1/nios2eds/bin/gnu/h-i686-mingw32/bin/../lib/gcc/nios2-elf/4.1.2/../../../../nios2-elf/lib/mno-hw-mul\libc.a(lib_a-__call_atexit.o)
                0x008162e8                PROVIDE (__CTOR_END__, ABSOLUTE (.))
                0x008162e8                PROVIDE (__DTOR_LIST__, ABSOLUTE (.))
 *(.dtors)
 *(SORT(.dtors.*))
                0x008162e8                PROVIDE (__DTOR_END__, ABSOLUTE (.))
 *(.jcr)
                0x008162e8                . = ALIGN (0x4)

.rodata         0x008162e8      0x52c
                0x008162e8                PROVIDE (__ram_rodata_start, ABSOLUTE (.))
                0x008162e8                . = ALIGN (0x4)
 *(.rodata .rodata.* .gnu.linkonce.r.*)
 .rodata        0x008162e8       0xb0 obj/default/hello_ucosii.o
 .rodata.str1.4
                0x00816398       0x5e c:/altera/12.1sp1/nios2eds/bin/gnu/h-i686-mingw32/bin/../lib/gcc/nios2-elf/4.1.2/../../../../nios2-elf/lib/mno-hw-mul\libc.a(lib_a-vfprintf.o)
                                 0x60 (size before relaxing)
 .rodata        0x008163f6       0x20 c:/altera/12.1sp1/nios2eds/bin/gnu/h-i686-mingw32/bin/../lib/gcc/nios2-elf/4.1.2/../../../../nios2-elf/lib/mno-hw-mul\libc.a(lib_a-vfprintf.o)
 *fill*         0x00816416        0x2 00
 .rodata.str1.4
                0x00816418       0x10 c:/altera/12.1sp1/nios2eds/bin/gnu/h-i686-mingw32/bin/../lib/gcc/nios2-elf/4.1.2/../../../../nios2-elf/lib/mno-hw-mul\libc.a(lib_a-dtoa.o)
                                 0x14 (size before relaxing)
 .rodata.str1.4
                0x00816428        0x2 c:/altera/12.1sp1/nios2eds/bin/gnu/h-i686-mingw32/bin/../lib/gcc/nios2-elf/4.1.2/../../../../nios2-elf/lib/mno-hw-mul\libc.a(lib_a-impure.o)
                                  0x4 (size before relaxing)
 *fill*         0x0081642a        0x2 00
 .rodata.str1.4
                0x0081642c       0x10 c:/altera/12.1sp1/nios2eds/bin/gnu/h-i686-mingw32/bin/../lib/gcc/nios2-elf/4.1.2/../../../../nios2-elf/lib/mno-hw-mul\libc.a(lib_a-locale.o)
                                 0x18 (size before relaxing)
 .rodata        0x0081643c       0x30 c:/altera/12.1sp1/nios2eds/bin/gnu/h-i686-mingw32/bin/../lib/gcc/nios2-elf/4.1.2/../../../../nios2-elf/lib/mno-hw-mul\libc.a(lib_a-locale.o)
 .rodata        0x0081646c      0x124 c:/altera/12.1sp1/nios2eds/bin/gnu/h-i686-mingw32/bin/../lib/gcc/nios2-elf/4.1.2/../../../../nios2-elf/lib/mno-hw-mul\libc.a(lib_a-mprec.o)
                0x0081646c                __mprec_tens
                0x00816534                __mprec_bigtens
                0x0081655c                __mprec_tinytens
 .rodata        0x00816590       0x14 c:/altera/12.1sp1/nios2eds/bin/gnu/h-i686-mingw32/bin/../lib/gcc/nios2-elf/4.1.2/mno-hw-mul\libgcc.a(_thenan_df.o)
                0x00816590                __thenan_df
 .rodata        0x008165a4      0x100 c:/altera/12.1sp1/nios2eds/bin/gnu/h-i686-mingw32/bin/../lib/gcc/nios2-elf/4.1.2/mno-hw-mul\libgcc.a(_clz.o)
                0x008165a4                __clz_tab
 .rodata        0x008166a4        0xc ../MIDIGenerator_bsp/\libucosii_bsp.a(alt_dev.o)
 .rodata        0x008166b0       0x14 ../MIDIGenerator_bsp/\libucosii_bsp.a(alt_main.o)
 .rodata        0x008166c4      0x120 ../MIDIGenerator_bsp/\libucosii_bsp.a(os_core.o)
                0x008166c4                OSUnMapTbl
 .rodata        0x008167e4       0x2c ../MIDIGenerator_bsp/\libucosii_bsp.a(alt_sys_init.o)
 .rodata        0x00816810        0x4 ../MIDIGenerator_bsp/\libucosii_bsp.a(os_cpu_c.o)
 *(.rodata1)
                0x00816814                . = ALIGN (0x4)
                0x00816814                PROVIDE (__ram_rodata_end, ABSOLUTE (.))
                0x008162e8                PROVIDE (__flash_rodata_start, LOADADDR (.rodata))

.rwdata         0x00816814     0x1b60 load address 0x00818374
                0x00816814                PROVIDE (__ram_rwdata_start, ABSOLUTE (.))
                0x00816814                . = ALIGN (0x4)
 *(.got.plt)
 *(.got)
 *(.data1)
 *(.data .data.* .gnu.linkonce.d.*)
 .data          0x00816814        0x0 ../MIDIGenerator_bsp//obj/HAL/src/crt0.o
 .data          0x00816814       0x50 obj/default/hello_ucosii.o
 .data          0x00816864        0x0 c:/altera/12.1sp1/nios2eds/bin/gnu/h-i686-mingw32/bin/../lib/gcc/nios2-elf/4.1.2/mno-hw-mul\libgcc.a(lib2-mul.o)
 .data          0x00816864        0x0 c:/altera/12.1sp1/nios2eds/bin/gnu/h-i686-mingw32/bin/../lib/gcc/nios2-elf/4.1.2/../../../../nios2-elf/lib/mno-hw-mul\libc.a(lib_a-printf.o)
 .data          0x00816864        0x0 c:/altera/12.1sp1/nios2eds/bin/gnu/h-i686-mingw32/bin/../lib/gcc/nios2-elf/4.1.2/../../../../nios2-elf/lib/mno-hw-mul\libc.a(lib_a-strcat.o)
 .data          0x00816864        0x0 c:/altera/12.1sp1/nios2eds/bin/gnu/h-i686-mingw32/bin/../lib/gcc/nios2-elf/4.1.2/../../../../nios2-elf/lib/mno-hw-mul\libc.a(lib_a-strcpy.o)
 .data          0x00816864        0x0 c:/altera/12.1sp1/nios2eds/bin/gnu/h-i686-mingw32/bin/../lib/gcc/nios2-elf/4.1.2/../../../../nios2-elf/lib/mno-hw-mul\libc.a(lib_a-vfprintf.o)
 .data          0x00816864        0x0 c:/altera/12.1sp1/nios2eds/bin/gnu/h-i686-mingw32/bin/../lib/gcc/nios2-elf/4.1.2/../../../../nios2-elf/lib/mno-hw-mul\libc.a(lib_a-wsetup.o)
 .data          0x00816864        0x0 c:/altera/12.1sp1/nios2eds/bin/gnu/h-i686-mingw32/bin/../lib/gcc/nios2-elf/4.1.2/../../../../nios2-elf/lib/mno-hw-mul\libc.a(lib_a-dtoa.o)
 .data          0x00816864        0x0 c:/altera/12.1sp1/nios2eds/bin/gnu/h-i686-mingw32/bin/../lib/gcc/nios2-elf/4.1.2/../../../../nios2-elf/lib/mno-hw-mul\libc.a(lib_a-fflush.o)
 .data          0x00816864        0x0 c:/altera/12.1sp1/nios2eds/bin/gnu/h-i686-mingw32/bin/../lib/gcc/nios2-elf/4.1.2/../../../../nios2-elf/lib/mno-hw-mul\libc.a(lib_a-findfp.o)
 .data          0x00816864        0x0 c:/altera/12.1sp1/nios2eds/bin/gnu/h-i686-mingw32/bin/../lib/gcc/nios2-elf/4.1.2/../../../../nios2-elf/lib/mno-hw-mul\libc.a(lib_a-freer.o)
 .data          0x00816864        0x0 c:/altera/12.1sp1/nios2eds/bin/gnu/h-i686-mingw32/bin/../lib/gcc/nios2-elf/4.1.2/../../../../nios2-elf/lib/mno-hw-mul\libc.a(lib_a-fvwrite.o)
 .data          0x00816864        0x0 c:/altera/12.1sp1/nios2eds/bin/gnu/h-i686-mingw32/bin/../lib/gcc/nios2-elf/4.1.2/../../../../nios2-elf/lib/mno-hw-mul\libc.a(lib_a-fwalk.o)
 .data          0x00816864      0x400 c:/altera/12.1sp1/nios2eds/bin/gnu/h-i686-mingw32/bin/../lib/gcc/nios2-elf/4.1.2/../../../../nios2-elf/lib/mno-hw-mul\libc.a(lib_a-impure.o)
 .data          0x00816c64        0xc c:/altera/12.1sp1/nios2eds/bin/gnu/h-i686-mingw32/bin/../lib/gcc/nios2-elf/4.1.2/../../../../nios2-elf/lib/mno-hw-mul\libc.a(lib_a-locale.o)
                0x00816c64                __lc_ctype
 .data          0x00816c70        0x0 c:/altera/12.1sp1/nios2eds/bin/gnu/h-i686-mingw32/bin/../lib/gcc/nios2-elf/4.1.2/../../../../nios2-elf/lib/mno-hw-mul\libc.a(lib_a-makebuf.o)
 .data          0x00816c70      0x408 c:/altera/12.1sp1/nios2eds/bin/gnu/h-i686-mingw32/bin/../lib/gcc/nios2-elf/4.1.2/../../../../nios2-elf/lib/mno-hw-mul\libc.a(lib_a-mallocr.o)
                0x00816c70                __malloc_av_
 .data          0x00817078        0x0 c:/altera/12.1sp1/nios2eds/bin/gnu/h-i686-mingw32/bin/../lib/gcc/nios2-elf/4.1.2/../../../../nios2-elf/lib/mno-hw-mul\libc.a(lib_a-memchr.o)
 .data          0x00817078        0x0 c:/altera/12.1sp1/nios2eds/bin/gnu/h-i686-mingw32/bin/../lib/gcc/nios2-elf/4.1.2/../../../../nios2-elf/lib/mno-hw-mul\libc.a(lib_a-memcpy.o)
 .data          0x00817078        0x0 c:/altera/12.1sp1/nios2eds/bin/gnu/h-i686-mingw32/bin/../lib/gcc/nios2-elf/4.1.2/../../../../nios2-elf/lib/mno-hw-mul\libc.a(lib_a-memmove.o)
 .data          0x00817078        0x0 c:/altera/12.1sp1/nios2eds/bin/gnu/h-i686-mingw32/bin/../lib/gcc/nios2-elf/4.1.2/../../../../nios2-elf/lib/mno-hw-mul\libc.a(lib_a-memset.o)
 .data          0x00817078        0x0 c:/altera/12.1sp1/nios2eds/bin/gnu/h-i686-mingw32/bin/../lib/gcc/nios2-elf/4.1.2/../../../../nios2-elf/lib/mno-hw-mul\libc.a(lib_a-mprec.o)
 .data          0x00817078        0x0 c:/altera/12.1sp1/nios2eds/bin/gnu/h-i686-mingw32/bin/../lib/gcc/nios2-elf/4.1.2/../../../../nios2-elf/lib/mno-hw-mul\libc.a(lib_a-reallocr.o)
 .data          0x00817078        0x0 c:/altera/12.1sp1/nios2eds/bin/gnu/h-i686-mingw32/bin/../lib/gcc/nios2-elf/4.1.2/../../../../nios2-elf/lib/mno-hw-mul\libc.a(lib_a-s_isinfd.o)
 .data          0x00817078        0x0 c:/altera/12.1sp1/nios2eds/bin/gnu/h-i686-mingw32/bin/../lib/gcc/nios2-elf/4.1.2/../../../../nios2-elf/lib/mno-hw-mul\libc.a(lib_a-s_isnand.o)
 .data          0x00817078        0x0 c:/altera/12.1sp1/nios2eds/bin/gnu/h-i686-mingw32/bin/../lib/gcc/nios2-elf/4.1.2/../../../../nios2-elf/lib/mno-hw-mul\libc.a(lib_a-sbrkr.o)
 .data          0x00817078        0x0 c:/altera/12.1sp1/nios2eds/bin/gnu/h-i686-mingw32/bin/../lib/gcc/nios2-elf/4.1.2/../../../../nios2-elf/lib/mno-hw-mul\libc.a(lib_a-stdio.o)
 .data          0x00817078        0x0 c:/altera/12.1sp1/nios2eds/bin/gnu/h-i686-mingw32/bin/../lib/gcc/nios2-elf/4.1.2/../../../../nios2-elf/lib/mno-hw-mul\libc.a(lib_a-strcmp.o)
 .data          0x00817078        0x0 c:/altera/12.1sp1/nios2eds/bin/gnu/h-i686-mingw32/bin/../lib/gcc/nios2-elf/4.1.2/../../../../nios2-elf/lib/mno-hw-mul\libc.a(lib_a-strlen.o)
 .data          0x00817078        0x0 c:/altera/12.1sp1/nios2eds/bin/gnu/h-i686-mingw32/bin/../lib/gcc/nios2-elf/4.1.2/../../../../nios2-elf/lib/mno-hw-mul\libc.a(lib_a-writer.o)
 .data          0x00817078        0x0 c:/altera/12.1sp1/nios2eds/bin/gnu/h-i686-mingw32/bin/../lib/gcc/nios2-elf/4.1.2/../../../../nios2-elf/lib/mno-hw-mul\libc.a(lib_a-callocr.o)
 .data          0x00817078        0x0 c:/altera/12.1sp1/nios2eds/bin/gnu/h-i686-mingw32/bin/../lib/gcc/nios2-elf/4.1.2/../../../../nios2-elf/lib/mno-hw-mul\libc.a(lib_a-closer.o)
 .data          0x00817078        0x0 c:/altera/12.1sp1/nios2eds/bin/gnu/h-i686-mingw32/bin/../lib/gcc/nios2-elf/4.1.2/../../../../nios2-elf/lib/mno-hw-mul\libc.a(lib_a-fclose.o)
 .data          0x00817078        0x0 c:/altera/12.1sp1/nios2eds/bin/gnu/h-i686-mingw32/bin/../lib/gcc/nios2-elf/4.1.2/../../../../nios2-elf/lib/mno-hw-mul\libc.a(lib_a-fstatr.o)
 .data          0x00817078        0x0 c:/altera/12.1sp1/nios2eds/bin/gnu/h-i686-mingw32/bin/../lib/gcc/nios2-elf/4.1.2/../../../../nios2-elf/lib/mno-hw-mul\libc.a(lib_a-int_errno.o)
 .data          0x00817078        0x0 c:/altera/12.1sp1/nios2eds/bin/gnu/h-i686-mingw32/bin/../lib/gcc/nios2-elf/4.1.2/../../../../nios2-elf/lib/mno-hw-mul\libc.a(lib_a-isattyr.o)
 .data          0x00817078        0x0 c:/altera/12.1sp1/nios2eds/bin/gnu/h-i686-mingw32/bin/../lib/gcc/nios2-elf/4.1.2/../../../../nios2-elf/lib/mno-hw-mul\libc.a(lib_a-lseekr.o)
 .data          0x00817078        0x0 c:/altera/12.1sp1/nios2eds/bin/gnu/h-i686-mingw32/bin/../lib/gcc/nios2-elf/4.1.2/../../../../nios2-elf/lib/mno-hw-mul\libc.a(lib_a-readr.o)
 .data          0x00817078        0x0 c:/altera/12.1sp1/nios2eds/bin/gnu/h-i686-mingw32/bin/../lib/gcc/nios2-elf/4.1.2/mno-hw-mul\libgcc.a(_udivdi3.o)
 .data          0x00817078        0x0 c:/altera/12.1sp1/nios2eds/bin/gnu/h-i686-mingw32/bin/../lib/gcc/nios2-elf/4.1.2/mno-hw-mul\libgcc.a(_umoddi3.o)
 .data          0x00817078        0x0 c:/altera/12.1sp1/nios2eds/bin/gnu/h-i686-mingw32/bin/../lib/gcc/nios2-elf/4.1.2/mno-hw-mul\libgcc.a(_addsub_df.o)
 .data          0x00817078        0x0 c:/altera/12.1sp1/nios2eds/bin/gnu/h-i686-mingw32/bin/../lib/gcc/nios2-elf/4.1.2/mno-hw-mul\libgcc.a(_mul_df.o)
 .data          0x00817078        0x0 c:/altera/12.1sp1/nios2eds/bin/gnu/h-i686-mingw32/bin/../lib/gcc/nios2-elf/4.1.2/mno-hw-mul\libgcc.a(_div_df.o)
 .data          0x00817078        0x0 c:/altera/12.1sp1/nios2eds/bin/gnu/h-i686-mingw32/bin/../lib/gcc/nios2-elf/4.1.2/mno-hw-mul\libgcc.a(_eq_df.o)
 .data          0x00817078        0x0 c:/altera/12.1sp1/nios2eds/bin/gnu/h-i686-mingw32/bin/../lib/gcc/nios2-elf/4.1.2/mno-hw-mul\libgcc.a(_ne_df.o)
 .data          0x00817078        0x0 c:/altera/12.1sp1/nios2eds/bin/gnu/h-i686-mingw32/bin/../lib/gcc/nios2-elf/4.1.2/mno-hw-mul\libgcc.a(_gt_df.o)
 .data          0x00817078        0x0 c:/altera/12.1sp1/nios2eds/bin/gnu/h-i686-mingw32/bin/../lib/gcc/nios2-elf/4.1.2/mno-hw-mul\libgcc.a(_ge_df.o)
 .data          0x00817078        0x0 c:/altera/12.1sp1/nios2eds/bin/gnu/h-i686-mingw32/bin/../lib/gcc/nios2-elf/4.1.2/mno-hw-mul\libgcc.a(_lt_df.o)
 .data          0x00817078        0x0 c:/altera/12.1sp1/nios2eds/bin/gnu/h-i686-mingw32/bin/../lib/gcc/nios2-elf/4.1.2/mno-hw-mul\libgcc.a(_si_to_df.o)
 .data          0x00817078        0x0 c:/altera/12.1sp1/nios2eds/bin/gnu/h-i686-mingw32/bin/../lib/gcc/nios2-elf/4.1.2/mno-hw-mul\libgcc.a(_df_to_si.o)
 .data          0x00817078        0x0 c:/altera/12.1sp1/nios2eds/bin/gnu/h-i686-mingw32/bin/../lib/gcc/nios2-elf/4.1.2/mno-hw-mul\libgcc.a(_thenan_df.o)
 .data          0x00817078        0x0 c:/altera/12.1sp1/nios2eds/bin/gnu/h-i686-mingw32/bin/../lib/gcc/nios2-elf/4.1.2/mno-hw-mul\libgcc.a(_usi_to_df.o)
 .data          0x00817078        0x0 c:/altera/12.1sp1/nios2eds/bin/gnu/h-i686-mingw32/bin/../lib/gcc/nios2-elf/4.1.2/mno-hw-mul\libgcc.a(lib2-divmod.o)
 .data          0x00817078        0x0 c:/altera/12.1sp1/nios2eds/bin/gnu/h-i686-mingw32/bin/../lib/gcc/nios2-elf/4.1.2/mno-hw-mul\libgcc.a(_muldi3.o)
 .data          0x00817078        0x0 c:/altera/12.1sp1/nios2eds/bin/gnu/h-i686-mingw32/bin/../lib/gcc/nios2-elf/4.1.2/mno-hw-mul\libgcc.a(_clz.o)
 .data          0x00817078        0x0 c:/altera/12.1sp1/nios2eds/bin/gnu/h-i686-mingw32/bin/../lib/gcc/nios2-elf/4.1.2/mno-hw-mul\libgcc.a(_clzsi2.o)
 .data          0x00817078        0x0 c:/altera/12.1sp1/nios2eds/bin/gnu/h-i686-mingw32/bin/../lib/gcc/nios2-elf/4.1.2/mno-hw-mul\libgcc.a(_pack_df.o)
 .data          0x00817078        0x0 c:/altera/12.1sp1/nios2eds/bin/gnu/h-i686-mingw32/bin/../lib/gcc/nios2-elf/4.1.2/mno-hw-mul\libgcc.a(_unpack_df.o)
 .data          0x00817078        0x0 c:/altera/12.1sp1/nios2eds/bin/gnu/h-i686-mingw32/bin/../lib/gcc/nios2-elf/4.1.2/mno-hw-mul\libgcc.a(_fpcmp_parts_df.o)
 .data          0x00817078        0x0 ../MIDIGenerator_bsp/\libucosii_bsp.a(alt_close.o)
 .data          0x00817078      0x1a8 ../MIDIGenerator_bsp/\libucosii_bsp.a(alt_dev.o)
                0x00817078                alt_dev_null
                0x008170a0                alt_fd_list
 .data          0x00817220        0x0 ../MIDIGenerator_bsp/\libucosii_bsp.a(alt_errno.o)
 .data          0x00817220        0x0 ../MIDIGenerator_bsp/\libucosii_bsp.a(alt_fstat.o)
 .data          0x00817220        0x0 ../MIDIGenerator_bsp/\libucosii_bsp.a(alt_isatty.o)
 .data          0x00817220        0x0 ../MIDIGenerator_bsp/\libucosii_bsp.a(alt_load.o)
 .data          0x00817220        0x0 ../MIDIGenerator_bsp/\libucosii_bsp.a(alt_lseek.o)
 .data          0x00817220        0x0 ../MIDIGenerator_bsp/\libucosii_bsp.a(alt_main.o)
 .data          0x00817220        0x0 ../MIDIGenerator_bsp/\libucosii_bsp.a(alt_printf.o)
 .data          0x00817220        0x0 ../MIDIGenerator_bsp/\libucosii_bsp.a(alt_putchar.o)
 .data          0x00817220        0x0 ../MIDIGenerator_bsp/\libucosii_bsp.a(alt_read.o)
 .data          0x00817220        0x0 ../MIDIGenerator_bsp/\libucosii_bsp.a(alt_release_fd.o)
 .data          0x00817220        0x0 ../MIDIGenerator_bsp/\libucosii_bsp.a(alt_sbrk.o)
 .data          0x00817220        0x0 ../MIDIGenerator_bsp/\libucosii_bsp.a(alt_write.o)
 .data          0x00817220        0x0 ../MIDIGenerator_bsp/\libucosii_bsp.a(alt_env_lock.o)
 .data          0x00817220        0x0 ../MIDIGenerator_bsp/\libucosii_bsp.a(alt_malloc_lock.o)
 .data          0x00817220        0x0 ../MIDIGenerator_bsp/\libucosii_bsp.a(os_core.o)
 .data          0x00817220        0x0 ../MIDIGenerator_bsp/\libucosii_bsp.a(os_dbg.o)
 .data          0x00817220        0x0 ../MIDIGenerator_bsp/\libucosii_bsp.a(os_flag.o)
 .data          0x00817220        0x0 ../MIDIGenerator_bsp/\libucosii_bsp.a(os_mem.o)
 .data          0x00817220        0x0 ../MIDIGenerator_bsp/\libucosii_bsp.a(os_q.o)
 .data          0x00817220        0x0 ../MIDIGenerator_bsp/\libucosii_bsp.a(os_sem.o)
 .data          0x00817220        0x0 ../MIDIGenerator_bsp/\libucosii_bsp.a(os_task.o)
 .data          0x00817220        0x0 ../MIDIGenerator_bsp/\libucosii_bsp.a(os_time.o)
 .data          0x00817220     0x1098 ../MIDIGenerator_bsp/\libucosii_bsp.a(alt_sys_init.o)
 .data          0x008182b8        0x0 ../MIDIGenerator_bsp/\libucosii_bsp.a(altera_avalon_jtag_uart_fd.o)
 .data          0x008182b8        0x0 ../MIDIGenerator_bsp/\libucosii_bsp.a(altera_avalon_jtag_uart_init.o)
 .data          0x008182b8        0x0 ../MIDIGenerator_bsp/\libucosii_bsp.a(altera_avalon_jtag_uart_ioctl.o)
 .data          0x008182b8        0x0 ../MIDIGenerator_bsp/\libucosii_bsp.a(altera_avalon_jtag_uart_read.o)
 .data          0x008182b8        0x0 ../MIDIGenerator_bsp/\libucosii_bsp.a(altera_avalon_jtag_uart_write.o)
 .data          0x008182b8        0x0 ../MIDIGenerator_bsp/\libucosii_bsp.a(altera_avalon_timer_sc.o)
 .data          0x008182b8        0x0 ../MIDIGenerator_bsp/\libucosii_bsp.a(altera_up_avalon_character_lcd.o)
 .data          0x008182b8        0x0 ../MIDIGenerator_bsp/\libucosii_bsp.a(alt_alarm_start.o)
 .data          0x008182b8        0x0 ../MIDIGenerator_bsp/\libucosii_bsp.a(alt_dcache_flush_all.o)
 .data          0x008182b8        0x0 ../MIDIGenerator_bsp/\libucosii_bsp.a(alt_dev_llist_insert.o)
 .data          0x008182b8        0x0 ../MIDIGenerator_bsp/\libucosii_bsp.a(alt_do_ctors.o)
 .data          0x008182b8        0x0 ../MIDIGenerator_bsp/\libucosii_bsp.a(alt_do_dtors.o)
 .data          0x008182b8        0x0 ../MIDIGenerator_bsp/\libucosii_bsp.a(alt_find_dev.o)
 .data          0x008182b8        0x0 ../MIDIGenerator_bsp/\libucosii_bsp.a(alt_icache_flush_all.o)
 .data          0x008182b8        0x0 ../MIDIGenerator_bsp/\libucosii_bsp.a(alt_iic.o)
 .data          0x008182b8        0x0 ../MIDIGenerator_bsp/\libucosii_bsp.a(alt_iic_isr_register.o)
 .data          0x008182b8        0x0 ../MIDIGenerator_bsp/\libucosii_bsp.a(alt_io_redirect.o)
 .data          0x008182b8        0x0 ../MIDIGenerator_bsp/\libucosii_bsp.a(alt_irq_entry.o)
 .data          0x008182b8        0x0 ../MIDIGenerator_bsp/\libucosii_bsp.a(alt_irq_handler.o)
 .data          0x008182b8        0x0 ../MIDIGenerator_bsp/\libucosii_bsp.a(alt_irq_vars.o)
 .data          0x008182b8        0x0 ../MIDIGenerator_bsp/\libucosii_bsp.a(alt_open.o)
 .data          0x008182b8        0x0 ../MIDIGenerator_bsp/\libucosii_bsp.a(alt_tick.o)
 .data          0x008182b8        0x0 ../MIDIGenerator_bsp/\libucosii_bsp.a(altera_nios2_qsys_irq.o)
 .data          0x008182b8        0x0 ../MIDIGenerator_bsp/\libucosii_bsp.a(os_cpu_a.o)
 .data          0x008182b8        0x0 ../MIDIGenerator_bsp/\libucosii_bsp.a(os_cpu_c.o)
 .data          0x008182b8        0x0 ../MIDIGenerator_bsp/\libucosii_bsp.a(alt_exception_entry.o)
 .data          0x008182b8        0x0 ../MIDIGenerator_bsp/\libucosii_bsp.a(alt_find_file.o)
 .data          0x008182b8        0x0 ../MIDIGenerator_bsp/\libucosii_bsp.a(alt_get_fd.o)
 .data          0x008182b8        0x0 c:/altera/12.1sp1/nios2eds/bin/gnu/h-i686-mingw32/bin/../lib/gcc/nios2-elf/4.1.2/../../../../nios2-elf/lib/mno-hw-mul\libc.a(lib_a-atexit.o)
 .data          0x008182b8        0x0 c:/altera/12.1sp1/nios2eds/bin/gnu/h-i686-mingw32/bin/../lib/gcc/nios2-elf/4.1.2/../../../../nios2-elf/lib/mno-hw-mul\libc.a(lib_a-exit.o)
 .data          0x008182b8        0x0 c:/altera/12.1sp1/nios2eds/bin/gnu/h-i686-mingw32/bin/../lib/gcc/nios2-elf/4.1.2/../../../../nios2-elf/lib/mno-hw-mul\libc.a(lib_a-memcmp.o)
 .data          0x008182b8        0x0 c:/altera/12.1sp1/nios2eds/bin/gnu/h-i686-mingw32/bin/../lib/gcc/nios2-elf/4.1.2/../../../../nios2-elf/lib/mno-hw-mul\libc.a(lib_a-putc.o)
 .data          0x008182b8        0x0 c:/altera/12.1sp1/nios2eds/bin/gnu/h-i686-mingw32/bin/../lib/gcc/nios2-elf/4.1.2/../../../../nios2-elf/lib/mno-hw-mul\libc.a(lib_a-wbuf.o)
 .data          0x008182b8        0x0 c:/altera/12.1sp1/nios2eds/bin/gnu/h-i686-mingw32/bin/../lib/gcc/nios2-elf/4.1.2/../../../../nios2-elf/lib/mno-hw-mul\libc.a(lib_a-__atexit.o)
 .data          0x008182b8        0x0 c:/altera/12.1sp1/nios2eds/bin/gnu/h-i686-mingw32/bin/../lib/gcc/nios2-elf/4.1.2/../../../../nios2-elf/lib/mno-hw-mul\libc.a(lib_a-__call_atexit.o)
 .data          0x008182b8        0x0 ../MIDIGenerator_bsp/\libucosii_bsp.a(alt_exit.o)
                0x008202b8                _gp = ABSOLUTE ((. + 0x8000))
                0x008202b8                PROVIDE (gp, _gp)
 *(.rwdata .rwdata.*)
 *(.sdata .sdata.* .gnu.linkonce.s.*)
 .sdata         0x008182b8        0x8 c:/altera/12.1sp1/nios2eds/bin/gnu/h-i686-mingw32/bin/../lib/gcc/nios2-elf/4.1.2/../../../../nios2-elf/lib/mno-hw-mul\libc.a(lib_a-impure.o)
                0x008182b8                _impure_ptr
                0x008182bc                _global_impure_ptr
 .sdata         0x008182c0        0x8 c:/altera/12.1sp1/nios2eds/bin/gnu/h-i686-mingw32/bin/../lib/gcc/nios2-elf/4.1.2/../../../../nios2-elf/lib/mno-hw-mul\libc.a(lib_a-locale.o)
                0x008182c0                __mb_cur_max
 .sdata         0x008182c8        0x8 c:/altera/12.1sp1/nios2eds/bin/gnu/h-i686-mingw32/bin/../lib/gcc/nios2-elf/4.1.2/../../../../nios2-elf/lib/mno-hw-mul\libc.a(lib_a-mallocr.o)
                0x008182c8                __malloc_trim_threshold
                0x008182cc                __malloc_sbrk_base
 .sdata         0x008182d0       0x14 ../MIDIGenerator_bsp/\libucosii_bsp.a(alt_dev.o)
                0x008182d0                alt_fs_list
                0x008182d8                alt_dev_list
                0x008182e0                alt_max_fd
 .sdata         0x008182e4        0x4 ../MIDIGenerator_bsp/\libucosii_bsp.a(alt_errno.o)
                0x008182e4                alt_errno
 .sdata         0x008182e8        0x4 ../MIDIGenerator_bsp/\libucosii_bsp.a(alt_sbrk.o)
 .sdata         0x008182ec        0x4 ../MIDIGenerator_bsp/\libucosii_bsp.a(alt_env_lock.o)
 .sdata         0x008182f0        0x4 ../MIDIGenerator_bsp/\libucosii_bsp.a(alt_malloc_lock.o)
 .sdata         0x008182f4       0x74 ../MIDIGenerator_bsp/\libucosii_bsp.a(os_dbg.o)
                0x008182f4                OSDebugEn
                0x008182f8                OSEndiannessTest
                0x008182fc                OSEventEn
                0x008182fe                OSEventMax
                0x00818300                OSEventNameSize
                0x00818302                OSEventSize
                0x00818304                OSEventTblSize
                0x00818306                OSEventMultiEn
                0x00818308                OSFlagEn
                0x0081830a                OSFlagGrpSize
                0x0081830c                OSFlagNodeSize
                0x0081830e                OSFlagWidth
                0x00818310                OSFlagMax
                0x00818312                OSFlagNameSize
                0x00818314                OSLowestPrio
                0x00818316                OSMboxEn
                0x00818318                OSMemEn
                0x0081831a                OSMemMax
                0x0081831c                OSMemNameSize
                0x0081831e                OSMemSize
                0x00818320                OSMemTblSize
                0x00818322                OSMutexEn
                0x00818324                OSPtrSize
                0x00818326                OSQEn
                0x00818328                OSQMax
                0x0081832a                OSQSize
                0x0081832c                OSRdyTblSize
                0x0081832e                OSSemEn
                0x00818330                OSStkWidth
                0x00818332                OSTaskCreateEn
                0x00818334                OSTaskCreateExtEn
                0x00818336                OSTaskDelEn
                0x00818338                OSTaskIdleStkSize
                0x0081833a                OSTaskProfileEn
                0x0081833c                OSTaskMax
                0x0081833e                OSTaskNameSize
                0x00818340                OSTaskStatEn
                0x00818342                OSTaskStatStkSize
                0x00818344                OSTaskStatStkChkEn
                0x00818346                OSTaskSwHookEn
                0x00818348                OSTCBPrioTblMax
                0x0081834a                OSTCBSize
                0x0081834c                OSTicksPerSec
                0x0081834e                OSTimeTickHookEn
                0x00818350                OSVersionNbr
                0x00818352                OSTmrEn
                0x00818354                OSTmrCfgMax
                0x00818356                OSTmrCfgNameSize
                0x00818358                OSTmrCfgWheelSize
                0x0081835a                OSTmrCfgTicksPerSec
                0x0081835c                OSTmrSize
                0x0081835e                OSTmrTblSize
                0x00818360                OSTmrWheelSize
                0x00818362                OSTmrWheelTblSize
                0x00818364                OSDataSize
 .sdata         0x00818368        0x4 ../MIDIGenerator_bsp/\libucosii_bsp.a(alt_irq_vars.o)
                0x00818368                alt_priority_mask
 .sdata         0x0081836c        0x8 ../MIDIGenerator_bsp/\libucosii_bsp.a(alt_tick.o)
                0x0081836c                alt_alarm_list
 *(.sdata2 .sdata2.* .gnu.linkonce.s2.*)
                0x00818374                . = ALIGN (0x4)
                0x00818374                _edata = ABSOLUTE (.)
                0x00818374                PROVIDE (edata, ABSOLUTE (.))
                0x00818374                PROVIDE (__ram_rwdata_end, ABSOLUTE (.))
                0x00818374                PROVIDE (__flash_rwdata_start, LOADADDR (.rwdata))

.bss            0x00819ed4     0x5580
                0x00819ed4                __bss_start = ABSOLUTE (.)
                0x00819ed4                PROVIDE (__sbss_start, ABSOLUTE (.))
                0x00819ed4                PROVIDE (___sbss_start, ABSOLUTE (.))
 *(.dynsbss)
 *(.sbss .sbss.* .gnu.linkonce.sb.*)
 .sbss          0x00819ed4        0xc c:/altera/12.1sp1/nios2eds/bin/gnu/h-i686-mingw32/bin/../lib/gcc/nios2-elf/4.1.2/../../../../nios2-elf/lib/mno-hw-mul\libc.a(lib_a-locale.o)
                0x00819ed4                __nlocale_changed
                0x00819ed8                __mlocale_changed
                0x00819edc                _PathLocale
 .sbss          0x00819ee0        0xc c:/altera/12.1sp1/nios2eds/bin/gnu/h-i686-mingw32/bin/../lib/gcc/nios2-elf/4.1.2/../../../../nios2-elf/lib/mno-hw-mul\libc.a(lib_a-mallocr.o)
                0x00819ee0                __malloc_top_pad
                0x00819ee4                __malloc_max_sbrked_mem
                0x00819ee8                __malloc_max_total_mem
 .sbss          0x00819eec        0x4 c:/altera/12.1sp1/nios2eds/bin/gnu/h-i686-mingw32/bin/../lib/gcc/nios2-elf/4.1.2/../../../../nios2-elf/lib/mno-hw-mul\libc.a(lib_a-int_errno.o)
                0x00819eec                errno
 .sbss          0x00819ef0        0x4 ../MIDIGenerator_bsp/\libucosii_bsp.a(alt_dev.o)
                0x00819ef0                alt_fd_list_lock
 .sbss          0x00819ef4        0xc ../MIDIGenerator_bsp/\libucosii_bsp.a(alt_main.o)
                0x00819ef4                alt_argc
                0x00819ef8                alt_argv
                0x00819efc                alt_envp
 .sbss          0x00819f00        0x8 ../MIDIGenerator_bsp/\libucosii_bsp.a(alt_env_lock.o)
                0x00819f04                alt_envsem
 .sbss          0x00819f08        0x8 ../MIDIGenerator_bsp/\libucosii_bsp.a(alt_malloc_lock.o)
                0x00819f0c                alt_heapsem
 .sbss          0x00819f10       0x50 ../MIDIGenerator_bsp/\libucosii_bsp.a(os_core.o)
                0x00819f10                OSLockNesting
                0x00819f11                OSRunning
                0x00819f14                OSIdleCtr
                0x00819f18                OSPrioHighRdy
                0x00819f19                OSPrioCur
                0x00819f1c                OSTCBList
                0x00819f20                OSTickStepState
                0x00819f24                OSCtxSwCtr
                0x00819f28                OSIdleCtrMax
                0x00819f2c                OSTCBFreeList
                0x00819f30                OSCPUUsage
                0x00819f31                OSTaskCtr
                0x00819f34                OSMemFreeList
                0x00819f38                OSTCBHighRdy
                0x00819f3c                OSQFreeList
                0x00819f40                OSRdyGrp
                0x00819f41                OSRdyTbl
                0x00819f44                OSEventFreeList
                0x00819f48                OSIntNesting
                0x00819f4c                OSTCBCur
                0x00819f50                OSTime
                0x00819f54                OSFlagFreeList
                0x00819f58                OSStatRdy
                0x00819f5c                OSIdleCtrRun
 .sbss          0x00819f60        0x4 ../MIDIGenerator_bsp/\libucosii_bsp.a(alt_irq_vars.o)
                0x00819f60                alt_irq_active
 .sbss          0x00819f64        0x8 ../MIDIGenerator_bsp/\libucosii_bsp.a(alt_tick.o)
                0x00819f64                _alt_tick_rate
                0x00819f68                _alt_nticks
 *(.sbss2 .sbss2.* .gnu.linkonce.sb2.*)
 *(.scommon)
                0x00819f6c                PROVIDE (__sbss_end, ABSOLUTE (.))
                0x00819f6c                PROVIDE (___sbss_end, ABSOLUTE (.))
 *(.dynbss)
 *(.bss .bss.* .gnu.linkonce.b.*)
 .bss           0x00819f6c        0x0 ../MIDIGenerator_bsp//obj/HAL/src/crt0.o
 .bss           0x00819f6c        0x9 obj/default/hello_ucosii.o
 .bss           0x00819f75        0x0 c:/altera/12.1sp1/nios2eds/bin/gnu/h-i686-mingw32/bin/../lib/gcc/nios2-elf/4.1.2/mno-hw-mul\libgcc.a(lib2-mul.o)
 .bss           0x00819f75        0x0 c:/altera/12.1sp1/nios2eds/bin/gnu/h-i686-mingw32/bin/../lib/gcc/nios2-elf/4.1.2/../../../../nios2-elf/lib/mno-hw-mul\libc.a(lib_a-printf.o)
 .bss           0x00819f75        0x0 c:/altera/12.1sp1/nios2eds/bin/gnu/h-i686-mingw32/bin/../lib/gcc/nios2-elf/4.1.2/../../../../nios2-elf/lib/mno-hw-mul\libc.a(lib_a-strcat.o)
 .bss           0x00819f75        0x0 c:/altera/12.1sp1/nios2eds/bin/gnu/h-i686-mingw32/bin/../lib/gcc/nios2-elf/4.1.2/../../../../nios2-elf/lib/mno-hw-mul\libc.a(lib_a-strcpy.o)
 .bss           0x00819f75        0x0 c:/altera/12.1sp1/nios2eds/bin/gnu/h-i686-mingw32/bin/../lib/gcc/nios2-elf/4.1.2/../../../../nios2-elf/lib/mno-hw-mul\libc.a(lib_a-vfprintf.o)
 .bss           0x00819f75        0x0 c:/altera/12.1sp1/nios2eds/bin/gnu/h-i686-mingw32/bin/../lib/gcc/nios2-elf/4.1.2/../../../../nios2-elf/lib/mno-hw-mul\libc.a(lib_a-wsetup.o)
 .bss           0x00819f75        0x0 c:/altera/12.1sp1/nios2eds/bin/gnu/h-i686-mingw32/bin/../lib/gcc/nios2-elf/4.1.2/../../../../nios2-elf/lib/mno-hw-mul\libc.a(lib_a-dtoa.o)
 .bss           0x00819f75        0x0 c:/altera/12.1sp1/nios2eds/bin/gnu/h-i686-mingw32/bin/../lib/gcc/nios2-elf/4.1.2/../../../../nios2-elf/lib/mno-hw-mul\libc.a(lib_a-fflush.o)
 .bss           0x00819f75        0x0 c:/altera/12.1sp1/nios2eds/bin/gnu/h-i686-mingw32/bin/../lib/gcc/nios2-elf/4.1.2/../../../../nios2-elf/lib/mno-hw-mul\libc.a(lib_a-findfp.o)
 .bss           0x00819f75        0x0 c:/altera/12.1sp1/nios2eds/bin/gnu/h-i686-mingw32/bin/../lib/gcc/nios2-elf/4.1.2/../../../../nios2-elf/lib/mno-hw-mul\libc.a(lib_a-freer.o)
 .bss           0x00819f75        0x0 c:/altera/12.1sp1/nios2eds/bin/gnu/h-i686-mingw32/bin/../lib/gcc/nios2-elf/4.1.2/../../../../nios2-elf/lib/mno-hw-mul\libc.a(lib_a-fvwrite.o)
 .bss           0x00819f75        0x0 c:/altera/12.1sp1/nios2eds/bin/gnu/h-i686-mingw32/bin/../lib/gcc/nios2-elf/4.1.2/../../../../nios2-elf/lib/mno-hw-mul\libc.a(lib_a-fwalk.o)
 .bss           0x00819f75        0x0 c:/altera/12.1sp1/nios2eds/bin/gnu/h-i686-mingw32/bin/../lib/gcc/nios2-elf/4.1.2/../../../../nios2-elf/lib/mno-hw-mul\libc.a(lib_a-impure.o)
 .bss           0x00819f75        0x0 c:/altera/12.1sp1/nios2eds/bin/gnu/h-i686-mingw32/bin/../lib/gcc/nios2-elf/4.1.2/../../../../nios2-elf/lib/mno-hw-mul\libc.a(lib_a-locale.o)
 .bss           0x00819f75        0x0 c:/altera/12.1sp1/nios2eds/bin/gnu/h-i686-mingw32/bin/../lib/gcc/nios2-elf/4.1.2/../../../../nios2-elf/lib/mno-hw-mul\libc.a(lib_a-makebuf.o)
 *fill*         0x00819f75        0x3 00
 .bss           0x00819f78       0x28 c:/altera/12.1sp1/nios2eds/bin/gnu/h-i686-mingw32/bin/../lib/gcc/nios2-elf/4.1.2/../../../../nios2-elf/lib/mno-hw-mul\libc.a(lib_a-mallocr.o)
                0x00819f78                __malloc_current_mallinfo
 .bss           0x00819fa0        0x0 c:/altera/12.1sp1/nios2eds/bin/gnu/h-i686-mingw32/bin/../lib/gcc/nios2-elf/4.1.2/../../../../nios2-elf/lib/mno-hw-mul\libc.a(lib_a-memchr.o)
 .bss           0x00819fa0        0x0 c:/altera/12.1sp1/nios2eds/bin/gnu/h-i686-mingw32/bin/../lib/gcc/nios2-elf/4.1.2/../../../../nios2-elf/lib/mno-hw-mul\libc.a(lib_a-memcpy.o)
 .bss           0x00819fa0        0x0 c:/altera/12.1sp1/nios2eds/bin/gnu/h-i686-mingw32/bin/../lib/gcc/nios2-elf/4.1.2/../../../../nios2-elf/lib/mno-hw-mul\libc.a(lib_a-memmove.o)
 .bss           0x00819fa0        0x0 c:/altera/12.1sp1/nios2eds/bin/gnu/h-i686-mingw32/bin/../lib/gcc/nios2-elf/4.1.2/../../../../nios2-elf/lib/mno-hw-mul\libc.a(lib_a-memset.o)
 .bss           0x00819fa0        0x0 c:/altera/12.1sp1/nios2eds/bin/gnu/h-i686-mingw32/bin/../lib/gcc/nios2-elf/4.1.2/../../../../nios2-elf/lib/mno-hw-mul\libc.a(lib_a-mprec.o)
 .bss           0x00819fa0        0x0 c:/altera/12.1sp1/nios2eds/bin/gnu/h-i686-mingw32/bin/../lib/gcc/nios2-elf/4.1.2/../../../../nios2-elf/lib/mno-hw-mul\libc.a(lib_a-reallocr.o)
 .bss           0x00819fa0        0x0 c:/altera/12.1sp1/nios2eds/bin/gnu/h-i686-mingw32/bin/../lib/gcc/nios2-elf/4.1.2/../../../../nios2-elf/lib/mno-hw-mul\libc.a(lib_a-s_isinfd.o)
 .bss           0x00819fa0        0x0 c:/altera/12.1sp1/nios2eds/bin/gnu/h-i686-mingw32/bin/../lib/gcc/nios2-elf/4.1.2/../../../../nios2-elf/lib/mno-hw-mul\libc.a(lib_a-s_isnand.o)
 .bss           0x00819fa0        0x0 c:/altera/12.1sp1/nios2eds/bin/gnu/h-i686-mingw32/bin/../lib/gcc/nios2-elf/4.1.2/../../../../nios2-elf/lib/mno-hw-mul\libc.a(lib_a-sbrkr.o)
 .bss           0x00819fa0        0x0 c:/altera/12.1sp1/nios2eds/bin/gnu/h-i686-mingw32/bin/../lib/gcc/nios2-elf/4.1.2/../../../../nios2-elf/lib/mno-hw-mul\libc.a(lib_a-stdio.o)
 .bss           0x00819fa0        0x0 c:/altera/12.1sp1/nios2eds/bin/gnu/h-i686-mingw32/bin/../lib/gcc/nios2-elf/4.1.2/../../../../nios2-elf/lib/mno-hw-mul\libc.a(lib_a-strcmp.o)
 .bss           0x00819fa0        0x0 c:/altera/12.1sp1/nios2eds/bin/gnu/h-i686-mingw32/bin/../lib/gcc/nios2-elf/4.1.2/../../../../nios2-elf/lib/mno-hw-mul\libc.a(lib_a-strlen.o)
 .bss           0x00819fa0        0x0 c:/altera/12.1sp1/nios2eds/bin/gnu/h-i686-mingw32/bin/../lib/gcc/nios2-elf/4.1.2/../../../../nios2-elf/lib/mno-hw-mul\libc.a(lib_a-writer.o)
 .bss           0x00819fa0        0x0 c:/altera/12.1sp1/nios2eds/bin/gnu/h-i686-mingw32/bin/../lib/gcc/nios2-elf/4.1.2/../../../../nios2-elf/lib/mno-hw-mul\libc.a(lib_a-callocr.o)
 .bss           0x00819fa0        0x0 c:/altera/12.1sp1/nios2eds/bin/gnu/h-i686-mingw32/bin/../lib/gcc/nios2-elf/4.1.2/../../../../nios2-elf/lib/mno-hw-mul\libc.a(lib_a-closer.o)
 .bss           0x00819fa0        0x0 c:/altera/12.1sp1/nios2eds/bin/gnu/h-i686-mingw32/bin/../lib/gcc/nios2-elf/4.1.2/../../../../nios2-elf/lib/mno-hw-mul\libc.a(lib_a-fclose.o)
 .bss           0x00819fa0        0x0 c:/altera/12.1sp1/nios2eds/bin/gnu/h-i686-mingw32/bin/../lib/gcc/nios2-elf/4.1.2/../../../../nios2-elf/lib/mno-hw-mul\libc.a(lib_a-fstatr.o)
 .bss           0x00819fa0        0x0 c:/altera/12.1sp1/nios2eds/bin/gnu/h-i686-mingw32/bin/../lib/gcc/nios2-elf/4.1.2/../../../../nios2-elf/lib/mno-hw-mul\libc.a(lib_a-int_errno.o)
 .bss           0x00819fa0        0x0 c:/altera/12.1sp1/nios2eds/bin/gnu/h-i686-mingw32/bin/../lib/gcc/nios2-elf/4.1.2/../../../../nios2-elf/lib/mno-hw-mul\libc.a(lib_a-isattyr.o)
 .bss           0x00819fa0        0x0 c:/altera/12.1sp1/nios2eds/bin/gnu/h-i686-mingw32/bin/../lib/gcc/nios2-elf/4.1.2/../../../../nios2-elf/lib/mno-hw-mul\libc.a(lib_a-lseekr.o)
 .bss           0x00819fa0        0x0 c:/altera/12.1sp1/nios2eds/bin/gnu/h-i686-mingw32/bin/../lib/gcc/nios2-elf/4.1.2/../../../../nios2-elf/lib/mno-hw-mul\libc.a(lib_a-readr.o)
 .bss           0x00819fa0        0x0 c:/altera/12.1sp1/nios2eds/bin/gnu/h-i686-mingw32/bin/../lib/gcc/nios2-elf/4.1.2/mno-hw-mul\libgcc.a(_udivdi3.o)
 .bss           0x00819fa0        0x0 c:/altera/12.1sp1/nios2eds/bin/gnu/h-i686-mingw32/bin/../lib/gcc/nios2-elf/4.1.2/mno-hw-mul\libgcc.a(_umoddi3.o)
 .bss           0x00819fa0        0x0 c:/altera/12.1sp1/nios2eds/bin/gnu/h-i686-mingw32/bin/../lib/gcc/nios2-elf/4.1.2/mno-hw-mul\libgcc.a(_addsub_df.o)
 .bss           0x00819fa0        0x0 c:/altera/12.1sp1/nios2eds/bin/gnu/h-i686-mingw32/bin/../lib/gcc/nios2-elf/4.1.2/mno-hw-mul\libgcc.a(_mul_df.o)
 .bss           0x00819fa0        0x0 c:/altera/12.1sp1/nios2eds/bin/gnu/h-i686-mingw32/bin/../lib/gcc/nios2-elf/4.1.2/mno-hw-mul\libgcc.a(_div_df.o)
 .bss           0x00819fa0        0x0 c:/altera/12.1sp1/nios2eds/bin/gnu/h-i686-mingw32/bin/../lib/gcc/nios2-elf/4.1.2/mno-hw-mul\libgcc.a(_eq_df.o)
 .bss           0x00819fa0        0x0 c:/altera/12.1sp1/nios2eds/bin/gnu/h-i686-mingw32/bin/../lib/gcc/nios2-elf/4.1.2/mno-hw-mul\libgcc.a(_ne_df.o)
 .bss           0x00819fa0        0x0 c:/altera/12.1sp1/nios2eds/bin/gnu/h-i686-mingw32/bin/../lib/gcc/nios2-elf/4.1.2/mno-hw-mul\libgcc.a(_gt_df.o)
 .bss           0x00819fa0        0x0 c:/altera/12.1sp1/nios2eds/bin/gnu/h-i686-mingw32/bin/../lib/gcc/nios2-elf/4.1.2/mno-hw-mul\libgcc.a(_ge_df.o)
 .bss           0x00819fa0        0x0 c:/altera/12.1sp1/nios2eds/bin/gnu/h-i686-mingw32/bin/../lib/gcc/nios2-elf/4.1.2/mno-hw-mul\libgcc.a(_lt_df.o)
 .bss           0x00819fa0        0x0 c:/altera/12.1sp1/nios2eds/bin/gnu/h-i686-mingw32/bin/../lib/gcc/nios2-elf/4.1.2/mno-hw-mul\libgcc.a(_si_to_df.o)
 .bss           0x00819fa0        0x0 c:/altera/12.1sp1/nios2eds/bin/gnu/h-i686-mingw32/bin/../lib/gcc/nios2-elf/4.1.2/mno-hw-mul\libgcc.a(_df_to_si.o)
 .bss           0x00819fa0        0x0 c:/altera/12.1sp1/nios2eds/bin/gnu/h-i686-mingw32/bin/../lib/gcc/nios2-elf/4.1.2/mno-hw-mul\libgcc.a(_thenan_df.o)
 .bss           0x00819fa0        0x0 c:/altera/12.1sp1/nios2eds/bin/gnu/h-i686-mingw32/bin/../lib/gcc/nios2-elf/4.1.2/mno-hw-mul\libgcc.a(_usi_to_df.o)
 .bss           0x00819fa0        0x0 c:/altera/12.1sp1/nios2eds/bin/gnu/h-i686-mingw32/bin/../lib/gcc/nios2-elf/4.1.2/mno-hw-mul\libgcc.a(lib2-divmod.o)
 .bss           0x00819fa0        0x0 c:/altera/12.1sp1/nios2eds/bin/gnu/h-i686-mingw32/bin/../lib/gcc/nios2-elf/4.1.2/mno-hw-mul\libgcc.a(_muldi3.o)
 .bss           0x00819fa0        0x0 c:/altera/12.1sp1/nios2eds/bin/gnu/h-i686-mingw32/bin/../lib/gcc/nios2-elf/4.1.2/mno-hw-mul\libgcc.a(_clz.o)
 .bss           0x00819fa0        0x0 c:/altera/12.1sp1/nios2eds/bin/gnu/h-i686-mingw32/bin/../lib/gcc/nios2-elf/4.1.2/mno-hw-mul\libgcc.a(_clzsi2.o)
 .bss           0x00819fa0        0x0 c:/altera/12.1sp1/nios2eds/bin/gnu/h-i686-mingw32/bin/../lib/gcc/nios2-elf/4.1.2/mno-hw-mul\libgcc.a(_pack_df.o)
 .bss           0x00819fa0        0x0 c:/altera/12.1sp1/nios2eds/bin/gnu/h-i686-mingw32/bin/../lib/gcc/nios2-elf/4.1.2/mno-hw-mul\libgcc.a(_unpack_df.o)
 .bss           0x00819fa0        0x0 c:/altera/12.1sp1/nios2eds/bin/gnu/h-i686-mingw32/bin/../lib/gcc/nios2-elf/4.1.2/mno-hw-mul\libgcc.a(_fpcmp_parts_df.o)
 .bss           0x00819fa0        0x0 ../MIDIGenerator_bsp/\libucosii_bsp.a(alt_close.o)
 .bss           0x00819fa0        0x0 ../MIDIGenerator_bsp/\libucosii_bsp.a(alt_dev.o)
 .bss           0x00819fa0        0x0 ../MIDIGenerator_bsp/\libucosii_bsp.a(alt_errno.o)
 .bss           0x00819fa0        0x0 ../MIDIGenerator_bsp/\libucosii_bsp.a(alt_fstat.o)
 .bss           0x00819fa0        0x0 ../MIDIGenerator_bsp/\libucosii_bsp.a(alt_isatty.o)
 .bss           0x00819fa0        0x0 ../MIDIGenerator_bsp/\libucosii_bsp.a(alt_load.o)
 .bss           0x00819fa0        0x0 ../MIDIGenerator_bsp/\libucosii_bsp.a(alt_lseek.o)
 .bss           0x00819fa0        0x0 ../MIDIGenerator_bsp/\libucosii_bsp.a(alt_main.o)
 .bss           0x00819fa0        0x0 ../MIDIGenerator_bsp/\libucosii_bsp.a(alt_printf.o)
 .bss           0x00819fa0        0x0 ../MIDIGenerator_bsp/\libucosii_bsp.a(alt_putchar.o)
 .bss           0x00819fa0        0x0 ../MIDIGenerator_bsp/\libucosii_bsp.a(alt_read.o)
 .bss           0x00819fa0        0x0 ../MIDIGenerator_bsp/\libucosii_bsp.a(alt_release_fd.o)
 .bss           0x00819fa0        0x0 ../MIDIGenerator_bsp/\libucosii_bsp.a(alt_sbrk.o)
 .bss           0x00819fa0        0x0 ../MIDIGenerator_bsp/\libucosii_bsp.a(alt_write.o)
 .bss           0x00819fa0        0x0 ../MIDIGenerator_bsp/\libucosii_bsp.a(alt_env_lock.o)
 .bss           0x00819fa0        0x0 ../MIDIGenerator_bsp/\libucosii_bsp.a(alt_malloc_lock.o)
 .bss           0x00819fa0        0x0 ../MIDIGenerator_bsp/\libucosii_bsp.a(os_core.o)
 .bss           0x00819fa0        0x0 ../MIDIGenerator_bsp/\libucosii_bsp.a(os_dbg.o)
 .bss           0x00819fa0        0x0 ../MIDIGenerator_bsp/\libucosii_bsp.a(os_flag.o)
 .bss           0x00819fa0        0x0 ../MIDIGenerator_bsp/\libucosii_bsp.a(os_mem.o)
 .bss           0x00819fa0        0x0 ../MIDIGenerator_bsp/\libucosii_bsp.a(os_q.o)
 .bss           0x00819fa0        0x0 ../MIDIGenerator_bsp/\libucosii_bsp.a(os_sem.o)
 .bss           0x00819fa0        0x0 ../MIDIGenerator_bsp/\libucosii_bsp.a(os_task.o)
 .bss           0x00819fa0        0x0 ../MIDIGenerator_bsp/\libucosii_bsp.a(os_time.o)
 .bss           0x00819fa0        0x0 ../MIDIGenerator_bsp/\libucosii_bsp.a(alt_sys_init.o)
 .bss           0x00819fa0        0x0 ../MIDIGenerator_bsp/\libucosii_bsp.a(altera_avalon_jtag_uart_fd.o)
 .bss           0x00819fa0        0x0 ../MIDIGenerator_bsp/\libucosii_bsp.a(altera_avalon_jtag_uart_init.o)
 .bss           0x00819fa0        0x0 ../MIDIGenerator_bsp/\libucosii_bsp.a(altera_avalon_jtag_uart_ioctl.o)
 .bss           0x00819fa0        0x0 ../MIDIGenerator_bsp/\libucosii_bsp.a(altera_avalon_jtag_uart_read.o)
 .bss           0x00819fa0        0x0 ../MIDIGenerator_bsp/\libucosii_bsp.a(altera_avalon_jtag_uart_write.o)
 .bss           0x00819fa0        0x0 ../MIDIGenerator_bsp/\libucosii_bsp.a(altera_avalon_timer_sc.o)
 .bss           0x00819fa0        0x0 ../MIDIGenerator_bsp/\libucosii_bsp.a(altera_up_avalon_character_lcd.o)
 .bss           0x00819fa0        0x0 ../MIDIGenerator_bsp/\libucosii_bsp.a(alt_alarm_start.o)
 .bss           0x00819fa0        0x0 ../MIDIGenerator_bsp/\libucosii_bsp.a(alt_dcache_flush_all.o)
 .bss           0x00819fa0        0x0 ../MIDIGenerator_bsp/\libucosii_bsp.a(alt_dev_llist_insert.o)
 .bss           0x00819fa0        0x0 ../MIDIGenerator_bsp/\libucosii_bsp.a(alt_do_ctors.o)
 .bss           0x00819fa0        0x0 ../MIDIGenerator_bsp/\libucosii_bsp.a(alt_do_dtors.o)
 .bss           0x00819fa0        0x0 ../MIDIGenerator_bsp/\libucosii_bsp.a(alt_find_dev.o)
 .bss           0x00819fa0        0x0 ../MIDIGenerator_bsp/\libucosii_bsp.a(alt_icache_flush_all.o)
 .bss           0x00819fa0        0x0 ../MIDIGenerator_bsp/\libucosii_bsp.a(alt_iic.o)
 .bss           0x00819fa0        0x0 ../MIDIGenerator_bsp/\libucosii_bsp.a(alt_iic_isr_register.o)
 .bss           0x00819fa0        0x0 ../MIDIGenerator_bsp/\libucosii_bsp.a(alt_io_redirect.o)
 .bss           0x00819fa0        0x0 ../MIDIGenerator_bsp/\libucosii_bsp.a(alt_irq_entry.o)
 .bss           0x00819fa0        0x0 ../MIDIGenerator_bsp/\libucosii_bsp.a(alt_irq_handler.o)
 .bss           0x00819fa0        0x0 ../MIDIGenerator_bsp/\libucosii_bsp.a(alt_irq_vars.o)
 .bss           0x00819fa0        0x0 ../MIDIGenerator_bsp/\libucosii_bsp.a(alt_open.o)
 .bss           0x00819fa0        0x0 ../MIDIGenerator_bsp/\libucosii_bsp.a(alt_tick.o)
 .bss           0x00819fa0        0x0 ../MIDIGenerator_bsp/\libucosii_bsp.a(altera_nios2_qsys_irq.o)
 .bss           0x00819fa0        0x0 ../MIDIGenerator_bsp/\libucosii_bsp.a(os_cpu_a.o)
 .bss           0x00819fa0        0x0 ../MIDIGenerator_bsp/\libucosii_bsp.a(os_cpu_c.o)
 .bss           0x00819fa0        0x0 ../MIDIGenerator_bsp/\libucosii_bsp.a(alt_exception_entry.o)
 .bss           0x00819fa0        0x0 ../MIDIGenerator_bsp/\libucosii_bsp.a(alt_find_file.o)
 .bss           0x00819fa0        0x0 ../MIDIGenerator_bsp/\libucosii_bsp.a(alt_get_fd.o)
 .bss           0x00819fa0        0x0 c:/altera/12.1sp1/nios2eds/bin/gnu/h-i686-mingw32/bin/../lib/gcc/nios2-elf/4.1.2/../../../../nios2-elf/lib/mno-hw-mul\libc.a(lib_a-atexit.o)
 .bss           0x00819fa0        0x0 c:/altera/12.1sp1/nios2eds/bin/gnu/h-i686-mingw32/bin/../lib/gcc/nios2-elf/4.1.2/../../../../nios2-elf/lib/mno-hw-mul\libc.a(lib_a-exit.o)
 .bss           0x00819fa0        0x0 c:/altera/12.1sp1/nios2eds/bin/gnu/h-i686-mingw32/bin/../lib/gcc/nios2-elf/4.1.2/../../../../nios2-elf/lib/mno-hw-mul\libc.a(lib_a-memcmp.o)
 .bss           0x00819fa0        0x0 c:/altera/12.1sp1/nios2eds/bin/gnu/h-i686-mingw32/bin/../lib/gcc/nios2-elf/4.1.2/../../../../nios2-elf/lib/mno-hw-mul\libc.a(lib_a-putc.o)
 .bss           0x00819fa0        0x0 c:/altera/12.1sp1/nios2eds/bin/gnu/h-i686-mingw32/bin/../lib/gcc/nios2-elf/4.1.2/../../../../nios2-elf/lib/mno-hw-mul\libc.a(lib_a-wbuf.o)
 .bss           0x00819fa0        0x0 c:/altera/12.1sp1/nios2eds/bin/gnu/h-i686-mingw32/bin/../lib/gcc/nios2-elf/4.1.2/../../../../nios2-elf/lib/mno-hw-mul\libc.a(lib_a-__atexit.o)
 .bss           0x00819fa0        0x0 c:/altera/12.1sp1/nios2eds/bin/gnu/h-i686-mingw32/bin/../lib/gcc/nios2-elf/4.1.2/../../../../nios2-elf/lib/mno-hw-mul\libc.a(lib_a-__call_atexit.o)
 .bss           0x00819fa0        0x0 ../MIDIGenerator_bsp/\libucosii_bsp.a(alt_exit.o)
 *(COMMON)
 COMMON         0x00819fa0     0x2000 obj/default/hello_ucosii.o
                0x00819fa0                task1_stk
 COMMON         0x0081bfa0     0x3224 ../MIDIGenerator_bsp/\libucosii_bsp.a(os_core.o)
                0x0081bfa0                OSFlagTbl
                0x0081c310                OSMemTbl
                0x0081cf40                OSTaskStatStk
                0x0081d740                OSQTbl
                0x0081d920                OSTaskIdleStk
                0x0081e120                OSEventTbl
                0x0081ec60                OSTCBTbl
                0x0081f170                OSTCBPrioTbl
 COMMON         0x0081f1c4      0x100 ../MIDIGenerator_bsp/\libucosii_bsp.a(alt_irq_handler.o)
                0x0081f1c4                alt_irq
 COMMON         0x0081f2c4      0x190 c:/altera/12.1sp1/nios2eds/bin/gnu/h-i686-mingw32/bin/../lib/gcc/nios2-elf/4.1.2/../../../../nios2-elf/lib/mno-hw-mul\libc.a(lib_a-atexit.o)
                0x0081f2c4                _atexit0
                0x0081f454                . = ALIGN (0x4)
                0x0081f454                __bss_end = ABSOLUTE (.)

.sdram_0        0x0081f454        0x0
                0x0081f454                PROVIDE (_alt_partition_sdram_0_start, ABSOLUTE (.))
 *(.sdram_0. sdram_0.*)
                0x0081f454                . = ALIGN (0x4)
                0x0081f454                PROVIDE (_alt_partition_sdram_0_end, ABSOLUTE (.))
                0x0081f454                _end = ABSOLUTE (.)
                0x0081f454                end = ABSOLUTE (.)
                0x0081f454                __alt_stack_base = ABSOLUTE (.)
                0x0081f454                PROVIDE (_alt_partition_sdram_0_load_addr, LOADADDR (.sdram_0))

.sram_0         0x01080000        0x0 load address 0x0081f454
                0x01080000                PROVIDE (_alt_partition_sram_0_start, ABSOLUTE (.))
 *(.sram_0. sram_0.*)
                0x01080000                . = ALIGN (0x4)
                0x01080000                PROVIDE (_alt_partition_sram_0_end, ABSOLUTE (.))
                0x0081f454                PROVIDE (_alt_partition_sram_0_load_addr, LOADADDR (.sram_0))

.onchip_memory2_0
                0x011041bc        0x0 load address 0x0081f454
                0x011041bc                PROVIDE (_alt_partition_onchip_memory2_0_start, ABSOLUTE (.))
 *(.onchip_memory2_0. onchip_memory2_0.*)
                0x011041bc                . = ALIGN (0x4)
                0x011041bc                PROVIDE (_alt_partition_onchip_memory2_0_end, ABSOLUTE (.))
                0x0081f454                PROVIDE (_alt_partition_onchip_memory2_0_load_addr, LOADADDR (.onchip_memory2_0))

.stab
 *(.stab)

.stabstr
 *(.stabstr)

.stab.excl
 *(.stab.excl)

.stab.exclstr
 *(.stab.exclstr)

.stab.index
 *(.stab.index)

.stab.indexstr
 *(.stab.indexstr)

.comment        0x00000000       0x26
 *(.comment)
 .comment       0x00000000       0x26 obj/default/hello_ucosii.o
                                 0x27 (size before relaxing)
 .comment       0x00000000       0x27 c:/altera/12.1sp1/nios2eds/bin/gnu/h-i686-mingw32/bin/../lib/gcc/nios2-elf/4.1.2/mno-hw-mul\libgcc.a(lib2-mul.o)
 .comment       0x00000000       0x27 c:/altera/12.1sp1/nios2eds/bin/gnu/h-i686-mingw32/bin/../lib/gcc/nios2-elf/4.1.2/../../../../nios2-elf/lib/mno-hw-mul\libc.a(lib_a-printf.o)
 .comment       0x00000000       0x27 c:/altera/12.1sp1/nios2eds/bin/gnu/h-i686-mingw32/bin/../lib/gcc/nios2-elf/4.1.2/../../../../nios2-elf/lib/mno-hw-mul\libc.a(lib_a-strcat.o)
 .comment       0x00000000       0x27 c:/altera/12.1sp1/nios2eds/bin/gnu/h-i686-mingw32/bin/../lib/gcc/nios2-elf/4.1.2/../../../../nios2-elf/lib/mno-hw-mul\libc.a(lib_a-strcpy.o)
 .comment       0x00000000       0x27 c:/altera/12.1sp1/nios2eds/bin/gnu/h-i686-mingw32/bin/../lib/gcc/nios2-elf/4.1.2/../../../../nios2-elf/lib/mno-hw-mul\libc.a(lib_a-vfprintf.o)
 .comment       0x00000000       0x27 c:/altera/12.1sp1/nios2eds/bin/gnu/h-i686-mingw32/bin/../lib/gcc/nios2-elf/4.1.2/../../../../nios2-elf/lib/mno-hw-mul\libc.a(lib_a-wsetup.o)
 .comment       0x00000000       0x27 c:/altera/12.1sp1/nios2eds/bin/gnu/h-i686-mingw32/bin/../lib/gcc/nios2-elf/4.1.2/../../../../nios2-elf/lib/mno-hw-mul\libc.a(lib_a-dtoa.o)
 .comment       0x00000000       0x27 c:/altera/12.1sp1/nios2eds/bin/gnu/h-i686-mingw32/bin/../lib/gcc/nios2-elf/4.1.2/../../../../nios2-elf/lib/mno-hw-mul\libc.a(lib_a-fflush.o)
 .comment       0x00000000       0x27 c:/altera/12.1sp1/nios2eds/bin/gnu/h-i686-mingw32/bin/../lib/gcc/nios2-elf/4.1.2/../../../../nios2-elf/lib/mno-hw-mul\libc.a(lib_a-findfp.o)
 .comment       0x00000000       0x27 c:/altera/12.1sp1/nios2eds/bin/gnu/h-i686-mingw32/bin/../lib/gcc/nios2-elf/4.1.2/../../../../nios2-elf/lib/mno-hw-mul\libc.a(lib_a-freer.o)
 .comment       0x00000000       0x27 c:/altera/12.1sp1/nios2eds/bin/gnu/h-i686-mingw32/bin/../lib/gcc/nios2-elf/4.1.2/../../../../nios2-elf/lib/mno-hw-mul\libc.a(lib_a-fvwrite.o)
 .comment       0x00000000       0x27 c:/altera/12.1sp1/nios2eds/bin/gnu/h-i686-mingw32/bin/../lib/gcc/nios2-elf/4.1.2/../../../../nios2-elf/lib/mno-hw-mul\libc.a(lib_a-fwalk.o)
 .comment       0x00000000       0x27 c:/altera/12.1sp1/nios2eds/bin/gnu/h-i686-mingw32/bin/../lib/gcc/nios2-elf/4.1.2/../../../../nios2-elf/lib/mno-hw-mul\libc.a(lib_a-impure.o)
 .comment       0x00000000       0x27 c:/altera/12.1sp1/nios2eds/bin/gnu/h-i686-mingw32/bin/../lib/gcc/nios2-elf/4.1.2/../../../../nios2-elf/lib/mno-hw-mul\libc.a(lib_a-locale.o)
 .comment       0x00000000       0x27 c:/altera/12.1sp1/nios2eds/bin/gnu/h-i686-mingw32/bin/../lib/gcc/nios2-elf/4.1.2/../../../../nios2-elf/lib/mno-hw-mul\libc.a(lib_a-makebuf.o)
 .comment       0x00000000       0x27 c:/altera/12.1sp1/nios2eds/bin/gnu/h-i686-mingw32/bin/../lib/gcc/nios2-elf/4.1.2/../../../../nios2-elf/lib/mno-hw-mul\libc.a(lib_a-mallocr.o)
 .comment       0x00000000       0x27 c:/altera/12.1sp1/nios2eds/bin/gnu/h-i686-mingw32/bin/../lib/gcc/nios2-elf/4.1.2/../../../../nios2-elf/lib/mno-hw-mul\libc.a(lib_a-memchr.o)
 .comment       0x00000000       0x27 c:/altera/12.1sp1/nios2eds/bin/gnu/h-i686-mingw32/bin/../lib/gcc/nios2-elf/4.1.2/../../../../nios2-elf/lib/mno-hw-mul\libc.a(lib_a-memcpy.o)
 .comment       0x00000000       0x27 c:/altera/12.1sp1/nios2eds/bin/gnu/h-i686-mingw32/bin/../lib/gcc/nios2-elf/4.1.2/../../../../nios2-elf/lib/mno-hw-mul\libc.a(lib_a-memmove.o)
 .comment       0x00000000       0x27 c:/altera/12.1sp1/nios2eds/bin/gnu/h-i686-mingw32/bin/../lib/gcc/nios2-elf/4.1.2/../../../../nios2-elf/lib/mno-hw-mul\libc.a(lib_a-memset.o)
 .comment       0x00000000       0x27 c:/altera/12.1sp1/nios2eds/bin/gnu/h-i686-mingw32/bin/../lib/gcc/nios2-elf/4.1.2/../../../../nios2-elf/lib/mno-hw-mul\libc.a(lib_a-mprec.o)
 .comment       0x00000000       0x27 c:/altera/12.1sp1/nios2eds/bin/gnu/h-i686-mingw32/bin/../lib/gcc/nios2-elf/4.1.2/../../../../nios2-elf/lib/mno-hw-mul\libc.a(lib_a-reallocr.o)
 .comment       0x00000000       0x27 c:/altera/12.1sp1/nios2eds/bin/gnu/h-i686-mingw32/bin/../lib/gcc/nios2-elf/4.1.2/../../../../nios2-elf/lib/mno-hw-mul\libc.a(lib_a-s_isinfd.o)
 .comment       0x00000000       0x27 c:/altera/12.1sp1/nios2eds/bin/gnu/h-i686-mingw32/bin/../lib/gcc/nios2-elf/4.1.2/../../../../nios2-elf/lib/mno-hw-mul\libc.a(lib_a-s_isnand.o)
 .comment       0x00000000       0x27 c:/altera/12.1sp1/nios2eds/bin/gnu/h-i686-mingw32/bin/../lib/gcc/nios2-elf/4.1.2/../../../../nios2-elf/lib/mno-hw-mul\libc.a(lib_a-sbrkr.o)
 .comment       0x00000000       0x27 c:/altera/12.1sp1/nios2eds/bin/gnu/h-i686-mingw32/bin/../lib/gcc/nios2-elf/4.1.2/../../../../nios2-elf/lib/mno-hw-mul\libc.a(lib_a-stdio.o)
 .comment       0x00000000       0x27 c:/altera/12.1sp1/nios2eds/bin/gnu/h-i686-mingw32/bin/../lib/gcc/nios2-elf/4.1.2/../../../../nios2-elf/lib/mno-hw-mul\libc.a(lib_a-strcmp.o)
 .comment       0x00000000       0x27 c:/altera/12.1sp1/nios2eds/bin/gnu/h-i686-mingw32/bin/../lib/gcc/nios2-elf/4.1.2/../../../../nios2-elf/lib/mno-hw-mul\libc.a(lib_a-strlen.o)
 .comment       0x00000000       0x27 c:/altera/12.1sp1/nios2eds/bin/gnu/h-i686-mingw32/bin/../lib/gcc/nios2-elf/4.1.2/../../../../nios2-elf/lib/mno-hw-mul\libc.a(lib_a-writer.o)
 .comment       0x00000000       0x27 c:/altera/12.1sp1/nios2eds/bin/gnu/h-i686-mingw32/bin/../lib/gcc/nios2-elf/4.1.2/../../../../nios2-elf/lib/mno-hw-mul\libc.a(lib_a-callocr.o)
 .comment       0x00000000       0x27 c:/altera/12.1sp1/nios2eds/bin/gnu/h-i686-mingw32/bin/../lib/gcc/nios2-elf/4.1.2/../../../../nios2-elf/lib/mno-hw-mul\libc.a(lib_a-closer.o)
 .comment       0x00000000       0x27 c:/altera/12.1sp1/nios2eds/bin/gnu/h-i686-mingw32/bin/../lib/gcc/nios2-elf/4.1.2/../../../../nios2-elf/lib/mno-hw-mul\libc.a(lib_a-fclose.o)
 .comment       0x00000000       0x27 c:/altera/12.1sp1/nios2eds/bin/gnu/h-i686-mingw32/bin/../lib/gcc/nios2-elf/4.1.2/../../../../nios2-elf/lib/mno-hw-mul\libc.a(lib_a-fstatr.o)
 .comment       0x00000000       0x27 c:/altera/12.1sp1/nios2eds/bin/gnu/h-i686-mingw32/bin/../lib/gcc/nios2-elf/4.1.2/../../../../nios2-elf/lib/mno-hw-mul\libc.a(lib_a-int_errno.o)
 .comment       0x00000000       0x27 c:/altera/12.1sp1/nios2eds/bin/gnu/h-i686-mingw32/bin/../lib/gcc/nios2-elf/4.1.2/../../../../nios2-elf/lib/mno-hw-mul\libc.a(lib_a-isattyr.o)
 .comment       0x00000000       0x27 c:/altera/12.1sp1/nios2eds/bin/gnu/h-i686-mingw32/bin/../lib/gcc/nios2-elf/4.1.2/../../../../nios2-elf/lib/mno-hw-mul\libc.a(lib_a-lseekr.o)
 .comment       0x00000000       0x27 c:/altera/12.1sp1/nios2eds/bin/gnu/h-i686-mingw32/bin/../lib/gcc/nios2-elf/4.1.2/../../../../nios2-elf/lib/mno-hw-mul\libc.a(lib_a-readr.o)
 .comment       0x00000000       0x27 c:/altera/12.1sp1/nios2eds/bin/gnu/h-i686-mingw32/bin/../lib/gcc/nios2-elf/4.1.2/mno-hw-mul\libgcc.a(_udivdi3.o)
 .comment       0x00000000       0x27 c:/altera/12.1sp1/nios2eds/bin/gnu/h-i686-mingw32/bin/../lib/gcc/nios2-elf/4.1.2/mno-hw-mul\libgcc.a(_umoddi3.o)
 .comment       0x00000000       0x27 c:/altera/12.1sp1/nios2eds/bin/gnu/h-i686-mingw32/bin/../lib/gcc/nios2-elf/4.1.2/mno-hw-mul\libgcc.a(_addsub_df.o)
 .comment       0x00000000       0x27 c:/altera/12.1sp1/nios2eds/bin/gnu/h-i686-mingw32/bin/../lib/gcc/nios2-elf/4.1.2/mno-hw-mul\libgcc.a(_mul_df.o)
 .comment       0x00000000       0x27 c:/altera/12.1sp1/nios2eds/bin/gnu/h-i686-mingw32/bin/../lib/gcc/nios2-elf/4.1.2/mno-hw-mul\libgcc.a(_div_df.o)
 .comment       0x00000000       0x27 c:/altera/12.1sp1/nios2eds/bin/gnu/h-i686-mingw32/bin/../lib/gcc/nios2-elf/4.1.2/mno-hw-mul\libgcc.a(_eq_df.o)
 .comment       0x00000000       0x27 c:/altera/12.1sp1/nios2eds/bin/gnu/h-i686-mingw32/bin/../lib/gcc/nios2-elf/4.1.2/mno-hw-mul\libgcc.a(_ne_df.o)
 .comment       0x00000000       0x27 c:/altera/12.1sp1/nios2eds/bin/gnu/h-i686-mingw32/bin/../lib/gcc/nios2-elf/4.1.2/mno-hw-mul\libgcc.a(_gt_df.o)