Archive member included because of file (symbol)

c:/altera/12.1sp1/nios2eds/bin/gnu/h-i686-mingw32/bin/../lib/gcc/nios2-elf/4.1.2/mno-hw-mul\libgcc.a(lib2-mul.o)
                              obj/default/hello_ucosii.o (__mulsi3)
c:/altera/12.1sp1/nios2eds/bin/gnu/h-i686-mingw32/bin/../lib/gcc/nios2-elf/4.1.2/../../../../nios2-elf/lib/mno-hw-mul\libc.a(lib_a-printf.o)
                              obj/default/hello_ucosii.o (printf)
c:/altera/12.1sp1/nios2eds/bin/gnu/h-i686-mingw32/bin/../lib/gcc/nios2-elf/4.1.2/../../../../nios2-elf/lib/mno-hw-mul\libc.a(lib_a-strcat.o)
                              obj/default/hello_ucosii.o (strcat)
c:/altera/12.1sp1/nios2eds/bin/gnu/h-i686-mingw32/bin/../lib/gcc/nios2-elf/4.1.2/../../../../nios2-elf/lib/mno-hw-mul\libc.a(lib_a-strcpy.o)
                              c:/altera/12.1sp1/nios2eds/bin/gnu/h-i686-mingw32/bin/../lib/gcc/nios2-elf/4.1.2/../../../../nios2-elf/lib/mno-hw-mul\libc.a(lib_a-strcat.o) (strcpy)
c:/altera/12.1sp1/nios2eds/bin/gnu/h-i686-mingw32/bin/../lib/gcc/nios2-elf/4.1.2/../../../../nios2-elf/lib/mno-hw-mul\libc.a(lib_a-vfprintf.o)
                              c:/altera/12.1sp1/nios2eds/bin/gnu/h-i686-mingw32/bin/../lib/gcc/nios2-elf/4.1.2/../../../../nios2-elf/lib/mno-hw-mul\libc.a(lib_a-printf.o) (___vfprintf_internal_r)
c:/altera/12.1sp1/nios2eds/bin/gnu/h-i686-mingw32/bin/../lib/gcc/nios2-elf/4.1.2/../../../../nios2-elf/lib/mno-hw-mul\libc.a(lib_a-wsetup.o)
                              c:/altera/12.1sp1/nios2eds/bin/gnu/h-i686-mingw32/bin/../lib/gcc/nios2-elf/4.1.2/../../../../nios2-elf/lib/mno-hw-mul\libc.a(lib_a-vfprintf.o) (__swsetup_r)
c:/altera/12.1sp1/nios2eds/bin/gnu/h-i686-mingw32/bin/../lib/gcc/nios2-elf/4.1.2/../../../../nios2-elf/lib/mno-hw-mul\libc.a(lib_a-dtoa.o)
                              c:/altera/12.1sp1/nios2eds/bin/gnu/h-i686-mingw32/bin/../lib/gcc/nios2-elf/4.1.2/../../../../nios2-elf/lib/mno-hw-mul\libc.a(lib_a-vfprintf.o) (_dtoa_r)
c:/altera/12.1sp1/nios2eds/bin/gnu/h-i686-mingw32/bin/../lib/gcc/nios2-elf/4.1.2/../../../../nios2-elf/lib/mno-hw-mul\libc.a(lib_a-fflush.o)
                              c:/altera/12.1sp1/nios2eds/bin/gnu/h-i686-mingw32/bin/../lib/gcc/nios2-elf/4.1.2/../../../../nios2-elf/lib/mno-hw-mul\libc.a(lib_a-vfprintf.o) (_fflush_r)
c:/altera/12.1sp1/nios2eds/bin/gnu/h-i686-mingw32/bin/../lib/gcc/nios2-elf/4.1.2/../../../../nios2-elf/lib/mno-hw-mul\libc.a(lib_a-findfp.o)
                              c:/altera/12.1sp1/nios2eds/bin/gnu/h-i686-mingw32/bin/../lib/gcc/nios2-elf/4.1.2/../../../../nios2-elf/lib/mno-hw-mul\libc.a(lib_a-vfprintf.o) (__sinit)
c:/altera/12.1sp1/nios2eds/bin/gnu/h-i686-mingw32/bin/../lib/gcc/nios2-elf/4.1.2/../../../../nios2-elf/lib/mno-hw-mul\libc.a(lib_a-freer.o)
                              c:/altera/12.1sp1/nios2eds/bin/gnu/h-i686-mingw32/bin/../lib/gcc/nios2-elf/4.1.2/../../../../nios2-elf/lib/mno-hw-mul\libc.a(lib_a-wsetup.o) (_free_r)
c:/altera/12.1sp1/nios2eds/bin/gnu/h-i686-mingw32/bin/../lib/gcc/nios2-elf/4.1.2/../../../../nios2-elf/lib/mno-hw-mul\libc.a(lib_a-fvwrite.o)
                              c:/altera/12.1sp1/nios2eds/bin/gnu/h-i686-mingw32/bin/../lib/gcc/nios2-elf/4.1.2/../../../../nios2-elf/lib/mno-hw-mul\libc.a(lib_a-vfprintf.o) (__sfvwrite_r)
c:/altera/12.1sp1/nios2eds/bin/gnu/h-i686-mingw32/bin/../lib/gcc/nios2-elf/4.1.2/../../../../nios2-elf/lib/mno-hw-mul\libc.a(lib_a-fwalk.o)
                              c:/altera/12.1sp1/nios2eds/bin/gnu/h-i686-mingw32/bin/../lib/gcc/nios2-elf/4.1.2/../../../../nios2-elf/lib/mno-hw-mul\libc.a(lib_a-fflush.o) (_fwalk_reent)
c:/altera/12.1sp1/nios2eds/bin/gnu/h-i686-mingw32/bin/../lib/gcc/nios2-elf/4.1.2/../../../../nios2-elf/lib/mno-hw-mul\libc.a(lib_a-impure.o)
                              c:/altera/12.1sp1/nios2eds/bin/gnu/h-i686-mingw32/bin/../lib/gcc/nios2-elf/4.1.2/../../../../nios2-elf/lib/mno-hw-mul\libc.a(lib_a-printf.o) (_impure_ptr)
c:/altera/12.1sp1/nios2eds/bin/gnu/h-i686-mingw32/bin/../lib/gcc/nios2-elf/4.1.2/../../../../nios2-elf/lib/mno-hw-mul\libc.a(lib_a-locale.o)
                              c:/altera/12.1sp1/nios2eds/bin/gnu/h-i686-mingw32/bin/../lib/gcc/nios2-elf/4.1.2/../../../../nios2-elf/lib/mno-hw-mul\libc.a(lib_a-vfprintf.o) (_localeconv_r)
c:/altera/12.1sp1/nios2eds/bin/gnu/h-i686-mingw32/bin/../lib/gcc/nios2-elf/4.1.2/../../../../nios2-elf/lib/mno-hw-mul\libc.a(lib_a-makebuf.o)
                              c:/altera/12.1sp1/nios2eds/bin/gnu/h-i686-mingw32/bin/../lib/gcc/nios2-elf/4.1.2/../../../../nios2-elf/lib/mno-hw-mul\libc.a(lib_a-wsetup.o) (__smakebuf_r)
c:/altera/12.1sp1/nios2eds/bin/gnu/h-i686-mingw32/bin/../lib/gcc/nios2-elf/4.1.2/../../../../nios2-elf/lib/mno-hw-mul\libc.a(lib_a-mallocr.o)
                              c:/altera/12.1sp1/nios2eds/bin/gnu/h-i686-mingw32/bin/../lib/gcc/nios2-elf/4.1.2/../../../../nios2-elf/lib/mno-hw-mul\libc.a(lib_a-findfp.o) (_malloc_r)
[...]
Memory Configuration

Name             Origin             Length             Attributes
sdram_0          0x00800000         0x00800000
sram_0           0x01080000         0x00080000
reset            0x01104000         0x00000020
onchip_memory2_0 0x01104020         0x00003fe0
*default*        0x00000000         0xffffffff

Linker script and memory map

LOAD ../MIDIGenerator_bsp//obj/HAL/src/crt0.o
LOAD obj/default/hello_ucosii.o
LOAD c:/altera/12.1sp1/nios2eds/bin/gnu/h-i686-mingw32/bin/../lib/gcc/nios2-elf/4.1.2/../../../../nios2-elf/lib/mno-hw-mul\libstdc++.a
LOAD c:/altera/12.1sp1/nios2eds/bin/gnu/h-i686-mingw32/bin/../lib/gcc/nios2-elf/4.1.2/../../../../nios2-elf/lib/mno-hw-mul\libm.a
LOAD c:/altera/12.1sp1/nios2eds/bin/gnu/h-i686-mingw32/bin/../lib/gcc/nios2-elf/4.1.2/mno-hw-mul\libgcc.a
START GROUP
LOAD c:/altera/12.1sp1/nios2eds/bin/gnu/h-i686-mingw32/bin/../lib/gcc/nios2-elf/4.1.2/../../../../nios2-elf/lib/mno-hw-mul\libc.a
LOAD c:/altera/12.1sp1/nios2eds/bin/gnu/h-i686-mingw32/bin/../lib/gcc/nios2-elf/4.1.2/mno-hw-mul\libgcc.a
LOAD ../MIDIGenerator_bsp/\libucosii_bsp.a
END GROUP
LOAD c:/altera/12.1sp1/nios2eds/bin/gnu/h-i686-mingw32/bin/../lib/gcc/nios2-elf/4.1.2/mno-hw-mul\libgcc.a
                0x00800000                __alt_mem_sdram_0 = 0x800000
                0x01080000                __alt_mem_sram_0 = 0x1080000
                0x01104000                __alt_mem_onchip_memory2_0 = 0x1104000

.entry          0x01104000       0x20
 *(.entry)
 .entry         0x01104000       0x20 ../MIDIGenerator_bsp//obj/HAL/src/crt0.o
                0x01104000                __reset

.exceptions     0x01104020      0x19c load address 0x00800000
                0x01104020                PROVIDE (__ram_exceptions_start, ABSOLUTE (.))
                0x01104020                . = ALIGN (0x20)
 *(.irq)
 *(.exceptions.entry.label)
 .exceptions.entry.label
                0x01104020        0x0 ../MIDIGenerator_bsp/\libucosii_bsp.a(alt_irq_entry.o)
                0x01104020                alt_irq_entry
 .exceptions.entry.label
                0x01104020        0x0 ../MIDIGenerator_bsp/\libucosii_bsp.a(alt_exception_entry.o)
                0x01104020                alt_exception
 *(.exceptions.entry.user)
 *(.exceptions.entry)
 .exceptions.entry
                0x01104020       0x54 ../MIDIGenerator_bsp/\libucosii_bsp.a(alt_exception_entry.o)
 *(.exceptions.irqtest.user)
 *(.exceptions.irqtest)
 .exceptions.irqtest
                0x01104074       0x10 ../MIDIGenerator_bsp/\libucosii_bsp.a(alt_irq_entry.o)
 *(.exceptions.irqhandler.user)
 *(.exceptions.irqhandler)
 .exceptions.irqhandler
                0x01104084        0x4 ../MIDIGenerator_bsp/\libucosii_bsp.a(alt_irq_entry.o)
 *(.exceptions.irqreturn.user)
 *(.exceptions.irqreturn)
 .exceptions.irqreturn
                0x01104088        0x4 ../MIDIGenerator_bsp/\libucosii_bsp.a(alt_irq_entry.o)
 *(.exceptions.notirq.label)
 .exceptions.notirq.label
                0x0110408c        0x0 ../MIDIGenerator_bsp/\libucosii_bsp.a(alt_irq_entry.o)
 *(.exceptions.notirq.user)
 *(.exceptions.notirq)
 .exceptions.notirq
                0x0110408c        0x8 ../MIDIGenerator_bsp/\libucosii_bsp.a(alt_exception_entry.o)
 *(.exceptions.soft.user)
 *(.exceptions.soft)
 *(.exceptions.unknown.user)
 *(.exceptions.unknown)
 .exceptions.unknown
                0x01104094        0x4 ../MIDIGenerator_bsp/\libucosii_bsp.a(alt_exception_entry.o)
 *(.exceptions.exit.label)
 .exceptions.exit.label
                0x01104098        0x0 ../MIDIGenerator_bsp/\libucosii_bsp.a(alt_irq_entry.o)
 .exceptions.exit.label
                0x01104098        0x0 ../MIDIGenerator_bsp/\libucosii_bsp.a(alt_exception_entry.o)
 *(.exceptions.exit.user)
 *(.exceptions.exit)
 .exceptions.exit
                0x01104098       0x54 ../MIDIGenerator_bsp/\libucosii_bsp.a(alt_exception_entry.o)
 *(.exceptions)
 .exceptions    0x011040ec       0xd0 ../MIDIGenerator_bsp/\libucosii_bsp.a(alt_irq_handler.o)
                0x011040ec                alt_irq_handler
                0x011041bc                PROVIDE (__ram_exceptions_end, ABSOLUTE (.))
                0x00800000                PROVIDE (__flash_exceptions_start, LOADADDR (.exceptions))

.text           0x0080019c    0x1618c
                0x0080019c                PROVIDE (stext, ABSOLUTE (.))
 *(.interp)
 *(.hash)
 *(.dynsym)
 *(.dynstr)
 *(.gnu.version)
 *(.gnu.version_d)
 *(.gnu.version_r)
 *(.rel.init)
 *(.rela.init)
 *(.rel.text .rel.text.* .rel.gnu.linkonce.t.*)
 *(.rela.text .rela.text.* .rela.gnu.linkonce.t.*)
 *(.rel.fini)
 *(.rela.fini)
 *(.rel.rodata .rel.rodata.* .rel.gnu.linkonce.r.*)
 *(.rela.rodata .rela.rodata.* .rela.gnu.linkonce.r.*)
 *(.rel.data .rel.data.* .rel.gnu.linkonce.d.*)
 *(.rela.data .rela.data.* .rela.gnu.linkonce.d.*)
 *(.rel.tdata .rel.tdata.* .rel.gnu.linkonce.td.*)
 *(.rela.tdata .rela.tdata.* .rela.gnu.linkonce.td.*)
 *(.rel.tbss .rel.tbss.* .rel.gnu.linkonce.tb.*)
 *(.rela.tbss .rela.tbss.* .rela.gnu.linkonce.tb.*)
 *(.rel.ctors)
 *(.rela.ctors)
 *(.rel.dtors)
 *(.rela.dtors)
 *(.rel.got)
 *(.rela.got)
 *(.rel.sdata .rel.sdata.* .rel.gnu.linkonce.s.*)
 *(.rela.sdata .rela.sdata.* .rela.gnu.linkonce.s.*)
 *(.rel.sbss .rel.sbss.* .rel.gnu.linkonce.sb.*)
 *(.rela.sbss .rela.sbss.* .rela.gnu.linkonce.sb.*)
 *(.rel.sdata2 .rel.sdata2.* .rel.gnu.linkonce.s2.*)
 *(.rela.sdata2 .rela.sdata2.* .rela.gnu.linkonce.s2.*)
 *(.rel.sbss2 .rel.sbss2.* .rel.gnu.linkonce.sb2.*)
 *(.rela.sbss2 .rela.sbss2.* .rela.gnu.linkonce.sb2.*)
 *(.rel.bss .rel.bss.* .rel.gnu.linkonce.b.*)
 *(.rela.bss .rela.bss.* .rela.gnu.linkonce.b.*)
 *(.rel.plt)
 *(.rela.plt)
 *(.rel.dyn)
 *(.init)
 *(.plt)
 *(.text .stub .text.* .gnu.linkonce.t.*)
 .text          0x0080019c       0x3c ../MIDIGenerator_bsp//obj/HAL/src/crt0.o
                0x0080019c                _start
 .text          0x008001d8      0x360 obj/default/hello_ucosii.o
                0x008001d8                getBinary
                0x0080027c                getMappedNote
                0x008002c0                handleLaserStatusChange
                0x008003c8                task1
                0x008004cc                main
 .text          0x00800538       0x38 c:/altera/12.1sp1/nios2eds/bin/gnu/h-i686-mingw32/bin/../lib/gcc/nios2-elf/4.1.2/mno-hw-mul\libgcc.a(lib2-mul.o)
                0x00800538                __mulsi3
 .text          0x00800570       0x78 c:/altera/12.1sp1/nios2eds/bin/gnu/h-i686-mingw32/bin/../lib/gcc/nios2-elf/4.1.2/../../../../nios2-elf/lib/mno-hw-mul\libc.a(lib_a-printf.o)
                0x00800570                printf
                0x008005b4                _printf_r
 .text          0x008005e8       0x90 c:/altera/12.1sp1/nios2eds/bin/gnu/h-i686-mingw32/bin/../lib/gcc/nios2-elf/4.1.2/../../../../nios2-elf/lib/mno-hw-mul\libc.a(lib_a-strcat.o)
                0x008005e8                strcat
 .text          0x00800678       0x8c c:/altera/12.1sp1/nios2eds/bin/gnu/h-i686-mingw32/bin/../lib/gcc/nios2-elf/4.1.2/../../../../nios2-elf/lib/mno-hw-mul\libc.a(lib_a-strcpy.o)
                0x00800678                strcpy
 .text          0x00800704     0x1f40 c:/altera/12.1sp1/nios2eds/bin/gnu/h-i686-mingw32/bin/../lib/gcc/nios2-elf/4.1.2/../../../../nios2-elf/lib/mno-hw-mul\libc.a(lib_a-vfprintf.o)
                0x0080075c                ___vfprintf_internal_r
                0x00802620                __vfprintf_internal
 .text          0x00802644      0x13c c:/altera/12.1sp1/nios2eds/bin/gnu/h-i686-mingw32/bin/../lib/gcc/nios2-elf/4.1.2/../../../../nios2-elf/lib/mno-hw-mul\libc.a(lib_a-wsetup.o)
                0x00802644                __swsetup_r
 .text          0x00802780     0x17f8 c:/altera/12.1sp1/nios2eds/bin/gnu/h-i686-mingw32/bin/../lib/gcc/nios2-elf/4.1.2/../../../../nios2-elf/lib/mno-hw-mul\libc.a(lib_a-dtoa.o)
                0x008029c4                _dtoa_r
 .text          0x00803f78      0x230 c:/altera/12.1sp1/nios2eds/bin/gnu/h-i686-mingw32/bin/../lib/gcc/nios2-elf/4.1.2/../../../../nios2-elf/lib/mno-hw-mul\libc.a(lib_a-fflush.o)
                0x00803f78                _fflush_r
                0x00804174                fflush
 .text          0x008041a8      0x2f4 c:/altera/12.1sp1/nios2eds/bin/gnu/h-i686-mingw32/bin/../lib/gcc/nios2-elf/4.1.2/../../../../nios2-elf/lib/mno-hw-mul\libc.a(lib_a-findfp.o)
                0x00804200                __sfp_lock_acquire
                0x00804204                __sfp_lock_release
                0x00804208                __sinit_lock_acquire
                0x0080420c                __sinit_lock_release
                0x00804210                __sinit
                0x008042c4                __fp_unlock_all
                0x008042dc                __fp_lock_all
                0x008042f4                _cleanup_r
                0x00804300                _cleanup
                0x00804310                __sfmoreglue
                0x008043ac                __sfp
 .text          0x0080449c      0x440 c:/altera/12.1sp1/nios2eds/bin/gnu/h-i686-mingw32/bin/../lib/gcc/nios2-elf/4.1.2/../../../../nios2-elf/lib/mno-hw-mul\libc.a(lib_a-freer.o)
                0x0080449c                _malloc_trim_r
                0x008045c8                _free_r
 .text          0x008048dc      0x49c c:/altera/12.1sp1/nios2eds/bin/gnu/h-i686-mingw32/bin/../lib/gcc/nios2-elf/4.1.2/../../../../nios2-elf/lib/mno-hw-mul\libc.a(lib_a-fvwrite.o)
                0x008048dc                __sfvwrite_r
 .text          0x00804d78      0x180 c:/altera/12.1sp1/nios2eds/bin/gnu/h-i686-mingw32/bin/../lib/gcc/nios2-elf/4.1.2/../../../../nios2-elf/lib/mno-hw-mul\libc.a(lib_a-fwalk.o)
                0x00804d78                _fwalk_reent
                0x00804e40                _fwalk
 .text          0x00804ef8        0x0 c:/altera/12.1sp1/nios2eds/bin/gnu/h-i686-mingw32/bin/../lib/gcc/nios2-elf/4.1.2/../../../../nios2-elf/lib/mno-hw-mul\libc.a(lib_a-impure.o)
 .text          0x00804ef8       0xc4 c:/altera/12.1sp1/nios2eds/bin/gnu/h-i686-mingw32/bin/../lib/gcc/nios2-elf/4.1.2/../../../../nios2-elf/lib/mno-hw-mul\libc.a(lib_a-locale.o)
                0x00804ef8                __locale_charset
                0x00804f00                _localeconv_r
                0x00804f0c                localeconv
                0x00804f1c                _setlocale_r
                0x00804fa0                setlocale
 .text          0x00804fbc      0x194 c:/altera/12.1sp1/nios2eds/bin/gnu/h-i686-mingw32/bin/../lib/gcc/nios2-elf/4.1.2/../../../../nios2-elf/lib/mno-hw-mul\libc.a(lib_a-makebuf.o)
                0x00804fbc                __smakebuf_r
 .text          0x00805150      0x740 c:/altera/12.1sp1/nios2eds/bin/gnu/h-i686-mingw32/bin/../lib/gcc/nios2-elf/4.1.2/../../../../nios2-elf/lib/mno-hw-mul\libc.a(lib_a-mallocr.o)
                0x00805150                _malloc_r
 .text          0x00805890       0xe4 c:/altera/12.1sp1/nios2eds/bin/gnu/h-i686-mingw32/bin/../lib/gcc/nios2-elf/4.1.2/../../../../nios2-elf/lib/mno-hw-mul\libc.a(lib_a-memchr.o)
                0x00805890                memchr
 .text          0x00805974       0xa0 c:/altera/12.1sp1/nios2eds/bin/gnu/h-i686-mingw32/bin/../lib/gcc/nios2-elf/4.1.2/../../../../nios2-elf/lib/mno-hw-mul\libc.a(lib_a-memcpy.o)
                0x00805974                memcpy
 .text          0x00805a14       0xe0 c:/altera/12.1sp1/nios2eds/bin/gnu/h-i686-mingw32/bin/../lib/gcc/nios2-elf/4.1.2/../../../../nios2-elf/lib/mno-hw-mul\libc.a(lib_a-memmove.o)
                0x00805a14                memmove
 .text          0x00805af4       0x98 c:/altera/12.1sp1/nios2eds/bin/gnu/h-i686-mingw32/bin/../lib/gcc/nios2-elf/4.1.2/../../../../nios2-elf/lib/mno-hw-mul\libc.a(lib_a-memset.o)
                0x00805af4                memset
 .text          0x00805b8c     0x108c c:/altera/12.1sp1/nios2eds/bin/gnu/h-i686-mingw32/bin/../lib/gcc/nios2-elf/4.1.2/../../../../nios2-elf/lib/mno-hw-mul\libc.a(lib_a-mprec.o)
                0x00805b8c                _Bfree
                0x00805bb4                __hi0bits
                0x00805c24                __lo0bits
                0x00805ce8                __mcmp
                0x00805d48                __ulp
                0x00805dc8                __b2d
                0x00805ee8                __ratio
                0x00805f98                _mprec_log10
                0x0080602c                __copybits
                0x00806084                __any_on
                0x0080610c                _Balloc
                0x008061c8                __d2b
                0x00806344                __mdiff
                0x008064d0                __lshift
                0x0080661c                __multiply
                0x00806870                __i2b
                0x008068ac                __multadd
                0x008069d8                __pow5mult
                0x00806af8                __s2b
 .text          0x00806c18      0x5f4 c:/altera/12.1sp1/nios2eds/bin/gnu/h-i686-mingw32/bin/../lib/gcc/nios2-elf/4.1.2/../../../../nios2-elf/lib/mno-hw-mul\libc.a(lib_a-reallocr.o)
                0x00806c18                _realloc_r
 .text          0x0080720c       0x40 c:/altera/12.1sp1/nios2eds/bin/gnu/h-i686-mingw32/bin/../lib/gcc/nios2-elf/4.1.2/../../../../nios2-elf/lib/mno-hw-mul\libc.a(lib_a-s_isinfd.o)
                0x0080720c                __isinfd
 .text          0x0080724c       0x30 c:/altera/12.1sp1/nios2eds/bin/gnu/h-i686-mingw32/bin/../lib/gcc/nios2-elf/4.1.2/../../../../nios2-elf/lib/mno-hw-mul\libc.a(lib_a-s_isnand.o)
                0x0080724c                __isnand
 .text          0x0080727c       0x70 c:/altera/12.1sp1/nios2eds/bin/gnu/h-i686-mingw32/bin/../lib/gcc/nios2-elf/4.1.2/../../../../nios2-elf/lib/mno-hw-mul\libc.a(lib_a-sbrkr.o)
                0x0080727c                _sbrk_r
 .text          0x008072ec      0x14c c:/altera/12.1sp1/nios2eds/bin/gnu/h-i686-mingw32/bin/../lib/gcc/nios2-elf/4.1.2/../../../../nios2-elf/lib/mno-hw-mul\libc.a(lib_a-stdio.o)
                0x008072ec                __sclose
                0x008072f4                __sseek
                0x0080735c                __swrite
                0x008073d8                __sread
 .text          0x00807438       0xbc c:/altera/12.1sp1/nios2eds/bin/gnu/h-i686-mingw32/bin/../lib/gcc/nios2-elf/4.1.2/../../../../nios2-elf/lib/mno-hw-mul\libc.a(lib_a-strcmp.o)
                0x00807438                strcmp
 .text          0x008074f4       0x74 c:/altera/12.1sp1/nios2eds/bin/gnu/h-i686-mingw32/bin/../lib/gcc/nios2-elf/4.1.2/../../../../nios2-elf/lib/mno-hw-mul\libc.a(lib_a-strlen.o)
                0x008074f4                strlen
 .text          0x00807568       0x78 c:/altera/12.1sp1/nios2eds/bin/gnu/h-i686-mingw32/bin/../lib/gcc/nios2-elf/4.1.2/../../../../nios2-elf/lib/mno-hw-mul\libc.a(lib_a-writer.o)
                0x00807568                _write_r
 .text          0x008075e0       0xc8 c:/altera/12.1sp1/nios2eds/bin/gnu/h-i686-mingw32/bin/../lib/gcc/nios2-elf/4.1.2/../../../../nios2-elf/lib/mno-hw-mul\libc.a(lib_a-callocr.o)
                0x008075e0                _calloc_r
 .text          0x008076a8       0x70 c:/altera/12.1sp1/nios2eds/bin/gnu/h-i686-mingw32/bin/../lib/gcc/nios2-elf/4.1.2/../../../../nios2-elf/lib/mno-hw-mul\libc.a(lib_a-closer.o)
                0x008076a8                _close_r
 .text          0x00807718      0x124 c:/altera/12.1sp1/nios2eds/bin/gnu/h-i686-mingw32/bin/../lib/gcc/nios2-elf/4.1.2/../../../../nios2-elf/lib/mno-hw-mul\libc.a(lib_a-fclose.o)
                0x00807718                _fclose_r
                0x00807828                fclose
 .text          0x0080783c       0x74 c:/altera/12.1sp1/nios2eds/bin/gnu/h-i686-mingw32/bin/../lib/gcc/nios2-elf/4.1.2/../../../../nios2-elf/lib/mno-hw-mul\libc.a(lib_a-fstatr.o)
                0x0080783c                _fstat_r
 .text          0x008078b0        0x0 c:/altera/12.1sp1/nios2eds/bin/gnu/h-i686-mingw32/bin/../lib/gcc/nios2-elf/4.1.2/../../../../nios2-elf/lib/mno-hw-mul\libc.a(lib_a-int_errno.o)
 .text          0x008078b0       0x70 c:/altera/12.1sp1/nios2eds/bin/gnu/h-i686-mingw32/bin/../lib/gcc/nios2-elf/4.1.2/../../../../nios2-elf/lib/mno-hw-mul\libc.a(lib_a-isattyr.o)
                0x008078b0                _isatty_r
 .text          0x00807920       0x78 c:/altera/12.1sp1/nios2eds/bin/gnu/h-i686-mingw32/bin/../lib/gcc/nios2-elf/4.1.2/../../../../nios2-elf/lib/mno-hw-mul\libc.a(lib_a-lseekr.o)
                0x00807920                _lseek_r
 .text          0x00807998       0x78 c:/altera/12.1sp1/nios2eds/bin/gnu/h-i686-mingw32/bin/../lib/gcc/nios2-elf/4.1.2/../../../../nios2-elf/lib/mno-hw-mul\libc.a(lib_a-readr.o)
                0x00807998                _read_r
 .text          0x00807a10      0x66c c:/altera/12.1sp1/nios2eds/bin/gnu/h-i686-mingw32/bin/../lib/gcc/nios2-elf/4.1.2/mno-hw-mul\libgcc.a(_udivdi3.o)
                0x00807a10                __udivdi3
 .text          0x0080807c      0x660 c:/altera/12.1sp1/nios2eds/bin/gnu/h-i686-mingw32/bin/../lib/gcc/nios2-elf/4.1.2/mno-hw-mul\libgcc.a(_umoddi3.o)
                0x0080807c                __umoddi3
 .text          0x008086dc      0x504 c:/altera/12.1sp1/nios2eds/bin/gnu/h-i686-mingw32/bin/../lib/gcc/nios2-elf/4.1.2/mno-hw-mul\libgcc.a(_addsub_df.o)
                0x00808aec                __subdf3
                0x00808b6c                __adddf3
 .text          0x00808be0      0x3c4 c:/altera/12.1sp1/nios2eds/bin/gnu/h-i686-mingw32/bin/../lib/gcc/nios2-elf/4.1.2/mno-hw-mul\libgcc.a(_mul_df.o)
                0x00808be0                __muldf3
 .text          0x00808fa4      0x258 c:/altera/12.1sp1/nios2eds/bin/gnu/h-i686-mingw32/bin/../lib/gcc/nios2-elf/4.1.2/mno-hw-mul\libgcc.a(_div_df.o)
                0x00808fa4                __divdf3
 .text          0x008091fc       0x88 c:/altera/12.1sp1/nios2eds/bin/gnu/h-i686-mingw32/bin/../lib/gcc/nios2-elf/4.1.2/mno-hw-mul\libgcc.a(_eq_df.o)
                0x008091fc                __eqdf2
 .text          0x00809284       0x88 c:/altera/12.1sp1/nios2eds/bin/gnu/h-i686-mingw32/bin/../lib/gcc/nios2-elf/4.1.2/mno-hw-mul\libgcc.a(_ne_df.o)
                0x00809284                __nedf2
 .text          0x0080930c       0x88 c:/altera/12.1sp1/nios2eds/bin/gnu/h-i686-mingw32/bin/../lib/gcc/nios2-elf/4.1.2/mno-hw-mul\libgcc.a(_gt_df.o)
                0x0080930c                __gtdf2
 .text          0x00809394       0x88 c:/altera/12.1sp1/nios2eds/bin/gnu/h-i686-mingw32/bin/../lib/gcc/nios2-elf/4.1.2/mno-hw-mul\libgcc.a(_ge_df.o)
                0x00809394                __gedf2
 .text          0x0080941c       0x88 c:/altera/12.1sp1/nios2eds/bin/gnu/h-i686-mingw32/bin/../lib/gcc/nios2-elf/4.1.2/mno-hw-mul\libgcc.a(_lt_df.o)
                0x0080941c                __ltdf2
 .text          0x008094a4       0xf8 c:/altera/12.1sp1/nios2eds/bin/gnu/h-i686-mingw32/bin/../lib/gcc/nios2-elf/4.1.2/mno-hw-mul\libgcc.a(_si_to_df.o)
                0x008094a4                __floatsidf
 .text          0x0080959c       0xd8 c:/altera/12.1sp1/nios2eds/bin/gnu/h-i686-mingw32/bin/../lib/gcc/nios2-elf/4.1.2/mno-hw-mul\libgcc.a(_df_to_si.o)
                0x0080959c                __fixdfsi
 .text          0x00809674        0x0 c:/altera/12.1sp1/nios2eds/bin/gnu/h-i686-mingw32/bin/../lib/gcc/nios2-elf/4.1.2/mno-hw-mul\libgcc.a(_thenan_df.o)
 .text          0x00809674      0x194 c:/altera/12.1sp1/nios2eds/bin/gnu/h-i686-mingw32/bin/../lib/gcc/nios2-elf/4.1.2/mno-hw-mul\libgcc.a(_usi_to_df.o)
                0x00809674                __floatunsidf
 .text          0x00809808      0x14c c:/altera/12.1sp1/nios2eds/bin/gnu/h-i686-mingw32/bin/../lib/gcc/nios2-elf/4.1.2/mno-hw-mul\libgcc.a(lib2-divmod.o)
                0x00809884                __divsi3
                0x008098e4                __modsi3
                0x00809944                __udivsi3
                0x0080994c                __umodsi3
 .text          0x00809954      0x124 c:/altera/12.1sp1/nios2eds/bin/gnu/h-i686-mingw32/bin/../lib/gcc/nios2-elf/4.1.2/mno-hw-mul\libgcc.a(_muldi3.o)
                0x00809954                __muldi3
 .text          0x00809a78        0x0 c:/altera/12.1sp1/nios2eds/bin/gnu/h-i686-mingw32/bin/../lib/gcc/nios2-elf/4.1.2/mno-hw-mul\libgcc.a(_clz.o)
 .text          0x00809a78       0x80 c:/altera/12.1sp1/nios2eds/bin/gnu/h-i686-mingw32/bin/../lib/gcc/nios2-elf/4.1.2/mno-hw-mul\libgcc.a(_clzsi2.o)
                0x00809a78                __clzsi2
 .text          0x00809af8      0x314 c:/altera/12.1sp1/nios2eds/bin/gnu/h-i686-mingw32/bin/../lib/gcc/nios2-elf/4.1.2/mno-hw-mul\libgcc.a(_pack_df.o)
                0x00809af8                __pack_d
 .text          0x00809e0c      0x138 c:/altera/12.1sp1/nios2eds/bin/gnu/h-i686-mingw32/bin/../lib/gcc/nios2-elf/4.1.2/mno-hw-mul\libgcc.a(_unpack_df.o)
                0x00809e0c                __unpack_d
 .text          0x00809f44       0xc8 c:/altera/12.1sp1/nios2eds/bin/gnu/h-i686-mingw32/bin/../lib/gcc/nios2-elf/4.1.2/mno-hw-mul\libgcc.a(_fpcmp_parts_df.o)
                0x00809f44                __fpcmp_parts_d
 .text          0x0080a00c      0x160 ../MIDIGenerator_bsp/\libucosii_bsp.a(alt_close.o)
                0x0080a00c                close
 .text          0x0080a16c       0x2c ../MIDIGenerator_bsp/\libucosii_bsp.a(alt_dev.o)
 .text          0x0080a198        0x0 ../MIDIGenerator_bsp/\libucosii_bsp.a(alt_errno.o)
 .text          0x0080a198      0x138 ../MIDIGenerator_bsp/\libucosii_bsp.a(alt_fstat.o)
                0x0080a198                fstat
 .text          0x0080a2d0      0x124 ../MIDIGenerator_bsp/\libucosii_bsp.a(alt_isatty.o)
                0x0080a2d0                isatty
 .text          0x0080a3f4       0xec ../MIDIGenerator_bsp/\libucosii_bsp.a(alt_load.o)
                0x0080a3f4                alt_load
 .text          0x0080a4e0      0x154 ../MIDIGenerator_bsp/\libucosii_bsp.a(alt_lseek.o)
                0x0080a4e0                lseek
 .text          0x0080a634       0xc8 ../MIDIGenerator_bsp/\libucosii_bsp.a(alt_main.o)
                0x0080a634                alt_main
 .text          0x0080a6fc      0x258 ../MIDIGenerator_bsp/\libucosii_bsp.a(alt_printf.o)
                0x0080a6fc                alt_printf
 .text          0x0080a954       0x40 ../MIDIGenerator_bsp/\libucosii_bsp.a(alt_putchar.o)
                0x0080a954                alt_putchar
 .text          0x0080a994      0x184 ../MIDIGenerator_bsp/\libucosii_bsp.a(alt_read.o)
                0x0080a994                read
 .text          0x0080ab18       0x78 ../MIDIGenerator_bsp/\libucosii_bsp.a(alt_release_fd.o)
                0x0080ab18                alt_release_fd
 .text          0x0080ab90       0xbc ../MIDIGenerator_bsp/\libucosii_bsp.a(alt_sbrk.o)
                0x0080ab90                sbrk
 .text          0x0080ac4c      0x184 ../MIDIGenerator_bsp/\libucosii_bsp.a(alt_write.o)
                0x0080ac4c                write
 .text          0x0080add0      0x108 ../MIDIGenerator_bsp/\libucosii_bsp.a(alt_env_lock.o)
                0x0080add0                __env_lock
                0x0080ae7c                __env_unlock
 .text          0x0080aed8      0x1d8 ../MIDIGenerator_bsp/\libucosii_bsp.a(alt_malloc_lock.o)
                0x0080aed8                __malloc_lock
                0x0080afe0                __malloc_unlock
 .text          0x0080b0b0     0x2128 ../MIDIGenerator_bsp/\libucosii_bsp.a(os_core.o)
                0x0080b0b0                OSEventNameGet
                0x0080b1e0                OSEventNameSet
                0x0080b324                OSEventPendMulti
                0x0080b9d8                OSInit
                0x0080ba2c                OSIntEnter
                0x0080baa8                OSIntExit
                0x0080bba8                OSSchedLock
                0x0080bc34                OSSchedUnlock
                0x0080bd18                OSStart
                0x0080bd88                OSStatInit
                0x0080be34                OSTimeTick
                0x0080c074                OSVersion
                0x0080c094                OS_Dummy
                0x0080c0b0                OS_EventTaskRdy
                0x0080c244                OS_EventTaskWait
                0x0080c354                OS_EventTaskWaitMulti
                0x0080c4a8                OS_EventTaskRemove
                0x0080c560                OS_EventTaskRemoveMulti
                0x0080c664                OS_EventWaitListInit
                0x0080ca30                OS_MemClr
                0x0080ca84                OS_MemCopy
                0x0080caf0                OS_Sched
                0x0080cc34                OS_StrCopy
                0x0080ccb4                OS_StrLen
                0x0080cd0c                OS_TaskIdle
                0x0080cd68                OS_TaskStat
                0x0080ce30                OS_TaskStatStkChk
                0x0080cef8                OS_TCBInit
 .text          0x0080d1d8      0x18c ../MIDIGenerator_bsp/\libucosii_bsp.a(os_dbg.o)
                0x0080d1d8                OSDebugInit
 .text          0x0080d364     0x193c ../MIDIGenerator_bsp/\libucosii_bsp.a(os_flag.o)
                0x0080d364                OSFlagAccept
                0x0080d698                OSFlagCreate
                0x0080d7d4                OSFlagDel
                0x0080da7c                OSFlagNameGet
                0x0080dbc0                OSFlagNameSet
                0x0080dd14                OSFlagPend
                0x0080e358                OSFlagPendGetFlagsRdy
                0x0080e3c0                OSFlagPost
                0x0080e768                OSFlagQuery
                0x0080ea00                OS_FlagInit
                0x0080ebf4                OS_FlagUnlink
 .text          0x0080eca0      0x80c ../MIDIGenerator_bsp/\libucosii_bsp.a(os_mem.o)
                0x0080eca0                OSMemCreate
                0x0080eebc                OSMemGet
                0x0080efc0                OSMemNameGet
                0x0080f0cc                OSMemNameSet
                0x0080f1ec                OSMemPut
                0x0080f2dc                OSMemQuery
                0x0080f3d8                OS_MemInit
 .text          0x0080f4ac     0x1334 ../MIDIGenerator_bsp/\libucosii_bsp.a(os_q.o)
                0x0080f4ac                OSQAccept
                0x0080f600                OSQCreate
                0x0080f814                OSQDel
                0x0080fb14                OSQFlush
                0x0080fbdc                OSQPend
                0x0080fefc                OSQPendAbort
                0x00810078                OSQPost
                0x008101f8                OSQPostFront
                0x00810380                OSQPostOpt
                0x008105b4                OSQQuery
                0x00810734                OS_QInit
 .text          0x008107e0      0xbc8 ../MIDIGenerator_bsp/\libucosii_bsp.a(os_sem.o)
                0x008107e0                OSSemAccept
                0x008108a0                OSSemCreate
                0x008109b4                OSSemDel
                0x00810c54                OSSemPend
                0x00810ed0                OSSemPendAbort
                0x0081104c                OSSemPost
                0x00811174                OSSemQuery
                0x008112a4                OSSemSet
 .text          0x008113a8     0x1a40 ../MIDIGenerator_bsp/\libucosii_bsp.a(os_task.o)
                0x008113a8                OSTaskChangePrio
                0x0081191c                OSTaskCreate
                0x00811af0                OSTaskCreateExt
                0x00811cf0                OSTaskDel
                0x008120fc                OSTaskDelReq
                0x0081226c                OSTaskNameGet
                0x00812424                OSTaskNameSet
                0x008125e8                OSTaskResume
                0x00812800                OSTaskStkChk
                0x008129fc                OSTaskSuspend
                0x00812c28                OSTaskQuery
                0x00812d6c                OS_TaskStkClr
 .text          0x00812de8      0x5b4 ../MIDIGenerator_bsp/\libucosii_bsp.a(os_time.o)
                0x00812de8                OSTimeDly
                0x00812f34                OSTimeDlyHMSM
                0x008130c4                OSTimeDlyResume
                0x008132d4                OSTimeGet
                0x00813338                OSTimeSet
 .text          0x0081339c       0xe0 ../MIDIGenerator_bsp/\libucosii_bsp.a(alt_sys_init.o)
                0x0081339c                alt_irq_init
                0x008133d0                alt_sys_init
 .text          0x0081347c      0x148 ../MIDIGenerator_bsp/\libucosii_bsp.a(altera_avalon_jtag_uart_fd.o)
                0x0081347c                altera_avalon_jtag_uart_read_fd
                0x008134d4                altera_avalon_jtag_uart_write_fd
                0x0081352c                altera_avalon_jtag_uart_close_fd
                0x00813574                altera_avalon_jtag_uart_ioctl_fd
 .text          0x008135c4      0x584 ../MIDIGenerator_bsp/\libucosii_bsp.a(altera_avalon_jtag_uart_init.o)
                0x008135c4                altera_avalon_jtag_uart_init
                0x00813ad4                altera_avalon_jtag_uart_close
 .text          0x00813b48       0xf4 ../MIDIGenerator_bsp/\libucosii_bsp.a(altera_avalon_jtag_uart_ioctl.o)
                0x00813b48                altera_avalon_jtag_uart_ioctl
 .text          0x00813c3c      0x2c0 ../MIDIGenerator_bsp/\libucosii_bsp.a(altera_avalon_jtag_uart_read.o)
                0x00813c3c                altera_avalon_jtag_uart_read
 .text          0x00813efc      0x2dc ../MIDIGenerator_bsp/\libucosii_bsp.a(altera_avalon_jtag_uart_write.o)
                0x00813efc                altera_avalon_jtag_uart_write
 .text          0x008141d8      0x100 ../MIDIGenerator_bsp/\libucosii_bsp.a(altera_avalon_timer_sc.o)
                0x00814248                alt_avalon_timer_sc_init
 .text          0x008142d8      0x530 ../MIDIGenerator_bsp/\libucosii_bsp.a(altera_up_avalon_character_lcd.o)
                0x008142d8                get_DDRAM_addr
                0x00814354                alt_up_character_lcd_send_cmd
                0x00814388                alt_up_character_lcd_init
                0x008143bc                alt_up_character_lcd_open_dev
                0x008143fc                alt_up_character_lcd_write
                0x00814474                alt_up_character_lcd_string
                0x008144ec                alt_up_character_lcd_write_fd
                0x00814538                alt_up_character_lcd_set_cursor_pos
                0x008145b0                alt_up_character_lcd_shift_cursor
                0x00814660                alt_up_character_lcd_shift_display
                0x00814710                alt_up_character_lcd_erase_pos
                0x008147a0                alt_up_character_lcd_cursor_off
                0x008147d4                alt_up_character_lcd_cursor_blink_on
 .text          0x00814808      0x154 ../MIDIGenerator_bsp/\libucosii_bsp.a(alt_alarm_start.o)
                0x00814808                alt_alarm_start
 .text          0x0081495c       0x1c ../MIDIGenerator_bsp/\libucosii_bsp.a(alt_dcache_flush_all.o)
                0x0081495c                alt_dcache_flush_all
 .text          0x00814978      0x114 ../MIDIGenerator_bsp/\libucosii_bsp.a(alt_dev_llist_insert.o)
                0x00814978                alt_dev_llist_insert
 .text          0x00814a8c       0x64 ../MIDIGenerator_bsp/\libucosii_bsp.a(alt_do_ctors.o)
                0x00814a8c                _do_ctors
 .text          0x00814af0       0x64 ../MIDIGenerator_bsp/\libucosii_bsp.a(alt_do_dtors.o)
                0x00814af0                _do_dtors
 .text          0x00814b54       0x94 ../MIDIGenerator_bsp/\libucosii_bsp.a(alt_find_dev.o)
                0x00814b54                alt_find_dev
 .text          0x00814be8       0x1c ../MIDIGenerator_bsp/\libucosii_bsp.a(alt_icache_flush_all.o)
                0x00814be8                alt_icache_flush_all
 .text          0x00814c04      0x1d4 ../MIDIGenerator_bsp/\libucosii_bsp.a(alt_iic.o)
                0x00814c04                alt_ic_isr_register
                0x00814c54                alt_ic_irq_enable
                0x00814cf0                alt_ic_irq_disable
                0x00814d90                alt_ic_irq_enabled
 .text          0x00814dd8       0xf8 ../MIDIGenerator_bsp/\libucosii_bsp.a(alt_iic_isr_register.o)
                0x00814dd8                alt_iic_isr_register
 .text          0x00814ed0      0x150 ../MIDIGenerator_bsp/\libucosii_bsp.a(alt_io_redirect.o)
                0x00814fa8                alt_io_redirect
 .text          0x00815020        0x0 ../MIDIGenerator_bsp/\libucosii_bsp.a(alt_irq_entry.o)
 .text          0x00815020        0x0 ../MIDIGenerator_bsp/\libucosii_bsp.a(alt_irq_handler.o)
 .text          0x00815020        0x0 ../MIDIGenerator_bsp/\libucosii_bsp.a(alt_irq_vars.o)
 .text          0x00815020      0x2e4 ../MIDIGenerator_bsp/\libucosii_bsp.a(alt_open.o)
                0x00815118                open
 .text          0x00815304      0x1a8 ../MIDIGenerator_bsp/\libucosii_bsp.a(alt_tick.o)
                0x00815304                alt_alarm_stop
                0x0081539c                alt_tick
 .text          0x008154ac       0x20 ../MIDIGenerator_bsp/\libucosii_bsp.a(altera_nios2_qsys_irq.o)
                0x008154ac                altera_nios2_qsys_irq_init
 .text          0x008154cc       0xd0 ../MIDIGenerator_bsp/\libucosii_bsp.a(os_cpu_a.o)
                0x008154cc                OSCtxSw
                0x008154cc                OSIntCtxSw
                0x00815558                OSStartHighRdy
                0x00815578                OSStartTsk
 .text          0x0081559c      0x418 ../MIDIGenerator_bsp/\libucosii_bsp.a(os_cpu_c.o)
                0x0081559c                OSTaskStkInit
                0x008158ac                OSTaskCreateHook
                0x008158cc                OSTaskDelHook
                0x008158ec                OSTaskSwHook
                0x00815908                OSTaskStatHook
                0x00815924                OSTimeTickHook
                0x00815940                OSInitHookBegin
                0x0081595c                OSInitHookEnd
                0x00815978                OSTaskIdleHook
                0x00815994                OSTCBInitHook
 .text          0x008159b4        0x0 ../MIDIGenerator_bsp/\libucosii_bsp.a(alt_exception_entry.o)
 .text          0x008159b4      0x120 ../MIDIGenerator_bsp/\libucosii_bsp.a(alt_find_file.o)
                0x008159b4                alt_find_file
 .text          0x00815ad4      0x104 ../MIDIGenerator_bsp/\libucosii_bsp.a(alt_get_fd.o)
                0x00815ad4                alt_get_fd
 .text          0x00815bd8       0x14 c:/altera/12.1sp1/nios2eds/bin/gnu/h-i686-mingw32/bin/../lib/gcc/nios2-elf/4.1.2/../../../../nios2-elf/lib/mno-hw-mul\libc.a(lib_a-atexit.o)
                0x00815bd8                atexit
 .text          0x00815bec       0x38 c:/altera/12.1sp1/nios2eds/bin/gnu/h-i686-mingw32/bin/../lib/gcc/nios2-elf/4.1.2/../../../../nios2-elf/lib/mno-hw-mul\libc.a(lib_a-exit.o)
                0x00815bec                exit
 .text          0x00815c24       0x74 c:/altera/12.1sp1/nios2eds/bin/gnu/h-i686-mingw32/bin/../lib/gcc/nios2-elf/4.1.2/../../../../nios2-elf/lib/mno-hw-mul\libc.a(lib_a-memcmp.o)
                0x00815c24                memcmp
 .text          0x00815c98      0x1ec c:/altera/12.1sp1/nios2eds/bin/gnu/h-i686-mingw32/bin/../lib/gcc/nios2-elf/4.1.2/../../../../nios2-elf/lib/mno-hw-mul\libc.a(lib_a-putc.o)
                0x00815c98                putc
                0x00815d9c                _putc_r
 .text          0x00815e84      0x14c c:/altera/12.1sp1/nios2eds/bin/gnu/h-i686-mingw32/bin/../lib/gcc/nios2-elf/4.1.2/../../../../nios2-elf/lib/mno-hw-mul\libc.a(lib_a-wbuf.o)
                0x00815e84                __swbuf_r
                0x00815fb4                __swbuf
 .text          0x00815fd0      0x134 c:/altera/12.1sp1/nios2eds/bin/gnu/h-i686-mingw32/bin/../lib/gcc/nios2-elf/4.1.2/../../../../nios2-elf/lib/mno-hw-mul\libc.a(lib_a-__atexit.o)
                0x00815fd0                __register_exitproc
 .text          0x00816104      0x1b4 c:/altera/12.1sp1/nios2eds/bin/gnu/h-i686-mingw32/bin/../lib/gcc/nios2-elf/4.1.2/../../../../nios2-elf/lib/mno-hw-mul\libc.a(lib_a-__call_atexit.o)
                0x00816108                __call_exitprocs
 .text          0x008162b8       0x6c ../MIDIGenerator_bsp/\libucosii_bsp.a(alt_exit.o)
                0x008162f8                _exit
 *(.gnu.warning.*)
 *(.fini)
                0x00816324                PROVIDE (__etext, ABSOLUTE (.))
                0x00816324                PROVIDE (_etext, ABSOLUTE (.))
                0x00816324                PROVIDE (etext, ABSOLUTE (.))
 *(.eh_frame_hdr)
                0x00816324                . = ALIGN (0x4)
                0x00816324                PROVIDE (__preinit_array_start, ABSOLUTE (.))
 *(.preinit_array)
                0x00816324                PROVIDE (__preinit_array_end, ABSOLUTE (.))
                0x00816324                PROVIDE (__init_array_start, ABSOLUTE (.))
 *(.init_array)
                0x00816324                PROVIDE (__init_array_end, ABSOLUTE (.))
                0x00816324                PROVIDE (__fini_array_start, ABSOLUTE (.))
 *(.fini_array)
                0x00816324                PROVIDE (__fini_array_end, ABSOLUTE (.))
 *(.eh_frame)
 *(.gcc_except_table)
 *(.dynamic)
                0x00816324                PROVIDE (__CTOR_LIST__, ABSOLUTE (.))
 *(.ctors)
 *(SORT(.ctors.*))
 .ctors.65535   0x00816324        0x4 c:/altera/12.1sp1/nios2eds/bin/gnu/h-i686-mingw32/bin/../lib/gcc/nios2-elf/4.1.2/../../../../nios2-elf/lib/mno-hw-mul\libc.a(lib_a-__call_atexit.o)
                0x00816328                PROVIDE (__CTOR_END__, ABSOLUTE (.))
                0x00816328                PROVIDE (__DTOR_LIST__, ABSOLUTE (.))
 *(.dtors)
 *(SORT(.dtors.*))
                0x00816328                PROVIDE (__DTOR_END__, ABSOLUTE (.))
 *(.jcr)
                0x00816328                . = ALIGN (0x4)

.rodata         0x00816328      0x53c
                0x00816328                PROVIDE (__ram_rodata_start, ABSOLUTE (.))
                0x00816328                . = ALIGN (0x4)
 *(.rodata .rodata.* .gnu.linkonce.r.*)
 .rodata        0x00816328       0xc0 obj/default/hello_ucosii.o
 .rodata.str1.4
                0x008163e8       0x5e c:/altera/12.1sp1/nios2eds/bin/gnu/h-i686-mingw32/bin/../lib/gcc/nios2-elf/4.1.2/../../../../nios2-elf/lib/mno-hw-mul\libc.a(lib_a-vfprintf.o)
                                 0x60 (size before relaxing)
 .rodata        0x00816446       0x20 c:/altera/12.1sp1/nios2eds/bin/gnu/h-i686-mingw32/bin/../lib/gcc/nios2-elf/4.1.2/../../../../nios2-elf/lib/mno-hw-mul\libc.a(lib_a-vfprintf.o)
 *fill*         0x00816466        0x2 00
 .rodata.str1.4
                0x00816468       0x10 c:/altera/12.1sp1/nios2eds/bin/gnu/h-i686-mingw32/bin/../lib/gcc/nios2-elf/4.1.2/../../../../nios2-elf/lib/mno-hw-mul\libc.a(lib_a-dtoa.o)
                                 0x14 (size before relaxing)
 .rodata.str1.4
                0x00816478        0x2 c:/altera/12.1sp1/nios2eds/bin/gnu/h-i686-mingw32/bin/../lib/gcc/nios2-elf/4.1.2/../../../../nios2-elf/lib/mno-hw-mul\libc.a(lib_a-impure.o)
                                  0x4 (size before relaxing)
 *fill*         0x0081647a        0x2 00
 .rodata.str1.4
                0x0081647c       0x10 c:/altera/12.1sp1/nios2eds/bin/gnu/h-i686-mingw32/bin/../lib/gcc/nios2-elf/4.1.2/../../../../nios2-elf/lib/mno-hw-mul\libc.a(lib_a-locale.o)
                                 0x18 (size before relaxing)
 .rodata        0x0081648c       0x30 c:/altera/12.1sp1/nios2eds/bin/gnu/h-i686-mingw32/bin/../lib/gcc/nios2-elf/4.1.2/../../../../nios2-elf/lib/mno-hw-mul\libc.a(lib_a-locale.o)
 .rodata        0x008164bc      0x124 c:/altera/12.1sp1/nios2eds/bin/gnu/h-i686-mingw32/bin/../lib/gcc/nios2-elf/4.1.2/../../../../nios2-elf/lib/mno-hw-mul\libc.a(lib_a-mprec.o)
                0x008164bc                __mprec_tens
                0x00816584                __mprec_bigtens
                0x008165ac                __mprec_tinytens
 .rodata        0x008165e0       0x14 c:/altera/12.1sp1/nios2eds/bin/gnu/h-i686-mingw32/bin/../lib/gcc/nios2-elf/4.1.2/mno-hw-mul\libgcc.a(_thenan_df.o)
                0x008165e0                __thenan_df
 .rodata        0x008165f4      0x100 c:/altera/12.1sp1/nios2eds/bin/gnu/h-i686-mingw32/bin/../lib/gcc/nios2-elf/4.1.2/mno-hw-mul\libgcc.a(_clz.o)
                0x008165f4                __clz_tab
 .rodata        0x008166f4        0xc ../MIDIGenerator_bsp/\libucosii_bsp.a(alt_dev.o)
 .rodata        0x00816700       0x14 ../MIDIGenerator_bsp/\libucosii_bsp.a(alt_main.o)
 .rodata        0x00816714      0x120 ../MIDIGenerator_bsp/\libucosii_bsp.a(os_core.o)
                0x00816714                OSUnMapTbl
 .rodata        0x00816834       0x2c ../MIDIGenerator_bsp/\libucosii_bsp.a(alt_sys_init.o)
 .rodata        0x00816860        0x4 ../MIDIGenerator_bsp/\libucosii_bsp.a(os_cpu_c.o)
 *(.rodata1)
                0x00816864                . = ALIGN (0x4)
                0x00816864                PROVIDE (__ram_rodata_end, ABSOLUTE (.))
                0x00816328                PROVIDE (__flash_rodata_start, LOADADDR (.rodata))

.rwdata         0x00816864     0x1b60 load address 0x008183c4
                0x00816864                PROVIDE (__ram_rwdata_start, ABSOLUTE (.))
                0x00816864                . = ALIGN (0x4)
 *(.got.plt)
 *(.got)
 *(.data1)
 *(.data .data.* .gnu.linkonce.d.*)
 .data          0x00816864        0x0 ../MIDIGenerator_bsp//obj/HAL/src/crt0.o
 .data          0x00816864       0x50 obj/default/hello_ucosii.o
 .data          0x008168b4        0x0 c:/altera/12.1sp1/nios2eds/bin/gnu/h-i686-mingw32/bin/../lib/gcc/nios2-elf/4.1.2/mno-hw-mul\libgcc.a(lib2-mul.o)
 .data          0x008168b4        0x0 c:/altera/12.1sp1/nios2eds/bin/gnu/h-i686-mingw32/bin/../lib/gcc/nios2-elf/4.1.2/../../../../nios2-elf/lib/mno-hw-mul\libc.a(lib_a-printf.o)
 .data          0x008168b4        0x0 c:/altera/12.1sp1/nios2eds/bin/gnu/h-i686-mingw32/bin/../lib/gcc/nios2-elf/4.1.2/../../../../nios2-elf/lib/mno-hw-mul\libc.a(lib_a-strcat.o)
 .data          0x008168b4        0x0 c:/altera/12.1sp1/nios2eds/bin/gnu/h-i686-mingw32/bin/../lib/gcc/nios2-elf/4.1.2/../../../../nios2-elf/lib/mno-hw-mul\libc.a(lib_a-strcpy.o)
 .data          0x008168b4        0x0 c:/altera/12.1sp1/nios2eds/bin/gnu/h-i686-mingw32/bin/../lib/gcc/nios2-elf/4.1.2/../../../../nios2-elf/lib/mno-hw-mul\libc.a(lib_a-vfprintf.o)
 .data          0x008168b4        0x0 c:/altera/12.1sp1/nios2eds/bin/gnu/h-i686-mingw32/bin/../lib/gcc/nios2-elf/4.1.2/../../../../nios2-elf/lib/mno-hw-mul\libc.a(lib_a-wsetup.o)
 .data          0x008168b4        0x0 c:/altera/12.1sp1/nios2eds/bin/gnu/h-i686-mingw32/bin/../lib/gcc/nios2-elf/4.1.2/../../../../nios2-elf/lib/mno-hw-mul\libc.a(lib_a-dtoa.o)
 .data          0x008168b4        0x0 c:/altera/12.1sp1/nios2eds/bin/gnu/h-i686-mingw32/bin/../lib/gcc/nios2-elf/4.1.2/../../../../nios2-elf/lib/mno-hw-mul\libc.a(lib_a-fflush.o)
 .data          0x008168b4        0x0 c:/altera/12.1sp1/nios2eds/bin/gnu/h-i686-mingw32/bin/../lib/gcc/nios2-elf/4.1.2/../../../../nios2-elf/lib/mno-hw-mul\libc.a(lib_a-findfp.o)
 .data          0x008168b4        0x0 c:/altera/12.1sp1/nios2eds/bin/gnu/h-i686-mingw32/bin/../lib/gcc/nios2-elf/4.1.2/../../../../nios2-elf/lib/mno-hw-mul\libc.a(lib_a-freer.o)
 .data          0x008168b4        0x0 c:/altera/12.1sp1/nios2eds/bin/gnu/h-i686-mingw32/bin/../lib/gcc/nios2-elf/4.1.2/../../../../nios2-elf/lib/mno-hw-mul\libc.a(lib_a-fvwrite.o)
 .data          0x008168b4        0x0 c:/altera/12.1sp1/nios2eds/bin/gnu/h-i686-mingw32/bin/../lib/gcc/nios2-elf/4.1.2/../../../../nios2-elf/lib/mno-hw-mul\libc.a(lib_a-fwalk.o)
 .data          0x008168b4      0x400 c:/altera/12.1sp1/nios2eds/bin/gnu/h-i686-mingw32/bin/../lib/gcc/nios2-elf/4.1.2/../../../../nios2-elf/lib/mno-hw-mul\libc.a(lib_a-impure.o)
 .data          0x00816cb4        0xc c:/altera/12.1sp1/nios2eds/bin/gnu/h-i686-mingw32/bin/../lib/gcc/nios2-elf/4.1.2/../../../../nios2-elf/lib/mno-hw-mul\libc.a(lib_a-locale.o)
                0x00816cb4                __lc_ctype
 .data          0x00816cc0        0x0 c:/altera/12.1sp1/nios2eds/bin/gnu/h-i686-mingw32/bin/../lib/gcc/nios2-elf/4.1.2/../../../../nios2-elf/lib/mno-hw-mul\libc.a(lib_a-makebuf.o)
 .data          0x00816cc0      0x408 c:/altera/12.1sp1/nios2eds/bin/gnu/h-i686-mingw32/bin/../lib/gcc/nios2-elf/4.1.2/../../../../nios2-elf/lib/mno-hw-mul\libc.a(lib_a-mallocr.o)
                0x00816cc0                __malloc_av_
 .data          0x008170c8        0x0 c:/altera/12.1sp1/nios2eds/bin/gnu/h-i686-mingw32/bin/../lib/gcc/nios2-elf/4.1.2/../../../../nios2-elf/lib/mno-hw-mul\libc.a(lib_a-memchr.o)
 .data          0x008170c8        0x0 c:/altera/12.1sp1/nios2eds/bin/gnu/h-i686-mingw32/bin/../lib/gcc/nios2-elf/4.1.2/../../../../nios2-elf/lib/mno-hw-mul\libc.a(lib_a-memcpy.o)
 .data          0x008170c8        0x0 c:/altera/12.1sp1/nios2eds/bin/gnu/h-i686-mingw32/bin/../lib/gcc/nios2-elf/4.1.2/../../../../nios2-elf/lib/mno-hw-mul\libc.a(lib_a-memmove.o)
 .data          0x008170c8        0x0 c:/altera/12.1sp1/nios2eds/bin/gnu/h-i686-mingw32/bin/../lib/gcc/nios2-elf/4.1.2/../../../../nios2-elf/lib/mno-hw-mul\libc.a(lib_a-memset.o)
 .data          0x008170c8        0x0 c:/altera/12.1sp1/nios2eds/bin/gnu/h-i686-mingw32/bin/../lib/gcc/nios2-elf/4.1.2/../../../../nios2-elf/lib/mno-hw-mul\libc.a(lib_a-mprec.o)
 .data          0x008170c8        0x0 c:/altera/12.1sp1/nios2eds/bin/gnu/h-i686-mingw32/bin/../lib/gcc/nios2-elf/4.1.2/../../../../nios2-elf/lib/mno-hw-mul\libc.a(lib_a-reallocr.o)
 .data          0x008170c8        0x0 c:/altera/12.1sp1/nios2eds/bin/gnu/h-i686-mingw32/bin/../lib/gcc/nios2-elf/4.1.2/../../../../nios2-elf/lib/mno-hw-mul\libc.a(lib_a-s_isinfd.o)
 .data          0x008170c8        0x0 c:/altera/12.1sp1/nios2eds/bin/gnu/h-i686-mingw32/bin/../lib/gcc/nios2-elf/4.1.2/../../../../nios2-elf/lib/mno-hw-mul\libc.a(lib_a-s_isnand.o)
 .data          0x008170c8        0x0 c:/altera/12.1sp1/nios2eds/bin/gnu/h-i686-mingw32/bin/../lib/gcc/nios2-elf/4.1.2/../../../../nios2-elf/lib/mno-hw-mul\libc.a(lib_a-sbrkr.o)
 .data          0x008170c8        0x0 c:/altera/12.1sp1/nios2eds/bin/gnu/h-i686-mingw32/bin/../lib/gcc/nios2-elf/4.1.2/../../../../nios2-elf/lib/mno-hw-mul\libc.a(lib_a-stdio.o)
 .data          0x008170c8        0x0 c:/altera/12.1sp1/nios2eds/bin/gnu/h-i686-mingw32/bin/../lib/gcc/nios2-elf/4.1.2/../../../../nios2-elf/lib/mno-hw-mul\libc.a(lib_a-strcmp.o)
 .data          0x008170c8        0x0 c:/altera/12.1sp1/nios2eds/bin/gnu/h-i686-mingw32/bin/../lib/gcc/nios2-elf/4.1.2/../../../../nios2-elf/lib/mno-hw-mul\libc.a(lib_a-strlen.o)
 .data          0x008170c8        0x0 c:/altera/12.1sp1/nios2eds/bin/gnu/h-i686-mingw32/bin/../lib/gcc/nios2-elf/4.1.2/../../../../nios2-elf/lib/mno-hw-mul\libc.a(lib_a-writer.o)
 .data          0x008170c8        0x0 c:/altera/12.1sp1/nios2eds/bin/gnu/h-i686-mingw32/bin/../lib/gcc/nios2-elf/4.1.2/../../../../nios2-elf/lib/mno-hw-mul\libc.a(lib_a-callocr.o)
 .data          0x008170c8        0x0 c:/altera/12.1sp1/nios2eds/bin/gnu/h-i686-mingw32/bin/../lib/gcc/nios2-elf/4.1.2/../../../../nios2-elf/lib/mno-hw-mul\libc.a(lib_a-closer.o)
 .data          0x008170c8        0x0 c:/altera/12.1sp1/nios2eds/bin/gnu/h-i686-mingw32/bin/../lib/gcc/nios2-elf/4.1.2/../../../../nios2-elf/lib/mno-hw-mul\libc.a(lib_a-fclose.o)
 .data          0x008170c8        0x0 c:/altera/12.1sp1/nios2eds/bin/gnu/h-i686-mingw32/bin/../lib/gcc/nios2-elf/4.1.2/../../../../nios2-elf/lib/mno-hw-mul\libc.a(lib_a-fstatr.o)
 .data          0x008170c8        0x0 c:/altera/12.1sp1/nios2eds/bin/gnu/h-i686-mingw32/bin/../lib/gcc/nios2-elf/4.1.2/../../../../nios2-elf/lib/mno-hw-mul\libc.a(lib_a-int_errno.o)
 .data          0x008170c8        0x0 c:/altera/12.1sp1/nios2eds/bin/gnu/h-i686-mingw32/bin/../lib/gcc/nios2-elf/4.1.2/../../../../nios2-elf/lib/mno-hw-mul\libc.a(lib_a-isattyr.o)
 .data          0x008170c8        0x0 c:/altera/12.1sp1/nios2eds/bin/gnu/h-i686-mingw32/bin/../lib/gcc/nios2-elf/4.1.2/../../../../nios2-elf/lib/mno-hw-mul\libc.a(lib_a-lseekr.o)
 .data          0x008170c8        0x0 c:/altera/12.1sp1/nios2eds/bin/gnu/h-i686-mingw32/bin/../lib/gcc/nios2-elf/4.1.2/../../../../nios2-elf/lib/mno-hw-mul\libc.a(lib_a-readr.o)
 .data          0x008170c8        0x0 c:/altera/12.1sp1/nios2eds/bin/gnu/h-i686-mingw32/bin/../lib/gcc/nios2-elf/4.1.2/mno-hw-mul\libgcc.a(_udivdi3.o)
 .data          0x008170c8        0x0 c:/altera/12.1sp1/nios2eds/bin/gnu/h-i686-mingw32/bin/../lib/gcc/nios2-elf/4.1.2/mno-hw-mul\libgcc.a(_umoddi3.o)
 .data          0x008170c8        0x0 c:/altera/12.1sp1/nios2eds/bin/gnu/h-i686-mingw32/bin/../lib/gcc/nios2-elf/4.1.2/mno-hw-mul\libgcc.a(_addsub_df.o)
 .data          0x008170c8        0x0 c:/altera/12.1sp1/nios2eds/bin/gnu/h-i686-mingw32/bin/../lib/gcc/nios2-elf/4.1.2/mno-hw-mul\libgcc.a(_mul_df.o)
 .data          0x008170c8        0x0 c:/altera/12.1sp1/nios2eds/bin/gnu/h-i686-mingw32/bin/../lib/gcc/nios2-elf/4.1.2/mno-hw-mul\libgcc.a(_div_df.o)
 .data          0x008170c8        0x0 c:/altera/12.1sp1/nios2eds/bin/gnu/h-i686-mingw32/bin/../lib/gcc/nios2-elf/4.1.2/mno-hw-mul\libgcc.a(_eq_df.o)
 .data          0x008170c8        0x0 c:/altera/12.1sp1/nios2eds/bin/gnu/h-i686-mingw32/bin/../lib/gcc/nios2-elf/4.1.2/mno-hw-mul\libgcc.a(_ne_df.o)
 .data          0x008170c8        0x0 c:/altera/12.1sp1/nios2eds/bin/gnu/h-i686-mingw32/bin/../lib/gcc/nios2-elf/4.1.2/mno-hw-mul\libgcc.a(_gt_df.o)
 .data          0x008170c8        0x0 c:/altera/12.1sp1/nios2eds/bin/gnu/h-i686-mingw32/bin/../lib/gcc/nios2-elf/4.1.2/mno-hw-mul\libgcc.a(_ge_df.o)
 .data          0x008170c8        0x0 c:/altera/12.1sp1/nios2eds/bin/gnu/h-i686-mingw32/bin/../lib/gcc/nios2-elf/4.1.2/mno-hw-mul\libgcc.a(_lt_df.o)
 .data          0x008170c8        0x0 c:/altera/12.1sp1/nios2eds/bin/gnu/h-i686-mingw32/bin/../lib/gcc/nios2-elf/4.1.2/mno-hw-mul\libgcc.a(_si_to_df.o)
 .data          0x008170c8        0x0 c:/altera/12.1sp1/nios2eds/bin/gnu/h-i686-mingw32/bin/../lib/gcc/nios2-elf/4.1.2/mno-hw-mul\libgcc.a(_df_to_si.o)
 .data          0x008170c8        0x0 c:/altera/12.1sp1/nios2eds/bin/gnu/h-i686-mingw32/bin/../lib/gcc/nios2-elf/4.1.2/mno-hw-mul\libgcc.a(_thenan_df.o)
 .data          0x008170c8        0x0 c:/altera/12.1sp1/nios2eds/bin/gnu/h-i686-mingw32/bin/../lib/gcc/nios2-elf/4.1.2/mno-hw-mul\libgcc.a(_usi_to_df.o)
 .data          0x008170c8        0x0 c:/altera/12.1sp1/nios2eds/bin/gnu/h-i686-mingw32/bin/../lib/gcc/nios2-elf/4.1.2/mno-hw-mul\libgcc.a(lib2-divmod.o)
 .data          0x008170c8        0x0 c:/altera/12.1sp1/nios2eds/bin/gnu/h-i686-mingw32/bin/../lib/gcc/nios2-elf/4.1.2/mno-hw-mul\libgcc.a(_muldi3.o)
 .data          0x008170c8        0x0 c:/altera/12.1sp1/nios2eds/bin/gnu/h-i686-mingw32/bin/../lib/gcc/nios2-elf/4.1.2/mno-hw-mul\libgcc.a(_clz.o)
 .data          0x008170c8        0x0 c:/altera/12.1sp1/nios2eds/bin/gnu/h-i686-mingw32/bin/../lib/gcc/nios2-elf/4.1.2/mno-hw-mul\libgcc.a(_clzsi2.o)
 .data          0x008170c8        0x0 c:/altera/12.1sp1/nios2eds/bin/gnu/h-i686-mingw32/bin/../lib/gcc/nios2-elf/4.1.2/mno-hw-mul\libgcc.a(_pack_df.o)
 .data          0x008170c8        0x0 c:/altera/12.1sp1/nios2eds/bin/gnu/h-i686-mingw32/bin/../lib/gcc/nios2-elf/4.1.2/mno-hw-mul\libgcc.a(_unpack_df.o)
 .data          0x008170c8        0x0 c:/altera/12.1sp1/nios2eds/bin/gnu/h-i686-mingw32/bin/../lib/gcc/nios2-elf/4.1.2/mno-hw-mul\libgcc.a(_fpcmp_parts_df.o)
 .data          0x008170c8        0x0 ../MIDIGenerator_bsp/\libucosii_bsp.a(alt_close.o)
 .data          0x008170c8      0x1a8 ../MIDIGenerator_bsp/\libucosii_bsp.a(alt_dev.o)
                0x008170c8                alt_dev_null
                0x008170f0                alt_fd_list
 .data          0x00817270        0x0 ../MIDIGenerator_bsp/\libucosii_bsp.a(alt_errno.o)
 .data          0x00817270        0x0 ../MIDIGenerator_bsp/\libucosii_bsp.a(alt_fstat.o)
 .data          0x00817270        0x0 ../MIDIGenerator_bsp/\libucosii_bsp.a(alt_isatty.o)
 .data          0x00817270        0x0 ../MIDIGenerator_bsp/\libucosii_bsp.a(alt_load.o)
 .data          0x00817270        0x0 ../MIDIGenerator_bsp/\libucosii_bsp.a(alt_lseek.o)
 .data          0x00817270        0x0 ../MIDIGenerator_bsp/\libucosii_bsp.a(alt_main.o)
 .data          0x00817270        0x0 ../MIDIGenerator_bsp/\libucosii_bsp.a(alt_printf.o)
 .data          0x00817270        0x0 ../MIDIGenerator_bsp/\libucosii_bsp.a(alt_putchar.o)
 .data          0x00817270        0x0 ../MIDIGenerator_bsp/\libucosii_bsp.a(alt_read.o)
 .data          0x00817270        0x0 ../MIDIGenerator_bsp/\libucosii_bsp.a(alt_release_fd.o)
 .data          0x00817270        0x0 ../MIDIGenerator_bsp/\libucosii_bsp.a(alt_sbrk.o)
 .data          0x00817270        0x0 ../MIDIGenerator_bsp/\libucosii_bsp.a(alt_write.o)
 .data          0x00817270        0x0 ../MIDIGenerator_bsp/\libucosii_bsp.a(alt_env_lock.o)
 .data          0x00817270        0x0 ../MIDIGenerator_bsp/\libucosii_bsp.a(alt_malloc_lock.o)
 .data          0x00817270        0x0 ../MIDIGenerator_bsp/\libucosii_bsp.a(os_core.o)
 .data          0x00817270        0x0 ../MIDIGenerator_bsp/\libucosii_bsp.a(os_dbg.o)
 .data          0x00817270        0x0 ../MIDIGenerator_bsp/\libucosii_bsp.a(os_flag.o)
 .data          0x00817270        0x0 ../MIDIGenerator_bsp/\libucosii_bsp.a(os_mem.o)
 .data          0x00817270        0x0 ../MIDIGenerator_bsp/\libucosii_bsp.a(os_q.o)
 .data          0x00817270        0x0 ../MIDIGenerator_bsp/\libucosii_bsp.a(os_sem.o)
 .data          0x00817270        0x0 ../MIDIGenerator_bsp/\libucosii_bsp.a(os_task.o)
 .data          0x00817270        0x0 ../MIDIGenerator_bsp/\libucosii_bsp.a(os_time.o)
 .data          0x00817270     0x1098 ../MIDIGenerator_bsp/\libucosii_bsp.a(alt_sys_init.o)
 .data          0x00818308        0x0 ../MIDIGenerator_bsp/\libucosii_bsp.a(altera_avalon_jtag_uart_fd.o)
 .data          0x00818308        0x0 ../MIDIGenerator_bsp/\libucosii_bsp.a(altera_avalon_jtag_uart_init.o)
 .data          0x00818308        0x0 ../MIDIGenerator_bsp/\libucosii_bsp.a(altera_avalon_jtag_uart_ioctl.o)
 .data          0x00818308        0x0 ../MIDIGenerator_bsp/\libucosii_bsp.a(altera_avalon_jtag_uart_read.o)
 .data          0x00818308        0x0 ../MIDIGenerator_bsp/\libucosii_bsp.a(altera_avalon_jtag_uart_write.o)
 .data          0x00818308        0x0 ../MIDIGenerator_bsp/\libucosii_bsp.a(altera_avalon_timer_sc.o)
 .data          0x00818308        0x0 ../MIDIGenerator_bsp/\libucosii_bsp.a(altera_up_avalon_character_lcd.o)
 .data          0x00818308        0x0 ../MIDIGenerator_bsp/\libucosii_bsp.a(alt_alarm_start.o)
 .data          0x00818308        0x0 ../MIDIGenerator_bsp/\libucosii_bsp.a(alt_dcache_flush_all.o)
 .data          0x00818308        0x0 ../MIDIGenerator_bsp/\libucosii_bsp.a(alt_dev_llist_insert.o)
 .data          0x00818308        0x0 ../MIDIGenerator_bsp/\libucosii_bsp.a(alt_do_ctors.o)
 .data          0x00818308        0x0 ../MIDIGenerator_bsp/\libucosii_bsp.a(alt_do_dtors.o)
 .data          0x00818308        0x0 ../MIDIGenerator_bsp/\libucosii_bsp.a(alt_find_dev.o)
 .data          0x00818308        0x0 ../MIDIGenerator_bsp/\libucosii_bsp.a(alt_icache_flush_all.o)
 .data          0x00818308        0x0 ../MIDIGenerator_bsp/\libucosii_bsp.a(alt_iic.o)
 .data          0x00818308        0x0 ../MIDIGenerator_bsp/\libucosii_bsp.a(alt_iic_isr_register.o)
 .data          0x00818308        0x0 ../MIDIGenerator_bsp/\libucosii_bsp.a(alt_io_redirect.o)
 .data          0x00818308        0x0 ../MIDIGenerator_bsp/\libucosii_bsp.a(alt_irq_entry.o)
 .data          0x00818308        0x0 ../MIDIGenerator_bsp/\libucosii_bsp.a(alt_irq_handler.o)
 .data          0x00818308        0x0 ../MIDIGenerator_bsp/\libucosii_bsp.a(alt_irq_vars.o)
 .data          0x00818308        0x0 ../MIDIGenerator_bsp/\libucosii_bsp.a(alt_open.o)
 .data          0x00818308        0x0 ../MIDIGenerator_bsp/\libucosii_bsp.a(alt_tick.o)
 .data          0x00818308        0x0 ../MIDIGenerator_bsp/\libucosii_bsp.a(altera_nios2_qsys_irq.o)
 .data          0x00818308        0x0 ../MIDIGenerator_bsp/\libucosii_bsp.a(os_cpu_a.o)
 .data          0x00818308        0x0 ../MIDIGenerator_bsp/\libucosii_bsp.a(os_cpu_c.o)
 .data          0x00818308        0x0 ../MIDIGenerator_bsp/\libucosii_bsp.a(alt_exception_entry.o)
 .data          0x00818308        0x0 ../MIDIGenerator_bsp/\libucosii_bsp.a(alt_find_file.o)
 .data          0x00818308        0x0 ../MIDIGenerator_bsp/\libucosii_bsp.a(alt_get_fd.o)
 .data          0x00818308        0x0 c:/altera/12.1sp1/nios2eds/bin/gnu/h-i686-mingw32/bin/../lib/gcc/nios2-elf/4.1.2/../../../../nios2-elf/lib/mno-hw-mul\libc.a(lib_a-atexit.o)
 .data          0x00818308        0x0 c:/altera/12.1sp1/nios2eds/bin/gnu/h-i686-mingw32/bin/../lib/gcc/nios2-elf/4.1.2/../../../../nios2-elf/lib/mno-hw-mul\libc.a(lib_a-exit.o)
 .data          0x00818308        0x0 c:/altera/12.1sp1/nios2eds/bin/gnu/h-i686-mingw32/bin/../lib/gcc/nios2-elf/4.1.2/../../../../nios2-elf/lib/mno-hw-mul\libc.a(lib_a-memcmp.o)
 .data          0x00818308        0x0 c:/altera/12.1sp1/nios2eds/bin/gnu/h-i686-mingw32/bin/../lib/gcc/nios2-elf/4.1.2/../../../../nios2-elf/lib/mno-hw-mul\libc.a(lib_a-putc.o)
 .data          0x00818308        0x0 c:/altera/12.1sp1/nios2eds/bin/gnu/h-i686-mingw32/bin/../lib/gcc/nios2-elf/4.1.2/../../../../nios2-elf/lib/mno-hw-mul\libc.a(lib_a-wbuf.o)
 .data          0x00818308        0x0 c:/altera/12.1sp1/nios2eds/bin/gnu/h-i686-mingw32/bin/../lib/gcc/nios2-elf/4.1.2/../../../../nios2-elf/lib/mno-hw-mul\libc.a(lib_a-__atexit.o)
 .data          0x00818308        0x0 c:/altera/12.1sp1/nios2eds/bin/gnu/h-i686-mingw32/bin/../lib/gcc/nios2-elf/4.1.2/../../../../nios2-elf/lib/mno-hw-mul\libc.a(lib_a-__call_atexit.o)
 .data          0x00818308        0x0 ../MIDIGenerator_bsp/\libucosii_bsp.a(alt_exit.o)
                0x00820308                _gp = ABSOLUTE ((. + 0x8000))
                0x00820308                PROVIDE (gp, _gp)
 *(.rwdata .rwdata.*)
 *(.sdata .sdata.* .gnu.linkonce.s.*)
 .sdata         0x00818308        0x8 c:/altera/12.1sp1/nios2eds/bin/gnu/h-i686-mingw32/bin/../lib/gcc/nios2-elf/4.1.2/../../../../nios2-elf/lib/mno-hw-mul\libc.a(lib_a-impure.o)
                0x00818308                _impure_ptr
                0x0081830c                _global_impure_ptr
 .sdata         0x00818310        0x8 c:/altera/12.1sp1/nios2eds/bin/gnu/h-i686-mingw32/bin/../lib/gcc/nios2-elf/4.1.2/../../../../nios2-elf/lib/mno-hw-mul\libc.a(lib_a-locale.o)
                0x00818310                __mb_cur_max
 .sdata         0x00818318        0x8 c:/altera/12.1sp1/nios2eds/bin/gnu/h-i686-mingw32/bin/../lib/gcc/nios2-elf/4.1.2/../../../../nios2-elf/lib/mno-hw-mul\libc.a(lib_a-mallocr.o)
                0x00818318                __malloc_trim_threshold
                0x0081831c                __malloc_sbrk_base
 .sdata         0x00818320       0x14 ../MIDIGenerator_bsp/\libucosii_bsp.a(alt_dev.o)
                0x00818320                alt_fs_list
                0x00818328                alt_dev_list
                0x00818330                alt_max_fd
 .sdata         0x00818334        0x4 ../MIDIGenerator_bsp/\libucosii_bsp.a(alt_errno.o)
                0x00818334                alt_errno
 .sdata         0x00818338        0x4 ../MIDIGenerator_bsp/\libucosii_bsp.a(alt_sbrk.o)
 .sdata         0x0081833c        0x4 ../MIDIGenerator_bsp/\libucosii_bsp.a(alt_env_lock.o)
 .sdata         0x00818340        0x4 ../MIDIGenerator_bsp/\libucosii_bsp.a(alt_malloc_lock.o)
 .sdata         0x00818344       0x74 ../MIDIGenerator_bsp/\libucosii_bsp.a(os_dbg.o)
                0x00818344                OSDebugEn
                0x00818348                OSEndiannessTest
                0x0081834c                OSEventEn
                0x0081834e                OSEventMax
                0x00818350                OSEventNameSize
                0x00818352                OSEventSize
                0x00818354                OSEventTblSize
                0x00818356                OSEventMultiEn
                0x00818358                OSFlagEn
                0x0081835a                OSFlagGrpSize
                0x0081835c                OSFlagNodeSize
                0x0081835e                OSFlagWidth
                0x00818360                OSFlagMax
                0x00818362                OSFlagNameSize
                0x00818364                OSLowestPrio
                0x00818366                OSMboxEn
                0x00818368                OSMemEn
                0x0081836a                OSMemMax
                0x0081836c                OSMemNameSize
                0x0081836e                OSMemSize
                0x00818370                OSMemTblSize
                0x00818372                OSMutexEn
                0x00818374                OSPtrSize
                0x00818376                OSQEn
                0x00818378                OSQMax
                0x0081837a                OSQSize
                0x0081837c                OSRdyTblSize
                0x0081837e                OSSemEn
                0x00818380                OSStkWidth
                0x00818382                OSTaskCreateEn
                0x00818384                OSTaskCreateExtEn
                0x00818386                OSTaskDelEn
                0x00818388                OSTaskIdleStkSize
                0x0081838a                OSTaskProfileEn
                0x0081838c                OSTaskMax
                0x0081838e                OSTaskNameSize
                0x00818390                OSTaskStatEn
                0x00818392                OSTaskStatStkSize
                0x00818394                OSTaskStatStkChkEn
                0x00818396                OSTaskSwHookEn
                0x00818398                OSTCBPrioTblMax
                0x0081839a                OSTCBSize
                0x0081839c                OSTicksPerSec
                0x0081839e                OSTimeTickHookEn
                0x008183a0                OSVersionNbr
                0x008183a2                OSTmrEn
                0x008183a4                OSTmrCfgMax
                0x008183a6                OSTmrCfgNameSize
                0x008183a8                OSTmrCfgWheelSize
                0x008183aa                OSTmrCfgTicksPerSec
                0x008183ac                OSTmrSize
                0x008183ae                OSTmrTblSize
                0x008183b0                OSTmrWheelSize
                0x008183b2                OSTmrWheelTblSize
                0x008183b4                OSDataSize
 .sdata         0x008183b8        0x4 ../MIDIGenerator_bsp/\libucosii_bsp.a(alt_irq_vars.o)
                0x008183b8                alt_priority_mask
 .sdata         0x008183bc        0x8 ../MIDIGenerator_bsp/\libucosii_bsp.a(alt_tick.o)
                0x008183bc                alt_alarm_list
 *(.sdata2 .sdata2.* .gnu.linkonce.s2.*)
                0x008183c4                . = ALIGN (0x4)
                0x008183c4                _edata = ABSOLUTE (.)
                0x008183c4                PROVIDE (edata, ABSOLUTE (.))
                0x008183c4                PROVIDE (__ram_rwdata_end, ABSOLUTE (.))
                0x008183c4                PROVIDE (__flash_rwdata_start, LOADADDR (.rwdata))

.bss            0x00819f24     0x5580
                0x00819f24                __bss_start = ABSOLUTE (.)
                0x00819f24                PROVIDE (__sbss_start, ABSOLUTE (.))
                0x00819f24                PROVIDE (___sbss_start, ABSOLUTE (.))
 *(.dynsbss)
 *(.sbss .sbss.* .gnu.linkonce.sb.*)
 .sbss          0x00819f24        0xc c:/altera/12.1sp1/nios2eds/bin/gnu/h-i686-mingw32/bin/../lib/gcc/nios2-elf/4.1.2/../../../../nios2-elf/lib/mno-hw-mul\libc.a(lib_a-locale.o)
                0x00819f24                __nlocale_changed
                0x00819f28                __mlocale_changed
                0x00819f2c                _PathLocale
 .sbss          0x00819f30        0xc c:/altera/12.1sp1/nios2eds/bin/gnu/h-i686-mingw32/bin/../lib/gcc/nios2-elf/4.1.2/../../../../nios2-elf/lib/mno-hw-mul\libc.a(lib_a-mallocr.o)
                0x00819f30                __malloc_top_pad
                0x00819f34                __malloc_max_sbrked_mem
                0x00819f38                __malloc_max_total_mem
 .sbss          0x00819f3c        0x4 c:/altera/12.1sp1/nios2eds/bin/gnu/h-i686-mingw32/bin/../lib/gcc/nios2-elf/4.1.2/../../../../nios2-elf/lib/mno-hw-mul\libc.a(lib_a-int_errno.o)
                0x00819f3c                errno
 .sbss          0x00819f40        0x4 ../MIDIGenerator_bsp/\libucosii_bsp.a(alt_dev.o)
                0x00819f40                alt_fd_list_lock
 .sbss          0x00819f44        0xc ../MIDIGenerator_bsp/\libucosii_bsp.a(alt_main.o)
                0x00819f44                alt_argc
                0x00819f48                alt_argv
                0x00819f4c                alt_envp
 .sbss          0x00819f50        0x8 ../MIDIGenerator_bsp/\libucosii_bsp.a(alt_env_lock.o)
                0x00819f54                alt_envsem
 .sbss          0x00819f58        0x8 ../MIDIGenerator_bsp/\libucosii_bsp.a(alt_malloc_lock.o)
                0x00819f5c                alt_heapsem
 .sbss          0x00819f60       0x50 ../MIDIGenerator_bsp/\libucosii_bsp.a(os_core.o)
                0x00819f60                OSLockNesting
                0x00819f61                OSRunning
                0x00819f64                OSIdleCtr
                0x00819f68                OSPrioHighRdy
                0x00819f69                OSPrioCur
                0x00819f6c                OSTCBList
                0x00819f70                OSTickStepState
                0x00819f74                OSCtxSwCtr
                0x00819f78                OSIdleCtrMax
                0x00819f7c                OSTCBFreeList
                0x00819f80                OSCPUUsage
                0x00819f81                OSTaskCtr
                0x00819f84                OSMemFreeList
                0x00819f88                OSTCBHighRdy
                0x00819f8c                OSQFreeList
                0x00819f90                OSRdyGrp
                0x00819f91                OSRdyTbl
                0x00819f94                OSEventFreeList
                0x00819f98                OSIntNesting
                0x00819f9c                OSTCBCur
                0x00819fa0                OSTime
                0x00819fa4                OSFlagFreeList
                0x00819fa8                OSStatRdy
                0x00819fac                OSIdleCtrRun
 .sbss          0x00819fb0        0x4 ../MIDIGenerator_bsp/\libucosii_bsp.a(alt_irq_vars.o)
                0x00819fb0                alt_irq_active
 .sbss          0x00819fb4        0x8 ../MIDIGenerator_bsp/\libucosii_bsp.a(alt_tick.o)
                0x00819fb4                _alt_tick_rate
                0x00819fb8                _alt_nticks
 *(.sbss2 .sbss2.* .gnu.linkonce.sb2.*)
 *(.scommon)
                0x00819fbc                PROVIDE (__sbss_end, ABSOLUTE (.))
                0x00819fbc                PROVIDE (___sbss_end, ABSOLUTE (.))
 *(.dynbss)
 *(.bss .bss.* .gnu.linkonce.b.*)
 .bss           0x00819fbc        0x0 ../MIDIGenerator_bsp//obj/HAL/src/crt0.o
 .bss           0x00819fbc        0x9 obj/default/hello_ucosii.o
 .bss           0x00819fc5        0x0 c:/altera/12.1sp1/nios2eds/bin/gnu/h-i686-mingw32/bin/../lib/gcc/nios2-elf/4.1.2/mno-hw-mul\libgcc.a(lib2-mul.o)
 .bss           0x00819fc5        0x0 c:/altera/12.1sp1/nios2eds/bin/gnu/h-i686-mingw32/bin/../lib/gcc/nios2-elf/4.1.2/../../../../nios2-elf/lib/mno-hw-mul\libc.a(lib_a-printf.o)
 .bss           0x00819fc5        0x0 c:/altera/12.1sp1/nios2eds/bin/gnu/h-i686-mingw32/bin/../lib/gcc/nios2-elf/4.1.2/../../../../nios2-elf/lib/mno-hw-mul\libc.a(lib_a-strcat.o)
 .bss           0x00819fc5        0x0 c:/altera/12.1sp1/nios2eds/bin/gnu/h-i686-mingw32/bin/../lib/gcc/nios2-elf/4.1.2/../../../../nios2-elf/lib/mno-hw-mul\libc.a(lib_a-strcpy.o)
 .bss           0x00819fc5        0x0 c:/altera/12.1sp1/nios2eds/bin/gnu/h-i686-mingw32/bin/../lib/gcc/nios2-elf/4.1.2/../../../../nios2-elf/lib/mno-hw-mul\libc.a(lib_a-vfprintf.o)
 .bss           0x00819fc5        0x0 c:/altera/12.1sp1/nios2eds/bin/gnu/h-i686-mingw32/bin/../lib/gcc/nios2-elf/4.1.2/../../../../nios2-elf/lib/mno-hw-mul\libc.a(lib_a-wsetup.o)
 .bss           0x00819fc5        0x0 c:/altera/12.1sp1/nios2eds/bin/gnu/h-i686-mingw32/bin/../lib/gcc/nios2-elf/4.1.2/../../../../nios2-elf/lib/mno-hw-mul\libc.a(lib_a-dtoa.o)
 .bss           0x00819fc5        0x0 c:/altera/12.1sp1/nios2eds/bin/gnu/h-i686-mingw32/bin/../lib/gcc/nios2-elf/4.1.2/../../../../nios2-elf/lib/mno-hw-mul\libc.a(lib_a-fflush.o)
 .bss           0x00819fc5        0x0 c:/altera/12.1sp1/nios2eds/bin/gnu/h-i686-mingw32/bin/../lib/gcc/nios2-elf/4.1.2/../../../../nios2-elf/lib/mno-hw-mul\libc.a(lib_a-findfp.o)
 .bss           0x00819fc5        0x0 c:/altera/12.1sp1/nios2eds/bin/gnu/h-i686-mingw32/bin/../lib/gcc/nios2-elf/4.1.2/../../../../nios2-elf/lib/mno-hw-mul\libc.a(lib_a-freer.o)
 .bss           0x00819fc5        0x0 c:/altera/12.1sp1/nios2eds/bin/gnu/h-i686-mingw32/bin/../lib/gcc/nios2-elf/4.1.2/../../../../nios2-elf/lib/mno-hw-mul\libc.a(lib_a-fvwrite.o)
 .bss           0x00819fc5        0x0 c:/altera/12.1sp1/nios2eds/bin/gnu/h-i686-mingw32/bin/../lib/gcc/nios2-elf/4.1.2/../../../../nios2-elf/lib/mno-hw-mul\libc.a(lib_a-fwalk.o)
 .bss           0x00819fc5        0x0 c:/altera/12.1sp1/nios2eds/bin/gnu/h-i686-mingw32/bin/../lib/gcc/nios2-elf/4.1.2/../../../../nios2-elf/lib/mno-hw-mul\libc.a(lib_a-impure.o)
 .bss           0x00819fc5        0x0 c:/altera/12.1sp1/nios2eds/bin/gnu/h-i686-mingw32/bin/../lib/gcc/nios2-elf/4.1.2/../../../../nios2-elf/lib/mno-hw-mul\libc.a(lib_a-locale.o)
 .bss           0x00819fc5        0x0 c:/altera/12.1sp1/nios2eds/bin/gnu/h-i686-mingw32/bin/../lib/gcc/nios2-elf/4.1.2/../../../../nios2-elf/lib/mno-hw-mul\libc.a(lib_a-makebuf.o)
 *fill*         0x00819fc5        0x3 00
 .bss           0x00819fc8       0x28 c:/altera/12.1sp1/nios2eds/bin/gnu/h-i686-mingw32/bin/../lib/gcc/nios2-elf/4.1.2/../../../../nios2-elf/lib/mno-hw-mul\libc.a(lib_a-mallocr.o)
                0x00819fc8                __malloc_current_mallinfo
 .bss           0x00819ff0        0x0 c:/altera/12.1sp1/nios2eds/bin/gnu/h-i686-mingw32/bin/../lib/gcc/nios2-elf/4.1.2/../../../../nios2-elf/lib/mno-hw-mul\libc.a(lib_a-memchr.o)
 .bss           0x00819ff0        0x0 c:/altera/12.1sp1/nios2eds/bin/gnu/h-i686-mingw32/bin/../lib/gcc/nios2-elf/4.1.2/../../../../nios2-elf/lib/mno-hw-mul\libc.a(lib_a-memcpy.o)
 .bss           0x00819ff0        0x0 c:/altera/12.1sp1/nios2eds/bin/gnu/h-i686-mingw32/bin/../lib/gcc/nios2-elf/4.1.2/../../../../nios2-elf/lib/mno-hw-mul\libc.a(lib_a-memmove.o)
 .bss           0x00819ff0        0x0 c:/altera/12.1sp1/nios2eds/bin/gnu/h-i686-mingw32/bin/../lib/gcc/nios2-elf/4.1.2/../../../../nios2-elf/lib/mno-hw-mul\libc.a(lib_a-memset.o)
 .bss           0x00819ff0        0x0 c:/altera/12.1sp1/nios2eds/bin/gnu/h-i686-mingw32/bin/../lib/gcc/nios2-elf/4.1.2/../../../../nios2-elf/lib/mno-hw-mul\libc.a(lib_a-mprec.o)
 .bss           0x00819ff0        0x0 c:/altera/12.1sp1/nios2eds/bin/gnu/h-i686-mingw32/bin/../lib/gcc/nios2-elf/4.1.2/../../../../nios2-elf/lib/mno-hw-mul\libc.a(lib_a-reallocr.o)
 .bss           0x00819ff0        0x0 c:/altera/12.1sp1/nios2eds/bin/gnu/h-i686-mingw32/bin/../lib/gcc/nios2-elf/4.1.2/../../../../nios2-elf/lib/mno-hw-mul\libc.a(lib_a-s_isinfd.o)
 .bss           0x00819ff0        0x0 c:/altera/12.1sp1/nios2eds/bin/gnu/h-i686-mingw32/bin/../lib/gcc/nios2-elf/4.1.2/../../../../nios2-elf/lib/mno-hw-mul\libc.a(lib_a-s_isnand.o)
 .bss           0x00819ff0        0x0 c:/altera/12.1sp1/nios2eds/bin/gnu/h-i686-mingw32/bin/../lib/gcc/nios2-elf/4.1.2/../../../../nios2-elf/lib/mno-hw-mul\libc.a(lib_a-sbrkr.o)
 .bss           0x00819ff0        0x0 c:/altera/12.1sp1/nios2eds/bin/gnu/h-i686-mingw32/bin/../lib/gcc/nios2-elf/4.1.2/../../../../nios2-elf/lib/mno-hw-mul\libc.a(lib_a-stdio.o)
 .bss           0x00819ff0        0x0 c:/altera/12.1sp1/nios2eds/bin/gnu/h-i686-mingw32/bin/../lib/gcc/nios2-elf/4.1.2/../../../../nios2-elf/lib/mno-hw-mul\libc.a(lib_a-strcmp.o)
 .bss           0x00819ff0        0x0 c:/altera/12.1sp1/nios2eds/bin/gnu/h-i686-mingw32/bin/../lib/gcc/nios2-elf/4.1.2/../../../../nios2-elf/lib/mno-hw-mul\libc.a(lib_a-strlen.o)
 .bss           0x00819ff0        0x0 c:/altera/12.1sp1/nios2eds/bin/gnu/h-i686-mingw32/bin/../lib/gcc/nios2-elf/4.1.2/../../../../nios2-elf/lib/mno-hw-mul\libc.a(lib_a-writer.o)
 .bss           0x00819ff0        0x0 c:/altera/12.1sp1/nios2eds/bin/gnu/h-i686-mingw32/bin/../lib/gcc/nios2-elf/4.1.2/../../../../nios2-elf/lib/mno-hw-mul\libc.a(lib_a-callocr.o)
 .bss           0x00819ff0        0x0 c:/altera/12.1sp1/nios2eds/bin/gnu/h-i686-mingw32/bin/../lib/gcc/nios2-elf/4.1.2/../../../../nios2-elf/lib/mno-hw-mul\libc.a(lib_a-closer.o)
 .bss           0x00819ff0        0x0 c:/altera/12.1sp1/nios2eds/bin/gnu/h-i686-mingw32/bin/../lib/gcc/nios2-elf/4.1.2/../../../../nios2-elf/lib/mno-hw-mul\libc.a(lib_a-fclose.o)
 .bss           0x00819ff0        0x0 c:/altera/12.1sp1/nios2eds/bin/gnu/h-i686-mingw32/bin/../lib/gcc/nios2-elf/4.1.2/../../../../nios2-elf/lib/mno-hw-mul\libc.a(lib_a-fstatr.o)
 .bss           0x00819ff0        0x0 c:/altera/12.1sp1/nios2eds/bin/gnu/h-i686-mingw32/bin/../lib/gcc/nios2-elf/4.1.2/../../../../nios2-elf/lib/mno-hw-mul\libc.a(lib_a-int_errno.o)
 .bss           0x00819ff0        0x0 c:/altera/12.1sp1/nios2eds/bin/gnu/h-i686-mingw32/bin/../lib/gcc/nios2-elf/4.1.2/../../../../nios2-elf/lib/mno-hw-mul\libc.a(lib_a-isattyr.o)
 .bss           0x00819ff0        0x0 c:/altera/12.1sp1/nios2eds/bin/gnu/h-i686-mingw32/bin/../lib/gcc/nios2-elf/4.1.2/../../../../nios2-elf/lib/mno-hw-mul\libc.a(lib_a-lseekr.o)
 .bss           0x00819ff0        0x0 c:/altera/12.1sp1/nios2eds/bin/gnu/h-i686-mingw32/bin/../lib/gcc/nios2-elf/4.1.2/../../../../nios2-elf/lib/mno-hw-mul\libc.a(lib_a-readr.o)
 .bss           0x00819ff0        0x0 c:/altera/12.1sp1/nios2eds/bin/gnu/h-i686-mingw32/bin/../lib/gcc/nios2-elf/4.1.2/mno-hw-mul\libgcc.a(_udivdi3.o)
 .bss           0x00819ff0        0x0 c:/altera/12.1sp1/nios2eds/bin/gnu/h-i686-mingw32/bin/../lib/gcc/nios2-elf/4.1.2/mno-hw-mul\libgcc.a(_umoddi3.o)
 .bss           0x00819ff0        0x0 c:/altera/12.1sp1/nios2eds/bin/gnu/h-i686-mingw32/bin/../lib/gcc/nios2-elf/4.1.2/mno-hw-mul\libgcc.a(_addsub_df.o)
 .bss           0x00819ff0        0x0 c:/altera/12.1sp1/nios2eds/bin/gnu/h-i686-mingw32/bin/../lib/gcc/nios2-elf/4.1.2/mno-hw-mul\libgcc.a(_mul_df.o)
 .bss           0x00819ff0        0x0 c:/altera/12.1sp1/nios2eds/bin/gnu/h-i686-mingw32/bin/../lib/gcc/nios2-elf/4.1.2/mno-hw-mul\libgcc.a(_div_df.o)
 .bss           0x00819ff0        0x0 c:/altera/12.1sp1/nios2eds/bin/gnu/h-i686-mingw32/bin/../lib/gcc/nios2-elf/4.1.2/mno-hw-mul\libgcc.a(_eq_df.o)
 .bss           0x00819ff0        0x0 c:/altera/12.1sp1/nios2eds/bin/gnu/h-i686-mingw32/bin/../lib/gcc/nios2-elf/4.1.2/mno-hw-mul\libgcc.a(_ne_df.o)
 .bss           0x00819ff0        0x0 c:/altera/12.1sp1/nios2eds/bin/gnu/h-i686-mingw32/bin/../lib/gcc/nios2-elf/4.1.2/mno-hw-mul\libgcc.a(_gt_df.o)
 .bss           0x00819ff0        0x0 c:/altera/12.1sp1/nios2eds/bin/gnu/h-i686-mingw32/bin/../lib/gcc/nios2-elf/4.1.2/mno-hw-mul\libgcc.a(_ge_df.o)
 .bss           0x00819ff0        0x0 c:/altera/12.1sp1/nios2eds/bin/gnu/h-i686-mingw32/bin/../lib/gcc/nios2-elf/4.1.2/mno-hw-mul\libgcc.a(_lt_df.o)
 .bss           0x00819ff0        0x0 c:/altera/12.1sp1/nios2eds/bin/gnu/h-i686-mingw32/bin/../lib/gcc/nios2-elf/4.1.2/mno-hw-mul\libgcc.a(_si_to_df.o)
 .bss           0x00819ff0        0x0 c:/altera/12.1sp1/nios2eds/bin/gnu/h-i686-mingw32/bin/../lib/gcc/nios2-elf/4.1.2/mno-hw-mul\libgcc.a(_df_to_si.o)
 .bss           0x00819ff0        0x0 c:/altera/12.1sp1/nios2eds/bin/gnu/h-i686-mingw32/bin/../lib/gcc/nios2-elf/4.1.2/mno-hw-mul\libgcc.a(_thenan_df.o)
 .bss           0x00819ff0        0x0 c:/altera/12.1sp1/nios2eds/bin/gnu/h-i686-mingw32/bin/../lib/gcc/nios2-elf/4.1.2/mno-hw-mul\libgcc.a(_usi_to_df.o)
 .bss           0x00819ff0        0x0 c:/altera/12.1sp1/nios2eds/bin/gnu/h-i686-mingw32/bin/../lib/gcc/nios2-elf/4.1.2/mno-hw-mul\libgcc.a(lib2-divmod.o)
 .bss           0x00819ff0        0x0 c:/altera/12.1sp1/nios2eds/bin/gnu/h-i686-mingw32/bin/../lib/gcc/nios2-elf/4.1.2/mno-hw-mul\libgcc.a(_muldi3.o)
 .bss           0x00819ff0        0x0 c:/altera/12.1sp1/nios2eds/bin/gnu/h-i686-mingw32/bin/../lib/gcc/nios2-elf/4.1.2/mno-hw-mul\libgcc.a(_clz.o)
 .bss           0x00819ff0        0x0 c:/altera/12.1sp1/nios2eds/bin/gnu/h-i686-mingw32/bin/../lib/gcc/nios2-elf/4.1.2/mno-hw-mul\libgcc.a(_clzsi2.o)
 .bss           0x00819ff0        0x0 c:/altera/12.1sp1/nios2eds/bin/gnu/h-i686-mingw32/bin/../lib/gcc/nios2-elf/4.1.2/mno-hw-mul\libgcc.a(_pack_df.o)
 .bss           0x00819ff0        0x0 c:/altera/12.1sp1/nios2eds/bin/gnu/h-i686-mingw32/bin/../lib/gcc/nios2-elf/4.1.2/mno-hw-mul\libgcc.a(_unpack_df.o)
 .bss           0x00819ff0        0x0 c:/altera/12.1sp1/nios2eds/bin/gnu/h-i686-mingw32/bin/../lib/gcc/nios2-elf/4.1.2/mno-hw-mul\libgcc.a(_fpcmp_parts_df.o)
 .bss           0x00819ff0        0x0 ../MIDIGenerator_bsp/\libucosii_bsp.a(alt_close.o)
 .bss           0x00819ff0        0x0 ../MIDIGenerator_bsp/\libucosii_bsp.a(alt_dev.o)
 .bss           0x00819ff0        0x0 ../MIDIGenerator_bsp/\libucosii_bsp.a(alt_errno.o)
 .bss           0x00819ff0        0x0 ../MIDIGenerator_bsp/\libucosii_bsp.a(alt_fstat.o)
 .bss           0x00819ff0        0x0 ../MIDIGenerator_bsp/\libucosii_bsp.a(alt_isatty.o)
 .bss           0x00819ff0        0x0 ../MIDIGenerator_bsp/\libucosii_bsp.a(alt_load.o)
 .bss           0x00819ff0        0x0 ../MIDIGenerator_bsp/\libucosii_bsp.a(alt_lseek.o)
 .bss           0x00819ff0        0x0 ../MIDIGenerator_bsp/\libucosii_bsp.a(alt_main.o)
 .bss           0x00819ff0        0x0 ../MIDIGenerator_bsp/\libucosii_bsp.a(alt_printf.o)
 .bss           0x00819ff0        0x0 ../MIDIGenerator_bsp/\libucosii_bsp.a(alt_putchar.o)
 .bss           0x00819ff0        0x0 ../MIDIGenerator_bsp/\libucosii_bsp.a(alt_read.o)
 .bss           0x00819ff0        0x0 ../MIDIGenerator_bsp/\libucosii_bsp.a(alt_release_fd.o)
 .bss           0x00819ff0        0x0 ../MIDIGenerator_bsp/\libucosii_bsp.a(alt_sbrk.o)
 .bss           0x00819ff0        0x0 ../MIDIGenerator_bsp/\libucosii_bsp.a(alt_write.o)
 .bss           0x00819ff0        0x0 ../MIDIGenerator_bsp/\libucosii_bsp.a(alt_env_lock.o)
 .bss           0x00819ff0        0x0 ../MIDIGenerator_bsp/\libucosii_bsp.a(alt_malloc_lock.o)
 .bss           0x00819ff0        0x0 ../MIDIGenerator_bsp/\libucosii_bsp.a(os_core.o)
 .bss           0x00819ff0        0x0 ../MIDIGenerator_bsp/\libucosii_bsp.a(os_dbg.o)
 .bss           0x00819ff0        0x0 ../MIDIGenerator_bsp/\libucosii_bsp.a(os_flag.o)
 .bss           0x00819ff0        0x0 ../MIDIGenerator_bsp/\libucosii_bsp.a(os_mem.o)
 .bss           0x00819ff0        0x0 ../MIDIGenerator_bsp/\libucosii_bsp.a(os_q.o)
 .bss           0x00819ff0        0x0 ../MIDIGenerator_bsp/\libucosii_bsp.a(os_sem.o)
 .bss           0x00819ff0        0x0 ../MIDIGenerator_bsp/\libucosii_bsp.a(os_task.o)
 .bss           0x00819ff0        0x0 ../MIDIGenerator_bsp/\libucosii_bsp.a(os_time.o)
 .bss           0x00819ff0        0x0 ../MIDIGenerator_bsp/\libucosii_bsp.a(alt_sys_init.o)
 .bss           0x00819ff0        0x0 ../MIDIGenerator_bsp/\libucosii_bsp.a(altera_avalon_jtag_uart_fd.o)
 .bss           0x00819ff0        0x0 ../MIDIGenerator_bsp/\libucosii_bsp.a(altera_avalon_jtag_uart_init.o)
 .bss           0x00819ff0        0x0 ../MIDIGenerator_bsp/\libucosii_bsp.a(altera_avalon_jtag_uart_ioctl.o)
 .bss           0x00819ff0        0x0 ../MIDIGenerator_bsp/\libucosii_bsp.a(altera_avalon_jtag_uart_read.o)
 .bss           0x00819ff0        0x0 ../MIDIGenerator_bsp/\libucosii_bsp.a(altera_avalon_jtag_uart_write.o)
 .bss           0x00819ff0        0x0 ../MIDIGenerator_bsp/\libucosii_bsp.a(altera_avalon_timer_sc.o)
 .bss           0x00819ff0        0x0 ../MIDIGenerator_bsp/\libucosii_bsp.a(altera_up_avalon_character_lcd.o)
 .bss           0x00819ff0        0x0 ../MIDIGenerator_bsp/\libucosii_bsp.a(alt_alarm_start.o)
 .bss           0x00819ff0        0x0 ../MIDIGenerator_bsp/\libucosii_bsp.a(alt_dcache_flush_all.o)
 .bss           0x00819ff0        0x0 ../MIDIGenerator_bsp/\libucosii_bsp.a(alt_dev_llist_insert.o)
 .bss           0x00819ff0        0x0 ../MIDIGenerator_bsp/\libucosii_bsp.a(alt_do_ctors.o)
 .bss           0x00819ff0        0x0 ../MIDIGenerator_bsp/\libucosii_bsp.a(alt_do_dtors.o)
 .bss           0x00819ff0        0x0 ../MIDIGenerator_bsp/\libucosii_bsp.a(alt_find_dev.o)
 .bss           0x00819ff0        0x0 ../MIDIGenerator_bsp/\libucosii_bsp.a(alt_icache_flush_all.o)
 .bss           0x00819ff0        0x0 ../MIDIGenerator_bsp/\libucosii_bsp.a(alt_iic.o)
 .bss           0x00819ff0        0x0 ../MIDIGenerator_bsp/\libucosii_bsp.a(alt_iic_isr_register.o)
 .bss           0x00819ff0        0x0 ../MIDIGenerator_bsp/\libucosii_bsp.a(alt_io_redirect.o)
 .bss           0x00819ff0        0x0 ../MIDIGenerator_bsp/\libucosii_bsp.a(alt_irq_entry.o)
 .bss           0x00819ff0        0x0 ../MIDIGenerator_bsp/\libucosii_bsp.a(alt_irq_handler.o)
 .bss           0x00819ff0        0x0 ../MIDIGenerator_bsp/\libucosii_bsp.a(alt_irq_vars.o)
 .bss           0x00819ff0        0x0 ../MIDIGenerator_bsp/\libucosii_bsp.a(alt_open.o)
 .bss           0x00819ff0        0x0 ../MIDIGenerator_bsp/\libucosii_bsp.a(alt_tick.o)
 .bss           0x00819ff0        0x0 ../MIDIGenerator_bsp/\libucosii_bsp.a(altera_nios2_qsys_irq.o)
 .bss           0x00819ff0        0x0 ../MIDIGenerator_bsp/\libucosii_bsp.a(os_cpu_a.o)
 .bss           0x00819ff0        0x0 ../MIDIGenerator_bsp/\libucosii_bsp.a(os_cpu_c.o)
 .bss           0x00819ff0        0x0 ../MIDIGenerator_bsp/\libucosii_bsp.a(alt_exception_entry.o)
 .bss           0x00819ff0        0x0 ../MIDIGenerator_bsp/\libucosii_bsp.a(alt_find_file.o)
 .bss           0x00819ff0        0x0 ../MIDIGenerator_bsp/\libucosii_bsp.a(alt_get_fd.o)
 .bss           0x00819ff0        0x0 c:/altera/12.1sp1/nios2eds/bin/gnu/h-i686-mingw32/bin/../lib/gcc/nios2-elf/4.1.2/../../../../nios2-elf/lib/mno-hw-mul\libc.a(lib_a-atexit.o)
 .bss           0x00819ff0        0x0 c:/altera/12.1sp1/nios2eds/bin/gnu/h-i686-mingw32/bin/../lib/gcc/nios2-elf/4.1.2/../../../../nios2-elf/lib/mno-hw-mul\libc.a(lib_a-exit.o)
 .bss           0x00819ff0        0x0 c:/altera/12.1sp1/nios2eds/bin/gnu/h-i686-mingw32/bin/../lib/gcc/nios2-elf/4.1.2/../../../../nios2-elf/lib/mno-hw-mul\libc.a(lib_a-memcmp.o)
 .bss           0x00819ff0        0x0 c:/altera/12.1sp1/nios2eds/bin/gnu/h-i686-mingw32/bin/../lib/gcc/nios2-elf/4.1.2/../../../../nios2-elf/lib/mno-hw-mul\libc.a(lib_a-putc.o)
 .bss           0x00819ff0        0x0 c:/altera/12.1sp1/nios2eds/bin/gnu/h-i686-mingw32/bin/../lib/gcc/nios2-elf/4.1.2/../../../../nios2-elf/lib/mno-hw-mul\libc.a(lib_a-wbuf.o)
 .bss           0x00819ff0        0x0 c:/altera/12.1sp1/nios2eds/bin/gnu/h-i686-mingw32/bin/../lib/gcc/nios2-elf/4.1.2/../../../../nios2-elf/lib/mno-hw-mul\libc.a(lib_a-__atexit.o)
 .bss           0x00819ff0        0x0 c:/altera/12.1sp1/nios2eds/bin/gnu/h-i686-mingw32/bin/../lib/gcc/nios2-elf/4.1.2/../../../../nios2-elf/lib/mno-hw-mul\libc.a(lib_a-__call_atexit.o)
 .bss           0x00819ff0        0x0 ../MIDIGenerator_bsp/\libucosii_bsp.a(alt_exit.o)
 *(COMMON)
 COMMON         0x00819ff0     0x2000 obj/default/hello_ucosii.o
                0x00819ff0                task1_stk
 COMMON         0x0081bff0     0x3224 ../MIDIGenerator_bsp/\libucosii_bsp.a(os_core.o)
                0x0081bff0                OSFlagTbl
                0x0081c360                OSMemTbl
                0x0081cf90                OSTaskStatStk
                0x0081d790                OSQTbl
                0x0081d970                OSTaskIdleStk
                0x0081e170                OSEventTbl
                0x0081ecb0                OSTCBTbl
                0x0081f1c0                OSTCBPrioTbl
 COMMON         0x0081f214      0x100 ../MIDIGenerator_bsp/\libucosii_bsp.a(alt_irq_handler.o)
                0x0081f214                alt_irq
 COMMON         0x0081f314      0x190 c:/altera/12.1sp1/nios2eds/bin/gnu/h-i686-mingw32/bin/../lib/gcc/nios2-elf/4.1.2/../../../../nios2-elf/lib/mno-hw-mul\libc.a(lib_a-atexit.o)
                0x0081f314                _atexit0
                0x0081f4a4                . = ALIGN (0x4)
                0x0081f4a4                __bss_end = ABSOLUTE (.)

.sdram_0        0x0081f4a4        0x0
                0x0081f4a4                PROVIDE (_alt_partition_sdram_0_start, ABSOLUTE (.))
 *(.sdram_0. sdram_0.*)
                0x0081f4a4                . = ALIGN (0x4)
                0x0081f4a4                PROVIDE (_alt_partition_sdram_0_end, ABSOLUTE (.))
                0x0081f4a4                _end = ABSOLUTE (.)
                0x0081f4a4                end = ABSOLUTE (.)
                0x0081f4a4                __alt_stack_base = ABSOLUTE (.)
                0x0081f4a4                PROVIDE (_alt_partition_sdram_0_load_addr, LOADADDR (.sdram_0))

.sram_0         0x01080000        0x0 load address 0x0081f4a4
                0x01080000                PROVIDE (_alt_partition_sram_0_start, ABSOLUTE (.))
 *(.sram_0. sram_0.*)
                0x01080000                . = ALIGN (0x4)
                0x01080000                PROVIDE (_alt_partition_sram_0_end, ABSOLUTE (.))
                0x0081f4a4                PROVIDE (_alt_partition_sram_0_load_addr, LOADADDR (.sram_0))

.onchip_memory2_0
                0x011041bc        0x0 load address 0x0081f4a4
                0x011041bc                PROVIDE (_alt_partition_onchip_memory2_0_start, ABSOLUTE (.))
 *(.onchip_memory2_0. onchip_memory2_0.*)
                0x011041bc                . = ALIGN (0x4)
                0x011041bc                PROVIDE (_alt_partition_onchip_memory2_0_end, ABSOLUTE (.))
                0x0081f4a4                PROVIDE (_alt_partition_onchip_memory2_0_load_addr, LOADADDR (.onchip_memory2_0))

.stab
 *(.stab)

.stabstr
 *(.stabstr)

.stab.excl
 *(.stab.excl)

.stab.exclstr
 *(.stab.exclstr)

.stab.index
 *(.stab.index)

.stab.indexstr
 *(.stab.indexstr)

.comment        0x00000000       0x26
 *(.comment)
 .comment       0x00000000       0x26 obj/default/hello_ucosii.o
                                 0x27 (size before relaxing)
 .comment       0x00000000       0x27 c:/altera/12.1sp1/nios2eds/bin/gnu/h-i686-mingw32/bin/../lib/gcc/nios2-elf/4.1.2/mno-hw-mul\libgcc.a(lib2-mul.o)
 .comment       0x00000000       0x27 c:/altera/12.1sp1/nios2eds/bin/gnu/h-i686-mingw32/bin/../lib/gcc/nios2-elf/4.1.2/../../../../nios2-elf/lib/mno-hw-mul\libc.a(lib_a-printf.o)
 .comment       0x00000000       0x27 c:/altera/12.1sp1/nios2eds/bin/gnu/h-i686-mingw32/bin/../lib/gcc/nios2-elf/4.1.2/../../../../nios2-elf/lib/mno-hw-mul\libc.a(lib_a-strcat.o)
 .comment       0x00000000       0x27 c:/altera/12.1sp1/nios2eds/bin/gnu/h-i686-mingw32/bin/../lib/gcc/nios2-elf/4.1.2/../../../../nios2-elf/lib/mno-hw-mul\libc.a(lib_a-strcpy.o)
 .comment       0x00000000       0x27 c:/altera/12.1sp1/nios2eds/bin/gnu/h-i686-mingw32/bin/../lib/gcc/nios2-elf/4.1.2/../../../../nios2-elf/lib/mno-hw-mul\libc.a(lib_a-vfprintf.o)
 .comment       0x00000000       0x27 c:/altera/12.1sp1/nios2eds/bin/gnu/h-i686-mingw32/bin/../lib/gcc/nios2-elf/4.1.2/../../../../nios2-elf/lib/mno-hw-mul\libc.a(lib_a-wsetup.o)
 .comment       0x00000000       0x27 c:/altera/12.1sp1/nios2eds/bin/gnu/h-i686-mingw32/bin/../lib/gcc/nios2-elf/4.1.2/../../../../nios2-elf/lib/mno-hw-mul\libc.a(lib_a-dtoa.o)
 .comment       0x00000000       0x27 c:/altera/12.1sp1/nios2eds/bin/gnu/h-i686-mingw32/bin/../lib/gcc/nios2-elf/4.1.2/../../../../nios2-elf/lib/mno-hw-mul\libc.a(lib_a-fflush.o)
 .comment       0x00000000       0x27 c:/altera/12.1sp1/nios2eds/bin/gnu/h-i686-mingw32/bin/../lib/gcc/nios2-elf/4.1.2/../../../../nios2-elf/lib/mno-hw-mul\libc.a(lib_a-findfp.o)
 .comment       0x00000000       0x27 c:/altera/12.1sp1/nios2eds/bin/gnu/h-i686-mingw32/bin/../lib/gcc/nios2-elf/4.1.2/../../../../nios2-elf/lib/mno-hw-mul\libc.a(lib_a-freer.o)
 .comment       0x00000000       0x27 c:/altera/12.1sp1/nios2eds/bin/gnu/h-i686-mingw32/bin/../lib/gcc/nios2-elf/4.1.2/../../../../nios2-elf/lib/mno-hw-mul\libc.a(lib_a-fvwrite.o)
 .comment       0x00000000       0x27 c:/altera/12.1sp1/nios2eds/bin/gnu/h-i686-mingw32/bin/../lib/gcc/nios2-elf/4.1.2/../../../../nios2-elf/lib/mno-hw-mul\libc.a(lib_a-fwalk.o)
 .comment       0x00000000       0x27 c:/altera/12.1sp1/nios2eds/bin/gnu/h-i686-mingw32/bin/../lib/gcc/nios2-elf/4.1.2/../../../../nios2-elf/lib/mno-hw-mul\libc.a(lib_a-impure.o)
 .comment       0x00000000       0x27 c:/altera/12.1sp1/nios2eds/bin/gnu/h-i686-mingw32/bin/../lib/gcc/nios2-elf/4.1.2/../../../../nios2-elf/lib/mno-hw-mul\libc.a(lib_a-locale.o)
 .comment       0x00000000       0x27 c:/altera/12.1sp1/nios2eds/bin/gnu/h-i686-mingw32/bin/../lib/gcc/nios2-elf/4.1.2/../../../../nios2-elf/lib/mno-hw-mul\libc.a(lib_a-makebuf.o)
 .comment       0x00000000       0x27 c:/altera/12.1sp1/nios2eds/bin/gnu/h-i686-mingw32/bin/../lib/gcc/nios2-elf/4.1.2/../../../../nios2-elf/lib/mno-hw-mul\libc.a(lib_a-mallocr.o)
 .comment       0x00000000       0x27 c:/altera/12.1sp1/nios2eds/bin/gnu/h-i686-mingw32/bin/../lib/gcc/nios2-elf/4.1.2/../../../../nios2-elf/lib/mno-hw-mul\libc.a(lib_a-memchr.o)
 .comment       0x00000000       0x27 c:/altera/12.1sp1/nios2eds/bin/gnu/h-i686-mingw32/bin/../lib/gcc/nios2-elf/4.1.2/../../../../nios2-elf/lib/mno-hw-mul\libc.a(lib_a-memcpy.o)
 .comment       0x00000000       0x27 c:/altera/12.1sp1/nios2eds/bin/gnu/h-i686-mingw32/bin/../lib/gcc/nios2-elf/4.1.2/../../../../nios2-elf/lib/mno-hw-mul\libc.a(lib_a-memmove.o)
 .comment       0x00000000       0x27 c:/altera/12.1sp1/nios2eds/bin/gnu/h-i686-mingw32/bin/../lib/gcc/nios2-elf/4.1.2/../../../../nios2-elf/lib/mno-hw-mul\libc.a(lib_a-memset.o)
 .comment       0x00000000       0x27 c:/altera/12.1sp1/nios2eds/bin/gnu/h-i686-mingw32/bin/../lib/gcc/nios2-elf/4.1.2/../../../../nios2-elf/lib/mno-hw-mul\libc.a(lib_a-mprec.o)
 .comment       0x00000000       0x27 c:/altera/12.1sp1/nios2eds/bin/gnu/h-i686-mingw32/bin/../lib/gcc/nios2-elf/4.1.2/../../../../nios2-elf/lib/mno-hw-mul\libc.a(lib_a-reallocr.o)
 .comment       0x00000000       0x27 c:/altera/12.1sp1/nios2eds/bin/gnu/h-i686-mingw32/bin/../lib/gcc/nios2-elf/4.1.2/../../../../nios2-elf/lib/mno-hw-mul\libc.a(lib_a-s_isinfd.o)
 .comment       0x00000000       0x27 c:/altera/12.1sp1/nios2eds/bin/gnu/h-i686-mingw32/bin/../lib/gcc/nios2-elf/4.1.2/../../../../nios2-elf/lib/mno-hw-mul\libc.a(lib_a-s_isnand.o)
 .comment       0x00000000       0x27 c:/altera/12.1sp1/nios2eds/bin/gnu/h-i686-mingw32/bin/../lib/gcc/nios2-elf/4.1.2/../../../../nios2-elf/lib/mno-hw-mul\libc.a(lib_a-sbrkr.o)
 .comment       0x00000000       0x27 c:/altera/12.1sp1/nios2eds/bin/gnu/h-i686-mingw32/bin/../lib/gcc/nios2-elf/4.1.2/../../../../nios2-elf/lib/mno-hw-mul\libc.a(lib_a-stdio.o)
 .comment       0x00000000       0x27 c:/altera/12.1sp1/nios2eds/bin/gnu/h-i686-mingw32/bin/../lib/gcc/nios2-elf/4.1.2/../../../../nios2-elf/lib/mno-hw-mul\libc.a(lib_a-strcmp.o)
 .comment       0x00000000       0x27 c:/altera/12.1sp1/nios2eds/bin/gnu/h-i686-mingw32/bin/../lib/gcc/nios2-elf/4.1.2/../../../../nios2-elf/lib/mno-hw-mul\libc.a(lib_a-strlen.o)
 .comment       0x00000000       0x27 c:/altera/12.1sp1/nios2eds/bin/gnu/h-i686-mingw32/bin/../lib/gcc/nios2-elf/4.1.2/../../../../nios2-elf/lib/mno-hw-mul\libc.a(lib_a-writer.o)
 .comment       0x00000000       0x27 c:/altera/12.1sp1/nios2eds/bin/gnu/h-i686-mingw32/bin/../lib/gcc/nios2-elf/4.1.2/../../../../nios2-elf/lib/mno-hw-mul\libc.a(lib_a-callocr.o)
 .comment       0x00000000       0x27 c:/altera/12.1sp1/nios2eds/bin/gnu/h-i686-mingw32/bin/../lib/gcc/nios2-elf/4.1.2/../../../../nios2-elf/lib/mno-hw-mul\libc.a(lib_a-closer.o)
 .comment       0x00000000       0x27 c:/altera/12.1sp1/nios2eds/bin/gnu/h-i686-mingw32/bin/../lib/gcc/nios2-elf/4.1.2/../../../../nios2-elf/lib/mno-hw-mul\libc.a(lib_a-fclose.o)
 .comment       0x00000000       0x27 c:/altera/12.1sp1/nios2eds/bin/gnu/h-i686-mingw32/bin/../lib/gcc/nios2-elf/4.1.2/../../../../nios2-elf/lib/mno-hw-mul\libc.a(lib_a-fstatr.o)
 .comment       0x00000000       0x27 c:/altera/12.1sp1/nios2eds/bin/gnu/h-i686-mingw32/bin/../lib/gcc/nios2-elf/4.1.2/../../../../nios2-elf/lib/mno-hw-mul\libc.a(lib_a-int_errno.o)
 .comment       0x00000000       0x27 c:/altera/12.1sp1/nios2eds/bin/gnu/h-i686-mingw32/bin/../lib/gcc/nios2-elf/4.1.2/../../../../nios2-elf/lib/mno-hw-mul\libc.a(lib_a-isattyr.o)
 .comment       0x00000000       0x27 c:/altera/12.1sp1/nios2eds/bin/gnu/h-i686-mingw32/bin/../lib/gcc/nios2-elf/4.1.2/../../../../nios2-elf/lib/mno-hw-mul\libc.a(lib_a-lseekr.o)
 .comment       0x00000000       0x27 c:/altera/12.1sp1/nios2eds/bin/gnu/h-i686-mingw32/bin/../lib/gcc/nios2-elf/4.1.2/../../../../nios2-elf/lib/mno-hw-mul\libc.a(lib_a-readr.o)
 .comment       0x00000000       0x27 c:/altera/12.1sp1/nios2eds/bin/gnu/h-i686-mingw32/bin/../lib/gcc/nios2-elf/4.1.2/mno-hw-mul\libgcc.a(_udivdi3.o)
 .comment       0x00000000       0x27 c:/altera/12.1sp1/nios2eds/bin/gnu/h-i686-mingw32/bin/../lib/gcc/nios2-elf/4.1.2/mno-hw-mul\libgcc.a(_umoddi3.o)
 .comment       0x00000000       0x27 c:/altera/12.1sp1/nios2eds/bin/gnu/h-i686-mingw32/bin/../lib/gcc/nios2-elf/4.1.2/mno-hw-mul\libgcc.a(_addsub_df.o)
 .comment       0x00000000       0x27 c:/altera/12.1sp1/nios2eds/bin/gnu/h-i686-mingw32/bin/../lib/gcc/nios2-elf/4.1.2/mno-hw-mul\libgcc.a(_mul_df.o)
 .comment       0x00000000       0x27 c:/altera/12.1sp1/nios2eds/bin/gnu/h-i686-mingw32/bin/../lib/gcc/nios2-elf/4.1.2/mno-hw-mul\libgcc.a(_div_df.o)
 .comment       0x00000000       0x27 c:/altera/12.1sp1/nios2eds/bin/gnu/h-i686-mingw32/bin/../lib/gcc/nios2-elf/4.1.2/mno-hw-mul\libgcc.a(_eq_df.o)
 .comment       0x00000000       0x27 c:/altera/12.1sp1/nios2eds/bin/gnu/h-i686-mingw32/bin/../lib/gcc/nios2-elf/4.1.2/mno-hw-mul\libgcc.a(_ne_df.o)
 .comment       0x00000000       0x27 c:/altera/12.1sp1/nios2eds/bin/gnu/h-i686-mingw32/bin/../lib/gcc/nios2-elf/4.1.2/mno-hw-mul\libgcc.a(_gt_df.o)