Archive member included because of file (symbol)

c:/altera/12.1sp1/nios2eds/bin/gnu/h-i686-mingw32/bin/../lib/gcc/nios2-elf/4.1.2/mno-hw-mul\libgcc.a(_addsub_df.o)
                              obj/default/midi_generator.o (__subdf3)
c:/altera/12.1sp1/nios2eds/bin/gnu/h-i686-mingw32/bin/../lib/gcc/nios2-elf/4.1.2/mno-hw-mul\libgcc.a(_si_to_df.o)
                              obj/default/midi_generator.o (__floatsidf)
c:/altera/12.1sp1/nios2eds/bin/gnu/h-i686-mingw32/bin/../lib/gcc/nios2-elf/4.1.2/mno-hw-mul\libgcc.a(_df_to_si.o)
                              obj/default/midi_generator.o (__fixdfsi)
c:/altera/12.1sp1/nios2eds/bin/gnu/h-i686-mingw32/bin/../lib/gcc/nios2-elf/4.1.2/mno-hw-mul\libgcc.a(_thenan_df.o)
                              c:/altera/12.1sp1/nios2eds/bin/gnu/h-i686-mingw32/bin/../lib/gcc/nios2-elf/4.1.2/mno-hw-mul\libgcc.a(_addsub_df.o) (__thenan_df)
c:/altera/12.1sp1/nios2eds/bin/gnu/h-i686-mingw32/bin/../lib/gcc/nios2-elf/4.1.2/mno-hw-mul\libgcc.a(_clzsi2.o)
                              c:/altera/12.1sp1/nios2eds/bin/gnu/h-i686-mingw32/bin/../lib/gcc/nios2-elf/4.1.2/mno-hw-mul\libgcc.a(_si_to_df.o) (__clzsi2)
c:/altera/12.1sp1/nios2eds/bin/gnu/h-i686-mingw32/bin/../lib/gcc/nios2-elf/4.1.2/mno-hw-mul\libgcc.a(_pack_df.o)
                              c:/altera/12.1sp1/nios2eds/bin/gnu/h-i686-mingw32/bin/../lib/gcc/nios2-elf/4.1.2/mno-hw-mul\libgcc.a(_addsub_df.o) (__pack_d)
c:/altera/12.1sp1/nios2eds/bin/gnu/h-i686-mingw32/bin/../lib/gcc/nios2-elf/4.1.2/mno-hw-mul\libgcc.a(_unpack_df.o)
                              c:/altera/12.1sp1/nios2eds/bin/gnu/h-i686-mingw32/bin/../lib/gcc/nios2-elf/4.1.2/mno-hw-mul\libgcc.a(_addsub_df.o) (__unpack_d)
c:/altera/12.1sp1/nios2eds/bin/gnu/h-i686-mingw32/bin/../lib/gcc/nios2-elf/4.1.2/mno-hw-mul\libgcc.a(_clz.o)
                              c:/altera/12.1sp1/nios2eds/bin/gnu/h-i686-mingw32/bin/../lib/gcc/nios2-elf/4.1.2/mno-hw-mul\libgcc.a(_clzsi2.o) (__clz_tab)
c:/altera/12.1sp1/nios2eds/bin/gnu/h-i686-mingw32/bin/../lib/gcc/nios2-elf/4.1.2/../../../../nios2-elf/lib/mno-hw-mul\libc.a(lib_a-printf.o)
                              obj/default/midi_generator.o (printf)
c:/altera/12.1sp1/nios2eds/bin/gnu/h-i686-mingw32/bin/../lib/gcc/nios2-elf/4.1.2/../../../../nios2-elf/lib/mno-hw-mul\libc.a(lib_a-strcat.o)
                              obj/default/midi_generator.o (strcat)
c:/altera/12.1sp1/nios2eds/bin/gnu/h-i686-mingw32/bin/../lib/gcc/nios2-elf/4.1.2/../../../../nios2-elf/lib/mno-hw-mul\libc.a(lib_a-strcpy.o)
                              c:/altera/12.1sp1/nios2eds/bin/gnu/h-i686-mingw32/bin/../lib/gcc/nios2-elf/4.1.2/../../../../nios2-elf/lib/mno-hw-mul\libc.a(lib_a-strcat.o) (strcpy)
c:/altera/12.1sp1/nios2eds/bin/gnu/h-i686-mingw32/bin/../lib/gcc/nios2-elf/4.1.2/../../../../nios2-elf/lib/mno-hw-mul\libc.a(lib_a-vfprintf.o)
                              c:/altera/12.1sp1/nios2eds/bin/gnu/h-i686-mingw32/bin/../lib/gcc/nios2-elf/4.1.2/../../../../nios2-elf/lib/mno-hw-mul\libc.a(lib_a-printf.o) (___vfprintf_internal_r)
c:/altera/12.1sp1/nios2eds/bin/gnu/h-i686-mingw32/bin/../lib/gcc/nios2-elf/4.1.2/../../../../nios2-elf/lib/mno-hw-mul\libc.a(lib_a-wsetup.o)
                              c:/altera/12.1sp1/nios2eds/bin/gnu/h-i686-mingw32/bin/../lib/gcc/nios2-elf/4.1.2/../../../../nios2-elf/lib/mno-hw-mul\libc.a(lib_a-vfprintf.o) (__swsetup_r)
c:/altera/12.1sp1/nios2eds/bin/gnu/h-i686-mingw32/bin/../lib/gcc/nios2-elf/4.1.2/../../../../nios2-elf/lib/mno-hw-mul\libc.a(lib_a-dtoa.o)
                              c:/altera/12.1sp1/nios2eds/bin/gnu/h-i686-mingw32/bin/../lib/gcc/nios2-elf/4.1.2/../../../../nios2-elf/lib/mno-hw-mul\libc.a(lib_a-vfprintf.o) (_dtoa_r)
c:/altera/12.1sp1/nios2eds/bin/gnu/h-i686-mingw32/bin/../lib/gcc/nios2-elf/4.1.2/../../../../nios2-elf/lib/mno-hw-mul\libc.a(lib_a-fflush.o)
                              c:/altera/12.1sp1/nios2eds/bin/gnu/h-i686-mingw32/bin/../lib/gcc/nios2-elf/4.1.2/../../../../nios2-elf/lib/mno-hw-mul\libc.a(lib_a-vfprintf.o) (_fflush_r)
c:/altera/12.1sp1/nios2eds/bin/gnu/h-i686-mingw32/bin/../lib/gcc/nios2-elf/4.1.2/../../../../nios2-elf/lib/mno-hw-mul\libc.a(lib_a-findfp.o)
                              c:/altera/12.1sp1/nios2eds/bin/gnu/h-i686-mingw32/bin/../lib/gcc/nios2-elf/4.1.2/../../../../nios2-elf/lib/mno-hw-mul\libc.a(lib_a-vfprintf.o) (__sinit)
c:/altera/12.1sp1/nios2eds/bin/gnu/h-i686-mingw32/bin/../lib/gcc/nios2-elf/4.1.2/../../../../nios2-elf/lib/mno-hw-mul\libc.a(lib_a-freer.o)
                              c:/altera/12.1sp1/nios2eds/bin/gnu/h-i686-mingw32/bin/../lib/gcc/nios2-elf/4.1.2/../../../../nios2-elf/lib/mno-hw-mul\libc.a(lib_a-wsetup.o) (_free_r)
c:/altera/12.1sp1/nios2eds/bin/gnu/h-i686-mingw32/bin/../lib/gcc/nios2-elf/4.1.2/../../../../nios2-elf/lib/mno-hw-mul\libc.a(lib_a-fvwrite.o)
                              c:/altera/12.1sp1/nios2eds/bin/gnu/h-i686-mingw32/bin/../lib/gcc/nios2-elf/4.1.2/../../../../nios2-elf/lib/mno-hw-mul\libc.a(lib_a-vfprintf.o) (__sfvwrite_r)
[...]
Memory Configuration

Name             Origin             Length             Attributes
sdram_0          0x00800000         0x00800000
sram_0           0x01080000         0x00080000
reset            0x01104000         0x00000020
onchip_memory2_0 0x01104020         0x00003fe0
*default*        0x00000000         0xffffffff

Linker script and memory map

LOAD ../MIDIGenerator_bsp//obj/HAL/src/crt0.o
LOAD obj/default/midi_generator.o
LOAD c:/altera/12.1sp1/nios2eds/bin/gnu/h-i686-mingw32/bin/../lib/gcc/nios2-elf/4.1.2/../../../../nios2-elf/lib/mno-hw-mul\libstdc++.a
LOAD c:/altera/12.1sp1/nios2eds/bin/gnu/h-i686-mingw32/bin/../lib/gcc/nios2-elf/4.1.2/../../../../nios2-elf/lib/mno-hw-mul\libm.a
LOAD c:/altera/12.1sp1/nios2eds/bin/gnu/h-i686-mingw32/bin/../lib/gcc/nios2-elf/4.1.2/mno-hw-mul\libgcc.a
START GROUP
LOAD c:/altera/12.1sp1/nios2eds/bin/gnu/h-i686-mingw32/bin/../lib/gcc/nios2-elf/4.1.2/../../../../nios2-elf/lib/mno-hw-mul\libc.a
LOAD c:/altera/12.1sp1/nios2eds/bin/gnu/h-i686-mingw32/bin/../lib/gcc/nios2-elf/4.1.2/mno-hw-mul\libgcc.a
LOAD ../MIDIGenerator_bsp/\libucosii_bsp.a
END GROUP
LOAD c:/altera/12.1sp1/nios2eds/bin/gnu/h-i686-mingw32/bin/../lib/gcc/nios2-elf/4.1.2/mno-hw-mul\libgcc.a
                0x00800000                __alt_mem_sdram_0 = 0x800000
                0x01080000                __alt_mem_sram_0 = 0x1080000
                0x01104000                __alt_mem_onchip_memory2_0 = 0x1104000

.entry          0x01104000       0x20
 *(.entry)
 .entry         0x01104000       0x20 ../MIDIGenerator_bsp//obj/HAL/src/crt0.o
                0x01104000                __reset

.exceptions     0x01104020      0x19c load address 0x00800000
                0x01104020                PROVIDE (__ram_exceptions_start, ABSOLUTE (.))
                0x01104020                . = ALIGN (0x20)
 *(.irq)
 *(.exceptions.entry.label)
 .exceptions.entry.label
                0x01104020        0x0 ../MIDIGenerator_bsp/\libucosii_bsp.a(alt_irq_entry.o)
                0x01104020                alt_irq_entry
 .exceptions.entry.label
                0x01104020        0x0 ../MIDIGenerator_bsp/\libucosii_bsp.a(alt_exception_entry.o)
                0x01104020                alt_exception
 *(.exceptions.entry.user)
 *(.exceptions.entry)
 .exceptions.entry
                0x01104020       0x54 ../MIDIGenerator_bsp/\libucosii_bsp.a(alt_exception_entry.o)
 *(.exceptions.irqtest.user)
 *(.exceptions.irqtest)
 .exceptions.irqtest
                0x01104074       0x10 ../MIDIGenerator_bsp/\libucosii_bsp.a(alt_irq_entry.o)
 *(.exceptions.irqhandler.user)
 *(.exceptions.irqhandler)
 .exceptions.irqhandler
                0x01104084        0x4 ../MIDIGenerator_bsp/\libucosii_bsp.a(alt_irq_entry.o)
 *(.exceptions.irqreturn.user)
 *(.exceptions.irqreturn)
 .exceptions.irqreturn
                0x01104088        0x4 ../MIDIGenerator_bsp/\libucosii_bsp.a(alt_irq_entry.o)
 *(.exceptions.notirq.label)
 .exceptions.notirq.label
                0x0110408c        0x0 ../MIDIGenerator_bsp/\libucosii_bsp.a(alt_irq_entry.o)
 *(.exceptions.notirq.user)
 *(.exceptions.notirq)
 .exceptions.notirq
                0x0110408c        0x8 ../MIDIGenerator_bsp/\libucosii_bsp.a(alt_exception_entry.o)
 *(.exceptions.soft.user)
 *(.exceptions.soft)
 *(.exceptions.unknown.user)
 *(.exceptions.unknown)
 .exceptions.unknown
                0x01104094        0x4 ../MIDIGenerator_bsp/\libucosii_bsp.a(alt_exception_entry.o)
 *(.exceptions.exit.label)
 .exceptions.exit.label
                0x01104098        0x0 ../MIDIGenerator_bsp/\libucosii_bsp.a(alt_irq_entry.o)
 .exceptions.exit.label
                0x01104098        0x0 ../MIDIGenerator_bsp/\libucosii_bsp.a(alt_exception_entry.o)
 *(.exceptions.exit.user)
 *(.exceptions.exit)
 .exceptions.exit
                0x01104098       0x54 ../MIDIGenerator_bsp/\libucosii_bsp.a(alt_exception_entry.o)
 *(.exceptions)
 .exceptions    0x011040ec       0xd0 ../MIDIGenerator_bsp/\libucosii_bsp.a(alt_irq_handler.o)
                0x011040ec                alt_irq_handler
                0x011041bc                PROVIDE (__ram_exceptions_end, ABSOLUTE (.))
                0x00800000                PROVIDE (__flash_exceptions_start, LOADADDR (.exceptions))

.text           0x0080019c    0x16264
                0x0080019c                PROVIDE (stext, ABSOLUTE (.))
 *(.interp)
 *(.hash)
 *(.dynsym)
 *(.dynstr)
 *(.gnu.version)
 *(.gnu.version_d)
 *(.gnu.version_r)
 *(.rel.init)
 *(.rela.init)
 *(.rel.text .rel.text.* .rel.gnu.linkonce.t.*)
 *(.rela.text .rela.text.* .rela.gnu.linkonce.t.*)
 *(.rel.fini)
 *(.rela.fini)
 *(.rel.rodata .rel.rodata.* .rel.gnu.linkonce.r.*)
 *(.rela.rodata .rela.rodata.* .rela.gnu.linkonce.r.*)
 *(.rel.data .rel.data.* .rel.gnu.linkonce.d.*)
 *(.rela.data .rela.data.* .rela.gnu.linkonce.d.*)
 *(.rel.tdata .rel.tdata.* .rel.gnu.linkonce.td.*)
 *(.rela.tdata .rela.tdata.* .rela.gnu.linkonce.td.*)
 *(.rel.tbss .rel.tbss.* .rel.gnu.linkonce.tb.*)
 *(.rela.tbss .rela.tbss.* .rela.gnu.linkonce.tb.*)
 *(.rel.ctors)
 *(.rela.ctors)
 *(.rel.dtors)
 *(.rela.dtors)
 *(.rel.got)
 *(.rela.got)
 *(.rel.sdata .rel.sdata.* .rel.gnu.linkonce.s.*)
 *(.rela.sdata .rela.sdata.* .rela.gnu.linkonce.s.*)
 *(.rel.sbss .rel.sbss.* .rel.gnu.linkonce.sb.*)
 *(.rela.sbss .rela.sbss.* .rela.gnu.linkonce.sb.*)
 *(.rel.sdata2 .rel.sdata2.* .rel.gnu.linkonce.s2.*)
 *(.rela.sdata2 .rela.sdata2.* .rela.gnu.linkonce.s2.*)
 *(.rel.sbss2 .rel.sbss2.* .rel.gnu.linkonce.sb2.*)
 *(.rela.sbss2 .rela.sbss2.* .rela.gnu.linkonce.sb2.*)
 *(.rel.bss .rel.bss.* .rel.gnu.linkonce.b.*)
 *(.rela.bss .rela.bss.* .rela.gnu.linkonce.b.*)
 *(.rel.plt)
 *(.rela.plt)
 *(.rel.dyn)
 *(.init)
 *(.plt)
 *(.text .stub .text.* .gnu.linkonce.t.*)
 .text          0x0080019c       0x3c ../MIDIGenerator_bsp//obj/HAL/src/crt0.o
                0x0080019c                _start
 .text          0x008001d8      0x438 obj/default/midi_generator.o
                0x008001d8                inputPollingTask
                0x008002f0                handleLaserStatusChange
                0x008003bc                getMidiData
                0x008004c0                printLaserStatusOnLCD
                0x008005a4                main
 .text          0x00800610      0x504 c:/altera/12.1sp1/nios2eds/bin/gnu/h-i686-mingw32/bin/../lib/gcc/nios2-elf/4.1.2/mno-hw-mul\libgcc.a(_addsub_df.o)
                0x00800a20                __subdf3
                0x00800aa0                __adddf3
 .text          0x00800b14       0xf8 c:/altera/12.1sp1/nios2eds/bin/gnu/h-i686-mingw32/bin/../lib/gcc/nios2-elf/4.1.2/mno-hw-mul\libgcc.a(_si_to_df.o)
                0x00800b14                __floatsidf
 .text          0x00800c0c       0xd8 c:/altera/12.1sp1/nios2eds/bin/gnu/h-i686-mingw32/bin/../lib/gcc/nios2-elf/4.1.2/mno-hw-mul\libgcc.a(_df_to_si.o)
                0x00800c0c                __fixdfsi
 .text          0x00800ce4        0x0 c:/altera/12.1sp1/nios2eds/bin/gnu/h-i686-mingw32/bin/../lib/gcc/nios2-elf/4.1.2/mno-hw-mul\libgcc.a(_thenan_df.o)
 .text          0x00800ce4       0x80 c:/altera/12.1sp1/nios2eds/bin/gnu/h-i686-mingw32/bin/../lib/gcc/nios2-elf/4.1.2/mno-hw-mul\libgcc.a(_clzsi2.o)
                0x00800ce4                __clzsi2
 .text          0x00800d64      0x314 c:/altera/12.1sp1/nios2eds/bin/gnu/h-i686-mingw32/bin/../lib/gcc/nios2-elf/4.1.2/mno-hw-mul\libgcc.a(_pack_df.o)
                0x00800d64                __pack_d
 .text          0x00801078      0x138 c:/altera/12.1sp1/nios2eds/bin/gnu/h-i686-mingw32/bin/../lib/gcc/nios2-elf/4.1.2/mno-hw-mul\libgcc.a(_unpack_df.o)
                0x00801078                __unpack_d
 .text          0x008011b0        0x0 c:/altera/12.1sp1/nios2eds/bin/gnu/h-i686-mingw32/bin/../lib/gcc/nios2-elf/4.1.2/mno-hw-mul\libgcc.a(_clz.o)
 .text          0x008011b0       0x78 c:/altera/12.1sp1/nios2eds/bin/gnu/h-i686-mingw32/bin/../lib/gcc/nios2-elf/4.1.2/../../../../nios2-elf/lib/mno-hw-mul\libc.a(lib_a-printf.o)
                0x008011b0                printf
                0x008011f4                _printf_r
 .text          0x00801228       0x90 c:/altera/12.1sp1/nios2eds/bin/gnu/h-i686-mingw32/bin/../lib/gcc/nios2-elf/4.1.2/../../../../nios2-elf/lib/mno-hw-mul\libc.a(lib_a-strcat.o)
                0x00801228                strcat
 .text          0x008012b8       0x8c c:/altera/12.1sp1/nios2eds/bin/gnu/h-i686-mingw32/bin/../lib/gcc/nios2-elf/4.1.2/../../../../nios2-elf/lib/mno-hw-mul\libc.a(lib_a-strcpy.o)
                0x008012b8                strcpy
 .text          0x00801344     0x1f40 c:/altera/12.1sp1/nios2eds/bin/gnu/h-i686-mingw32/bin/../lib/gcc/nios2-elf/4.1.2/../../../../nios2-elf/lib/mno-hw-mul\libc.a(lib_a-vfprintf.o)
                0x0080139c                ___vfprintf_internal_r
                0x00803260                __vfprintf_internal
 .text          0x00803284      0x13c c:/altera/12.1sp1/nios2eds/bin/gnu/h-i686-mingw32/bin/../lib/gcc/nios2-elf/4.1.2/../../../../nios2-elf/lib/mno-hw-mul\libc.a(lib_a-wsetup.o)
                0x00803284                __swsetup_r
 .text          0x008033c0     0x17f8 c:/altera/12.1sp1/nios2eds/bin/gnu/h-i686-mingw32/bin/../lib/gcc/nios2-elf/4.1.2/../../../../nios2-elf/lib/mno-hw-mul\libc.a(lib_a-dtoa.o)
                0x00803604                _dtoa_r
 .text          0x00804bb8      0x230 c:/altera/12.1sp1/nios2eds/bin/gnu/h-i686-mingw32/bin/../lib/gcc/nios2-elf/4.1.2/../../../../nios2-elf/lib/mno-hw-mul\libc.a(lib_a-fflush.o)
                0x00804bb8                _fflush_r
                0x00804db4                fflush
 .text          0x00804de8      0x2f4 c:/altera/12.1sp1/nios2eds/bin/gnu/h-i686-mingw32/bin/../lib/gcc/nios2-elf/4.1.2/../../../../nios2-elf/lib/mno-hw-mul\libc.a(lib_a-findfp.o)
                0x00804e40                __sfp_lock_acquire
                0x00804e44                __sfp_lock_release
                0x00804e48                __sinit_lock_acquire
                0x00804e4c                __sinit_lock_release
                0x00804e50                __sinit
                0x00804f04                __fp_unlock_all
                0x00804f1c                __fp_lock_all
                0x00804f34                _cleanup_r
                0x00804f40                _cleanup
                0x00804f50                __sfmoreglue
                0x00804fec                __sfp
 .text          0x008050dc      0x440 c:/altera/12.1sp1/nios2eds/bin/gnu/h-i686-mingw32/bin/../lib/gcc/nios2-elf/4.1.2/../../../../nios2-elf/lib/mno-hw-mul\libc.a(lib_a-freer.o)
                0x008050dc                _malloc_trim_r
                0x00805208                _free_r
 .text          0x0080551c      0x49c c:/altera/12.1sp1/nios2eds/bin/gnu/h-i686-mingw32/bin/../lib/gcc/nios2-elf/4.1.2/../../../../nios2-elf/lib/mno-hw-mul\libc.a(lib_a-fvwrite.o)
                0x0080551c                __sfvwrite_r
 .text          0x008059b8      0x180 c:/altera/12.1sp1/nios2eds/bin/gnu/h-i686-mingw32/bin/../lib/gcc/nios2-elf/4.1.2/../../../../nios2-elf/lib/mno-hw-mul\libc.a(lib_a-fwalk.o)
                0x008059b8                _fwalk_reent
                0x00805a80                _fwalk
 .text          0x00805b38        0x0 c:/altera/12.1sp1/nios2eds/bin/gnu/h-i686-mingw32/bin/../lib/gcc/nios2-elf/4.1.2/../../../../nios2-elf/lib/mno-hw-mul\libc.a(lib_a-impure.o)
 .text          0x00805b38       0xc4 c:/altera/12.1sp1/nios2eds/bin/gnu/h-i686-mingw32/bin/../lib/gcc/nios2-elf/4.1.2/../../../../nios2-elf/lib/mno-hw-mul\libc.a(lib_a-locale.o)
                0x00805b38                __locale_charset
                0x00805b40                _localeconv_r
                0x00805b4c                localeconv
                0x00805b5c                _setlocale_r
                0x00805be0                setlocale
 .text          0x00805bfc      0x194 c:/altera/12.1sp1/nios2eds/bin/gnu/h-i686-mingw32/bin/../lib/gcc/nios2-elf/4.1.2/../../../../nios2-elf/lib/mno-hw-mul\libc.a(lib_a-makebuf.o)
                0x00805bfc                __smakebuf_r
 .text          0x00805d90      0x740 c:/altera/12.1sp1/nios2eds/bin/gnu/h-i686-mingw32/bin/../lib/gcc/nios2-elf/4.1.2/../../../../nios2-elf/lib/mno-hw-mul\libc.a(lib_a-mallocr.o)
                0x00805d90                _malloc_r
 .text          0x008064d0       0xe4 c:/altera/12.1sp1/nios2eds/bin/gnu/h-i686-mingw32/bin/../lib/gcc/nios2-elf/4.1.2/../../../../nios2-elf/lib/mno-hw-mul\libc.a(lib_a-memchr.o)
                0x008064d0                memchr
 .text          0x008065b4       0xa0 c:/altera/12.1sp1/nios2eds/bin/gnu/h-i686-mingw32/bin/../lib/gcc/nios2-elf/4.1.2/../../../../nios2-elf/lib/mno-hw-mul\libc.a(lib_a-memcpy.o)
                0x008065b4                memcpy
 .text          0x00806654       0xe0 c:/altera/12.1sp1/nios2eds/bin/gnu/h-i686-mingw32/bin/../lib/gcc/nios2-elf/4.1.2/../../../../nios2-elf/lib/mno-hw-mul\libc.a(lib_a-memmove.o)
                0x00806654                memmove
 .text          0x00806734       0x98 c:/altera/12.1sp1/nios2eds/bin/gnu/h-i686-mingw32/bin/../lib/gcc/nios2-elf/4.1.2/../../../../nios2-elf/lib/mno-hw-mul\libc.a(lib_a-memset.o)
                0x00806734                memset
 .text          0x008067cc     0x108c c:/altera/12.1sp1/nios2eds/bin/gnu/h-i686-mingw32/bin/../lib/gcc/nios2-elf/4.1.2/../../../../nios2-elf/lib/mno-hw-mul\libc.a(lib_a-mprec.o)
                0x008067cc                _Bfree
                0x008067f4                __hi0bits
                0x00806864                __lo0bits
                0x00806928                __mcmp
                0x00806988                __ulp
                0x00806a08                __b2d
                0x00806b28                __ratio
                0x00806bd8                _mprec_log10
                0x00806c6c                __copybits
                0x00806cc4                __any_on
                0x00806d4c                _Balloc
                0x00806e08                __d2b
                0x00806f84                __mdiff
                0x00807110                __lshift
                0x0080725c                __multiply
                0x008074b0                __i2b
                0x008074ec                __multadd
                0x00807618                __pow5mult
                0x00807738                __s2b
 .text          0x00807858      0x5f4 c:/altera/12.1sp1/nios2eds/bin/gnu/h-i686-mingw32/bin/../lib/gcc/nios2-elf/4.1.2/../../../../nios2-elf/lib/mno-hw-mul\libc.a(lib_a-reallocr.o)
                0x00807858                _realloc_r
 .text          0x00807e4c       0x40 c:/altera/12.1sp1/nios2eds/bin/gnu/h-i686-mingw32/bin/../lib/gcc/nios2-elf/4.1.2/../../../../nios2-elf/lib/mno-hw-mul\libc.a(lib_a-s_isinfd.o)
                0x00807e4c                __isinfd
 .text          0x00807e8c       0x30 c:/altera/12.1sp1/nios2eds/bin/gnu/h-i686-mingw32/bin/../lib/gcc/nios2-elf/4.1.2/../../../../nios2-elf/lib/mno-hw-mul\libc.a(lib_a-s_isnand.o)
                0x00807e8c                __isnand
 .text          0x00807ebc       0x70 c:/altera/12.1sp1/nios2eds/bin/gnu/h-i686-mingw32/bin/../lib/gcc/nios2-elf/4.1.2/../../../../nios2-elf/lib/mno-hw-mul\libc.a(lib_a-sbrkr.o)
                0x00807ebc                _sbrk_r
 .text          0x00807f2c      0x14c c:/altera/12.1sp1/nios2eds/bin/gnu/h-i686-mingw32/bin/../lib/gcc/nios2-elf/4.1.2/../../../../nios2-elf/lib/mno-hw-mul\libc.a(lib_a-stdio.o)
                0x00807f2c                __sclose
                0x00807f34                __sseek
                0x00807f9c                __swrite
                0x00808018                __sread
 .text          0x00808078       0xbc c:/altera/12.1sp1/nios2eds/bin/gnu/h-i686-mingw32/bin/../lib/gcc/nios2-elf/4.1.2/../../../../nios2-elf/lib/mno-hw-mul\libc.a(lib_a-strcmp.o)
                0x00808078                strcmp
 .text          0x00808134       0x74 c:/altera/12.1sp1/nios2eds/bin/gnu/h-i686-mingw32/bin/../lib/gcc/nios2-elf/4.1.2/../../../../nios2-elf/lib/mno-hw-mul\libc.a(lib_a-strlen.o)
                0x00808134                strlen
 .text          0x008081a8       0x78 c:/altera/12.1sp1/nios2eds/bin/gnu/h-i686-mingw32/bin/../lib/gcc/nios2-elf/4.1.2/../../../../nios2-elf/lib/mno-hw-mul\libc.a(lib_a-writer.o)
                0x008081a8                _write_r
 .text          0x00808220       0xc8 c:/altera/12.1sp1/nios2eds/bin/gnu/h-i686-mingw32/bin/../lib/gcc/nios2-elf/4.1.2/../../../../nios2-elf/lib/mno-hw-mul\libc.a(lib_a-callocr.o)
                0x00808220                _calloc_r
 .text          0x008082e8       0x70 c:/altera/12.1sp1/nios2eds/bin/gnu/h-i686-mingw32/bin/../lib/gcc/nios2-elf/4.1.2/../../../../nios2-elf/lib/mno-hw-mul\libc.a(lib_a-closer.o)
                0x008082e8                _close_r
 .text          0x00808358      0x124 c:/altera/12.1sp1/nios2eds/bin/gnu/h-i686-mingw32/bin/../lib/gcc/nios2-elf/4.1.2/../../../../nios2-elf/lib/mno-hw-mul\libc.a(lib_a-fclose.o)
                0x00808358                _fclose_r
                0x00808468                fclose
 .text          0x0080847c       0x74 c:/altera/12.1sp1/nios2eds/bin/gnu/h-i686-mingw32/bin/../lib/gcc/nios2-elf/4.1.2/../../../../nios2-elf/lib/mno-hw-mul\libc.a(lib_a-fstatr.o)
                0x0080847c                _fstat_r
 .text          0x008084f0        0x0 c:/altera/12.1sp1/nios2eds/bin/gnu/h-i686-mingw32/bin/../lib/gcc/nios2-elf/4.1.2/../../../../nios2-elf/lib/mno-hw-mul\libc.a(lib_a-int_errno.o)
 .text          0x008084f0       0x70 c:/altera/12.1sp1/nios2eds/bin/gnu/h-i686-mingw32/bin/../lib/gcc/nios2-elf/4.1.2/../../../../nios2-elf/lib/mno-hw-mul\libc.a(lib_a-isattyr.o)
                0x008084f0                _isatty_r
 .text          0x00808560       0x78 c:/altera/12.1sp1/nios2eds/bin/gnu/h-i686-mingw32/bin/../lib/gcc/nios2-elf/4.1.2/../../../../nios2-elf/lib/mno-hw-mul\libc.a(lib_a-lseekr.o)
                0x00808560                _lseek_r
 .text          0x008085d8       0x78 c:/altera/12.1sp1/nios2eds/bin/gnu/h-i686-mingw32/bin/../lib/gcc/nios2-elf/4.1.2/../../../../nios2-elf/lib/mno-hw-mul\libc.a(lib_a-readr.o)
                0x008085d8                _read_r
 .text          0x00808650      0x66c c:/altera/12.1sp1/nios2eds/bin/gnu/h-i686-mingw32/bin/../lib/gcc/nios2-elf/4.1.2/mno-hw-mul\libgcc.a(_udivdi3.o)
                0x00808650                __udivdi3
 .text          0x00808cbc      0x660 c:/altera/12.1sp1/nios2eds/bin/gnu/h-i686-mingw32/bin/../lib/gcc/nios2-elf/4.1.2/mno-hw-mul\libgcc.a(_umoddi3.o)
                0x00808cbc                __umoddi3
 .text          0x0080931c      0x3c4 c:/altera/12.1sp1/nios2eds/bin/gnu/h-i686-mingw32/bin/../lib/gcc/nios2-elf/4.1.2/mno-hw-mul\libgcc.a(_mul_df.o)
                0x0080931c                __muldf3
 .text          0x008096e0      0x258 c:/altera/12.1sp1/nios2eds/bin/gnu/h-i686-mingw32/bin/../lib/gcc/nios2-elf/4.1.2/mno-hw-mul\libgcc.a(_div_df.o)
                0x008096e0                __divdf3
 .text          0x00809938       0x88 c:/altera/12.1sp1/nios2eds/bin/gnu/h-i686-mingw32/bin/../lib/gcc/nios2-elf/4.1.2/mno-hw-mul\libgcc.a(_eq_df.o)
                0x00809938                __eqdf2
 .text          0x008099c0       0x88 c:/altera/12.1sp1/nios2eds/bin/gnu/h-i686-mingw32/bin/../lib/gcc/nios2-elf/4.1.2/mno-hw-mul\libgcc.a(_ne_df.o)
                0x008099c0                __nedf2
 .text          0x00809a48       0x88 c:/altera/12.1sp1/nios2eds/bin/gnu/h-i686-mingw32/bin/../lib/gcc/nios2-elf/4.1.2/mno-hw-mul\libgcc.a(_gt_df.o)
                0x00809a48                __gtdf2
 .text          0x00809ad0       0x88 c:/altera/12.1sp1/nios2eds/bin/gnu/h-i686-mingw32/bin/../lib/gcc/nios2-elf/4.1.2/mno-hw-mul\libgcc.a(_ge_df.o)
                0x00809ad0                __gedf2
 .text          0x00809b58       0x88 c:/altera/12.1sp1/nios2eds/bin/gnu/h-i686-mingw32/bin/../lib/gcc/nios2-elf/4.1.2/mno-hw-mul\libgcc.a(_lt_df.o)
                0x00809b58                __ltdf2
 .text          0x00809be0      0x194 c:/altera/12.1sp1/nios2eds/bin/gnu/h-i686-mingw32/bin/../lib/gcc/nios2-elf/4.1.2/mno-hw-mul\libgcc.a(_usi_to_df.o)
                0x00809be0                __floatunsidf
 .text          0x00809d74      0x14c c:/altera/12.1sp1/nios2eds/bin/gnu/h-i686-mingw32/bin/../lib/gcc/nios2-elf/4.1.2/mno-hw-mul\libgcc.a(lib2-divmod.o)
                0x00809df0                __divsi3
                0x00809e50                __modsi3
                0x00809eb0                __udivsi3
                0x00809eb8                __umodsi3
 .text          0x00809ec0       0x38 c:/altera/12.1sp1/nios2eds/bin/gnu/h-i686-mingw32/bin/../lib/gcc/nios2-elf/4.1.2/mno-hw-mul\libgcc.a(lib2-mul.o)
                0x00809ec0                __mulsi3
 .text          0x00809ef8      0x124 c:/altera/12.1sp1/nios2eds/bin/gnu/h-i686-mingw32/bin/../lib/gcc/nios2-elf/4.1.2/mno-hw-mul\libgcc.a(_muldi3.o)
                0x00809ef8                __muldi3
 .text          0x0080a01c       0xc8 c:/altera/12.1sp1/nios2eds/bin/gnu/h-i686-mingw32/bin/../lib/gcc/nios2-elf/4.1.2/mno-hw-mul\libgcc.a(_fpcmp_parts_df.o)
                0x0080a01c                __fpcmp_parts_d
 .text          0x0080a0e4      0x160 ../MIDIGenerator_bsp/\libucosii_bsp.a(alt_close.o)
                0x0080a0e4                close
 .text          0x0080a244       0x2c ../MIDIGenerator_bsp/\libucosii_bsp.a(alt_dev.o)
 .text          0x0080a270        0x0 ../MIDIGenerator_bsp/\libucosii_bsp.a(alt_errno.o)
 .text          0x0080a270      0x138 ../MIDIGenerator_bsp/\libucosii_bsp.a(alt_fstat.o)
                0x0080a270                fstat
 .text          0x0080a3a8      0x124 ../MIDIGenerator_bsp/\libucosii_bsp.a(alt_isatty.o)
                0x0080a3a8                isatty
 .text          0x0080a4cc       0xec ../MIDIGenerator_bsp/\libucosii_bsp.a(alt_load.o)
                0x0080a4cc                alt_load
 .text          0x0080a5b8      0x154 ../MIDIGenerator_bsp/\libucosii_bsp.a(alt_lseek.o)
                0x0080a5b8                lseek
 .text          0x0080a70c       0xc8 ../MIDIGenerator_bsp/\libucosii_bsp.a(alt_main.o)
                0x0080a70c                alt_main
 .text          0x0080a7d4      0x258 ../MIDIGenerator_bsp/\libucosii_bsp.a(alt_printf.o)
                0x0080a7d4                alt_printf
 .text          0x0080aa2c       0x40 ../MIDIGenerator_bsp/\libucosii_bsp.a(alt_putchar.o)
                0x0080aa2c                alt_putchar
 .text          0x0080aa6c      0x184 ../MIDIGenerator_bsp/\libucosii_bsp.a(alt_read.o)
                0x0080aa6c                read
 .text          0x0080abf0       0x78 ../MIDIGenerator_bsp/\libucosii_bsp.a(alt_release_fd.o)
                0x0080abf0                alt_release_fd
 .text          0x0080ac68       0xbc ../MIDIGenerator_bsp/\libucosii_bsp.a(alt_sbrk.o)
                0x0080ac68                sbrk
 .text          0x0080ad24      0x184 ../MIDIGenerator_bsp/\libucosii_bsp.a(alt_write.o)
                0x0080ad24                write
 .text          0x0080aea8      0x108 ../MIDIGenerator_bsp/\libucosii_bsp.a(alt_env_lock.o)
                0x0080aea8                __env_lock
                0x0080af54                __env_unlock
 .text          0x0080afb0      0x1d8 ../MIDIGenerator_bsp/\libucosii_bsp.a(alt_malloc_lock.o)
                0x0080afb0                __malloc_lock
                0x0080b0b8                __malloc_unlock
 .text          0x0080b188     0x2128 ../MIDIGenerator_bsp/\libucosii_bsp.a(os_core.o)
                0x0080b188                OSEventNameGet
                0x0080b2b8                OSEventNameSet
                0x0080b3fc                OSEventPendMulti
                0x0080bab0                OSInit
                0x0080bb04                OSIntEnter
                0x0080bb80                OSIntExit
                0x0080bc80                OSSchedLock
                0x0080bd0c                OSSchedUnlock
                0x0080bdf0                OSStart
                0x0080be60                OSStatInit
                0x0080bf0c                OSTimeTick
                0x0080c14c                OSVersion
                0x0080c16c                OS_Dummy
                0x0080c188                OS_EventTaskRdy
                0x0080c31c                OS_EventTaskWait
                0x0080c42c                OS_EventTaskWaitMulti
                0x0080c580                OS_EventTaskRemove
                0x0080c638                OS_EventTaskRemoveMulti
                0x0080c73c                OS_EventWaitListInit
                0x0080cb08                OS_MemClr
                0x0080cb5c                OS_MemCopy
                0x0080cbc8                OS_Sched
                0x0080cd0c                OS_StrCopy
                0x0080cd8c                OS_StrLen
                0x0080cde4                OS_TaskIdle
                0x0080ce40                OS_TaskStat
                0x0080cf08                OS_TaskStatStkChk
                0x0080cfd0                OS_TCBInit
 .text          0x0080d2b0      0x18c ../MIDIGenerator_bsp/\libucosii_bsp.a(os_dbg.o)
                0x0080d2b0                OSDebugInit
 .text          0x0080d43c     0x193c ../MIDIGenerator_bsp/\libucosii_bsp.a(os_flag.o)
                0x0080d43c                OSFlagAccept
                0x0080d770                OSFlagCreate
                0x0080d8ac                OSFlagDel
                0x0080db54                OSFlagNameGet
                0x0080dc98                OSFlagNameSet
                0x0080ddec                OSFlagPend
                0x0080e430                OSFlagPendGetFlagsRdy
                0x0080e498                OSFlagPost
                0x0080e840                OSFlagQuery
                0x0080ead8                OS_FlagInit
                0x0080eccc                OS_FlagUnlink
 .text          0x0080ed78      0x80c ../MIDIGenerator_bsp/\libucosii_bsp.a(os_mem.o)
                0x0080ed78                OSMemCreate
                0x0080ef94                OSMemGet
                0x0080f098                OSMemNameGet
                0x0080f1a4                OSMemNameSet
                0x0080f2c4                OSMemPut
                0x0080f3b4                OSMemQuery
                0x0080f4b0                OS_MemInit
 .text          0x0080f584     0x1334 ../MIDIGenerator_bsp/\libucosii_bsp.a(os_q.o)
                0x0080f584                OSQAccept
                0x0080f6d8                OSQCreate
                0x0080f8ec                OSQDel
                0x0080fbec                OSQFlush
                0x0080fcb4                OSQPend
                0x0080ffd4                OSQPendAbort
                0x00810150                OSQPost
                0x008102d0                OSQPostFront
                0x00810458                OSQPostOpt
                0x0081068c                OSQQuery
                0x0081080c                OS_QInit
 .text          0x008108b8      0xbc8 ../MIDIGenerator_bsp/\libucosii_bsp.a(os_sem.o)
                0x008108b8                OSSemAccept
                0x00810978                OSSemCreate
                0x00810a8c                OSSemDel
                0x00810d2c                OSSemPend
                0x00810fa8                OSSemPendAbort
                0x00811124                OSSemPost
                0x0081124c                OSSemQuery
                0x0081137c                OSSemSet
 .text          0x00811480     0x1a40 ../MIDIGenerator_bsp/\libucosii_bsp.a(os_task.o)
                0x00811480                OSTaskChangePrio
                0x008119f4                OSTaskCreate
                0x00811bc8                OSTaskCreateExt
                0x00811dc8                OSTaskDel
                0x008121d4                OSTaskDelReq
                0x00812344                OSTaskNameGet
                0x008124fc                OSTaskNameSet
                0x008126c0                OSTaskResume
                0x008128d8                OSTaskStkChk
                0x00812ad4                OSTaskSuspend
                0x00812d00                OSTaskQuery
                0x00812e44                OS_TaskStkClr
 .text          0x00812ec0      0x5b4 ../MIDIGenerator_bsp/\libucosii_bsp.a(os_time.o)
                0x00812ec0                OSTimeDly
                0x0081300c                OSTimeDlyHMSM
                0x0081319c                OSTimeDlyResume
                0x008133ac                OSTimeGet
                0x00813410                OSTimeSet
 .text          0x00813474       0xe0 ../MIDIGenerator_bsp/\libucosii_bsp.a(alt_sys_init.o)
                0x00813474                alt_irq_init
                0x008134a8                alt_sys_init
 .text          0x00813554      0x148 ../MIDIGenerator_bsp/\libucosii_bsp.a(altera_avalon_jtag_uart_fd.o)
                0x00813554                altera_avalon_jtag_uart_read_fd
                0x008135ac                altera_avalon_jtag_uart_write_fd
                0x00813604                altera_avalon_jtag_uart_close_fd
                0x0081364c                altera_avalon_jtag_uart_ioctl_fd
 .text          0x0081369c      0x584 ../MIDIGenerator_bsp/\libucosii_bsp.a(altera_avalon_jtag_uart_init.o)
                0x0081369c                altera_avalon_jtag_uart_init
                0x00813bac                altera_avalon_jtag_uart_close
 .text          0x00813c20       0xf4 ../MIDIGenerator_bsp/\libucosii_bsp.a(altera_avalon_jtag_uart_ioctl.o)
                0x00813c20                altera_avalon_jtag_uart_ioctl
 .text          0x00813d14      0x2c0 ../MIDIGenerator_bsp/\libucosii_bsp.a(altera_avalon_jtag_uart_read.o)
                0x00813d14                altera_avalon_jtag_uart_read
 .text          0x00813fd4      0x2dc ../MIDIGenerator_bsp/\libucosii_bsp.a(altera_avalon_jtag_uart_write.o)
                0x00813fd4                altera_avalon_jtag_uart_write
 .text          0x008142b0      0x100 ../MIDIGenerator_bsp/\libucosii_bsp.a(altera_avalon_timer_sc.o)
                0x00814320                alt_avalon_timer_sc_init
 .text          0x008143b0      0x530 ../MIDIGenerator_bsp/\libucosii_bsp.a(altera_up_avalon_character_lcd.o)
                0x008143b0                get_DDRAM_addr
                0x0081442c                alt_up_character_lcd_send_cmd
                0x00814460                alt_up_character_lcd_init
                0x00814494                alt_up_character_lcd_open_dev
                0x008144d4                alt_up_character_lcd_write
                0x0081454c                alt_up_character_lcd_string
                0x008145c4                alt_up_character_lcd_write_fd
                0x00814610                alt_up_character_lcd_set_cursor_pos
                0x00814688                alt_up_character_lcd_shift_cursor
                0x00814738                alt_up_character_lcd_shift_display
                0x008147e8                alt_up_character_lcd_erase_pos
                0x00814878                alt_up_character_lcd_cursor_off
                0x008148ac                alt_up_character_lcd_cursor_blink_on
 .text          0x008148e0      0x154 ../MIDIGenerator_bsp/\libucosii_bsp.a(alt_alarm_start.o)
                0x008148e0                alt_alarm_start
 .text          0x00814a34       0x1c ../MIDIGenerator_bsp/\libucosii_bsp.a(alt_dcache_flush_all.o)
                0x00814a34                alt_dcache_flush_all
 .text          0x00814a50      0x114 ../MIDIGenerator_bsp/\libucosii_bsp.a(alt_dev_llist_insert.o)
                0x00814a50                alt_dev_llist_insert
 .text          0x00814b64       0x64 ../MIDIGenerator_bsp/\libucosii_bsp.a(alt_do_ctors.o)
                0x00814b64                _do_ctors
 .text          0x00814bc8       0x64 ../MIDIGenerator_bsp/\libucosii_bsp.a(alt_do_dtors.o)
                0x00814bc8                _do_dtors
 .text          0x00814c2c       0x94 ../MIDIGenerator_bsp/\libucosii_bsp.a(alt_find_dev.o)
                0x00814c2c                alt_find_dev
 .text          0x00814cc0       0x1c ../MIDIGenerator_bsp/\libucosii_bsp.a(alt_icache_flush_all.o)
                0x00814cc0                alt_icache_flush_all
 .text          0x00814cdc      0x1d4 ../MIDIGenerator_bsp/\libucosii_bsp.a(alt_iic.o)
                0x00814cdc                alt_ic_isr_register
                0x00814d2c                alt_ic_irq_enable
                0x00814dc8                alt_ic_irq_disable
                0x00814e68                alt_ic_irq_enabled
 .text          0x00814eb0       0xf8 ../MIDIGenerator_bsp/\libucosii_bsp.a(alt_iic_isr_register.o)
                0x00814eb0                alt_iic_isr_register
 .text          0x00814fa8      0x150 ../MIDIGenerator_bsp/\libucosii_bsp.a(alt_io_redirect.o)
                0x00815080                alt_io_redirect
 .text          0x008150f8        0x0 ../MIDIGenerator_bsp/\libucosii_bsp.a(alt_irq_entry.o)
 .text          0x008150f8        0x0 ../MIDIGenerator_bsp/\libucosii_bsp.a(alt_irq_handler.o)
 .text          0x008150f8        0x0 ../MIDIGenerator_bsp/\libucosii_bsp.a(alt_irq_vars.o)
 .text          0x008150f8      0x2e4 ../MIDIGenerator_bsp/\libucosii_bsp.a(alt_open.o)
                0x008151f0                open
 .text          0x008153dc      0x1a8 ../MIDIGenerator_bsp/\libucosii_bsp.a(alt_tick.o)
                0x008153dc                alt_alarm_stop
                0x00815474                alt_tick
 .text          0x00815584       0x20 ../MIDIGenerator_bsp/\libucosii_bsp.a(altera_nios2_qsys_irq.o)
                0x00815584                altera_nios2_qsys_irq_init
 .text          0x008155a4       0xd0 ../MIDIGenerator_bsp/\libucosii_bsp.a(os_cpu_a.o)
                0x008155a4                OSCtxSw
                0x008155a4                OSIntCtxSw
                0x00815630                OSStartHighRdy
                0x00815650                OSStartTsk
 .text          0x00815674      0x418 ../MIDIGenerator_bsp/\libucosii_bsp.a(os_cpu_c.o)
                0x00815674                OSTaskStkInit
                0x00815984                OSTaskCreateHook
                0x008159a4                OSTaskDelHook
                0x008159c4                OSTaskSwHook
                0x008159e0                OSTaskStatHook
                0x008159fc                OSTimeTickHook
                0x00815a18                OSInitHookBegin
                0x00815a34                OSInitHookEnd
                0x00815a50                OSTaskIdleHook
                0x00815a6c                OSTCBInitHook
 .text          0x00815a8c        0x0 ../MIDIGenerator_bsp/\libucosii_bsp.a(alt_exception_entry.o)
 .text          0x00815a8c      0x120 ../MIDIGenerator_bsp/\libucosii_bsp.a(alt_find_file.o)
                0x00815a8c                alt_find_file
 .text          0x00815bac      0x104 ../MIDIGenerator_bsp/\libucosii_bsp.a(alt_get_fd.o)
                0x00815bac                alt_get_fd
 .text          0x00815cb0       0x14 c:/altera/12.1sp1/nios2eds/bin/gnu/h-i686-mingw32/bin/../lib/gcc/nios2-elf/4.1.2/../../../../nios2-elf/lib/mno-hw-mul\libc.a(lib_a-atexit.o)
                0x00815cb0                atexit
 .text          0x00815cc4       0x38 c:/altera/12.1sp1/nios2eds/bin/gnu/h-i686-mingw32/bin/../lib/gcc/nios2-elf/4.1.2/../../../../nios2-elf/lib/mno-hw-mul\libc.a(lib_a-exit.o)
                0x00815cc4                exit
 .text          0x00815cfc       0x74 c:/altera/12.1sp1/nios2eds/bin/gnu/h-i686-mingw32/bin/../lib/gcc/nios2-elf/4.1.2/../../../../nios2-elf/lib/mno-hw-mul\libc.a(lib_a-memcmp.o)
                0x00815cfc                memcmp
 .text          0x00815d70      0x1ec c:/altera/12.1sp1/nios2eds/bin/gnu/h-i686-mingw32/bin/../lib/gcc/nios2-elf/4.1.2/../../../../nios2-elf/lib/mno-hw-mul\libc.a(lib_a-putc.o)
                0x00815d70                putc
                0x00815e74                _putc_r
 .text          0x00815f5c      0x14c c:/altera/12.1sp1/nios2eds/bin/gnu/h-i686-mingw32/bin/../lib/gcc/nios2-elf/4.1.2/../../../../nios2-elf/lib/mno-hw-mul\libc.a(lib_a-wbuf.o)
                0x00815f5c                __swbuf_r
                0x0081608c                __swbuf
 .text          0x008160a8      0x134 c:/altera/12.1sp1/nios2eds/bin/gnu/h-i686-mingw32/bin/../lib/gcc/nios2-elf/4.1.2/../../../../nios2-elf/lib/mno-hw-mul\libc.a(lib_a-__atexit.o)
                0x008160a8                __register_exitproc
 .text          0x008161dc      0x1b4 c:/altera/12.1sp1/nios2eds/bin/gnu/h-i686-mingw32/bin/../lib/gcc/nios2-elf/4.1.2/../../../../nios2-elf/lib/mno-hw-mul\libc.a(lib_a-__call_atexit.o)
                0x008161e0                __call_exitprocs
 .text          0x00816390       0x6c ../MIDIGenerator_bsp/\libucosii_bsp.a(alt_exit.o)
                0x008163d0                _exit
 *(.gnu.warning.*)
 *(.fini)
                0x008163fc                PROVIDE (__etext, ABSOLUTE (.))
                0x008163fc                PROVIDE (_etext, ABSOLUTE (.))
                0x008163fc                PROVIDE (etext, ABSOLUTE (.))
 *(.eh_frame_hdr)
                0x008163fc                . = ALIGN (0x4)
                0x008163fc                PROVIDE (__preinit_array_start, ABSOLUTE (.))
 *(.preinit_array)
                0x008163fc                PROVIDE (__preinit_array_end, ABSOLUTE (.))
                0x008163fc                PROVIDE (__init_array_start, ABSOLUTE (.))
 *(.init_array)
                0x008163fc                PROVIDE (__init_array_end, ABSOLUTE (.))
                0x008163fc                PROVIDE (__fini_array_start, ABSOLUTE (.))
 *(.fini_array)
                0x008163fc                PROVIDE (__fini_array_end, ABSOLUTE (.))
 *(.eh_frame)
 *(.gcc_except_table)
 *(.dynamic)
                0x008163fc                PROVIDE (__CTOR_LIST__, ABSOLUTE (.))
 *(.ctors)
 *(SORT(.ctors.*))
 .ctors.65535   0x008163fc        0x4 c:/altera/12.1sp1/nios2eds/bin/gnu/h-i686-mingw32/bin/../lib/gcc/nios2-elf/4.1.2/../../../../nios2-elf/lib/mno-hw-mul\libc.a(lib_a-__call_atexit.o)
                0x00816400                PROVIDE (__CTOR_END__, ABSOLUTE (.))
                0x00816400                PROVIDE (__DTOR_LIST__, ABSOLUTE (.))
 *(.dtors)
 *(SORT(.dtors.*))
                0x00816400                PROVIDE (__DTOR_END__, ABSOLUTE (.))
 *(.jcr)
                0x00816400                . = ALIGN (0x4)

.rodata         0x00816400      0x52c
                0x00816400                PROVIDE (__ram_rodata_start, ABSOLUTE (.))
                0x00816400                . = ALIGN (0x4)
 *(.rodata .rodata.* .gnu.linkonce.r.*)
 .rodata        0x00816400       0xb0 obj/default/midi_generator.o
 .rodata        0x008164b0       0x14 c:/altera/12.1sp1/nios2eds/bin/gnu/h-i686-mingw32/bin/../lib/gcc/nios2-elf/4.1.2/mno-hw-mul\libgcc.a(_thenan_df.o)
                0x008164b0                __thenan_df
 .rodata        0x008164c4      0x100 c:/altera/12.1sp1/nios2eds/bin/gnu/h-i686-mingw32/bin/../lib/gcc/nios2-elf/4.1.2/mno-hw-mul\libgcc.a(_clz.o)
                0x008164c4                __clz_tab
 .rodata.str1.4
                0x008165c4       0x5e c:/altera/12.1sp1/nios2eds/bin/gnu/h-i686-mingw32/bin/../lib/gcc/nios2-elf/4.1.2/../../../../nios2-elf/lib/mno-hw-mul\libc.a(lib_a-vfprintf.o)
                                 0x60 (size before relaxing)
 .rodata        0x00816622       0x20 c:/altera/12.1sp1/nios2eds/bin/gnu/h-i686-mingw32/bin/../lib/gcc/nios2-elf/4.1.2/../../../../nios2-elf/lib/mno-hw-mul\libc.a(lib_a-vfprintf.o)
 *fill*         0x00816642        0x2 00
 .rodata.str1.4
                0x00816644       0x10 c:/altera/12.1sp1/nios2eds/bin/gnu/h-i686-mingw32/bin/../lib/gcc/nios2-elf/4.1.2/../../../../nios2-elf/lib/mno-hw-mul\libc.a(lib_a-dtoa.o)
                                 0x14 (size before relaxing)
 .rodata.str1.4
                0x00816654        0x2 c:/altera/12.1sp1/nios2eds/bin/gnu/h-i686-mingw32/bin/../lib/gcc/nios2-elf/4.1.2/../../../../nios2-elf/lib/mno-hw-mul\libc.a(lib_a-impure.o)
                                  0x4 (size before relaxing)
 *fill*         0x00816656        0x2 00
 .rodata.str1.4
                0x00816658       0x10 c:/altera/12.1sp1/nios2eds/bin/gnu/h-i686-mingw32/bin/../lib/gcc/nios2-elf/4.1.2/../../../../nios2-elf/lib/mno-hw-mul\libc.a(lib_a-locale.o)
                                 0x18 (size before relaxing)
 .rodata        0x00816668       0x30 c:/altera/12.1sp1/nios2eds/bin/gnu/h-i686-mingw32/bin/../lib/gcc/nios2-elf/4.1.2/../../../../nios2-elf/lib/mno-hw-mul\libc.a(lib_a-locale.o)
 .rodata        0x00816698      0x124 c:/altera/12.1sp1/nios2eds/bin/gnu/h-i686-mingw32/bin/../lib/gcc/nios2-elf/4.1.2/../../../../nios2-elf/lib/mno-hw-mul\libc.a(lib_a-mprec.o)
                0x00816698                __mprec_tens
                0x00816760                __mprec_bigtens
                0x00816788                __mprec_tinytens
 .rodata        0x008167bc        0xc ../MIDIGenerator_bsp/\libucosii_bsp.a(alt_dev.o)
 .rodata        0x008167c8       0x14 ../MIDIGenerator_bsp/\libucosii_bsp.a(alt_main.o)
 .rodata        0x008167dc      0x120 ../MIDIGenerator_bsp/\libucosii_bsp.a(os_core.o)
                0x008167dc                OSUnMapTbl
 .rodata        0x008168fc       0x2c ../MIDIGenerator_bsp/\libucosii_bsp.a(alt_sys_init.o)
 .rodata        0x00816928        0x4 ../MIDIGenerator_bsp/\libucosii_bsp.a(os_cpu_c.o)
 *(.rodata1)
                0x0081692c                . = ALIGN (0x4)
                0x0081692c                PROVIDE (__ram_rodata_end, ABSOLUTE (.))
                0x00816400                PROVIDE (__flash_rodata_start, LOADADDR (.rodata))

.rwdata         0x0081692c     0x1b10 load address 0x0081843c
                0x0081692c                PROVIDE (__ram_rwdata_start, ABSOLUTE (.))
                0x0081692c                . = ALIGN (0x4)
 *(.got.plt)
 *(.got)
 *(.data1)
 *(.data .data.* .gnu.linkonce.d.*)
 .data          0x0081692c        0x0 ../MIDIGenerator_bsp//obj/HAL/src/crt0.o
 .data          0x0081692c        0x0 obj/default/midi_generator.o
 .data          0x0081692c        0x0 c:/altera/12.1sp1/nios2eds/bin/gnu/h-i686-mingw32/bin/../lib/gcc/nios2-elf/4.1.2/mno-hw-mul\libgcc.a(_addsub_df.o)
 .data          0x0081692c        0x0 c:/altera/12.1sp1/nios2eds/bin/gnu/h-i686-mingw32/bin/../lib/gcc/nios2-elf/4.1.2/mno-hw-mul\libgcc.a(_si_to_df.o)
 .data          0x0081692c        0x0 c:/altera/12.1sp1/nios2eds/bin/gnu/h-i686-mingw32/bin/../lib/gcc/nios2-elf/4.1.2/mno-hw-mul\libgcc.a(_df_to_si.o)
 .data          0x0081692c        0x0 c:/altera/12.1sp1/nios2eds/bin/gnu/h-i686-mingw32/bin/../lib/gcc/nios2-elf/4.1.2/mno-hw-mul\libgcc.a(_thenan_df.o)
 .data          0x0081692c        0x0 c:/altera/12.1sp1/nios2eds/bin/gnu/h-i686-mingw32/bin/../lib/gcc/nios2-elf/4.1.2/mno-hw-mul\libgcc.a(_clzsi2.o)
 .data          0x0081692c        0x0 c:/altera/12.1sp1/nios2eds/bin/gnu/h-i686-mingw32/bin/../lib/gcc/nios2-elf/4.1.2/mno-hw-mul\libgcc.a(_pack_df.o)
 .data          0x0081692c        0x0 c:/altera/12.1sp1/nios2eds/bin/gnu/h-i686-mingw32/bin/../lib/gcc/nios2-elf/4.1.2/mno-hw-mul\libgcc.a(_unpack_df.o)
 .data          0x0081692c        0x0 c:/altera/12.1sp1/nios2eds/bin/gnu/h-i686-mingw32/bin/../lib/gcc/nios2-elf/4.1.2/mno-hw-mul\libgcc.a(_clz.o)
 .data          0x0081692c        0x0 c:/altera/12.1sp1/nios2eds/bin/gnu/h-i686-mingw32/bin/../lib/gcc/nios2-elf/4.1.2/../../../../nios2-elf/lib/mno-hw-mul\libc.a(lib_a-printf.o)
 .data          0x0081692c        0x0 c:/altera/12.1sp1/nios2eds/bin/gnu/h-i686-mingw32/bin/../lib/gcc/nios2-elf/4.1.2/../../../../nios2-elf/lib/mno-hw-mul\libc.a(lib_a-strcat.o)
 .data          0x0081692c        0x0 c:/altera/12.1sp1/nios2eds/bin/gnu/h-i686-mingw32/bin/../lib/gcc/nios2-elf/4.1.2/../../../../nios2-elf/lib/mno-hw-mul\libc.a(lib_a-strcpy.o)
 .data          0x0081692c        0x0 c:/altera/12.1sp1/nios2eds/bin/gnu/h-i686-mingw32/bin/../lib/gcc/nios2-elf/4.1.2/../../../../nios2-elf/lib/mno-hw-mul\libc.a(lib_a-vfprintf.o)
 .data          0x0081692c        0x0 c:/altera/12.1sp1/nios2eds/bin/gnu/h-i686-mingw32/bin/../lib/gcc/nios2-elf/4.1.2/../../../../nios2-elf/lib/mno-hw-mul\libc.a(lib_a-wsetup.o)
 .data          0x0081692c        0x0 c:/altera/12.1sp1/nios2eds/bin/gnu/h-i686-mingw32/bin/../lib/gcc/nios2-elf/4.1.2/../../../../nios2-elf/lib/mno-hw-mul\libc.a(lib_a-dtoa.o)
 .data          0x0081692c        0x0 c:/altera/12.1sp1/nios2eds/bin/gnu/h-i686-mingw32/bin/../lib/gcc/nios2-elf/4.1.2/../../../../nios2-elf/lib/mno-hw-mul\libc.a(lib_a-fflush.o)
 .data          0x0081692c        0x0 c:/altera/12.1sp1/nios2eds/bin/gnu/h-i686-mingw32/bin/../lib/gcc/nios2-elf/4.1.2/../../../../nios2-elf/lib/mno-hw-mul\libc.a(lib_a-findfp.o)
 .data          0x0081692c        0x0 c:/altera/12.1sp1/nios2eds/bin/gnu/h-i686-mingw32/bin/../lib/gcc/nios2-elf/4.1.2/../../../../nios2-elf/lib/mno-hw-mul\libc.a(lib_a-freer.o)
 .data          0x0081692c        0x0 c:/altera/12.1sp1/nios2eds/bin/gnu/h-i686-mingw32/bin/../lib/gcc/nios2-elf/4.1.2/../../../../nios2-elf/lib/mno-hw-mul\libc.a(lib_a-fvwrite.o)
 .data          0x0081692c        0x0 c:/altera/12.1sp1/nios2eds/bin/gnu/h-i686-mingw32/bin/../lib/gcc/nios2-elf/4.1.2/../../../../nios2-elf/lib/mno-hw-mul\libc.a(lib_a-fwalk.o)
 .data          0x0081692c      0x400 c:/altera/12.1sp1/nios2eds/bin/gnu/h-i686-mingw32/bin/../lib/gcc/nios2-elf/4.1.2/../../../../nios2-elf/lib/mno-hw-mul\libc.a(lib_a-impure.o)
 .data          0x00816d2c        0xc c:/altera/12.1sp1/nios2eds/bin/gnu/h-i686-mingw32/bin/../lib/gcc/nios2-elf/4.1.2/../../../../nios2-elf/lib/mno-hw-mul\libc.a(lib_a-locale.o)
                0x00816d2c                __lc_ctype
 .data          0x00816d38        0x0 c:/altera/12.1sp1/nios2eds/bin/gnu/h-i686-mingw32/bin/../lib/gcc/nios2-elf/4.1.2/../../../../nios2-elf/lib/mno-hw-mul\libc.a(lib_a-makebuf.o)
 .data          0x00816d38      0x408 c:/altera/12.1sp1/nios2eds/bin/gnu/h-i686-mingw32/bin/../lib/gcc/nios2-elf/4.1.2/../../../../nios2-elf/lib/mno-hw-mul\libc.a(lib_a-mallocr.o)
                0x00816d38                __malloc_av_
 .data          0x00817140        0x0 c:/altera/12.1sp1/nios2eds/bin/gnu/h-i686-mingw32/bin/../lib/gcc/nios2-elf/4.1.2/../../../../nios2-elf/lib/mno-hw-mul\libc.a(lib_a-memchr.o)
 .data          0x00817140        0x0 c:/altera/12.1sp1/nios2eds/bin/gnu/h-i686-mingw32/bin/../lib/gcc/nios2-elf/4.1.2/../../../../nios2-elf/lib/mno-hw-mul\libc.a(lib_a-memcpy.o)
 .data          0x00817140        0x0 c:/altera/12.1sp1/nios2eds/bin/gnu/h-i686-mingw32/bin/../lib/gcc/nios2-elf/4.1.2/../../../../nios2-elf/lib/mno-hw-mul\libc.a(lib_a-memmove.o)
 .data          0x00817140        0x0 c:/altera/12.1sp1/nios2eds/bin/gnu/h-i686-mingw32/bin/../lib/gcc/nios2-elf/4.1.2/../../../../nios2-elf/lib/mno-hw-mul\libc.a(lib_a-memset.o)
 .data          0x00817140        0x0 c:/altera/12.1sp1/nios2eds/bin/gnu/h-i686-mingw32/bin/../lib/gcc/nios2-elf/4.1.2/../../../../nios2-elf/lib/mno-hw-mul\libc.a(lib_a-mprec.o)
 .data          0x00817140        0x0 c:/altera/12.1sp1/nios2eds/bin/gnu/h-i686-mingw32/bin/../lib/gcc/nios2-elf/4.1.2/../../../../nios2-elf/lib/mno-hw-mul\libc.a(lib_a-reallocr.o)
 .data          0x00817140        0x0 c:/altera/12.1sp1/nios2eds/bin/gnu/h-i686-mingw32/bin/../lib/gcc/nios2-elf/4.1.2/../../../../nios2-elf/lib/mno-hw-mul\libc.a(lib_a-s_isinfd.o)
 .data          0x00817140        0x0 c:/altera/12.1sp1/nios2eds/bin/gnu/h-i686-mingw32/bin/../lib/gcc/nios2-elf/4.1.2/../../../../nios2-elf/lib/mno-hw-mul\libc.a(lib_a-s_isnand.o)
 .data          0x00817140        0x0 c:/altera/12.1sp1/nios2eds/bin/gnu/h-i686-mingw32/bin/../lib/gcc/nios2-elf/4.1.2/../../../../nios2-elf/lib/mno-hw-mul\libc.a(lib_a-sbrkr.o)
 .data          0x00817140        0x0 c:/altera/12.1sp1/nios2eds/bin/gnu/h-i686-mingw32/bin/../lib/gcc/nios2-elf/4.1.2/../../../../nios2-elf/lib/mno-hw-mul\libc.a(lib_a-stdio.o)
 .data          0x00817140        0x0 c:/altera/12.1sp1/nios2eds/bin/gnu/h-i686-mingw32/bin/../lib/gcc/nios2-elf/4.1.2/../../../../nios2-elf/lib/mno-hw-mul\libc.a(lib_a-strcmp.o)
 .data          0x00817140        0x0 c:/altera/12.1sp1/nios2eds/bin/gnu/h-i686-mingw32/bin/../lib/gcc/nios2-elf/4.1.2/../../../../nios2-elf/lib/mno-hw-mul\libc.a(lib_a-strlen.o)
 .data          0x00817140        0x0 c:/altera/12.1sp1/nios2eds/bin/gnu/h-i686-mingw32/bin/../lib/gcc/nios2-elf/4.1.2/../../../../nios2-elf/lib/mno-hw-mul\libc.a(lib_a-writer.o)
 .data          0x00817140        0x0 c:/altera/12.1sp1/nios2eds/bin/gnu/h-i686-mingw32/bin/../lib/gcc/nios2-elf/4.1.2/../../../../nios2-elf/lib/mno-hw-mul\libc.a(lib_a-callocr.o)
 .data          0x00817140        0x0 c:/altera/12.1sp1/nios2eds/bin/gnu/h-i686-mingw32/bin/../lib/gcc/nios2-elf/4.1.2/../../../../nios2-elf/lib/mno-hw-mul\libc.a(lib_a-closer.o)
 .data          0x00817140        0x0 c:/altera/12.1sp1/nios2eds/bin/gnu/h-i686-mingw32/bin/../lib/gcc/nios2-elf/4.1.2/../../../../nios2-elf/lib/mno-hw-mul\libc.a(lib_a-fclose.o)
 .data          0x00817140        0x0 c:/altera/12.1sp1/nios2eds/bin/gnu/h-i686-mingw32/bin/../lib/gcc/nios2-elf/4.1.2/../../../../nios2-elf/lib/mno-hw-mul\libc.a(lib_a-fstatr.o)
 .data          0x00817140        0x0 c:/altera/12.1sp1/nios2eds/bin/gnu/h-i686-mingw32/bin/../lib/gcc/nios2-elf/4.1.2/../../../../nios2-elf/lib/mno-hw-mul\libc.a(lib_a-int_errno.o)
 .data          0x00817140        0x0 c:/altera/12.1sp1/nios2eds/bin/gnu/h-i686-mingw32/bin/../lib/gcc/nios2-elf/4.1.2/../../../../nios2-elf/lib/mno-hw-mul\libc.a(lib_a-isattyr.o)
 .data          0x00817140        0x0 c:/altera/12.1sp1/nios2eds/bin/gnu/h-i686-mingw32/bin/../lib/gcc/nios2-elf/4.1.2/../../../../nios2-elf/lib/mno-hw-mul\libc.a(lib_a-lseekr.o)
 .data          0x00817140        0x0 c:/altera/12.1sp1/nios2eds/bin/gnu/h-i686-mingw32/bin/../lib/gcc/nios2-elf/4.1.2/../../../../nios2-elf/lib/mno-hw-mul\libc.a(lib_a-readr.o)
 .data          0x00817140        0x0 c:/altera/12.1sp1/nios2eds/bin/gnu/h-i686-mingw32/bin/../lib/gcc/nios2-elf/4.1.2/mno-hw-mul\libgcc.a(_udivdi3.o)
 .data          0x00817140        0x0 c:/altera/12.1sp1/nios2eds/bin/gnu/h-i686-mingw32/bin/../lib/gcc/nios2-elf/4.1.2/mno-hw-mul\libgcc.a(_umoddi3.o)
 .data          0x00817140        0x0 c:/altera/12.1sp1/nios2eds/bin/gnu/h-i686-mingw32/bin/../lib/gcc/nios2-elf/4.1.2/mno-hw-mul\libgcc.a(_mul_df.o)
 .data          0x00817140        0x0 c:/altera/12.1sp1/nios2eds/bin/gnu/h-i686-mingw32/bin/../lib/gcc/nios2-elf/4.1.2/mno-hw-mul\libgcc.a(_div_df.o)
 .data          0x00817140        0x0 c:/altera/12.1sp1/nios2eds/bin/gnu/h-i686-mingw32/bin/../lib/gcc/nios2-elf/4.1.2/mno-hw-mul\libgcc.a(_eq_df.o)
 .data          0x00817140        0x0 c:/altera/12.1sp1/nios2eds/bin/gnu/h-i686-mingw32/bin/../lib/gcc/nios2-elf/4.1.2/mno-hw-mul\libgcc.a(_ne_df.o)
 .data          0x00817140        0x0 c:/altera/12.1sp1/nios2eds/bin/gnu/h-i686-mingw32/bin/../lib/gcc/nios2-elf/4.1.2/mno-hw-mul\libgcc.a(_gt_df.o)
 .data          0x00817140        0x0 c:/altera/12.1sp1/nios2eds/bin/gnu/h-i686-mingw32/bin/../lib/gcc/nios2-elf/4.1.2/mno-hw-mul\libgcc.a(_ge_df.o)
 .data          0x00817140        0x0 c:/altera/12.1sp1/nios2eds/bin/gnu/h-i686-mingw32/bin/../lib/gcc/nios2-elf/4.1.2/mno-hw-mul\libgcc.a(_lt_df.o)
 .data          0x00817140        0x0 c:/altera/12.1sp1/nios2eds/bin/gnu/h-i686-mingw32/bin/../lib/gcc/nios2-elf/4.1.2/mno-hw-mul\libgcc.a(_usi_to_df.o)
 .data          0x00817140        0x0 c:/altera/12.1sp1/nios2eds/bin/gnu/h-i686-mingw32/bin/../lib/gcc/nios2-elf/4.1.2/mno-hw-mul\libgcc.a(lib2-divmod.o)
 .data          0x00817140        0x0 c:/altera/12.1sp1/nios2eds/bin/gnu/h-i686-mingw32/bin/../lib/gcc/nios2-elf/4.1.2/mno-hw-mul\libgcc.a(lib2-mul.o)
 .data          0x00817140        0x0 c:/altera/12.1sp1/nios2eds/bin/gnu/h-i686-mingw32/bin/../lib/gcc/nios2-elf/4.1.2/mno-hw-mul\libgcc.a(_muldi3.o)
 .data          0x00817140        0x0 c:/altera/12.1sp1/nios2eds/bin/gnu/h-i686-mingw32/bin/../lib/gcc/nios2-elf/4.1.2/mno-hw-mul\libgcc.a(_fpcmp_parts_df.o)
 .data          0x00817140        0x0 ../MIDIGenerator_bsp/\libucosii_bsp.a(alt_close.o)
 .data          0x00817140      0x1a8 ../MIDIGenerator_bsp/\libucosii_bsp.a(alt_dev.o)
                0x00817140                alt_dev_null
                0x00817168                alt_fd_list
 .data          0x008172e8        0x0 ../MIDIGenerator_bsp/\libucosii_bsp.a(alt_errno.o)
 .data          0x008172e8        0x0 ../MIDIGenerator_bsp/\libucosii_bsp.a(alt_fstat.o)
 .data          0x008172e8        0x0 ../MIDIGenerator_bsp/\libucosii_bsp.a(alt_isatty.o)
 .data          0x008172e8        0x0 ../MIDIGenerator_bsp/\libucosii_bsp.a(alt_load.o)
 .data          0x008172e8        0x0 ../MIDIGenerator_bsp/\libucosii_bsp.a(alt_lseek.o)
 .data          0x008172e8        0x0 ../MIDIGenerator_bsp/\libucosii_bsp.a(alt_main.o)
 .data          0x008172e8        0x0 ../MIDIGenerator_bsp/\libucosii_bsp.a(alt_printf.o)
 .data          0x008172e8        0x0 ../MIDIGenerator_bsp/\libucosii_bsp.a(alt_putchar.o)
 .data          0x008172e8        0x0 ../MIDIGenerator_bsp/\libucosii_bsp.a(alt_read.o)
 .data          0x008172e8        0x0 ../MIDIGenerator_bsp/\libucosii_bsp.a(alt_release_fd.o)
 .data          0x008172e8        0x0 ../MIDIGenerator_bsp/\libucosii_bsp.a(alt_sbrk.o)
 .data          0x008172e8        0x0 ../MIDIGenerator_bsp/\libucosii_bsp.a(alt_write.o)
 .data          0x008172e8        0x0 ../MIDIGenerator_bsp/\libucosii_bsp.a(alt_env_lock.o)
 .data          0x008172e8        0x0 ../MIDIGenerator_bsp/\libucosii_bsp.a(alt_malloc_lock.o)
 .data          0x008172e8        0x0 ../MIDIGenerator_bsp/\libucosii_bsp.a(os_core.o)
 .data          0x008172e8        0x0 ../MIDIGenerator_bsp/\libucosii_bsp.a(os_dbg.o)
 .data          0x008172e8        0x0 ../MIDIGenerator_bsp/\libucosii_bsp.a(os_flag.o)
 .data          0x008172e8        0x0 ../MIDIGenerator_bsp/\libucosii_bsp.a(os_mem.o)
 .data          0x008172e8        0x0 ../MIDIGenerator_bsp/\libucosii_bsp.a(os_q.o)
 .data          0x008172e8        0x0 ../MIDIGenerator_bsp/\libucosii_bsp.a(os_sem.o)
 .data          0x008172e8        0x0 ../MIDIGenerator_bsp/\libucosii_bsp.a(os_task.o)
 .data          0x008172e8        0x0 ../MIDIGenerator_bsp/\libucosii_bsp.a(os_time.o)
 .data          0x008172e8     0x1098 ../MIDIGenerator_bsp/\libucosii_bsp.a(alt_sys_init.o)
 .data          0x00818380        0x0 ../MIDIGenerator_bsp/\libucosii_bsp.a(altera_avalon_jtag_uart_fd.o)
 .data          0x00818380        0x0 ../MIDIGenerator_bsp/\libucosii_bsp.a(altera_avalon_jtag_uart_init.o)
 .data          0x00818380        0x0 ../MIDIGenerator_bsp/\libucosii_bsp.a(altera_avalon_jtag_uart_ioctl.o)
 .data          0x00818380        0x0 ../MIDIGenerator_bsp/\libucosii_bsp.a(altera_avalon_jtag_uart_read.o)
 .data          0x00818380        0x0 ../MIDIGenerator_bsp/\libucosii_bsp.a(altera_avalon_jtag_uart_write.o)
 .data          0x00818380        0x0 ../MIDIGenerator_bsp/\libucosii_bsp.a(altera_avalon_timer_sc.o)
 .data          0x00818380        0x0 ../MIDIGenerator_bsp/\libucosii_bsp.a(altera_up_avalon_character_lcd.o)
 .data          0x00818380        0x0 ../MIDIGenerator_bsp/\libucosii_bsp.a(alt_alarm_start.o)
 .data          0x00818380        0x0 ../MIDIGenerator_bsp/\libucosii_bsp.a(alt_dcache_flush_all.o)
 .data          0x00818380        0x0 ../MIDIGenerator_bsp/\libucosii_bsp.a(alt_dev_llist_insert.o)
 .data          0x00818380        0x0 ../MIDIGenerator_bsp/\libucosii_bsp.a(alt_do_ctors.o)
 .data          0x00818380        0x0 ../MIDIGenerator_bsp/\libucosii_bsp.a(alt_do_dtors.o)
 .data          0x00818380        0x0 ../MIDIGenerator_bsp/\libucosii_bsp.a(alt_find_dev.o)
 .data          0x00818380        0x0 ../MIDIGenerator_bsp/\libucosii_bsp.a(alt_icache_flush_all.o)
 .data          0x00818380        0x0 ../MIDIGenerator_bsp/\libucosii_bsp.a(alt_iic.o)
 .data          0x00818380        0x0 ../MIDIGenerator_bsp/\libucosii_bsp.a(alt_iic_isr_register.o)
 .data          0x00818380        0x0 ../MIDIGenerator_bsp/\libucosii_bsp.a(alt_io_redirect.o)
 .data          0x00818380        0x0 ../MIDIGenerator_bsp/\libucosii_bsp.a(alt_irq_entry.o)
 .data          0x00818380        0x0 ../MIDIGenerator_bsp/\libucosii_bsp.a(alt_irq_handler.o)
 .data          0x00818380        0x0 ../MIDIGenerator_bsp/\libucosii_bsp.a(alt_irq_vars.o)
 .data          0x00818380        0x0 ../MIDIGenerator_bsp/\libucosii_bsp.a(alt_open.o)
 .data          0x00818380        0x0 ../MIDIGenerator_bsp/\libucosii_bsp.a(alt_tick.o)
 .data          0x00818380        0x0 ../MIDIGenerator_bsp/\libucosii_bsp.a(altera_nios2_qsys_irq.o)
 .data          0x00818380        0x0 ../MIDIGenerator_bsp/\libucosii_bsp.a(os_cpu_a.o)
 .data          0x00818380        0x0 ../MIDIGenerator_bsp/\libucosii_bsp.a(os_cpu_c.o)
 .data          0x00818380        0x0 ../MIDIGenerator_bsp/\libucosii_bsp.a(alt_exception_entry.o)
 .data          0x00818380        0x0 ../MIDIGenerator_bsp/\libucosii_bsp.a(alt_find_file.o)
 .data          0x00818380        0x0 ../MIDIGenerator_bsp/\libucosii_bsp.a(alt_get_fd.o)
 .data          0x00818380        0x0 c:/altera/12.1sp1/nios2eds/bin/gnu/h-i686-mingw32/bin/../lib/gcc/nios2-elf/4.1.2/../../../../nios2-elf/lib/mno-hw-mul\libc.a(lib_a-atexit.o)
 .data          0x00818380        0x0 c:/altera/12.1sp1/nios2eds/bin/gnu/h-i686-mingw32/bin/../lib/gcc/nios2-elf/4.1.2/../../../../nios2-elf/lib/mno-hw-mul\libc.a(lib_a-exit.o)
 .data          0x00818380        0x0 c:/altera/12.1sp1/nios2eds/bin/gnu/h-i686-mingw32/bin/../lib/gcc/nios2-elf/4.1.2/../../../../nios2-elf/lib/mno-hw-mul\libc.a(lib_a-memcmp.o)
 .data          0x00818380        0x0 c:/altera/12.1sp1/nios2eds/bin/gnu/h-i686-mingw32/bin/../lib/gcc/nios2-elf/4.1.2/../../../../nios2-elf/lib/mno-hw-mul\libc.a(lib_a-putc.o)
 .data          0x00818380        0x0 c:/altera/12.1sp1/nios2eds/bin/gnu/h-i686-mingw32/bin/../lib/gcc/nios2-elf/4.1.2/../../../../nios2-elf/lib/mno-hw-mul\libc.a(lib_a-wbuf.o)
 .data          0x00818380        0x0 c:/altera/12.1sp1/nios2eds/bin/gnu/h-i686-mingw32/bin/../lib/gcc/nios2-elf/4.1.2/../../../../nios2-elf/lib/mno-hw-mul\libc.a(lib_a-__atexit.o)
 .data          0x00818380        0x0 c:/altera/12.1sp1/nios2eds/bin/gnu/h-i686-mingw32/bin/../lib/gcc/nios2-elf/4.1.2/../../../../nios2-elf/lib/mno-hw-mul\libc.a(lib_a-__call_atexit.o)
 .data          0x00818380        0x0 ../MIDIGenerator_bsp/\libucosii_bsp.a(alt_exit.o)
                0x00820380                _gp = ABSOLUTE ((. + 0x8000))
                0x00820380                PROVIDE (gp, _gp)
 *(.rwdata .rwdata.*)
 *(.sdata .sdata.* .gnu.linkonce.s.*)
 .sdata         0x00818380        0x8 c:/altera/12.1sp1/nios2eds/bin/gnu/h-i686-mingw32/bin/../lib/gcc/nios2-elf/4.1.2/../../../../nios2-elf/lib/mno-hw-mul\libc.a(lib_a-impure.o)
                0x00818380                _impure_ptr
                0x00818384                _global_impure_ptr
 .sdata         0x00818388        0x8 c:/altera/12.1sp1/nios2eds/bin/gnu/h-i686-mingw32/bin/../lib/gcc/nios2-elf/4.1.2/../../../../nios2-elf/lib/mno-hw-mul\libc.a(lib_a-locale.o)
                0x00818388                __mb_cur_max
 .sdata         0x00818390        0x8 c:/altera/12.1sp1/nios2eds/bin/gnu/h-i686-mingw32/bin/../lib/gcc/nios2-elf/4.1.2/../../../../nios2-elf/lib/mno-hw-mul\libc.a(lib_a-mallocr.o)
                0x00818390                __malloc_trim_threshold
                0x00818394                __malloc_sbrk_base
 .sdata         0x00818398       0x14 ../MIDIGenerator_bsp/\libucosii_bsp.a(alt_dev.o)
                0x00818398                alt_fs_list
                0x008183a0                alt_dev_list
                0x008183a8                alt_max_fd
 .sdata         0x008183ac        0x4 ../MIDIGenerator_bsp/\libucosii_bsp.a(alt_errno.o)
                0x008183ac                alt_errno
 .sdata         0x008183b0        0x4 ../MIDIGenerator_bsp/\libucosii_bsp.a(alt_sbrk.o)
 .sdata         0x008183b4        0x4 ../MIDIGenerator_bsp/\libucosii_bsp.a(alt_env_lock.o)
 .sdata         0x008183b8        0x4 ../MIDIGenerator_bsp/\libucosii_bsp.a(alt_malloc_lock.o)
 .sdata         0x008183bc       0x74 ../MIDIGenerator_bsp/\libucosii_bsp.a(os_dbg.o)
                0x008183bc                OSDebugEn
                0x008183c0                OSEndiannessTest
                0x008183c4                OSEventEn
                0x008183c6                OSEventMax
                0x008183c8                OSEventNameSize
                0x008183ca                OSEventSize
                0x008183cc                OSEventTblSize
                0x008183ce                OSEventMultiEn
                0x008183d0                OSFlagEn
                0x008183d2                OSFlagGrpSize
                0x008183d4                OSFlagNodeSize
                0x008183d6                OSFlagWidth
                0x008183d8                OSFlagMax
                0x008183da                OSFlagNameSize
                0x008183dc                OSLowestPrio
                0x008183de                OSMboxEn
                0x008183e0                OSMemEn
                0x008183e2                OSMemMax
                0x008183e4                OSMemNameSize
                0x008183e6                OSMemSize
                0x008183e8                OSMemTblSize
                0x008183ea                OSMutexEn
                0x008183ec                OSPtrSize
                0x008183ee                OSQEn
                0x008183f0                OSQMax
                0x008183f2                OSQSize
                0x008183f4                OSRdyTblSize
                0x008183f6                OSSemEn
                0x008183f8                OSStkWidth
                0x008183fa                OSTaskCreateEn
                0x008183fc                OSTaskCreateExtEn
                0x008183fe                OSTaskDelEn
                0x00818400                OSTaskIdleStkSize
                0x00818402                OSTaskProfileEn
                0x00818404                OSTaskMax
                0x00818406                OSTaskNameSize
                0x00818408                OSTaskStatEn
                0x0081840a                OSTaskStatStkSize
                0x0081840c                OSTaskStatStkChkEn
                0x0081840e                OSTaskSwHookEn
                0x00818410                OSTCBPrioTblMax
                0x00818412                OSTCBSize
                0x00818414                OSTicksPerSec
                0x00818416                OSTimeTickHookEn
                0x00818418                OSVersionNbr
                0x0081841a                OSTmrEn
                0x0081841c                OSTmrCfgMax
                0x0081841e                OSTmrCfgNameSize
                0x00818420                OSTmrCfgWheelSize
                0x00818422                OSTmrCfgTicksPerSec
                0x00818424                OSTmrSize
                0x00818426                OSTmrTblSize
                0x00818428                OSTmrWheelSize
                0x0081842a                OSTmrWheelTblSize
                0x0081842c                OSDataSize
 .sdata         0x00818430        0x4 ../MIDIGenerator_bsp/\libucosii_bsp.a(alt_irq_vars.o)
                0x00818430                alt_priority_mask
 .sdata         0x00818434        0x8 ../MIDIGenerator_bsp/\libucosii_bsp.a(alt_tick.o)
                0x00818434                alt_alarm_list
 *(.sdata2 .sdata2.* .gnu.linkonce.s2.*)
                0x0081843c                . = ALIGN (0x4)
                0x0081843c                _edata = ABSOLUTE (.)
                0x0081843c                PROVIDE (edata, ABSOLUTE (.))
                0x0081843c                PROVIDE (__ram_rwdata_end, ABSOLUTE (.))
                0x0081843c                PROVIDE (__flash_rwdata_start, LOADADDR (.rwdata))

.bss            0x00819f4c     0x5580
                0x00819f4c                __bss_start = ABSOLUTE (.)
                0x00819f4c                PROVIDE (__sbss_start, ABSOLUTE (.))
                0x00819f4c                PROVIDE (___sbss_start, ABSOLUTE (.))
 *(.dynsbss)
 *(.sbss .sbss.* .gnu.linkonce.sb.*)
 .sbss          0x00819f4c        0xc c:/altera/12.1sp1/nios2eds/bin/gnu/h-i686-mingw32/bin/../lib/gcc/nios2-elf/4.1.2/../../../../nios2-elf/lib/mno-hw-mul\libc.a(lib_a-locale.o)
                0x00819f4c                __nlocale_changed
                0x00819f50                __mlocale_changed
                0x00819f54                _PathLocale
 .sbss          0x00819f58        0xc c:/altera/12.1sp1/nios2eds/bin/gnu/h-i686-mingw32/bin/../lib/gcc/nios2-elf/4.1.2/../../../../nios2-elf/lib/mno-hw-mul\libc.a(lib_a-mallocr.o)
                0x00819f58                __malloc_top_pad
                0x00819f5c                __malloc_max_sbrked_mem
                0x00819f60                __malloc_max_total_mem
 .sbss          0x00819f64        0x4 c:/altera/12.1sp1/nios2eds/bin/gnu/h-i686-mingw32/bin/../lib/gcc/nios2-elf/4.1.2/../../../../nios2-elf/lib/mno-hw-mul\libc.a(lib_a-int_errno.o)
                0x00819f64                errno
 .sbss          0x00819f68        0x4 ../MIDIGenerator_bsp/\libucosii_bsp.a(alt_dev.o)
                0x00819f68                alt_fd_list_lock
 .sbss          0x00819f6c        0xc ../MIDIGenerator_bsp/\libucosii_bsp.a(alt_main.o)
                0x00819f6c                alt_argc
                0x00819f70                alt_argv
                0x00819f74                alt_envp
 .sbss          0x00819f78        0x8 ../MIDIGenerator_bsp/\libucosii_bsp.a(alt_env_lock.o)
                0x00819f7c                alt_envsem
 .sbss          0x00819f80        0x8 ../MIDIGenerator_bsp/\libucosii_bsp.a(alt_malloc_lock.o)
                0x00819f84                alt_heapsem
 .sbss          0x00819f88       0x50 ../MIDIGenerator_bsp/\libucosii_bsp.a(os_core.o)
                0x00819f88                OSLockNesting
                0x00819f89                OSRunning
                0x00819f8c                OSIdleCtr
                0x00819f90                OSPrioHighRdy
                0x00819f91                OSPrioCur
                0x00819f94                OSTCBList
                0x00819f98                OSTickStepState
                0x00819f9c                OSCtxSwCtr
                0x00819fa0                OSIdleCtrMax
                0x00819fa4                OSTCBFreeList
                0x00819fa8                OSCPUUsage
                0x00819fa9                OSTaskCtr
                0x00819fac                OSMemFreeList
                0x00819fb0                OSTCBHighRdy
                0x00819fb4                OSQFreeList
                0x00819fb8                OSRdyGrp
                0x00819fb9                OSRdyTbl
                0x00819fbc                OSEventFreeList
                0x00819fc0                OSIntNesting
                0x00819fc4                OSTCBCur
                0x00819fc8                OSTime
                0x00819fcc                OSFlagFreeList
                0x00819fd0                OSStatRdy
                0x00819fd4                OSIdleCtrRun
 .sbss          0x00819fd8        0x4 ../MIDIGenerator_bsp/\libucosii_bsp.a(alt_irq_vars.o)
                0x00819fd8                alt_irq_active
 .sbss          0x00819fdc        0x8 ../MIDIGenerator_bsp/\libucosii_bsp.a(alt_tick.o)
                0x00819fdc                _alt_tick_rate
                0x00819fe0                _alt_nticks
 *(.sbss2 .sbss2.* .gnu.linkonce.sb2.*)
 *(.scommon)
                0x00819fe4                PROVIDE (__sbss_end, ABSOLUTE (.))
                0x00819fe4                PROVIDE (___sbss_end, ABSOLUTE (.))
 *(.dynbss)
 *(.bss .bss.* .gnu.linkonce.b.*)
 .bss           0x00819fe4        0x0 ../MIDIGenerator_bsp//obj/HAL/src/crt0.o
 .bss           0x00819fe4        0x9 obj/default/midi_generator.o
 .bss           0x00819fed        0x0 c:/altera/12.1sp1/nios2eds/bin/gnu/h-i686-mingw32/bin/../lib/gcc/nios2-elf/4.1.2/mno-hw-mul\libgcc.a(_addsub_df.o)
 .bss           0x00819fed        0x0 c:/altera/12.1sp1/nios2eds/bin/gnu/h-i686-mingw32/bin/../lib/gcc/nios2-elf/4.1.2/mno-hw-mul\libgcc.a(_si_to_df.o)
 .bss           0x00819fed        0x0 c:/altera/12.1sp1/nios2eds/bin/gnu/h-i686-mingw32/bin/../lib/gcc/nios2-elf/4.1.2/mno-hw-mul\libgcc.a(_df_to_si.o)
 .bss           0x00819fed        0x0 c:/altera/12.1sp1/nios2eds/bin/gnu/h-i686-mingw32/bin/../lib/gcc/nios2-elf/4.1.2/mno-hw-mul\libgcc.a(_thenan_df.o)
 .bss           0x00819fed        0x0 c:/altera/12.1sp1/nios2eds/bin/gnu/h-i686-mingw32/bin/../lib/gcc/nios2-elf/4.1.2/mno-hw-mul\libgcc.a(_clzsi2.o)
 .bss           0x00819fed        0x0 c:/altera/12.1sp1/nios2eds/bin/gnu/h-i686-mingw32/bin/../lib/gcc/nios2-elf/4.1.2/mno-hw-mul\libgcc.a(_pack_df.o)
 .bss           0x00819fed        0x0 c:/altera/12.1sp1/nios2eds/bin/gnu/h-i686-mingw32/bin/../lib/gcc/nios2-elf/4.1.2/mno-hw-mul\libgcc.a(_unpack_df.o)
 .bss           0x00819fed        0x0 c:/altera/12.1sp1/nios2eds/bin/gnu/h-i686-mingw32/bin/../lib/gcc/nios2-elf/4.1.2/mno-hw-mul\libgcc.a(_clz.o)
 .bss           0x00819fed        0x0 c:/altera/12.1sp1/nios2eds/bin/gnu/h-i686-mingw32/bin/../lib/gcc/nios2-elf/4.1.2/../../../../nios2-elf/lib/mno-hw-mul\libc.a(lib_a-printf.o)
 .bss           0x00819fed        0x0 c:/altera/12.1sp1/nios2eds/bin/gnu/h-i686-mingw32/bin/../lib/gcc/nios2-elf/4.1.2/../../../../nios2-elf/lib/mno-hw-mul\libc.a(lib_a-strcat.o)
 .bss           0x00819fed        0x0 c:/altera/12.1sp1/nios2eds/bin/gnu/h-i686-mingw32/bin/../lib/gcc/nios2-elf/4.1.2/../../../../nios2-elf/lib/mno-hw-mul\libc.a(lib_a-strcpy.o)
 .bss           0x00819fed        0x0 c:/altera/12.1sp1/nios2eds/bin/gnu/h-i686-mingw32/bin/../lib/gcc/nios2-elf/4.1.2/../../../../nios2-elf/lib/mno-hw-mul\libc.a(lib_a-vfprintf.o)
 .bss           0x00819fed        0x0 c:/altera/12.1sp1/nios2eds/bin/gnu/h-i686-mingw32/bin/../lib/gcc/nios2-elf/4.1.2/../../../../nios2-elf/lib/mno-hw-mul\libc.a(lib_a-wsetup.o)
 .bss           0x00819fed        0x0 c:/altera/12.1sp1/nios2eds/bin/gnu/h-i686-mingw32/bin/../lib/gcc/nios2-elf/4.1.2/../../../../nios2-elf/lib/mno-hw-mul\libc.a(lib_a-dtoa.o)
 .bss           0x00819fed        0x0 c:/altera/12.1sp1/nios2eds/bin/gnu/h-i686-mingw32/bin/../lib/gcc/nios2-elf/4.1.2/../../../../nios2-elf/lib/mno-hw-mul\libc.a(lib_a-fflush.o)
 .bss           0x00819fed        0x0 c:/altera/12.1sp1/nios2eds/bin/gnu/h-i686-mingw32/bin/../lib/gcc/nios2-elf/4.1.2/../../../../nios2-elf/lib/mno-hw-mul\libc.a(lib_a-findfp.o)
 .bss           0x00819fed        0x0 c:/altera/12.1sp1/nios2eds/bin/gnu/h-i686-mingw32/bin/../lib/gcc/nios2-elf/4.1.2/../../../../nios2-elf/lib/mno-hw-mul\libc.a(lib_a-freer.o)
 .bss           0x00819fed        0x0 c:/altera/12.1sp1/nios2eds/bin/gnu/h-i686-mingw32/bin/../lib/gcc/nios2-elf/4.1.2/../../../../nios2-elf/lib/mno-hw-mul\libc.a(lib_a-fvwrite.o)
 .bss           0x00819fed        0x0 c:/altera/12.1sp1/nios2eds/bin/gnu/h-i686-mingw32/bin/../lib/gcc/nios2-elf/4.1.2/../../../../nios2-elf/lib/mno-hw-mul\libc.a(lib_a-fwalk.o)
 .bss           0x00819fed        0x0 c:/altera/12.1sp1/nios2eds/bin/gnu/h-i686-mingw32/bin/../lib/gcc/nios2-elf/4.1.2/../../../../nios2-elf/lib/mno-hw-mul\libc.a(lib_a-impure.o)
 .bss           0x00819fed        0x0 c:/altera/12.1sp1/nios2eds/bin/gnu/h-i686-mingw32/bin/../lib/gcc/nios2-elf/4.1.2/../../../../nios2-elf/lib/mno-hw-mul\libc.a(lib_a-locale.o)
 .bss           0x00819fed        0x0 c:/altera/12.1sp1/nios2eds/bin/gnu/h-i686-mingw32/bin/../lib/gcc/nios2-elf/4.1.2/../../../../nios2-elf/lib/mno-hw-mul\libc.a(lib_a-makebuf.o)
 *fill*         0x00819fed        0x3 00
 .bss           0x00819ff0       0x28 c:/altera/12.1sp1/nios2eds/bin/gnu/h-i686-mingw32/bin/../lib/gcc/nios2-elf/4.1.2/../../../../nios2-elf/lib/mno-hw-mul\libc.a(lib_a-mallocr.o)
                0x00819ff0                __malloc_current_mallinfo
 .bss           0x0081a018        0x0 c:/altera/12.1sp1/nios2eds/bin/gnu/h-i686-mingw32/bin/../lib/gcc/nios2-elf/4.1.2/../../../../nios2-elf/lib/mno-hw-mul\libc.a(lib_a-memchr.o)
 .bss           0x0081a018        0x0 c:/altera/12.1sp1/nios2eds/bin/gnu/h-i686-mingw32/bin/../lib/gcc/nios2-elf/4.1.2/../../../../nios2-elf/lib/mno-hw-mul\libc.a(lib_a-memcpy.o)
 .bss           0x0081a018        0x0 c:/altera/12.1sp1/nios2eds/bin/gnu/h-i686-mingw32/bin/../lib/gcc/nios2-elf/4.1.2/../../../../nios2-elf/lib/mno-hw-mul\libc.a(lib_a-memmove.o)
 .bss           0x0081a018        0x0 c:/altera/12.1sp1/nios2eds/bin/gnu/h-i686-mingw32/bin/../lib/gcc/nios2-elf/4.1.2/../../../../nios2-elf/lib/mno-hw-mul\libc.a(lib_a-memset.o)
 .bss           0x0081a018        0x0 c:/altera/12.1sp1/nios2eds/bin/gnu/h-i686-mingw32/bin/../lib/gcc/nios2-elf/4.1.2/../../../../nios2-elf/lib/mno-hw-mul\libc.a(lib_a-mprec.o)
 .bss           0x0081a018        0x0 c:/altera/12.1sp1/nios2eds/bin/gnu/h-i686-mingw32/bin/../lib/gcc/nios2-elf/4.1.2/../../../../nios2-elf/lib/mno-hw-mul\libc.a(lib_a-reallocr.o)
 .bss           0x0081a018        0x0 c:/altera/12.1sp1/nios2eds/bin/gnu/h-i686-mingw32/bin/../lib/gcc/nios2-elf/4.1.2/../../../../nios2-elf/lib/mno-hw-mul\libc.a(lib_a-s_isinfd.o)
 .bss           0x0081a018        0x0 c:/altera/12.1sp1/nios2eds/bin/gnu/h-i686-mingw32/bin/../lib/gcc/nios2-elf/4.1.2/../../../../nios2-elf/lib/mno-hw-mul\libc.a(lib_a-s_isnand.o)
 .bss           0x0081a018        0x0 c:/altera/12.1sp1/nios2eds/bin/gnu/h-i686-mingw32/bin/../lib/gcc/nios2-elf/4.1.2/../../../../nios2-elf/lib/mno-hw-mul\libc.a(lib_a-sbrkr.o)
 .bss           0x0081a018        0x0 c:/altera/12.1sp1/nios2eds/bin/gnu/h-i686-mingw32/bin/../lib/gcc/nios2-elf/4.1.2/../../../../nios2-elf/lib/mno-hw-mul\libc.a(lib_a-stdio.o)
 .bss           0x0081a018        0x0 c:/altera/12.1sp1/nios2eds/bin/gnu/h-i686-mingw32/bin/../lib/gcc/nios2-elf/4.1.2/../../../../nios2-elf/lib/mno-hw-mul\libc.a(lib_a-strcmp.o)
 .bss           0x0081a018        0x0 c:/altera/12.1sp1/nios2eds/bin/gnu/h-i686-mingw32/bin/../lib/gcc/nios2-elf/4.1.2/../../../../nios2-elf/lib/mno-hw-mul\libc.a(lib_a-strlen.o)
 .bss           0x0081a018        0x0 c:/altera/12.1sp1/nios2eds/bin/gnu/h-i686-mingw32/bin/../lib/gcc/nios2-elf/4.1.2/../../../../nios2-elf/lib/mno-hw-mul\libc.a(lib_a-writer.o)
 .bss           0x0081a018        0x0 c:/altera/12.1sp1/nios2eds/bin/gnu/h-i686-mingw32/bin/../lib/gcc/nios2-elf/4.1.2/../../../../nios2-elf/lib/mno-hw-mul\libc.a(lib_a-callocr.o)
 .bss           0x0081a018        0x0 c:/altera/12.1sp1/nios2eds/bin/gnu/h-i686-mingw32/bin/../lib/gcc/nios2-elf/4.1.2/../../../../nios2-elf/lib/mno-hw-mul\libc.a(lib_a-closer.o)
 .bss           0x0081a018        0x0 c:/altera/12.1sp1/nios2eds/bin/gnu/h-i686-mingw32/bin/../lib/gcc/nios2-elf/4.1.2/../../../../nios2-elf/lib/mno-hw-mul\libc.a(lib_a-fclose.o)
 .bss           0x0081a018        0x0 c:/altera/12.1sp1/nios2eds/bin/gnu/h-i686-mingw32/bin/../lib/gcc/nios2-elf/4.1.2/../../../../nios2-elf/lib/mno-hw-mul\libc.a(lib_a-fstatr.o)
 .bss           0x0081a018        0x0 c:/altera/12.1sp1/nios2eds/bin/gnu/h-i686-mingw32/bin/../lib/gcc/nios2-elf/4.1.2/../../../../nios2-elf/lib/mno-hw-mul\libc.a(lib_a-int_errno.o)
 .bss           0x0081a018        0x0 c:/altera/12.1sp1/nios2eds/bin/gnu/h-i686-mingw32/bin/../lib/gcc/nios2-elf/4.1.2/../../../../nios2-elf/lib/mno-hw-mul\libc.a(lib_a-isattyr.o)
 .bss           0x0081a018        0x0 c:/altera/12.1sp1/nios2eds/bin/gnu/h-i686-mingw32/bin/../lib/gcc/nios2-elf/4.1.2/../../../../nios2-elf/lib/mno-hw-mul\libc.a(lib_a-lseekr.o)
 .bss           0x0081a018        0x0 c:/altera/12.1sp1/nios2eds/bin/gnu/h-i686-mingw32/bin/../lib/gcc/nios2-elf/4.1.2/../../../../nios2-elf/lib/mno-hw-mul\libc.a(lib_a-readr.o)
 .bss           0x0081a018        0x0 c:/altera/12.1sp1/nios2eds/bin/gnu/h-i686-mingw32/bin/../lib/gcc/nios2-elf/4.1.2/mno-hw-mul\libgcc.a(_udivdi3.o)
 .bss           0x0081a018        0x0 c:/altera/12.1sp1/nios2eds/bin/gnu/h-i686-mingw32/bin/../lib/gcc/nios2-elf/4.1.2/mno-hw-mul\libgcc.a(_umoddi3.o)
 .bss           0x0081a018        0x0 c:/altera/12.1sp1/nios2eds/bin/gnu/h-i686-mingw32/bin/../lib/gcc/nios2-elf/4.1.2/mno-hw-mul\libgcc.a(_mul_df.o)
 .bss           0x0081a018        0x0 c:/altera/12.1sp1/nios2eds/bin/gnu/h-i686-mingw32/bin/../lib/gcc/nios2-elf/4.1.2/mno-hw-mul\libgcc.a(_div_df.o)
 .bss           0x0081a018        0x0 c:/altera/12.1sp1/nios2eds/bin/gnu/h-i686-mingw32/bin/../lib/gcc/nios2-elf/4.1.2/mno-hw-mul\libgcc.a(_eq_df.o)
 .bss           0x0081a018        0x0 c:/altera/12.1sp1/nios2eds/bin/gnu/h-i686-mingw32/bin/../lib/gcc/nios2-elf/4.1.2/mno-hw-mul\libgcc.a(_ne_df.o)
 .bss           0x0081a018        0x0 c:/altera/12.1sp1/nios2eds/bin/gnu/h-i686-mingw32/bin/../lib/gcc/nios2-elf/4.1.2/mno-hw-mul\libgcc.a(_gt_df.o)
 .bss           0x0081a018        0x0 c:/altera/12.1sp1/nios2eds/bin/gnu/h-i686-mingw32/bin/../lib/gcc/nios2-elf/4.1.2/mno-hw-mul\libgcc.a(_ge_df.o)
 .bss           0x0081a018        0x0 c:/altera/12.1sp1/nios2eds/bin/gnu/h-i686-mingw32/bin/../lib/gcc/nios2-elf/4.1.2/mno-hw-mul\libgcc.a(_lt_df.o)
 .bss           0x0081a018        0x0 c:/altera/12.1sp1/nios2eds/bin/gnu/h-i686-mingw32/bin/../lib/gcc/nios2-elf/4.1.2/mno-hw-mul\libgcc.a(_usi_to_df.o)
 .bss           0x0081a018        0x0 c:/altera/12.1sp1/nios2eds/bin/gnu/h-i686-mingw32/bin/../lib/gcc/nios2-elf/4.1.2/mno-hw-mul\libgcc.a(lib2-divmod.o)
 .bss           0x0081a018        0x0 c:/altera/12.1sp1/nios2eds/bin/gnu/h-i686-mingw32/bin/../lib/gcc/nios2-elf/4.1.2/mno-hw-mul\libgcc.a(lib2-mul.o)
 .bss           0x0081a018        0x0 c:/altera/12.1sp1/nios2eds/bin/gnu/h-i686-mingw32/bin/../lib/gcc/nios2-elf/4.1.2/mno-hw-mul\libgcc.a(_muldi3.o)
 .bss           0x0081a018        0x0 c:/altera/12.1sp1/nios2eds/bin/gnu/h-i686-mingw32/bin/../lib/gcc/nios2-elf/4.1.2/mno-hw-mul\libgcc.a(_fpcmp_parts_df.o)
 .bss           0x0081a018        0x0 ../MIDIGenerator_bsp/\libucosii_bsp.a(alt_close.o)
 .bss           0x0081a018        0x0 ../MIDIGenerator_bsp/\libucosii_bsp.a(alt_dev.o)
 .bss           0x0081a018        0x0 ../MIDIGenerator_bsp/\libucosii_bsp.a(alt_errno.o)
 .bss           0x0081a018        0x0 ../MIDIGenerator_bsp/\libucosii_bsp.a(alt_fstat.o)
 .bss           0x0081a018        0x0 ../MIDIGenerator_bsp/\libucosii_bsp.a(alt_isatty.o)
 .bss           0x0081a018        0x0 ../MIDIGenerator_bsp/\libucosii_bsp.a(alt_load.o)
 .bss           0x0081a018        0x0 ../MIDIGenerator_bsp/\libucosii_bsp.a(alt_lseek.o)
 .bss           0x0081a018        0x0 ../MIDIGenerator_bsp/\libucosii_bsp.a(alt_main.o)
 .bss           0x0081a018        0x0 ../MIDIGenerator_bsp/\libucosii_bsp.a(alt_printf.o)
 .bss           0x0081a018        0x0 ../MIDIGenerator_bsp/\libucosii_bsp.a(alt_putchar.o)
 .bss           0x0081a018        0x0 ../MIDIGenerator_bsp/\libucosii_bsp.a(alt_read.o)
 .bss           0x0081a018        0x0 ../MIDIGenerator_bsp/\libucosii_bsp.a(alt_release_fd.o)
 .bss           0x0081a018        0x0 ../MIDIGenerator_bsp/\libucosii_bsp.a(alt_sbrk.o)
 .bss           0x0081a018        0x0 ../MIDIGenerator_bsp/\libucosii_bsp.a(alt_write.o)
 .bss           0x0081a018        0x0 ../MIDIGenerator_bsp/\libucosii_bsp.a(alt_env_lock.o)
 .bss           0x0081a018        0x0 ../MIDIGenerator_bsp/\libucosii_bsp.a(alt_malloc_lock.o)
 .bss           0x0081a018        0x0 ../MIDIGenerator_bsp/\libucosii_bsp.a(os_core.o)
 .bss           0x0081a018        0x0 ../MIDIGenerator_bsp/\libucosii_bsp.a(os_dbg.o)
 .bss           0x0081a018        0x0 ../MIDIGenerator_bsp/\libucosii_bsp.a(os_flag.o)
 .bss           0x0081a018        0x0 ../MIDIGenerator_bsp/\libucosii_bsp.a(os_mem.o)
 .bss           0x0081a018        0x0 ../MIDIGenerator_bsp/\libucosii_bsp.a(os_q.o)
 .bss           0x0081a018        0x0 ../MIDIGenerator_bsp/\libucosii_bsp.a(os_sem.o)
 .bss           0x0081a018        0x0 ../MIDIGenerator_bsp/\libucosii_bsp.a(os_task.o)
 .bss           0x0081a018        0x0 ../MIDIGenerator_bsp/\libucosii_bsp.a(os_time.o)
 .bss           0x0081a018        0x0 ../MIDIGenerator_bsp/\libucosii_bsp.a(alt_sys_init.o)
 .bss           0x0081a018        0x0 ../MIDIGenerator_bsp/\libucosii_bsp.a(altera_avalon_jtag_uart_fd.o)
 .bss           0x0081a018        0x0 ../MIDIGenerator_bsp/\libucosii_bsp.a(altera_avalon_jtag_uart_init.o)
 .bss           0x0081a018        0x0 ../MIDIGenerator_bsp/\libucosii_bsp.a(altera_avalon_jtag_uart_ioctl.o)
 .bss           0x0081a018        0x0 ../MIDIGenerator_bsp/\libucosii_bsp.a(altera_avalon_jtag_uart_read.o)
 .bss           0x0081a018        0x0 ../MIDIGenerator_bsp/\libucosii_bsp.a(altera_avalon_jtag_uart_write.o)
 .bss           0x0081a018        0x0 ../MIDIGenerator_bsp/\libucosii_bsp.a(altera_avalon_timer_sc.o)
 .bss           0x0081a018        0x0 ../MIDIGenerator_bsp/\libucosii_bsp.a(altera_up_avalon_character_lcd.o)
 .bss           0x0081a018        0x0 ../MIDIGenerator_bsp/\libucosii_bsp.a(alt_alarm_start.o)
 .bss           0x0081a018        0x0 ../MIDIGenerator_bsp/\libucosii_bsp.a(alt_dcache_flush_all.o)
 .bss           0x0081a018        0x0 ../MIDIGenerator_bsp/\libucosii_bsp.a(alt_dev_llist_insert.o)
 .bss           0x0081a018        0x0 ../MIDIGenerator_bsp/\libucosii_bsp.a(alt_do_ctors.o)
 .bss           0x0081a018        0x0 ../MIDIGenerator_bsp/\libucosii_bsp.a(alt_do_dtors.o)
 .bss           0x0081a018        0x0 ../MIDIGenerator_bsp/\libucosii_bsp.a(alt_find_dev.o)
 .bss           0x0081a018        0x0 ../MIDIGenerator_bsp/\libucosii_bsp.a(alt_icache_flush_all.o)
 .bss           0x0081a018        0x0 ../MIDIGenerator_bsp/\libucosii_bsp.a(alt_iic.o)
 .bss           0x0081a018        0x0 ../MIDIGenerator_bsp/\libucosii_bsp.a(alt_iic_isr_register.o)
 .bss           0x0081a018        0x0 ../MIDIGenerator_bsp/\libucosii_bsp.a(alt_io_redirect.o)
 .bss           0x0081a018        0x0 ../MIDIGenerator_bsp/\libucosii_bsp.a(alt_irq_entry.o)
 .bss           0x0081a018        0x0 ../MIDIGenerator_bsp/\libucosii_bsp.a(alt_irq_handler.o)
 .bss           0x0081a018        0x0 ../MIDIGenerator_bsp/\libucosii_bsp.a(alt_irq_vars.o)
 .bss           0x0081a018        0x0 ../MIDIGenerator_bsp/\libucosii_bsp.a(alt_open.o)
 .bss           0x0081a018        0x0 ../MIDIGenerator_bsp/\libucosii_bsp.a(alt_tick.o)
 .bss           0x0081a018        0x0 ../MIDIGenerator_bsp/\libucosii_bsp.a(altera_nios2_qsys_irq.o)
 .bss           0x0081a018        0x0 ../MIDIGenerator_bsp/\libucosii_bsp.a(os_cpu_a.o)
 .bss           0x0081a018        0x0 ../MIDIGenerator_bsp/\libucosii_bsp.a(os_cpu_c.o)
 .bss           0x0081a018        0x0 ../MIDIGenerator_bsp/\libucosii_bsp.a(alt_exception_entry.o)
 .bss           0x0081a018        0x0 ../MIDIGenerator_bsp/\libucosii_bsp.a(alt_find_file.o)
 .bss           0x0081a018        0x0 ../MIDIGenerator_bsp/\libucosii_bsp.a(alt_get_fd.o)
 .bss           0x0081a018        0x0 c:/altera/12.1sp1/nios2eds/bin/gnu/h-i686-mingw32/bin/../lib/gcc/nios2-elf/4.1.2/../../../../nios2-elf/lib/mno-hw-mul\libc.a(lib_a-atexit.o)
 .bss           0x0081a018        0x0 c:/altera/12.1sp1/nios2eds/bin/gnu/h-i686-mingw32/bin/../lib/gcc/nios2-elf/4.1.2/../../../../nios2-elf/lib/mno-hw-mul\libc.a(lib_a-exit.o)
 .bss           0x0081a018        0x0 c:/altera/12.1sp1/nios2eds/bin/gnu/h-i686-mingw32/bin/../lib/gcc/nios2-elf/4.1.2/../../../../nios2-elf/lib/mno-hw-mul\libc.a(lib_a-memcmp.o)
 .bss           0x0081a018        0x0 c:/altera/12.1sp1/nios2eds/bin/gnu/h-i686-mingw32/bin/../lib/gcc/nios2-elf/4.1.2/../../../../nios2-elf/lib/mno-hw-mul\libc.a(lib_a-putc.o)
 .bss           0x0081a018        0x0 c:/altera/12.1sp1/nios2eds/bin/gnu/h-i686-mingw32/bin/../lib/gcc/nios2-elf/4.1.2/../../../../nios2-elf/lib/mno-hw-mul\libc.a(lib_a-wbuf.o)
 .bss           0x0081a018        0x0 c:/altera/12.1sp1/nios2eds/bin/gnu/h-i686-mingw32/bin/../lib/gcc/nios2-elf/4.1.2/../../../../nios2-elf/lib/mno-hw-mul\libc.a(lib_a-__atexit.o)
 .bss           0x0081a018        0x0 c:/altera/12.1sp1/nios2eds/bin/gnu/h-i686-mingw32/bin/../lib/gcc/nios2-elf/4.1.2/../../../../nios2-elf/lib/mno-hw-mul\libc.a(lib_a-__call_atexit.o)
 .bss           0x0081a018        0x0 ../MIDIGenerator_bsp/\libucosii_bsp.a(alt_exit.o)
 *(COMMON)
 COMMON         0x0081a018     0x2000 obj/default/midi_generator.o
                0x0081a018                inputPollingTaskStack
 COMMON         0x0081c018     0x3224 ../MIDIGenerator_bsp/\libucosii_bsp.a(os_core.o)
                0x0081c018                OSFlagTbl
                0x0081c388                OSMemTbl
                0x0081cfb8                OSTaskStatStk
                0x0081d7b8                OSQTbl
                0x0081d998                OSTaskIdleStk
                0x0081e198                OSEventTbl
                0x0081ecd8                OSTCBTbl
                0x0081f1e8                OSTCBPrioTbl
 COMMON         0x0081f23c      0x100 ../MIDIGenerator_bsp/\libucosii_bsp.a(alt_irq_handler.o)
                0x0081f23c                alt_irq
 COMMON         0x0081f33c      0x190 c:/altera/12.1sp1/nios2eds/bin/gnu/h-i686-mingw32/bin/../lib/gcc/nios2-elf/4.1.2/../../../../nios2-elf/lib/mno-hw-mul\libc.a(lib_a-atexit.o)
                0x0081f33c                _atexit0
                0x0081f4cc                . = ALIGN (0x4)
                0x0081f4cc                __bss_end = ABSOLUTE (.)

.sdram_0        0x0081f4cc        0x0
                0x0081f4cc                PROVIDE (_alt_partition_sdram_0_start, ABSOLUTE (.))
 *(.sdram_0. sdram_0.*)
                0x0081f4cc                . = ALIGN (0x4)
                0x0081f4cc                PROVIDE (_alt_partition_sdram_0_end, ABSOLUTE (.))
                0x0081f4cc                _end = ABSOLUTE (.)
                0x0081f4cc                end = ABSOLUTE (.)
                0x0081f4cc                __alt_stack_base = ABSOLUTE (.)
                0x0081f4cc                PROVIDE (_alt_partition_sdram_0_load_addr, LOADADDR (.sdram_0))

.sram_0         0x01080000        0x0 load address 0x0081f4cc
                0x01080000                PROVIDE (_alt_partition_sram_0_start, ABSOLUTE (.))
 *(.sram_0. sram_0.*)
                0x01080000                . = ALIGN (0x4)
                0x01080000                PROVIDE (_alt_partition_sram_0_end, ABSOLUTE (.))
                0x0081f4cc                PROVIDE (_alt_partition_sram_0_load_addr, LOADADDR (.sram_0))

.onchip_memory2_0
                0x011041bc        0x0 load address 0x0081f4cc
                0x011041bc                PROVIDE (_alt_partition_onchip_memory2_0_start, ABSOLUTE (.))
 *(.onchip_memory2_0. onchip_memory2_0.*)
                0x011041bc                . = ALIGN (0x4)
                0x011041bc                PROVIDE (_alt_partition_onchip_memory2_0_end, ABSOLUTE (.))
                0x0081f4cc                PROVIDE (_alt_partition_onchip_memory2_0_load_addr, LOADADDR (.onchip_memory2_0))

.stab
 *(.stab)

.stabstr
 *(.stabstr)

.stab.excl
 *(.stab.excl)

.stab.exclstr
 *(.stab.exclstr)

.stab.index
 *(.stab.index)

.stab.indexstr
 *(.stab.indexstr)

.comment        0x00000000       0x26
 *(.comment)
 .comment       0x00000000       0x26 obj/default/midi_generator.o
                                 0x27 (size before relaxing)
 .comment       0x00000000       0x27 c:/altera/12.1sp1/nios2eds/bin/gnu/h-i686-mingw32/bin/../lib/gcc/nios2-elf/4.1.2/mno-hw-mul\libgcc.a(_addsub_df.o)
 .comment       0x00000000       0x27 c:/altera/12.1sp1/nios2eds/bin/gnu/h-i686-mingw32/bin/../lib/gcc/nios2-elf/4.1.2/mno-hw-mul\libgcc.a(_si_to_df.o)
 .comment       0x00000000       0x27 c:/altera/12.1sp1/nios2eds/bin/gnu/h-i686-mingw32/bin/../lib/gcc/nios2-elf/4.1.2/mno-hw-mul\libgcc.a(_df_to_si.o)
 .comment       0x00000000       0x27 c:/altera/12.1sp1/nios2eds/bin/gnu/h-i686-mingw32/bin/../lib/gcc/nios2-elf/4.1.2/mno-hw-mul\libgcc.a(_thenan_df.o)
 .comment       0x00000000       0x27 c:/altera/12.1sp1/nios2eds/bin/gnu/h-i686-mingw32/bin/../lib/gcc/nios2-elf/4.1.2/mno-hw-mul\libgcc.a(_clzsi2.o)
 .comment       0x00000000       0x27 c:/altera/12.1sp1/nios2eds/bin/gnu/h-i686-mingw32/bin/../lib/gcc/nios2-elf/4.1.2/mno-hw-mul\libgcc.a(_pack_df.o)
 .comment       0x00000000       0x27 c:/altera/12.1sp1/nios2eds/bin/gnu/h-i686-mingw32/bin/../lib/gcc/nios2-elf/4.1.2/mno-hw-mul\libgcc.a(_unpack_df.o)
 .comment       0x00000000       0x27 c:/altera/12.1sp1/nios2eds/bin/gnu/h-i686-mingw32/bin/../lib/gcc/nios2-elf/4.1.2/mno-hw-mul\libgcc.a(_clz.o)
 .comment       0x00000000       0x27 c:/altera/12.1sp1/nios2eds/bin/gnu/h-i686-mingw32/bin/../lib/gcc/nios2-elf/4.1.2/../../../../nios2-elf/lib/mno-hw-mul\libc.a(lib_a-printf.o)
 .comment       0x00000000       0x27 c:/altera/12.1sp1/nios2eds/bin/gnu/h-i686-mingw32/bin/../lib/gcc/nios2-elf/4.1.2/../../../../nios2-elf/lib/mno-hw-mul\libc.a(lib_a-strcat.o)
 .comment       0x00000000       0x27 c:/altera/12.1sp1/nios2eds/bin/gnu/h-i686-mingw32/bin/../lib/gcc/nios2-elf/4.1.2/../../../../nios2-elf/lib/mno-hw-mul\libc.a(lib_a-strcpy.o)
 .comment       0x00000000       0x27 c:/altera/12.1sp1/nios2eds/bin/gnu/h-i686-mingw32/bin/../lib/gcc/nios2-elf/4.1.2/../../../../nios2-elf/lib/mno-hw-mul\libc.a(lib_a-vfprintf.o)
 .comment       0x00000000       0x27 c:/altera/12.1sp1/nios2eds/bin/gnu/h-i686-mingw32/bin/../lib/gcc/nios2-elf/4.1.2/../../../../nios2-elf/lib/mno-hw-mul\libc.a(lib_a-wsetup.o)
 .comment       0x00000000       0x27 c:/altera/12.1sp1/nios2eds/bin/gnu/h-i686-mingw32/bin/../lib/gcc/nios2-elf/4.1.2/../../../../nios2-elf/lib/mno-hw-mul\libc.a(lib_a-dtoa.o)
 .comment       0x00000000       0x27 c:/altera/12.1sp1/nios2eds/bin/gnu/h-i686-mingw32/bin/../lib/gcc/nios2-elf/4.1.2/../../../../nios2-elf/lib/mno-hw-mul\libc.a(lib_a-fflush.o)
 .comment       0x00000000       0x27 c:/altera/12.1sp1/nios2eds/bin/gnu/h-i686-mingw32/bin/../lib/gcc/nios2-elf/4.1.2/../../../../nios2-elf/lib/mno-hw-mul\libc.a(lib_a-findfp.o)
 .comment       0x00000000       0x27 c:/altera/12.1sp1/nios2eds/bin/gnu/h-i686-mingw32/bin/../lib/gcc/nios2-elf/4.1.2/../../../../nios2-elf/lib/mno-hw-mul\libc.a(lib_a-freer.o)
 .comment       0x00000000       0x27 c:/altera/12.1sp1/nios2eds/bin/gnu/h-i686-mingw32/bin/../lib/gcc/nios2-elf/4.1.2/../../../../nios2-elf/lib/mno-hw-mul\libc.a(lib_a-fvwrite.o)
 .comment       0x00000000       0x27 c:/altera/12.1sp1/nios2eds/bin/gnu/h-i686-mingw32/bin/../lib/gcc/nios2-elf/4.1.2/../../../../nios2-elf/lib/mno-hw-mul\libc.a(lib_a-fwalk.o)
 .comment       0x00000000       0x27 c:/altera/12.1sp1/nios2eds/bin/gnu/h-i686-mingw32/bin/../lib/gcc/nios2-elf/4.1.2/../../../../nios2-elf/lib/mno-hw-mul\libc.a(lib_a-impure.o)
 .comment       0x00000000       0x27 c:/altera/12.1sp1/nios2eds/bin/gnu/h-i686-mingw32/bin/../lib/gcc/nios2-elf/4.1.2/../../../../nios2-elf/lib/mno-hw-mul\libc.a(lib_a-locale.o)
 .comment       0x00000000       0x27 c:/altera/12.1sp1/nios2eds/bin/gnu/h-i686-mingw32/bin/../lib/gcc/nios2-elf/4.1.2/../../../../nios2-elf/lib/mno-hw-mul\libc.a(lib_a-makebuf.o)
 .comment       0x00000000       0x27 c:/altera/12.1sp1/nios2eds/bin/gnu/h-i686-mingw32/bin/../lib/gcc/nios2-elf/4.1.2/../../../../nios2-elf/lib/mno-hw-mul\libc.a(lib_a-mallocr.o)
 .comment       0x00000000       0x27 c:/altera/12.1sp1/nios2eds/bin/gnu/h-i686-mingw32/bin/../lib/gcc/nios2-elf/4.1.2/../../../../nios2-elf/lib/mno-hw-mul\libc.a(lib_a-memchr.o)
 .comment       0x00000000       0x27 c:/altera/12.1sp1/nios2eds/bin/gnu/h-i686-mingw32/bin/../lib/gcc/nios2-elf/4.1.2/../../../../nios2-elf/lib/mno-hw-mul\libc.a(lib_a-memcpy.o)
 .comment       0x00000000       0x27 c:/altera/12.1sp1/nios2eds/bin/gnu/h-i686-mingw32/bin/../lib/gcc/nios2-elf/4.1.2/../../../../nios2-elf/lib/mno-hw-mul\libc.a(lib_a-memmove.o)
 .comment       0x00000000       0x27 c:/altera/12.1sp1/nios2eds/bin/gnu/h-i686-mingw32/bin/../lib/gcc/nios2-elf/4.1.2/../../../../nios2-elf/lib/mno-hw-mul\libc.a(lib_a-memset.o)
 .comment       0x00000000       0x27 c:/altera/12.1sp1/nios2eds/bin/gnu/h-i686-mingw32/bin/../lib/gcc/nios2-elf/4.1.2/../../../../nios2-elf/lib/mno-hw-mul\libc.a(lib_a-mprec.o)
 .comment       0x00000000       0x27 c:/altera/12.1sp1/nios2eds/bin/gnu/h-i686-mingw32/bin/../lib/gcc/nios2-elf/4.1.2/../../../../nios2-elf/lib/mno-hw-mul\libc.a(lib_a-reallocr.o)
 .comment       0x00000000       0x27 c:/altera/12.1sp1/nios2eds/bin/gnu/h-i686-mingw32/bin/../lib/gcc/nios2-elf/4.1.2/../../../../nios2-elf/lib/mno-hw-mul\libc.a(lib_a-s_isinfd.o)
 .comment       0x00000000       0x27 c:/altera/12.1sp1/nios2eds/bin/gnu/h-i686-mingw32/bin/../lib/gcc/nios2-elf/4.1.2/../../../../nios2-elf/lib/mno-hw-mul\libc.a(lib_a-s_isnand.o)
 .comment       0x00000000       0x27 c:/altera/12.1sp1/nios2eds/bin/gnu/h-i686-mingw32/bin/../lib/gcc/nios2-elf/4.1.2/../../../../nios2-elf/lib/mno-hw-mul\libc.a(lib_a-sbrkr.o)
 .comment       0x00000000       0x27 c:/altera/12.1sp1/nios2eds/bin/gnu/h-i686-mingw32/bin/../lib/gcc/nios2-elf/4.1.2/../../../../nios2-elf/lib/mno-hw-mul\libc.a(lib_a-stdio.o)
 .comment       0x00000000       0x27 c:/altera/12.1sp1/nios2eds/bin/gnu/h-i686-mingw32/bin/../lib/gcc/nios2-elf/4.1.2/../../../../nios2-elf/lib/mno-hw-mul\libc.a(lib_a-strcmp.o)
 .comment       0x00000000       0x27 c:/altera/12.1sp1/nios2eds/bin/gnu/h-i686-mingw32/bin/../lib/gcc/nios2-elf/4.1.2/../../../../nios2-elf/lib/mno-hw-mul\libc.a(lib_a-strlen.o)
 .comment       0x00000000       0x27 c:/altera/12.1sp1/nios2eds/bin/gnu/h-i686-mingw32/bin/../lib/gcc/nios2-elf/4.1.2/../../../../nios2-elf/lib/mno-hw-mul\libc.a(lib_a-writer.o)
 .comment       0x00000000       0x27 c:/altera/12.1sp1/nios2eds/bin/gnu/h-i686-mingw32/bin/../lib/gcc/nios2-elf/4.1.2/../../../../nios2-elf/lib/mno-hw-mul\libc.a(lib_a-callocr.o)
 .comment       0x00000000       0x27 c:/altera/12.1sp1/nios2eds/bin/gnu/h-i686-mingw32/bin/../lib/gcc/nios2-elf/4.1.2/../../../../nios2-elf/lib/mno-hw-mul\libc.a(lib_a-closer.o)
 .comment       0x00000000       0x27 c:/altera/12.1sp1/nios2eds/bin/gnu/h-i686-mingw32/bin/../lib/gcc/nios2-elf/4.1.2/../../../../nios2-elf/lib/mno-hw-mul\libc.a(lib_a-fclose.o)
 .comment       0x00000000       0x27 c:/altera/12.1sp1/nios2eds/bin/gnu/h-i686-mingw32/bin/../lib/gcc/nios2-elf/4.1.2/../../../../nios2-elf/lib/mno-hw-mul\libc.a(lib_a-fstatr.o)
 .comment       0x00000000       0x27 c:/altera/12.1sp1/nios2eds/bin/gnu/h-i686-mingw32/bin/../lib/gcc/nios2-elf/4.1.2/../../../../nios2-elf/lib/mno-hw-mul\libc.a(lib_a-int_errno.o)
 .comment       0x00000000       0x27 c:/altera/12.1sp1/nios2eds/bin/gnu/h-i686-mingw32/bin/../lib/gcc/nios2-elf/4.1.2/../../../../nios2-elf/lib/mno-hw-mul\libc.a(lib_a-isattyr.o)
 .comment       0x00000000       0x27 c:/altera/12.1sp1/nios2eds/bin/gnu/h-i686-mingw32/bin/../lib/gcc/nios2-elf/4.1.2/../../../../nios2-elf/lib/mno-hw-mul\libc.a(lib_a-lseekr.o)
 .comment       0x00000000       0x27 c:/altera/12.1sp1/nios2eds/bin/gnu/h-i686-mingw32/bin/../lib/gcc/nios2-elf/4.1.2/../../../../nios2-elf/lib/mno-hw-mul\libc.a(lib_a-readr.o)