Archive member included because of file (symbol)

c:/altera/12.1sp1/nios2eds/bin/gnu/h-i686-mingw32/bin/../lib/gcc/nios2-elf/4.1.2/../../../../nios2-elf/lib/mno-hw-mul\libc.a(lib_a-printf.o)
                              obj/default/midi_generator.o (printf)
c:/altera/12.1sp1/nios2eds/bin/gnu/h-i686-mingw32/bin/../lib/gcc/nios2-elf/4.1.2/../../../../nios2-elf/lib/mno-hw-mul\libc.a(lib_a-strcat.o)
                              obj/default/midi_generator.o (strcat)
c:/altera/12.1sp1/nios2eds/bin/gnu/h-i686-mingw32/bin/../lib/gcc/nios2-elf/4.1.2/../../../../nios2-elf/lib/mno-hw-mul\libc.a(lib_a-strcpy.o)
                              c:/altera/12.1sp1/nios2eds/bin/gnu/h-i686-mingw32/bin/../lib/gcc/nios2-elf/4.1.2/../../../../nios2-elf/lib/mno-hw-mul\libc.a(lib_a-strcat.o) (strcpy)
c:/altera/12.1sp1/nios2eds/bin/gnu/h-i686-mingw32/bin/../lib/gcc/nios2-elf/4.1.2/../../../../nios2-elf/lib/mno-hw-mul\libc.a(lib_a-vfprintf.o)
                              c:/altera/12.1sp1/nios2eds/bin/gnu/h-i686-mingw32/bin/../lib/gcc/nios2-elf/4.1.2/../../../../nios2-elf/lib/mno-hw-mul\libc.a(lib_a-printf.o) (___vfprintf_internal_r)
c:/altera/12.1sp1/nios2eds/bin/gnu/h-i686-mingw32/bin/../lib/gcc/nios2-elf/4.1.2/../../../../nios2-elf/lib/mno-hw-mul\libc.a(lib_a-wsetup.o)
                              c:/altera/12.1sp1/nios2eds/bin/gnu/h-i686-mingw32/bin/../lib/gcc/nios2-elf/4.1.2/../../../../nios2-elf/lib/mno-hw-mul\libc.a(lib_a-vfprintf.o) (__swsetup_r)
c:/altera/12.1sp1/nios2eds/bin/gnu/h-i686-mingw32/bin/../lib/gcc/nios2-elf/4.1.2/../../../../nios2-elf/lib/mno-hw-mul\libc.a(lib_a-dtoa.o)
                              c:/altera/12.1sp1/nios2eds/bin/gnu/h-i686-mingw32/bin/../lib/gcc/nios2-elf/4.1.2/../../../../nios2-elf/lib/mno-hw-mul\libc.a(lib_a-vfprintf.o) (_dtoa_r)
c:/altera/12.1sp1/nios2eds/bin/gnu/h-i686-mingw32/bin/../lib/gcc/nios2-elf/4.1.2/../../../../nios2-elf/lib/mno-hw-mul\libc.a(lib_a-fflush.o)
                              c:/altera/12.1sp1/nios2eds/bin/gnu/h-i686-mingw32/bin/../lib/gcc/nios2-elf/4.1.2/../../../../nios2-elf/lib/mno-hw-mul\libc.a(lib_a-vfprintf.o) (_fflush_r)
c:/altera/12.1sp1/nios2eds/bin/gnu/h-i686-mingw32/bin/../lib/gcc/nios2-elf/4.1.2/../../../../nios2-elf/lib/mno-hw-mul\libc.a(lib_a-findfp.o)
                              c:/altera/12.1sp1/nios2eds/bin/gnu/h-i686-mingw32/bin/../lib/gcc/nios2-elf/4.1.2/../../../../nios2-elf/lib/mno-hw-mul\libc.a(lib_a-vfprintf.o) (__sinit)
c:/altera/12.1sp1/nios2eds/bin/gnu/h-i686-mingw32/bin/../lib/gcc/nios2-elf/4.1.2/../../../../nios2-elf/lib/mno-hw-mul\libc.a(lib_a-freer.o)
                              c:/altera/12.1sp1/nios2eds/bin/gnu/h-i686-mingw32/bin/../lib/gcc/nios2-elf/4.1.2/../../../../nios2-elf/lib/mno-hw-mul\libc.a(lib_a-wsetup.o) (_free_r)
c:/altera/12.1sp1/nios2eds/bin/gnu/h-i686-mingw32/bin/../lib/gcc/nios2-elf/4.1.2/../../../../nios2-elf/lib/mno-hw-mul\libc.a(lib_a-fvwrite.o)
                              c:/altera/12.1sp1/nios2eds/bin/gnu/h-i686-mingw32/bin/../lib/gcc/nios2-elf/4.1.2/../../../../nios2-elf/lib/mno-hw-mul\libc.a(lib_a-vfprintf.o) (__sfvwrite_r)
c:/altera/12.1sp1/nios2eds/bin/gnu/h-i686-mingw32/bin/../lib/gcc/nios2-elf/4.1.2/../../../../nios2-elf/lib/mno-hw-mul\libc.a(lib_a-fwalk.o)
                              c:/altera/12.1sp1/nios2eds/bin/gnu/h-i686-mingw32/bin/../lib/gcc/nios2-elf/4.1.2/../../../../nios2-elf/lib/mno-hw-mul\libc.a(lib_a-fflush.o) (_fwalk_reent)
c:/altera/12.1sp1/nios2eds/bin/gnu/h-i686-mingw32/bin/../lib/gcc/nios2-elf/4.1.2/../../../../nios2-elf/lib/mno-hw-mul\libc.a(lib_a-impure.o)
                              c:/altera/12.1sp1/nios2eds/bin/gnu/h-i686-mingw32/bin/../lib/gcc/nios2-elf/4.1.2/../../../../nios2-elf/lib/mno-hw-mul\libc.a(lib_a-printf.o) (_impure_ptr)
c:/altera/12.1sp1/nios2eds/bin/gnu/h-i686-mingw32/bin/../lib/gcc/nios2-elf/4.1.2/../../../../nios2-elf/lib/mno-hw-mul\libc.a(lib_a-locale.o)
                              c:/altera/12.1sp1/nios2eds/bin/gnu/h-i686-mingw32/bin/../lib/gcc/nios2-elf/4.1.2/../../../../nios2-elf/lib/mno-hw-mul\libc.a(lib_a-vfprintf.o) (_localeconv_r)
c:/altera/12.1sp1/nios2eds/bin/gnu/h-i686-mingw32/bin/../lib/gcc/nios2-elf/4.1.2/../../../../nios2-elf/lib/mno-hw-mul\libc.a(lib_a-makebuf.o)
                              c:/altera/12.1sp1/nios2eds/bin/gnu/h-i686-mingw32/bin/../lib/gcc/nios2-elf/4.1.2/../../../../nios2-elf/lib/mno-hw-mul\libc.a(lib_a-wsetup.o) (__smakebuf_r)
c:/altera/12.1sp1/nios2eds/bin/gnu/h-i686-mingw32/bin/../lib/gcc/nios2-elf/4.1.2/../../../../nios2-elf/lib/mno-hw-mul\libc.a(lib_a-mallocr.o)
                              c:/altera/12.1sp1/nios2eds/bin/gnu/h-i686-mingw32/bin/../lib/gcc/nios2-elf/4.1.2/../../../../nios2-elf/lib/mno-hw-mul\libc.a(lib_a-findfp.o) (_malloc_r)
c:/altera/12.1sp1/nios2eds/bin/gnu/h-i686-mingw32/bin/../lib/gcc/nios2-elf/4.1.2/../../../../nios2-elf/lib/mno-hw-mul\libc.a(lib_a-memchr.o)
[...]
Memory Configuration

Name             Origin             Length             Attributes
sdram_0          0x00800000         0x00800000
sram_0           0x01080000         0x00080000
reset            0x01104000         0x00000020
onchip_memory2_0 0x01104020         0x00003fe0
*default*        0x00000000         0xffffffff

Linker script and memory map

LOAD ../MIDIGenerator_bsp//obj/HAL/src/crt0.o
LOAD obj/default/midi_generator.o
LOAD c:/altera/12.1sp1/nios2eds/bin/gnu/h-i686-mingw32/bin/../lib/gcc/nios2-elf/4.1.2/../../../../nios2-elf/lib/mno-hw-mul\libstdc++.a
LOAD c:/altera/12.1sp1/nios2eds/bin/gnu/h-i686-mingw32/bin/../lib/gcc/nios2-elf/4.1.2/../../../../nios2-elf/lib/mno-hw-mul\libm.a
LOAD c:/altera/12.1sp1/nios2eds/bin/gnu/h-i686-mingw32/bin/../lib/gcc/nios2-elf/4.1.2/mno-hw-mul\libgcc.a
START GROUP
LOAD c:/altera/12.1sp1/nios2eds/bin/gnu/h-i686-mingw32/bin/../lib/gcc/nios2-elf/4.1.2/../../../../nios2-elf/lib/mno-hw-mul\libc.a
LOAD c:/altera/12.1sp1/nios2eds/bin/gnu/h-i686-mingw32/bin/../lib/gcc/nios2-elf/4.1.2/mno-hw-mul\libgcc.a
LOAD ../MIDIGenerator_bsp/\libucosii_bsp.a
END GROUP
LOAD c:/altera/12.1sp1/nios2eds/bin/gnu/h-i686-mingw32/bin/../lib/gcc/nios2-elf/4.1.2/mno-hw-mul\libgcc.a
                0x00800000                __alt_mem_sdram_0 = 0x800000
                0x01080000                __alt_mem_sram_0 = 0x1080000
                0x01104000                __alt_mem_onchip_memory2_0 = 0x1104000

.entry          0x01104000       0x20
 *(.entry)
 .entry         0x01104000       0x20 ../MIDIGenerator_bsp//obj/HAL/src/crt0.o
                0x01104000                __reset

.exceptions     0x01104020      0x19c load address 0x00800000
                0x01104020                PROVIDE (__ram_exceptions_start, ABSOLUTE (.))
                0x01104020                . = ALIGN (0x20)
 *(.irq)
 *(.exceptions.entry.label)
 .exceptions.entry.label
                0x01104020        0x0 ../MIDIGenerator_bsp/\libucosii_bsp.a(alt_irq_entry.o)
                0x01104020                alt_irq_entry
 .exceptions.entry.label
                0x01104020        0x0 ../MIDIGenerator_bsp/\libucosii_bsp.a(alt_exception_entry.o)
                0x01104020                alt_exception
 *(.exceptions.entry.user)
 *(.exceptions.entry)
 .exceptions.entry
                0x01104020       0x54 ../MIDIGenerator_bsp/\libucosii_bsp.a(alt_exception_entry.o)
 *(.exceptions.irqtest.user)
 *(.exceptions.irqtest)
 .exceptions.irqtest
                0x01104074       0x10 ../MIDIGenerator_bsp/\libucosii_bsp.a(alt_irq_entry.o)
 *(.exceptions.irqhandler.user)
 *(.exceptions.irqhandler)
 .exceptions.irqhandler
                0x01104084        0x4 ../MIDIGenerator_bsp/\libucosii_bsp.a(alt_irq_entry.o)
 *(.exceptions.irqreturn.user)
 *(.exceptions.irqreturn)
 .exceptions.irqreturn
                0x01104088        0x4 ../MIDIGenerator_bsp/\libucosii_bsp.a(alt_irq_entry.o)
 *(.exceptions.notirq.label)
 .exceptions.notirq.label
                0x0110408c        0x0 ../MIDIGenerator_bsp/\libucosii_bsp.a(alt_irq_entry.o)
 *(.exceptions.notirq.user)
 *(.exceptions.notirq)
 .exceptions.notirq
                0x0110408c        0x8 ../MIDIGenerator_bsp/\libucosii_bsp.a(alt_exception_entry.o)
 *(.exceptions.soft.user)
 *(.exceptions.soft)
 *(.exceptions.unknown.user)
 *(.exceptions.unknown)
 .exceptions.unknown
                0x01104094        0x4 ../MIDIGenerator_bsp/\libucosii_bsp.a(alt_exception_entry.o)
 *(.exceptions.exit.label)
 .exceptions.exit.label
                0x01104098        0x0 ../MIDIGenerator_bsp/\libucosii_bsp.a(alt_irq_entry.o)
 .exceptions.exit.label
                0x01104098        0x0 ../MIDIGenerator_bsp/\libucosii_bsp.a(alt_exception_entry.o)
 *(.exceptions.exit.user)
 *(.exceptions.exit)
 .exceptions.exit
                0x01104098       0x54 ../MIDIGenerator_bsp/\libucosii_bsp.a(alt_exception_entry.o)
 *(.exceptions)
 .exceptions    0x011040ec       0xd0 ../MIDIGenerator_bsp/\libucosii_bsp.a(alt_irq_handler.o)
                0x011040ec                alt_irq_handler
                0x011041bc                PROVIDE (__ram_exceptions_end, ABSOLUTE (.))
                0x00800000                PROVIDE (__flash_exceptions_start, LOADADDR (.exceptions))

.text           0x0080019c    0x1621c
                0x0080019c                PROVIDE (stext, ABSOLUTE (.))
 *(.interp)
 *(.hash)
 *(.dynsym)
 *(.dynstr)
 *(.gnu.version)
 *(.gnu.version_d)
 *(.gnu.version_r)
 *(.rel.init)
 *(.rela.init)
 *(.rel.text .rel.text.* .rel.gnu.linkonce.t.*)
 *(.rela.text .rela.text.* .rela.gnu.linkonce.t.*)
 *(.rel.fini)
 *(.rela.fini)
 *(.rel.rodata .rel.rodata.* .rel.gnu.linkonce.r.*)
 *(.rela.rodata .rela.rodata.* .rela.gnu.linkonce.r.*)
 *(.rel.data .rel.data.* .rel.gnu.linkonce.d.*)
 *(.rela.data .rela.data.* .rela.gnu.linkonce.d.*)
 *(.rel.tdata .rel.tdata.* .rel.gnu.linkonce.td.*)
 *(.rela.tdata .rela.tdata.* .rela.gnu.linkonce.td.*)
 *(.rel.tbss .rel.tbss.* .rel.gnu.linkonce.tb.*)
 *(.rela.tbss .rela.tbss.* .rela.gnu.linkonce.tb.*)
 *(.rel.ctors)
 *(.rela.ctors)
 *(.rel.dtors)
 *(.rela.dtors)
 *(.rel.got)
 *(.rela.got)
 *(.rel.sdata .rel.sdata.* .rel.gnu.linkonce.s.*)
 *(.rela.sdata .rela.sdata.* .rela.gnu.linkonce.s.*)
 *(.rel.sbss .rel.sbss.* .rel.gnu.linkonce.sb.*)
 *(.rela.sbss .rela.sbss.* .rela.gnu.linkonce.sb.*)
 *(.rel.sdata2 .rel.sdata2.* .rel.gnu.linkonce.s2.*)
 *(.rela.sdata2 .rela.sdata2.* .rela.gnu.linkonce.s2.*)
 *(.rel.sbss2 .rel.sbss2.* .rel.gnu.linkonce.sb2.*)
 *(.rela.sbss2 .rela.sbss2.* .rela.gnu.linkonce.sb2.*)
 *(.rel.bss .rel.bss.* .rel.gnu.linkonce.b.*)
 *(.rela.bss .rela.bss.* .rela.gnu.linkonce.b.*)
 *(.rel.plt)
 *(.rela.plt)
 *(.rel.dyn)
 *(.init)
 *(.plt)
 *(.text .stub .text.* .gnu.linkonce.t.*)
 .text          0x0080019c       0x3c ../MIDIGenerator_bsp//obj/HAL/src/crt0.o
                0x0080019c                _start
 .text          0x008001d8      0x3f0 obj/default/midi_generator.o
                0x008001d8                inputPollingTask
                0x00800298                handleLaserStatusChange
                0x00800364                getMidiData
                0x00800478                printLaserStatusOnLCD
                0x0080055c                main
 .text          0x008005c8       0x78 c:/altera/12.1sp1/nios2eds/bin/gnu/h-i686-mingw32/bin/../lib/gcc/nios2-elf/4.1.2/../../../../nios2-elf/lib/mno-hw-mul\libc.a(lib_a-printf.o)
                0x008005c8                printf
                0x0080060c                _printf_r
 .text          0x00800640       0x90 c:/altera/12.1sp1/nios2eds/bin/gnu/h-i686-mingw32/bin/../lib/gcc/nios2-elf/4.1.2/../../../../nios2-elf/lib/mno-hw-mul\libc.a(lib_a-strcat.o)
                0x00800640                strcat
 .text          0x008006d0       0x8c c:/altera/12.1sp1/nios2eds/bin/gnu/h-i686-mingw32/bin/../lib/gcc/nios2-elf/4.1.2/../../../../nios2-elf/lib/mno-hw-mul\libc.a(lib_a-strcpy.o)
                0x008006d0                strcpy
 .text          0x0080075c     0x1f40 c:/altera/12.1sp1/nios2eds/bin/gnu/h-i686-mingw32/bin/../lib/gcc/nios2-elf/4.1.2/../../../../nios2-elf/lib/mno-hw-mul\libc.a(lib_a-vfprintf.o)
                0x008007b4                ___vfprintf_internal_r
                0x00802678                __vfprintf_internal
 .text          0x0080269c      0x13c c:/altera/12.1sp1/nios2eds/bin/gnu/h-i686-mingw32/bin/../lib/gcc/nios2-elf/4.1.2/../../../../nios2-elf/lib/mno-hw-mul\libc.a(lib_a-wsetup.o)
                0x0080269c                __swsetup_r
 .text          0x008027d8     0x17f8 c:/altera/12.1sp1/nios2eds/bin/gnu/h-i686-mingw32/bin/../lib/gcc/nios2-elf/4.1.2/../../../../nios2-elf/lib/mno-hw-mul\libc.a(lib_a-dtoa.o)
                0x00802a1c                _dtoa_r
 .text          0x00803fd0      0x230 c:/altera/12.1sp1/nios2eds/bin/gnu/h-i686-mingw32/bin/../lib/gcc/nios2-elf/4.1.2/../../../../nios2-elf/lib/mno-hw-mul\libc.a(lib_a-fflush.o)
                0x00803fd0                _fflush_r
                0x008041cc                fflush
 .text          0x00804200      0x2f4 c:/altera/12.1sp1/nios2eds/bin/gnu/h-i686-mingw32/bin/../lib/gcc/nios2-elf/4.1.2/../../../../nios2-elf/lib/mno-hw-mul\libc.a(lib_a-findfp.o)
                0x00804258                __sfp_lock_acquire
                0x0080425c                __sfp_lock_release
                0x00804260                __sinit_lock_acquire
                0x00804264                __sinit_lock_release
                0x00804268                __sinit
                0x0080431c                __fp_unlock_all
                0x00804334                __fp_lock_all
                0x0080434c                _cleanup_r
                0x00804358                _cleanup
                0x00804368                __sfmoreglue
                0x00804404                __sfp
 .text          0x008044f4      0x440 c:/altera/12.1sp1/nios2eds/bin/gnu/h-i686-mingw32/bin/../lib/gcc/nios2-elf/4.1.2/../../../../nios2-elf/lib/mno-hw-mul\libc.a(lib_a-freer.o)
                0x008044f4                _malloc_trim_r
                0x00804620                _free_r
 .text          0x00804934      0x49c c:/altera/12.1sp1/nios2eds/bin/gnu/h-i686-mingw32/bin/../lib/gcc/nios2-elf/4.1.2/../../../../nios2-elf/lib/mno-hw-mul\libc.a(lib_a-fvwrite.o)
                0x00804934                __sfvwrite_r
 .text          0x00804dd0      0x180 c:/altera/12.1sp1/nios2eds/bin/gnu/h-i686-mingw32/bin/../lib/gcc/nios2-elf/4.1.2/../../../../nios2-elf/lib/mno-hw-mul\libc.a(lib_a-fwalk.o)
                0x00804dd0                _fwalk_reent
                0x00804e98                _fwalk
 .text          0x00804f50        0x0 c:/altera/12.1sp1/nios2eds/bin/gnu/h-i686-mingw32/bin/../lib/gcc/nios2-elf/4.1.2/../../../../nios2-elf/lib/mno-hw-mul\libc.a(lib_a-impure.o)
 .text          0x00804f50       0xc4 c:/altera/12.1sp1/nios2eds/bin/gnu/h-i686-mingw32/bin/../lib/gcc/nios2-elf/4.1.2/../../../../nios2-elf/lib/mno-hw-mul\libc.a(lib_a-locale.o)
                0x00804f50                __locale_charset
                0x00804f58                _localeconv_r
                0x00804f64                localeconv
                0x00804f74                _setlocale_r
                0x00804ff8                setlocale
 .text          0x00805014      0x194 c:/altera/12.1sp1/nios2eds/bin/gnu/h-i686-mingw32/bin/../lib/gcc/nios2-elf/4.1.2/../../../../nios2-elf/lib/mno-hw-mul\libc.a(lib_a-makebuf.o)
                0x00805014                __smakebuf_r
 .text          0x008051a8      0x740 c:/altera/12.1sp1/nios2eds/bin/gnu/h-i686-mingw32/bin/../lib/gcc/nios2-elf/4.1.2/../../../../nios2-elf/lib/mno-hw-mul\libc.a(lib_a-mallocr.o)
                0x008051a8                _malloc_r
 .text          0x008058e8       0xe4 c:/altera/12.1sp1/nios2eds/bin/gnu/h-i686-mingw32/bin/../lib/gcc/nios2-elf/4.1.2/../../../../nios2-elf/lib/mno-hw-mul\libc.a(lib_a-memchr.o)
                0x008058e8                memchr
 .text          0x008059cc       0xa0 c:/altera/12.1sp1/nios2eds/bin/gnu/h-i686-mingw32/bin/../lib/gcc/nios2-elf/4.1.2/../../../../nios2-elf/lib/mno-hw-mul\libc.a(lib_a-memcpy.o)
                0x008059cc                memcpy
 .text          0x00805a6c       0xe0 c:/altera/12.1sp1/nios2eds/bin/gnu/h-i686-mingw32/bin/../lib/gcc/nios2-elf/4.1.2/../../../../nios2-elf/lib/mno-hw-mul\libc.a(lib_a-memmove.o)
                0x00805a6c                memmove
 .text          0x00805b4c       0x98 c:/altera/12.1sp1/nios2eds/bin/gnu/h-i686-mingw32/bin/../lib/gcc/nios2-elf/4.1.2/../../../../nios2-elf/lib/mno-hw-mul\libc.a(lib_a-memset.o)
                0x00805b4c                memset
 .text          0x00805be4     0x108c c:/altera/12.1sp1/nios2eds/bin/gnu/h-i686-mingw32/bin/../lib/gcc/nios2-elf/4.1.2/../../../../nios2-elf/lib/mno-hw-mul\libc.a(lib_a-mprec.o)
                0x00805be4                _Bfree
                0x00805c0c                __hi0bits
                0x00805c7c                __lo0bits
                0x00805d40                __mcmp
                0x00805da0                __ulp
                0x00805e20                __b2d
                0x00805f40                __ratio
                0x00805ff0                _mprec_log10
                0x00806084                __copybits
                0x008060dc                __any_on
                0x00806164                _Balloc
                0x00806220                __d2b
                0x0080639c                __mdiff
                0x00806528                __lshift
                0x00806674                __multiply
                0x008068c8                __i2b
                0x00806904                __multadd
                0x00806a30                __pow5mult
                0x00806b50                __s2b
 .text          0x00806c70      0x5f4 c:/altera/12.1sp1/nios2eds/bin/gnu/h-i686-mingw32/bin/../lib/gcc/nios2-elf/4.1.2/../../../../nios2-elf/lib/mno-hw-mul\libc.a(lib_a-reallocr.o)
                0x00806c70                _realloc_r
 .text          0x00807264       0x40 c:/altera/12.1sp1/nios2eds/bin/gnu/h-i686-mingw32/bin/../lib/gcc/nios2-elf/4.1.2/../../../../nios2-elf/lib/mno-hw-mul\libc.a(lib_a-s_isinfd.o)
                0x00807264                __isinfd
 .text          0x008072a4       0x30 c:/altera/12.1sp1/nios2eds/bin/gnu/h-i686-mingw32/bin/../lib/gcc/nios2-elf/4.1.2/../../../../nios2-elf/lib/mno-hw-mul\libc.a(lib_a-s_isnand.o)
                0x008072a4                __isnand
 .text          0x008072d4       0x70 c:/altera/12.1sp1/nios2eds/bin/gnu/h-i686-mingw32/bin/../lib/gcc/nios2-elf/4.1.2/../../../../nios2-elf/lib/mno-hw-mul\libc.a(lib_a-sbrkr.o)
                0x008072d4                _sbrk_r
 .text          0x00807344      0x14c c:/altera/12.1sp1/nios2eds/bin/gnu/h-i686-mingw32/bin/../lib/gcc/nios2-elf/4.1.2/../../../../nios2-elf/lib/mno-hw-mul\libc.a(lib_a-stdio.o)
                0x00807344                __sclose
                0x0080734c                __sseek
                0x008073b4                __swrite
                0x00807430                __sread
 .text          0x00807490       0xbc c:/altera/12.1sp1/nios2eds/bin/gnu/h-i686-mingw32/bin/../lib/gcc/nios2-elf/4.1.2/../../../../nios2-elf/lib/mno-hw-mul\libc.a(lib_a-strcmp.o)
                0x00807490                strcmp
 .text          0x0080754c       0x74 c:/altera/12.1sp1/nios2eds/bin/gnu/h-i686-mingw32/bin/../lib/gcc/nios2-elf/4.1.2/../../../../nios2-elf/lib/mno-hw-mul\libc.a(lib_a-strlen.o)
                0x0080754c                strlen
 .text          0x008075c0       0x78 c:/altera/12.1sp1/nios2eds/bin/gnu/h-i686-mingw32/bin/../lib/gcc/nios2-elf/4.1.2/../../../../nios2-elf/lib/mno-hw-mul\libc.a(lib_a-writer.o)
                0x008075c0                _write_r
 .text          0x00807638       0xc8 c:/altera/12.1sp1/nios2eds/bin/gnu/h-i686-mingw32/bin/../lib/gcc/nios2-elf/4.1.2/../../../../nios2-elf/lib/mno-hw-mul\libc.a(lib_a-callocr.o)
                0x00807638                _calloc_r
 .text          0x00807700       0x70 c:/altera/12.1sp1/nios2eds/bin/gnu/h-i686-mingw32/bin/../lib/gcc/nios2-elf/4.1.2/../../../../nios2-elf/lib/mno-hw-mul\libc.a(lib_a-closer.o)
                0x00807700                _close_r
 .text          0x00807770      0x124 c:/altera/12.1sp1/nios2eds/bin/gnu/h-i686-mingw32/bin/../lib/gcc/nios2-elf/4.1.2/../../../../nios2-elf/lib/mno-hw-mul\libc.a(lib_a-fclose.o)
                0x00807770                _fclose_r
                0x00807880                fclose
 .text          0x00807894       0x74 c:/altera/12.1sp1/nios2eds/bin/gnu/h-i686-mingw32/bin/../lib/gcc/nios2-elf/4.1.2/../../../../nios2-elf/lib/mno-hw-mul\libc.a(lib_a-fstatr.o)
                0x00807894                _fstat_r
 .text          0x00807908        0x0 c:/altera/12.1sp1/nios2eds/bin/gnu/h-i686-mingw32/bin/../lib/gcc/nios2-elf/4.1.2/../../../../nios2-elf/lib/mno-hw-mul\libc.a(lib_a-int_errno.o)
 .text          0x00807908       0x70 c:/altera/12.1sp1/nios2eds/bin/gnu/h-i686-mingw32/bin/../lib/gcc/nios2-elf/4.1.2/../../../../nios2-elf/lib/mno-hw-mul\libc.a(lib_a-isattyr.o)
                0x00807908                _isatty_r
 .text          0x00807978       0x78 c:/altera/12.1sp1/nios2eds/bin/gnu/h-i686-mingw32/bin/../lib/gcc/nios2-elf/4.1.2/../../../../nios2-elf/lib/mno-hw-mul\libc.a(lib_a-lseekr.o)
                0x00807978                _lseek_r
 .text          0x008079f0       0x78 c:/altera/12.1sp1/nios2eds/bin/gnu/h-i686-mingw32/bin/../lib/gcc/nios2-elf/4.1.2/../../../../nios2-elf/lib/mno-hw-mul\libc.a(lib_a-readr.o)
                0x008079f0                _read_r
 .text          0x00807a68      0x66c c:/altera/12.1sp1/nios2eds/bin/gnu/h-i686-mingw32/bin/../lib/gcc/nios2-elf/4.1.2/mno-hw-mul\libgcc.a(_udivdi3.o)
                0x00807a68                __udivdi3
 .text          0x008080d4      0x660 c:/altera/12.1sp1/nios2eds/bin/gnu/h-i686-mingw32/bin/../lib/gcc/nios2-elf/4.1.2/mno-hw-mul\libgcc.a(_umoddi3.o)
                0x008080d4                __umoddi3
 .text          0x00808734      0x504 c:/altera/12.1sp1/nios2eds/bin/gnu/h-i686-mingw32/bin/../lib/gcc/nios2-elf/4.1.2/mno-hw-mul\libgcc.a(_addsub_df.o)
                0x00808b44                __subdf3
                0x00808bc4                __adddf3
 .text          0x00808c38      0x3c4 c:/altera/12.1sp1/nios2eds/bin/gnu/h-i686-mingw32/bin/../lib/gcc/nios2-elf/4.1.2/mno-hw-mul\libgcc.a(_mul_df.o)
                0x00808c38                __muldf3
 .text          0x00808ffc      0x258 c:/altera/12.1sp1/nios2eds/bin/gnu/h-i686-mingw32/bin/../lib/gcc/nios2-elf/4.1.2/mno-hw-mul\libgcc.a(_div_df.o)
                0x00808ffc                __divdf3
 .text          0x00809254       0x88 c:/altera/12.1sp1/nios2eds/bin/gnu/h-i686-mingw32/bin/../lib/gcc/nios2-elf/4.1.2/mno-hw-mul\libgcc.a(_eq_df.o)
                0x00809254                __eqdf2
 .text          0x008092dc       0x88 c:/altera/12.1sp1/nios2eds/bin/gnu/h-i686-mingw32/bin/../lib/gcc/nios2-elf/4.1.2/mno-hw-mul\libgcc.a(_ne_df.o)
                0x008092dc                __nedf2
 .text          0x00809364       0x88 c:/altera/12.1sp1/nios2eds/bin/gnu/h-i686-mingw32/bin/../lib/gcc/nios2-elf/4.1.2/mno-hw-mul\libgcc.a(_gt_df.o)
                0x00809364                __gtdf2
 .text          0x008093ec       0x88 c:/altera/12.1sp1/nios2eds/bin/gnu/h-i686-mingw32/bin/../lib/gcc/nios2-elf/4.1.2/mno-hw-mul\libgcc.a(_ge_df.o)
                0x008093ec                __gedf2
 .text          0x00809474       0x88 c:/altera/12.1sp1/nios2eds/bin/gnu/h-i686-mingw32/bin/../lib/gcc/nios2-elf/4.1.2/mno-hw-mul\libgcc.a(_lt_df.o)
                0x00809474                __ltdf2
 .text          0x008094fc       0xf8 c:/altera/12.1sp1/nios2eds/bin/gnu/h-i686-mingw32/bin/../lib/gcc/nios2-elf/4.1.2/mno-hw-mul\libgcc.a(_si_to_df.o)
                0x008094fc                __floatsidf
 .text          0x008095f4       0xd8 c:/altera/12.1sp1/nios2eds/bin/gnu/h-i686-mingw32/bin/../lib/gcc/nios2-elf/4.1.2/mno-hw-mul\libgcc.a(_df_to_si.o)
                0x008095f4                __fixdfsi
 .text          0x008096cc        0x0 c:/altera/12.1sp1/nios2eds/bin/gnu/h-i686-mingw32/bin/../lib/gcc/nios2-elf/4.1.2/mno-hw-mul\libgcc.a(_thenan_df.o)
 .text          0x008096cc      0x194 c:/altera/12.1sp1/nios2eds/bin/gnu/h-i686-mingw32/bin/../lib/gcc/nios2-elf/4.1.2/mno-hw-mul\libgcc.a(_usi_to_df.o)
                0x008096cc                __floatunsidf
 .text          0x00809860      0x14c c:/altera/12.1sp1/nios2eds/bin/gnu/h-i686-mingw32/bin/../lib/gcc/nios2-elf/4.1.2/mno-hw-mul\libgcc.a(lib2-divmod.o)
                0x008098dc                __divsi3
                0x0080993c                __modsi3
                0x0080999c                __udivsi3
                0x008099a4                __umodsi3
 .text          0x008099ac       0x38 c:/altera/12.1sp1/nios2eds/bin/gnu/h-i686-mingw32/bin/../lib/gcc/nios2-elf/4.1.2/mno-hw-mul\libgcc.a(lib2-mul.o)
                0x008099ac                __mulsi3
 .text          0x008099e4      0x124 c:/altera/12.1sp1/nios2eds/bin/gnu/h-i686-mingw32/bin/../lib/gcc/nios2-elf/4.1.2/mno-hw-mul\libgcc.a(_muldi3.o)
                0x008099e4                __muldi3
 .text          0x00809b08        0x0 c:/altera/12.1sp1/nios2eds/bin/gnu/h-i686-mingw32/bin/../lib/gcc/nios2-elf/4.1.2/mno-hw-mul\libgcc.a(_clz.o)
 .text          0x00809b08       0x80 c:/altera/12.1sp1/nios2eds/bin/gnu/h-i686-mingw32/bin/../lib/gcc/nios2-elf/4.1.2/mno-hw-mul\libgcc.a(_clzsi2.o)
                0x00809b08                __clzsi2
 .text          0x00809b88      0x314 c:/altera/12.1sp1/nios2eds/bin/gnu/h-i686-mingw32/bin/../lib/gcc/nios2-elf/4.1.2/mno-hw-mul\libgcc.a(_pack_df.o)
                0x00809b88                __pack_d
 .text          0x00809e9c      0x138 c:/altera/12.1sp1/nios2eds/bin/gnu/h-i686-mingw32/bin/../lib/gcc/nios2-elf/4.1.2/mno-hw-mul\libgcc.a(_unpack_df.o)
                0x00809e9c                __unpack_d
 .text          0x00809fd4       0xc8 c:/altera/12.1sp1/nios2eds/bin/gnu/h-i686-mingw32/bin/../lib/gcc/nios2-elf/4.1.2/mno-hw-mul\libgcc.a(_fpcmp_parts_df.o)
                0x00809fd4                __fpcmp_parts_d
 .text          0x0080a09c      0x160 ../MIDIGenerator_bsp/\libucosii_bsp.a(alt_close.o)
                0x0080a09c                close
 .text          0x0080a1fc       0x2c ../MIDIGenerator_bsp/\libucosii_bsp.a(alt_dev.o)
 .text          0x0080a228        0x0 ../MIDIGenerator_bsp/\libucosii_bsp.a(alt_errno.o)
 .text          0x0080a228      0x138 ../MIDIGenerator_bsp/\libucosii_bsp.a(alt_fstat.o)
                0x0080a228                fstat
 .text          0x0080a360      0x124 ../MIDIGenerator_bsp/\libucosii_bsp.a(alt_isatty.o)
                0x0080a360                isatty
 .text          0x0080a484       0xec ../MIDIGenerator_bsp/\libucosii_bsp.a(alt_load.o)
                0x0080a484                alt_load
 .text          0x0080a570      0x154 ../MIDIGenerator_bsp/\libucosii_bsp.a(alt_lseek.o)
                0x0080a570                lseek
 .text          0x0080a6c4       0xc8 ../MIDIGenerator_bsp/\libucosii_bsp.a(alt_main.o)
                0x0080a6c4                alt_main
 .text          0x0080a78c      0x258 ../MIDIGenerator_bsp/\libucosii_bsp.a(alt_printf.o)
                0x0080a78c                alt_printf
 .text          0x0080a9e4       0x40 ../MIDIGenerator_bsp/\libucosii_bsp.a(alt_putchar.o)
                0x0080a9e4                alt_putchar
 .text          0x0080aa24      0x184 ../MIDIGenerator_bsp/\libucosii_bsp.a(alt_read.o)
                0x0080aa24                read
 .text          0x0080aba8       0x78 ../MIDIGenerator_bsp/\libucosii_bsp.a(alt_release_fd.o)
                0x0080aba8                alt_release_fd
 .text          0x0080ac20       0xbc ../MIDIGenerator_bsp/\libucosii_bsp.a(alt_sbrk.o)
                0x0080ac20                sbrk
 .text          0x0080acdc      0x184 ../MIDIGenerator_bsp/\libucosii_bsp.a(alt_write.o)
                0x0080acdc                write
 .text          0x0080ae60      0x108 ../MIDIGenerator_bsp/\libucosii_bsp.a(alt_env_lock.o)
                0x0080ae60                __env_lock
                0x0080af0c                __env_unlock
 .text          0x0080af68      0x1d8 ../MIDIGenerator_bsp/\libucosii_bsp.a(alt_malloc_lock.o)
                0x0080af68                __malloc_lock
                0x0080b070                __malloc_unlock
 .text          0x0080b140     0x2128 ../MIDIGenerator_bsp/\libucosii_bsp.a(os_core.o)
                0x0080b140                OSEventNameGet
                0x0080b270                OSEventNameSet
                0x0080b3b4                OSEventPendMulti
                0x0080ba68                OSInit
                0x0080babc                OSIntEnter
                0x0080bb38                OSIntExit
                0x0080bc38                OSSchedLock
                0x0080bcc4                OSSchedUnlock
                0x0080bda8                OSStart
                0x0080be18                OSStatInit
                0x0080bec4                OSTimeTick
                0x0080c104                OSVersion
                0x0080c124                OS_Dummy
                0x0080c140                OS_EventTaskRdy
                0x0080c2d4                OS_EventTaskWait
                0x0080c3e4                OS_EventTaskWaitMulti
                0x0080c538                OS_EventTaskRemove
                0x0080c5f0                OS_EventTaskRemoveMulti
                0x0080c6f4                OS_EventWaitListInit
                0x0080cac0                OS_MemClr
                0x0080cb14                OS_MemCopy
                0x0080cb80                OS_Sched
                0x0080ccc4                OS_StrCopy
                0x0080cd44                OS_StrLen
                0x0080cd9c                OS_TaskIdle
                0x0080cdf8                OS_TaskStat
                0x0080cec0                OS_TaskStatStkChk
                0x0080cf88                OS_TCBInit
 .text          0x0080d268      0x18c ../MIDIGenerator_bsp/\libucosii_bsp.a(os_dbg.o)
                0x0080d268                OSDebugInit
 .text          0x0080d3f4     0x193c ../MIDIGenerator_bsp/\libucosii_bsp.a(os_flag.o)
                0x0080d3f4                OSFlagAccept
                0x0080d728                OSFlagCreate
                0x0080d864                OSFlagDel
                0x0080db0c                OSFlagNameGet
                0x0080dc50                OSFlagNameSet
                0x0080dda4                OSFlagPend
                0x0080e3e8                OSFlagPendGetFlagsRdy
                0x0080e450                OSFlagPost
                0x0080e7f8                OSFlagQuery
                0x0080ea90                OS_FlagInit
                0x0080ec84                OS_FlagUnlink
 .text          0x0080ed30      0x80c ../MIDIGenerator_bsp/\libucosii_bsp.a(os_mem.o)
                0x0080ed30                OSMemCreate
                0x0080ef4c                OSMemGet
                0x0080f050                OSMemNameGet
                0x0080f15c                OSMemNameSet
                0x0080f27c                OSMemPut
                0x0080f36c                OSMemQuery
                0x0080f468                OS_MemInit
 .text          0x0080f53c     0x1334 ../MIDIGenerator_bsp/\libucosii_bsp.a(os_q.o)
                0x0080f53c                OSQAccept
                0x0080f690                OSQCreate
                0x0080f8a4                OSQDel
                0x0080fba4                OSQFlush
                0x0080fc6c                OSQPend
                0x0080ff8c                OSQPendAbort
                0x00810108                OSQPost
                0x00810288                OSQPostFront
                0x00810410                OSQPostOpt
                0x00810644                OSQQuery
                0x008107c4                OS_QInit
 .text          0x00810870      0xbc8 ../MIDIGenerator_bsp/\libucosii_bsp.a(os_sem.o)
                0x00810870                OSSemAccept
                0x00810930                OSSemCreate
                0x00810a44                OSSemDel
                0x00810ce4                OSSemPend
                0x00810f60                OSSemPendAbort
                0x008110dc                OSSemPost
                0x00811204                OSSemQuery
                0x00811334                OSSemSet
 .text          0x00811438     0x1a40 ../MIDIGenerator_bsp/\libucosii_bsp.a(os_task.o)
                0x00811438                OSTaskChangePrio
                0x008119ac                OSTaskCreate
                0x00811b80                OSTaskCreateExt
                0x00811d80                OSTaskDel
                0x0081218c                OSTaskDelReq
                0x008122fc                OSTaskNameGet
                0x008124b4                OSTaskNameSet
                0x00812678                OSTaskResume
                0x00812890                OSTaskStkChk
                0x00812a8c                OSTaskSuspend
                0x00812cb8                OSTaskQuery
                0x00812dfc                OS_TaskStkClr
 .text          0x00812e78      0x5b4 ../MIDIGenerator_bsp/\libucosii_bsp.a(os_time.o)
                0x00812e78                OSTimeDly
                0x00812fc4                OSTimeDlyHMSM
                0x00813154                OSTimeDlyResume
                0x00813364                OSTimeGet
                0x008133c8                OSTimeSet
 .text          0x0081342c       0xe0 ../MIDIGenerator_bsp/\libucosii_bsp.a(alt_sys_init.o)
                0x0081342c                alt_irq_init
                0x00813460                alt_sys_init
 .text          0x0081350c      0x148 ../MIDIGenerator_bsp/\libucosii_bsp.a(altera_avalon_jtag_uart_fd.o)
                0x0081350c                altera_avalon_jtag_uart_read_fd
                0x00813564                altera_avalon_jtag_uart_write_fd
                0x008135bc                altera_avalon_jtag_uart_close_fd
                0x00813604                altera_avalon_jtag_uart_ioctl_fd
 .text          0x00813654      0x584 ../MIDIGenerator_bsp/\libucosii_bsp.a(altera_avalon_jtag_uart_init.o)
                0x00813654                altera_avalon_jtag_uart_init
                0x00813b64                altera_avalon_jtag_uart_close
 .text          0x00813bd8       0xf4 ../MIDIGenerator_bsp/\libucosii_bsp.a(altera_avalon_jtag_uart_ioctl.o)
                0x00813bd8                altera_avalon_jtag_uart_ioctl
 .text          0x00813ccc      0x2c0 ../MIDIGenerator_bsp/\libucosii_bsp.a(altera_avalon_jtag_uart_read.o)
                0x00813ccc                altera_avalon_jtag_uart_read
 .text          0x00813f8c      0x2dc ../MIDIGenerator_bsp/\libucosii_bsp.a(altera_avalon_jtag_uart_write.o)
                0x00813f8c                altera_avalon_jtag_uart_write
 .text          0x00814268      0x100 ../MIDIGenerator_bsp/\libucosii_bsp.a(altera_avalon_timer_sc.o)
                0x008142d8                alt_avalon_timer_sc_init
 .text          0x00814368      0x530 ../MIDIGenerator_bsp/\libucosii_bsp.a(altera_up_avalon_character_lcd.o)
                0x00814368                get_DDRAM_addr
                0x008143e4                alt_up_character_lcd_send_cmd
                0x00814418                alt_up_character_lcd_init
                0x0081444c                alt_up_character_lcd_open_dev
                0x0081448c                alt_up_character_lcd_write
                0x00814504                alt_up_character_lcd_string
                0x0081457c                alt_up_character_lcd_write_fd
                0x008145c8                alt_up_character_lcd_set_cursor_pos
                0x00814640                alt_up_character_lcd_shift_cursor
                0x008146f0                alt_up_character_lcd_shift_display
                0x008147a0                alt_up_character_lcd_erase_pos
                0x00814830                alt_up_character_lcd_cursor_off
                0x00814864                alt_up_character_lcd_cursor_blink_on
 .text          0x00814898      0x154 ../MIDIGenerator_bsp/\libucosii_bsp.a(alt_alarm_start.o)
                0x00814898                alt_alarm_start
 .text          0x008149ec       0x1c ../MIDIGenerator_bsp/\libucosii_bsp.a(alt_dcache_flush_all.o)
                0x008149ec                alt_dcache_flush_all
 .text          0x00814a08      0x114 ../MIDIGenerator_bsp/\libucosii_bsp.a(alt_dev_llist_insert.o)
                0x00814a08                alt_dev_llist_insert
 .text          0x00814b1c       0x64 ../MIDIGenerator_bsp/\libucosii_bsp.a(alt_do_ctors.o)
                0x00814b1c                _do_ctors
 .text          0x00814b80       0x64 ../MIDIGenerator_bsp/\libucosii_bsp.a(alt_do_dtors.o)
                0x00814b80                _do_dtors
 .text          0x00814be4       0x94 ../MIDIGenerator_bsp/\libucosii_bsp.a(alt_find_dev.o)
                0x00814be4                alt_find_dev
 .text          0x00814c78       0x1c ../MIDIGenerator_bsp/\libucosii_bsp.a(alt_icache_flush_all.o)
                0x00814c78                alt_icache_flush_all
 .text          0x00814c94      0x1d4 ../MIDIGenerator_bsp/\libucosii_bsp.a(alt_iic.o)
                0x00814c94                alt_ic_isr_register
                0x00814ce4                alt_ic_irq_enable
                0x00814d80                alt_ic_irq_disable
                0x00814e20                alt_ic_irq_enabled
 .text          0x00814e68       0xf8 ../MIDIGenerator_bsp/\libucosii_bsp.a(alt_iic_isr_register.o)
                0x00814e68                alt_iic_isr_register
 .text          0x00814f60      0x150 ../MIDIGenerator_bsp/\libucosii_bsp.a(alt_io_redirect.o)
                0x00815038                alt_io_redirect
 .text          0x008150b0        0x0 ../MIDIGenerator_bsp/\libucosii_bsp.a(alt_irq_entry.o)
 .text          0x008150b0        0x0 ../MIDIGenerator_bsp/\libucosii_bsp.a(alt_irq_handler.o)
 .text          0x008150b0        0x0 ../MIDIGenerator_bsp/\libucosii_bsp.a(alt_irq_vars.o)
 .text          0x008150b0      0x2e4 ../MIDIGenerator_bsp/\libucosii_bsp.a(alt_open.o)
                0x008151a8                open
 .text          0x00815394      0x1a8 ../MIDIGenerator_bsp/\libucosii_bsp.a(alt_tick.o)
                0x00815394                alt_alarm_stop
                0x0081542c                alt_tick
 .text          0x0081553c       0x20 ../MIDIGenerator_bsp/\libucosii_bsp.a(altera_nios2_qsys_irq.o)
                0x0081553c                altera_nios2_qsys_irq_init
 .text          0x0081555c       0xd0 ../MIDIGenerator_bsp/\libucosii_bsp.a(os_cpu_a.o)
                0x0081555c                OSCtxSw
                0x0081555c                OSIntCtxSw
                0x008155e8                OSStartHighRdy
                0x00815608                OSStartTsk
 .text          0x0081562c      0x418 ../MIDIGenerator_bsp/\libucosii_bsp.a(os_cpu_c.o)
                0x0081562c                OSTaskStkInit
                0x0081593c                OSTaskCreateHook
                0x0081595c                OSTaskDelHook
                0x0081597c                OSTaskSwHook
                0x00815998                OSTaskStatHook
                0x008159b4                OSTimeTickHook
                0x008159d0                OSInitHookBegin
                0x008159ec                OSInitHookEnd
                0x00815a08                OSTaskIdleHook
                0x00815a24                OSTCBInitHook
 .text          0x00815a44        0x0 ../MIDIGenerator_bsp/\libucosii_bsp.a(alt_exception_entry.o)
 .text          0x00815a44      0x120 ../MIDIGenerator_bsp/\libucosii_bsp.a(alt_find_file.o)
                0x00815a44                alt_find_file
 .text          0x00815b64      0x104 ../MIDIGenerator_bsp/\libucosii_bsp.a(alt_get_fd.o)
                0x00815b64                alt_get_fd
 .text          0x00815c68       0x14 c:/altera/12.1sp1/nios2eds/bin/gnu/h-i686-mingw32/bin/../lib/gcc/nios2-elf/4.1.2/../../../../nios2-elf/lib/mno-hw-mul\libc.a(lib_a-atexit.o)
                0x00815c68                atexit
 .text          0x00815c7c       0x38 c:/altera/12.1sp1/nios2eds/bin/gnu/h-i686-mingw32/bin/../lib/gcc/nios2-elf/4.1.2/../../../../nios2-elf/lib/mno-hw-mul\libc.a(lib_a-exit.o)
                0x00815c7c                exit
 .text          0x00815cb4       0x74 c:/altera/12.1sp1/nios2eds/bin/gnu/h-i686-mingw32/bin/../lib/gcc/nios2-elf/4.1.2/../../../../nios2-elf/lib/mno-hw-mul\libc.a(lib_a-memcmp.o)
                0x00815cb4                memcmp
 .text          0x00815d28      0x1ec c:/altera/12.1sp1/nios2eds/bin/gnu/h-i686-mingw32/bin/../lib/gcc/nios2-elf/4.1.2/../../../../nios2-elf/lib/mno-hw-mul\libc.a(lib_a-putc.o)
                0x00815d28                putc
                0x00815e2c                _putc_r
 .text          0x00815f14      0x14c c:/altera/12.1sp1/nios2eds/bin/gnu/h-i686-mingw32/bin/../lib/gcc/nios2-elf/4.1.2/../../../../nios2-elf/lib/mno-hw-mul\libc.a(lib_a-wbuf.o)
                0x00815f14                __swbuf_r
                0x00816044                __swbuf
 .text          0x00816060      0x134 c:/altera/12.1sp1/nios2eds/bin/gnu/h-i686-mingw32/bin/../lib/gcc/nios2-elf/4.1.2/../../../../nios2-elf/lib/mno-hw-mul\libc.a(lib_a-__atexit.o)
                0x00816060                __register_exitproc
 .text          0x00816194      0x1b4 c:/altera/12.1sp1/nios2eds/bin/gnu/h-i686-mingw32/bin/../lib/gcc/nios2-elf/4.1.2/../../../../nios2-elf/lib/mno-hw-mul\libc.a(lib_a-__call_atexit.o)
                0x00816198                __call_exitprocs
 .text          0x00816348       0x6c ../MIDIGenerator_bsp/\libucosii_bsp.a(alt_exit.o)
                0x00816388                _exit
 *(.gnu.warning.*)
 *(.fini)
                0x008163b4                PROVIDE (__etext, ABSOLUTE (.))
                0x008163b4                PROVIDE (_etext, ABSOLUTE (.))
                0x008163b4                PROVIDE (etext, ABSOLUTE (.))
 *(.eh_frame_hdr)
                0x008163b4                . = ALIGN (0x4)
                0x008163b4                PROVIDE (__preinit_array_start, ABSOLUTE (.))
 *(.preinit_array)
                0x008163b4                PROVIDE (__preinit_array_end, ABSOLUTE (.))
                0x008163b4                PROVIDE (__init_array_start, ABSOLUTE (.))
 *(.init_array)
                0x008163b4                PROVIDE (__init_array_end, ABSOLUTE (.))
                0x008163b4                PROVIDE (__fini_array_start, ABSOLUTE (.))
 *(.fini_array)
                0x008163b4                PROVIDE (__fini_array_end, ABSOLUTE (.))
 *(.eh_frame)
 *(.gcc_except_table)
 *(.dynamic)
                0x008163b4                PROVIDE (__CTOR_LIST__, ABSOLUTE (.))
 *(.ctors)
 *(SORT(.ctors.*))
 .ctors.65535   0x008163b4        0x4 c:/altera/12.1sp1/nios2eds/bin/gnu/h-i686-mingw32/bin/../lib/gcc/nios2-elf/4.1.2/../../../../nios2-elf/lib/mno-hw-mul\libc.a(lib_a-__call_atexit.o)
                0x008163b8                PROVIDE (__CTOR_END__, ABSOLUTE (.))
                0x008163b8                PROVIDE (__DTOR_LIST__, ABSOLUTE (.))
 *(.dtors)
 *(SORT(.dtors.*))
                0x008163b8                PROVIDE (__DTOR_END__, ABSOLUTE (.))
 *(.jcr)
                0x008163b8                . = ALIGN (0x4)

.rodata         0x008163b8      0x53c
                0x008163b8                PROVIDE (__ram_rodata_start, ABSOLUTE (.))
                0x008163b8                . = ALIGN (0x4)
 *(.rodata .rodata.* .gnu.linkonce.r.*)
 .rodata        0x008163b8       0xc0 obj/default/midi_generator.o
 .rodata.str1.4
                0x00816478       0x5e c:/altera/12.1sp1/nios2eds/bin/gnu/h-i686-mingw32/bin/../lib/gcc/nios2-elf/4.1.2/../../../../nios2-elf/lib/mno-hw-mul\libc.a(lib_a-vfprintf.o)
                                 0x60 (size before relaxing)
 .rodata        0x008164d6       0x20 c:/altera/12.1sp1/nios2eds/bin/gnu/h-i686-mingw32/bin/../lib/gcc/nios2-elf/4.1.2/../../../../nios2-elf/lib/mno-hw-mul\libc.a(lib_a-vfprintf.o)
 *fill*         0x008164f6        0x2 00
 .rodata.str1.4
                0x008164f8       0x10 c:/altera/12.1sp1/nios2eds/bin/gnu/h-i686-mingw32/bin/../lib/gcc/nios2-elf/4.1.2/../../../../nios2-elf/lib/mno-hw-mul\libc.a(lib_a-dtoa.o)
                                 0x14 (size before relaxing)
 .rodata.str1.4
                0x00816508        0x2 c:/altera/12.1sp1/nios2eds/bin/gnu/h-i686-mingw32/bin/../lib/gcc/nios2-elf/4.1.2/../../../../nios2-elf/lib/mno-hw-mul\libc.a(lib_a-impure.o)
                                  0x4 (size before relaxing)
 *fill*         0x0081650a        0x2 00
 .rodata.str1.4
                0x0081650c       0x10 c:/altera/12.1sp1/nios2eds/bin/gnu/h-i686-mingw32/bin/../lib/gcc/nios2-elf/4.1.2/../../../../nios2-elf/lib/mno-hw-mul\libc.a(lib_a-locale.o)
                                 0x18 (size before relaxing)
 .rodata        0x0081651c       0x30 c:/altera/12.1sp1/nios2eds/bin/gnu/h-i686-mingw32/bin/../lib/gcc/nios2-elf/4.1.2/../../../../nios2-elf/lib/mno-hw-mul\libc.a(lib_a-locale.o)
 .rodata        0x0081654c      0x124 c:/altera/12.1sp1/nios2eds/bin/gnu/h-i686-mingw32/bin/../lib/gcc/nios2-elf/4.1.2/../../../../nios2-elf/lib/mno-hw-mul\libc.a(lib_a-mprec.o)
                0x0081654c                __mprec_tens
                0x00816614                __mprec_bigtens
                0x0081663c                __mprec_tinytens
 .rodata        0x00816670       0x14 c:/altera/12.1sp1/nios2eds/bin/gnu/h-i686-mingw32/bin/../lib/gcc/nios2-elf/4.1.2/mno-hw-mul\libgcc.a(_thenan_df.o)
                0x00816670                __thenan_df
 .rodata        0x00816684      0x100 c:/altera/12.1sp1/nios2eds/bin/gnu/h-i686-mingw32/bin/../lib/gcc/nios2-elf/4.1.2/mno-hw-mul\libgcc.a(_clz.o)
                0x00816684                __clz_tab
 .rodata        0x00816784        0xc ../MIDIGenerator_bsp/\libucosii_bsp.a(alt_dev.o)
 .rodata        0x00816790       0x14 ../MIDIGenerator_bsp/\libucosii_bsp.a(alt_main.o)
 .rodata        0x008167a4      0x120 ../MIDIGenerator_bsp/\libucosii_bsp.a(os_core.o)
                0x008167a4                OSUnMapTbl
 .rodata        0x008168c4       0x2c ../MIDIGenerator_bsp/\libucosii_bsp.a(alt_sys_init.o)
 .rodata        0x008168f0        0x4 ../MIDIGenerator_bsp/\libucosii_bsp.a(os_cpu_c.o)
 *(.rodata1)
                0x008168f4                . = ALIGN (0x4)
                0x008168f4                PROVIDE (__ram_rodata_end, ABSOLUTE (.))
                0x008163b8                PROVIDE (__flash_rodata_start, LOADADDR (.rodata))

.rwdata         0x008168f4     0x1b10 load address 0x00818404
                0x008168f4                PROVIDE (__ram_rwdata_start, ABSOLUTE (.))
                0x008168f4                . = ALIGN (0x4)
 *(.got.plt)
 *(.got)
 *(.data1)
 *(.data .data.* .gnu.linkonce.d.*)
 .data          0x008168f4        0x0 ../MIDIGenerator_bsp//obj/HAL/src/crt0.o
 .data          0x008168f4        0x0 obj/default/midi_generator.o
 .data          0x008168f4        0x0 c:/altera/12.1sp1/nios2eds/bin/gnu/h-i686-mingw32/bin/../lib/gcc/nios2-elf/4.1.2/../../../../nios2-elf/lib/mno-hw-mul\libc.a(lib_a-printf.o)
 .data          0x008168f4        0x0 c:/altera/12.1sp1/nios2eds/bin/gnu/h-i686-mingw32/bin/../lib/gcc/nios2-elf/4.1.2/../../../../nios2-elf/lib/mno-hw-mul\libc.a(lib_a-strcat.o)
 .data          0x008168f4        0x0 c:/altera/12.1sp1/nios2eds/bin/gnu/h-i686-mingw32/bin/../lib/gcc/nios2-elf/4.1.2/../../../../nios2-elf/lib/mno-hw-mul\libc.a(lib_a-strcpy.o)
 .data          0x008168f4        0x0 c:/altera/12.1sp1/nios2eds/bin/gnu/h-i686-mingw32/bin/../lib/gcc/nios2-elf/4.1.2/../../../../nios2-elf/lib/mno-hw-mul\libc.a(lib_a-vfprintf.o)
 .data          0x008168f4        0x0 c:/altera/12.1sp1/nios2eds/bin/gnu/h-i686-mingw32/bin/../lib/gcc/nios2-elf/4.1.2/../../../../nios2-elf/lib/mno-hw-mul\libc.a(lib_a-wsetup.o)
 .data          0x008168f4        0x0 c:/altera/12.1sp1/nios2eds/bin/gnu/h-i686-mingw32/bin/../lib/gcc/nios2-elf/4.1.2/../../../../nios2-elf/lib/mno-hw-mul\libc.a(lib_a-dtoa.o)
 .data          0x008168f4        0x0 c:/altera/12.1sp1/nios2eds/bin/gnu/h-i686-mingw32/bin/../lib/gcc/nios2-elf/4.1.2/../../../../nios2-elf/lib/mno-hw-mul\libc.a(lib_a-fflush.o)
 .data          0x008168f4        0x0 c:/altera/12.1sp1/nios2eds/bin/gnu/h-i686-mingw32/bin/../lib/gcc/nios2-elf/4.1.2/../../../../nios2-elf/lib/mno-hw-mul\libc.a(lib_a-findfp.o)
 .data          0x008168f4        0x0 c:/altera/12.1sp1/nios2eds/bin/gnu/h-i686-mingw32/bin/../lib/gcc/nios2-elf/4.1.2/../../../../nios2-elf/lib/mno-hw-mul\libc.a(lib_a-freer.o)
 .data          0x008168f4        0x0 c:/altera/12.1sp1/nios2eds/bin/gnu/h-i686-mingw32/bin/../lib/gcc/nios2-elf/4.1.2/../../../../nios2-elf/lib/mno-hw-mul\libc.a(lib_a-fvwrite.o)
 .data          0x008168f4        0x0 c:/altera/12.1sp1/nios2eds/bin/gnu/h-i686-mingw32/bin/../lib/gcc/nios2-elf/4.1.2/../../../../nios2-elf/lib/mno-hw-mul\libc.a(lib_a-fwalk.o)
 .data          0x008168f4      0x400 c:/altera/12.1sp1/nios2eds/bin/gnu/h-i686-mingw32/bin/../lib/gcc/nios2-elf/4.1.2/../../../../nios2-elf/lib/mno-hw-mul\libc.a(lib_a-impure.o)
 .data          0x00816cf4        0xc c:/altera/12.1sp1/nios2eds/bin/gnu/h-i686-mingw32/bin/../lib/gcc/nios2-elf/4.1.2/../../../../nios2-elf/lib/mno-hw-mul\libc.a(lib_a-locale.o)
                0x00816cf4                __lc_ctype
 .data          0x00816d00        0x0 c:/altera/12.1sp1/nios2eds/bin/gnu/h-i686-mingw32/bin/../lib/gcc/nios2-elf/4.1.2/../../../../nios2-elf/lib/mno-hw-mul\libc.a(lib_a-makebuf.o)
 .data          0x00816d00      0x408 c:/altera/12.1sp1/nios2eds/bin/gnu/h-i686-mingw32/bin/../lib/gcc/nios2-elf/4.1.2/../../../../nios2-elf/lib/mno-hw-mul\libc.a(lib_a-mallocr.o)
                0x00816d00                __malloc_av_
 .data          0x00817108        0x0 c:/altera/12.1sp1/nios2eds/bin/gnu/h-i686-mingw32/bin/../lib/gcc/nios2-elf/4.1.2/../../../../nios2-elf/lib/mno-hw-mul\libc.a(lib_a-memchr.o)
 .data          0x00817108        0x0 c:/altera/12.1sp1/nios2eds/bin/gnu/h-i686-mingw32/bin/../lib/gcc/nios2-elf/4.1.2/../../../../nios2-elf/lib/mno-hw-mul\libc.a(lib_a-memcpy.o)
 .data          0x00817108        0x0 c:/altera/12.1sp1/nios2eds/bin/gnu/h-i686-mingw32/bin/../lib/gcc/nios2-elf/4.1.2/../../../../nios2-elf/lib/mno-hw-mul\libc.a(lib_a-memmove.o)
 .data          0x00817108        0x0 c:/altera/12.1sp1/nios2eds/bin/gnu/h-i686-mingw32/bin/../lib/gcc/nios2-elf/4.1.2/../../../../nios2-elf/lib/mno-hw-mul\libc.a(lib_a-memset.o)
 .data          0x00817108        0x0 c:/altera/12.1sp1/nios2eds/bin/gnu/h-i686-mingw32/bin/../lib/gcc/nios2-elf/4.1.2/../../../../nios2-elf/lib/mno-hw-mul\libc.a(lib_a-mprec.o)
 .data          0x00817108        0x0 c:/altera/12.1sp1/nios2eds/bin/gnu/h-i686-mingw32/bin/../lib/gcc/nios2-elf/4.1.2/../../../../nios2-elf/lib/mno-hw-mul\libc.a(lib_a-reallocr.o)
 .data          0x00817108        0x0 c:/altera/12.1sp1/nios2eds/bin/gnu/h-i686-mingw32/bin/../lib/gcc/nios2-elf/4.1.2/../../../../nios2-elf/lib/mno-hw-mul\libc.a(lib_a-s_isinfd.o)
 .data          0x00817108        0x0 c:/altera/12.1sp1/nios2eds/bin/gnu/h-i686-mingw32/bin/../lib/gcc/nios2-elf/4.1.2/../../../../nios2-elf/lib/mno-hw-mul\libc.a(lib_a-s_isnand.o)
 .data          0x00817108        0x0 c:/altera/12.1sp1/nios2eds/bin/gnu/h-i686-mingw32/bin/../lib/gcc/nios2-elf/4.1.2/../../../../nios2-elf/lib/mno-hw-mul\libc.a(lib_a-sbrkr.o)
 .data          0x00817108        0x0 c:/altera/12.1sp1/nios2eds/bin/gnu/h-i686-mingw32/bin/../lib/gcc/nios2-elf/4.1.2/../../../../nios2-elf/lib/mno-hw-mul\libc.a(lib_a-stdio.o)
 .data          0x00817108        0x0 c:/altera/12.1sp1/nios2eds/bin/gnu/h-i686-mingw32/bin/../lib/gcc/nios2-elf/4.1.2/../../../../nios2-elf/lib/mno-hw-mul\libc.a(lib_a-strcmp.o)
 .data          0x00817108        0x0 c:/altera/12.1sp1/nios2eds/bin/gnu/h-i686-mingw32/bin/../lib/gcc/nios2-elf/4.1.2/../../../../nios2-elf/lib/mno-hw-mul\libc.a(lib_a-strlen.o)
 .data          0x00817108        0x0 c:/altera/12.1sp1/nios2eds/bin/gnu/h-i686-mingw32/bin/../lib/gcc/nios2-elf/4.1.2/../../../../nios2-elf/lib/mno-hw-mul\libc.a(lib_a-writer.o)
 .data          0x00817108        0x0 c:/altera/12.1sp1/nios2eds/bin/gnu/h-i686-mingw32/bin/../lib/gcc/nios2-elf/4.1.2/../../../../nios2-elf/lib/mno-hw-mul\libc.a(lib_a-callocr.o)
 .data          0x00817108        0x0 c:/altera/12.1sp1/nios2eds/bin/gnu/h-i686-mingw32/bin/../lib/gcc/nios2-elf/4.1.2/../../../../nios2-elf/lib/mno-hw-mul\libc.a(lib_a-closer.o)
 .data          0x00817108        0x0 c:/altera/12.1sp1/nios2eds/bin/gnu/h-i686-mingw32/bin/../lib/gcc/nios2-elf/4.1.2/../../../../nios2-elf/lib/mno-hw-mul\libc.a(lib_a-fclose.o)
 .data          0x00817108        0x0 c:/altera/12.1sp1/nios2eds/bin/gnu/h-i686-mingw32/bin/../lib/gcc/nios2-elf/4.1.2/../../../../nios2-elf/lib/mno-hw-mul\libc.a(lib_a-fstatr.o)
 .data          0x00817108        0x0 c:/altera/12.1sp1/nios2eds/bin/gnu/h-i686-mingw32/bin/../lib/gcc/nios2-elf/4.1.2/../../../../nios2-elf/lib/mno-hw-mul\libc.a(lib_a-int_errno.o)
 .data          0x00817108        0x0 c:/altera/12.1sp1/nios2eds/bin/gnu/h-i686-mingw32/bin/../lib/gcc/nios2-elf/4.1.2/../../../../nios2-elf/lib/mno-hw-mul\libc.a(lib_a-isattyr.o)
 .data          0x00817108        0x0 c:/altera/12.1sp1/nios2eds/bin/gnu/h-i686-mingw32/bin/../lib/gcc/nios2-elf/4.1.2/../../../../nios2-elf/lib/mno-hw-mul\libc.a(lib_a-lseekr.o)
 .data          0x00817108        0x0 c:/altera/12.1sp1/nios2eds/bin/gnu/h-i686-mingw32/bin/../lib/gcc/nios2-elf/4.1.2/../../../../nios2-elf/lib/mno-hw-mul\libc.a(lib_a-readr.o)
 .data          0x00817108        0x0 c:/altera/12.1sp1/nios2eds/bin/gnu/h-i686-mingw32/bin/../lib/gcc/nios2-elf/4.1.2/mno-hw-mul\libgcc.a(_udivdi3.o)
 .data          0x00817108        0x0 c:/altera/12.1sp1/nios2eds/bin/gnu/h-i686-mingw32/bin/../lib/gcc/nios2-elf/4.1.2/mno-hw-mul\libgcc.a(_umoddi3.o)
 .data          0x00817108        0x0 c:/altera/12.1sp1/nios2eds/bin/gnu/h-i686-mingw32/bin/../lib/gcc/nios2-elf/4.1.2/mno-hw-mul\libgcc.a(_addsub_df.o)
 .data          0x00817108        0x0 c:/altera/12.1sp1/nios2eds/bin/gnu/h-i686-mingw32/bin/../lib/gcc/nios2-elf/4.1.2/mno-hw-mul\libgcc.a(_mul_df.o)
 .data          0x00817108        0x0 c:/altera/12.1sp1/nios2eds/bin/gnu/h-i686-mingw32/bin/../lib/gcc/nios2-elf/4.1.2/mno-hw-mul\libgcc.a(_div_df.o)
 .data          0x00817108        0x0 c:/altera/12.1sp1/nios2eds/bin/gnu/h-i686-mingw32/bin/../lib/gcc/nios2-elf/4.1.2/mno-hw-mul\libgcc.a(_eq_df.o)
 .data          0x00817108        0x0 c:/altera/12.1sp1/nios2eds/bin/gnu/h-i686-mingw32/bin/../lib/gcc/nios2-elf/4.1.2/mno-hw-mul\libgcc.a(_ne_df.o)
 .data          0x00817108        0x0 c:/altera/12.1sp1/nios2eds/bin/gnu/h-i686-mingw32/bin/../lib/gcc/nios2-elf/4.1.2/mno-hw-mul\libgcc.a(_gt_df.o)
 .data          0x00817108        0x0 c:/altera/12.1sp1/nios2eds/bin/gnu/h-i686-mingw32/bin/../lib/gcc/nios2-elf/4.1.2/mno-hw-mul\libgcc.a(_ge_df.o)
 .data          0x00817108        0x0 c:/altera/12.1sp1/nios2eds/bin/gnu/h-i686-mingw32/bin/../lib/gcc/nios2-elf/4.1.2/mno-hw-mul\libgcc.a(_lt_df.o)
 .data          0x00817108        0x0 c:/altera/12.1sp1/nios2eds/bin/gnu/h-i686-mingw32/bin/../lib/gcc/nios2-elf/4.1.2/mno-hw-mul\libgcc.a(_si_to_df.o)
 .data          0x00817108        0x0 c:/altera/12.1sp1/nios2eds/bin/gnu/h-i686-mingw32/bin/../lib/gcc/nios2-elf/4.1.2/mno-hw-mul\libgcc.a(_df_to_si.o)
 .data          0x00817108        0x0 c:/altera/12.1sp1/nios2eds/bin/gnu/h-i686-mingw32/bin/../lib/gcc/nios2-elf/4.1.2/mno-hw-mul\libgcc.a(_thenan_df.o)
 .data          0x00817108        0x0 c:/altera/12.1sp1/nios2eds/bin/gnu/h-i686-mingw32/bin/../lib/gcc/nios2-elf/4.1.2/mno-hw-mul\libgcc.a(_usi_to_df.o)
 .data          0x00817108        0x0 c:/altera/12.1sp1/nios2eds/bin/gnu/h-i686-mingw32/bin/../lib/gcc/nios2-elf/4.1.2/mno-hw-mul\libgcc.a(lib2-divmod.o)
 .data          0x00817108        0x0 c:/altera/12.1sp1/nios2eds/bin/gnu/h-i686-mingw32/bin/../lib/gcc/nios2-elf/4.1.2/mno-hw-mul\libgcc.a(lib2-mul.o)
 .data          0x00817108        0x0 c:/altera/12.1sp1/nios2eds/bin/gnu/h-i686-mingw32/bin/../lib/gcc/nios2-elf/4.1.2/mno-hw-mul\libgcc.a(_muldi3.o)
 .data          0x00817108        0x0 c:/altera/12.1sp1/nios2eds/bin/gnu/h-i686-mingw32/bin/../lib/gcc/nios2-elf/4.1.2/mno-hw-mul\libgcc.a(_clz.o)
 .data          0x00817108        0x0 c:/altera/12.1sp1/nios2eds/bin/gnu/h-i686-mingw32/bin/../lib/gcc/nios2-elf/4.1.2/mno-hw-mul\libgcc.a(_clzsi2.o)
 .data          0x00817108        0x0 c:/altera/12.1sp1/nios2eds/bin/gnu/h-i686-mingw32/bin/../lib/gcc/nios2-elf/4.1.2/mno-hw-mul\libgcc.a(_pack_df.o)
 .data          0x00817108        0x0 c:/altera/12.1sp1/nios2eds/bin/gnu/h-i686-mingw32/bin/../lib/gcc/nios2-elf/4.1.2/mno-hw-mul\libgcc.a(_unpack_df.o)
 .data          0x00817108        0x0 c:/altera/12.1sp1/nios2eds/bin/gnu/h-i686-mingw32/bin/../lib/gcc/nios2-elf/4.1.2/mno-hw-mul\libgcc.a(_fpcmp_parts_df.o)
 .data          0x00817108        0x0 ../MIDIGenerator_bsp/\libucosii_bsp.a(alt_close.o)
 .data          0x00817108      0x1a8 ../MIDIGenerator_bsp/\libucosii_bsp.a(alt_dev.o)
                0x00817108                alt_dev_null
                0x00817130                alt_fd_list
 .data          0x008172b0        0x0 ../MIDIGenerator_bsp/\libucosii_bsp.a(alt_errno.o)
 .data          0x008172b0        0x0 ../MIDIGenerator_bsp/\libucosii_bsp.a(alt_fstat.o)
 .data          0x008172b0        0x0 ../MIDIGenerator_bsp/\libucosii_bsp.a(alt_isatty.o)
 .data          0x008172b0        0x0 ../MIDIGenerator_bsp/\libucosii_bsp.a(alt_load.o)
 .data          0x008172b0        0x0 ../MIDIGenerator_bsp/\libucosii_bsp.a(alt_lseek.o)
 .data          0x008172b0        0x0 ../MIDIGenerator_bsp/\libucosii_bsp.a(alt_main.o)
 .data          0x008172b0        0x0 ../MIDIGenerator_bsp/\libucosii_bsp.a(alt_printf.o)
 .data          0x008172b0        0x0 ../MIDIGenerator_bsp/\libucosii_bsp.a(alt_putchar.o)
 .data          0x008172b0        0x0 ../MIDIGenerator_bsp/\libucosii_bsp.a(alt_read.o)
 .data          0x008172b0        0x0 ../MIDIGenerator_bsp/\libucosii_bsp.a(alt_release_fd.o)
 .data          0x008172b0        0x0 ../MIDIGenerator_bsp/\libucosii_bsp.a(alt_sbrk.o)
 .data          0x008172b0        0x0 ../MIDIGenerator_bsp/\libucosii_bsp.a(alt_write.o)
 .data          0x008172b0        0x0 ../MIDIGenerator_bsp/\libucosii_bsp.a(alt_env_lock.o)
 .data          0x008172b0        0x0 ../MIDIGenerator_bsp/\libucosii_bsp.a(alt_malloc_lock.o)
 .data          0x008172b0        0x0 ../MIDIGenerator_bsp/\libucosii_bsp.a(os_core.o)
 .data          0x008172b0        0x0 ../MIDIGenerator_bsp/\libucosii_bsp.a(os_dbg.o)
 .data          0x008172b0        0x0 ../MIDIGenerator_bsp/\libucosii_bsp.a(os_flag.o)
 .data          0x008172b0        0x0 ../MIDIGenerator_bsp/\libucosii_bsp.a(os_mem.o)
 .data          0x008172b0        0x0 ../MIDIGenerator_bsp/\libucosii_bsp.a(os_q.o)
 .data          0x008172b0        0x0 ../MIDIGenerator_bsp/\libucosii_bsp.a(os_sem.o)
 .data          0x008172b0        0x0 ../MIDIGenerator_bsp/\libucosii_bsp.a(os_task.o)
 .data          0x008172b0        0x0 ../MIDIGenerator_bsp/\libucosii_bsp.a(os_time.o)
 .data          0x008172b0     0x1098 ../MIDIGenerator_bsp/\libucosii_bsp.a(alt_sys_init.o)
 .data          0x00818348        0x0 ../MIDIGenerator_bsp/\libucosii_bsp.a(altera_avalon_jtag_uart_fd.o)
 .data          0x00818348        0x0 ../MIDIGenerator_bsp/\libucosii_bsp.a(altera_avalon_jtag_uart_init.o)
 .data          0x00818348        0x0 ../MIDIGenerator_bsp/\libucosii_bsp.a(altera_avalon_jtag_uart_ioctl.o)
 .data          0x00818348        0x0 ../MIDIGenerator_bsp/\libucosii_bsp.a(altera_avalon_jtag_uart_read.o)
 .data          0x00818348        0x0 ../MIDIGenerator_bsp/\libucosii_bsp.a(altera_avalon_jtag_uart_write.o)
 .data          0x00818348        0x0 ../MIDIGenerator_bsp/\libucosii_bsp.a(altera_avalon_timer_sc.o)
 .data          0x00818348        0x0 ../MIDIGenerator_bsp/\libucosii_bsp.a(altera_up_avalon_character_lcd.o)
 .data          0x00818348        0x0 ../MIDIGenerator_bsp/\libucosii_bsp.a(alt_alarm_start.o)
 .data          0x00818348        0x0 ../MIDIGenerator_bsp/\libucosii_bsp.a(alt_dcache_flush_all.o)
 .data          0x00818348        0x0 ../MIDIGenerator_bsp/\libucosii_bsp.a(alt_dev_llist_insert.o)
 .data          0x00818348        0x0 ../MIDIGenerator_bsp/\libucosii_bsp.a(alt_do_ctors.o)
 .data          0x00818348        0x0 ../MIDIGenerator_bsp/\libucosii_bsp.a(alt_do_dtors.o)
 .data          0x00818348        0x0 ../MIDIGenerator_bsp/\libucosii_bsp.a(alt_find_dev.o)
 .data          0x00818348        0x0 ../MIDIGenerator_bsp/\libucosii_bsp.a(alt_icache_flush_all.o)
 .data          0x00818348        0x0 ../MIDIGenerator_bsp/\libucosii_bsp.a(alt_iic.o)
 .data          0x00818348        0x0 ../MIDIGenerator_bsp/\libucosii_bsp.a(alt_iic_isr_register.o)
 .data          0x00818348        0x0 ../MIDIGenerator_bsp/\libucosii_bsp.a(alt_io_redirect.o)
 .data          0x00818348        0x0 ../MIDIGenerator_bsp/\libucosii_bsp.a(alt_irq_entry.o)
 .data          0x00818348        0x0 ../MIDIGenerator_bsp/\libucosii_bsp.a(alt_irq_handler.o)
 .data          0x00818348        0x0 ../MIDIGenerator_bsp/\libucosii_bsp.a(alt_irq_vars.o)
 .data          0x00818348        0x0 ../MIDIGenerator_bsp/\libucosii_bsp.a(alt_open.o)
 .data          0x00818348        0x0 ../MIDIGenerator_bsp/\libucosii_bsp.a(alt_tick.o)
 .data          0x00818348        0x0 ../MIDIGenerator_bsp/\libucosii_bsp.a(altera_nios2_qsys_irq.o)
 .data          0x00818348        0x0 ../MIDIGenerator_bsp/\libucosii_bsp.a(os_cpu_a.o)
 .data          0x00818348        0x0 ../MIDIGenerator_bsp/\libucosii_bsp.a(os_cpu_c.o)
 .data          0x00818348        0x0 ../MIDIGenerator_bsp/\libucosii_bsp.a(alt_exception_entry.o)
 .data          0x00818348        0x0 ../MIDIGenerator_bsp/\libucosii_bsp.a(alt_find_file.o)
 .data          0x00818348        0x0 ../MIDIGenerator_bsp/\libucosii_bsp.a(alt_get_fd.o)
 .data          0x00818348        0x0 c:/altera/12.1sp1/nios2eds/bin/gnu/h-i686-mingw32/bin/../lib/gcc/nios2-elf/4.1.2/../../../../nios2-elf/lib/mno-hw-mul\libc.a(lib_a-atexit.o)
 .data          0x00818348        0x0 c:/altera/12.1sp1/nios2eds/bin/gnu/h-i686-mingw32/bin/../lib/gcc/nios2-elf/4.1.2/../../../../nios2-elf/lib/mno-hw-mul\libc.a(lib_a-exit.o)
 .data          0x00818348        0x0 c:/altera/12.1sp1/nios2eds/bin/gnu/h-i686-mingw32/bin/../lib/gcc/nios2-elf/4.1.2/../../../../nios2-elf/lib/mno-hw-mul\libc.a(lib_a-memcmp.o)
 .data          0x00818348        0x0 c:/altera/12.1sp1/nios2eds/bin/gnu/h-i686-mingw32/bin/../lib/gcc/nios2-elf/4.1.2/../../../../nios2-elf/lib/mno-hw-mul\libc.a(lib_a-putc.o)
 .data          0x00818348        0x0 c:/altera/12.1sp1/nios2eds/bin/gnu/h-i686-mingw32/bin/../lib/gcc/nios2-elf/4.1.2/../../../../nios2-elf/lib/mno-hw-mul\libc.a(lib_a-wbuf.o)
 .data          0x00818348        0x0 c:/altera/12.1sp1/nios2eds/bin/gnu/h-i686-mingw32/bin/../lib/gcc/nios2-elf/4.1.2/../../../../nios2-elf/lib/mno-hw-mul\libc.a(lib_a-__atexit.o)
 .data          0x00818348        0x0 c:/altera/12.1sp1/nios2eds/bin/gnu/h-i686-mingw32/bin/../lib/gcc/nios2-elf/4.1.2/../../../../nios2-elf/lib/mno-hw-mul\libc.a(lib_a-__call_atexit.o)
 .data          0x00818348        0x0 ../MIDIGenerator_bsp/\libucosii_bsp.a(alt_exit.o)
                0x00820348                _gp = ABSOLUTE ((. + 0x8000))
                0x00820348                PROVIDE (gp, _gp)
 *(.rwdata .rwdata.*)
 *(.sdata .sdata.* .gnu.linkonce.s.*)
 .sdata         0x00818348        0x8 c:/altera/12.1sp1/nios2eds/bin/gnu/h-i686-mingw32/bin/../lib/gcc/nios2-elf/4.1.2/../../../../nios2-elf/lib/mno-hw-mul\libc.a(lib_a-impure.o)
                0x00818348                _impure_ptr
                0x0081834c                _global_impure_ptr
 .sdata         0x00818350        0x8 c:/altera/12.1sp1/nios2eds/bin/gnu/h-i686-mingw32/bin/../lib/gcc/nios2-elf/4.1.2/../../../../nios2-elf/lib/mno-hw-mul\libc.a(lib_a-locale.o)
                0x00818350                __mb_cur_max
 .sdata         0x00818358        0x8 c:/altera/12.1sp1/nios2eds/bin/gnu/h-i686-mingw32/bin/../lib/gcc/nios2-elf/4.1.2/../../../../nios2-elf/lib/mno-hw-mul\libc.a(lib_a-mallocr.o)
                0x00818358                __malloc_trim_threshold
                0x0081835c                __malloc_sbrk_base
 .sdata         0x00818360       0x14 ../MIDIGenerator_bsp/\libucosii_bsp.a(alt_dev.o)
                0x00818360                alt_fs_list
                0x00818368                alt_dev_list
                0x00818370                alt_max_fd
 .sdata         0x00818374        0x4 ../MIDIGenerator_bsp/\libucosii_bsp.a(alt_errno.o)
                0x00818374                alt_errno
 .sdata         0x00818378        0x4 ../MIDIGenerator_bsp/\libucosii_bsp.a(alt_sbrk.o)
 .sdata         0x0081837c        0x4 ../MIDIGenerator_bsp/\libucosii_bsp.a(alt_env_lock.o)
 .sdata         0x00818380        0x4 ../MIDIGenerator_bsp/\libucosii_bsp.a(alt_malloc_lock.o)
 .sdata         0x00818384       0x74 ../MIDIGenerator_bsp/\libucosii_bsp.a(os_dbg.o)
                0x00818384                OSDebugEn
                0x00818388                OSEndiannessTest
                0x0081838c                OSEventEn
                0x0081838e                OSEventMax
                0x00818390                OSEventNameSize
                0x00818392                OSEventSize
                0x00818394                OSEventTblSize
                0x00818396                OSEventMultiEn
                0x00818398                OSFlagEn
                0x0081839a                OSFlagGrpSize
                0x0081839c                OSFlagNodeSize
                0x0081839e                OSFlagWidth
                0x008183a0                OSFlagMax
                0x008183a2                OSFlagNameSize
                0x008183a4                OSLowestPrio
                0x008183a6                OSMboxEn
                0x008183a8                OSMemEn
                0x008183aa                OSMemMax
                0x008183ac                OSMemNameSize
                0x008183ae                OSMemSize
                0x008183b0                OSMemTblSize
                0x008183b2                OSMutexEn
                0x008183b4                OSPtrSize
                0x008183b6                OSQEn
                0x008183b8                OSQMax
                0x008183ba                OSQSize
                0x008183bc                OSRdyTblSize
                0x008183be                OSSemEn
                0x008183c0                OSStkWidth
                0x008183c2                OSTaskCreateEn
                0x008183c4                OSTaskCreateExtEn
                0x008183c6                OSTaskDelEn
                0x008183c8                OSTaskIdleStkSize
                0x008183ca                OSTaskProfileEn
                0x008183cc                OSTaskMax
                0x008183ce                OSTaskNameSize
                0x008183d0                OSTaskStatEn
                0x008183d2                OSTaskStatStkSize
                0x008183d4                OSTaskStatStkChkEn
                0x008183d6                OSTaskSwHookEn
                0x008183d8                OSTCBPrioTblMax
                0x008183da                OSTCBSize
                0x008183dc                OSTicksPerSec
                0x008183de                OSTimeTickHookEn
                0x008183e0                OSVersionNbr
                0x008183e2                OSTmrEn
                0x008183e4                OSTmrCfgMax
                0x008183e6                OSTmrCfgNameSize
                0x008183e8                OSTmrCfgWheelSize
                0x008183ea                OSTmrCfgTicksPerSec
                0x008183ec                OSTmrSize
                0x008183ee                OSTmrTblSize
                0x008183f0                OSTmrWheelSize
                0x008183f2                OSTmrWheelTblSize
                0x008183f4                OSDataSize
 .sdata         0x008183f8        0x4 ../MIDIGenerator_bsp/\libucosii_bsp.a(alt_irq_vars.o)
                0x008183f8                alt_priority_mask
 .sdata         0x008183fc        0x8 ../MIDIGenerator_bsp/\libucosii_bsp.a(alt_tick.o)
                0x008183fc                alt_alarm_list
 *(.sdata2 .sdata2.* .gnu.linkonce.s2.*)
                0x00818404                . = ALIGN (0x4)
                0x00818404                _edata = ABSOLUTE (.)
                0x00818404                PROVIDE (edata, ABSOLUTE (.))
                0x00818404                PROVIDE (__ram_rwdata_end, ABSOLUTE (.))
                0x00818404                PROVIDE (__flash_rwdata_start, LOADADDR (.rwdata))

.bss            0x00819f14     0x5580
                0x00819f14                __bss_start = ABSOLUTE (.)
                0x00819f14                PROVIDE (__sbss_start, ABSOLUTE (.))
                0x00819f14                PROVIDE (___sbss_start, ABSOLUTE (.))
 *(.dynsbss)
 *(.sbss .sbss.* .gnu.linkonce.sb.*)
 .sbss          0x00819f14        0xc c:/altera/12.1sp1/nios2eds/bin/gnu/h-i686-mingw32/bin/../lib/gcc/nios2-elf/4.1.2/../../../../nios2-elf/lib/mno-hw-mul\libc.a(lib_a-locale.o)
                0x00819f14                __nlocale_changed
                0x00819f18                __mlocale_changed
                0x00819f1c                _PathLocale
 .sbss          0x00819f20        0xc c:/altera/12.1sp1/nios2eds/bin/gnu/h-i686-mingw32/bin/../lib/gcc/nios2-elf/4.1.2/../../../../nios2-elf/lib/mno-hw-mul\libc.a(lib_a-mallocr.o)
                0x00819f20                __malloc_top_pad
                0x00819f24                __malloc_max_sbrked_mem
                0x00819f28                __malloc_max_total_mem
 .sbss          0x00819f2c        0x4 c:/altera/12.1sp1/nios2eds/bin/gnu/h-i686-mingw32/bin/../lib/gcc/nios2-elf/4.1.2/../../../../nios2-elf/lib/mno-hw-mul\libc.a(lib_a-int_errno.o)
                0x00819f2c                errno
 .sbss          0x00819f30        0x4 ../MIDIGenerator_bsp/\libucosii_bsp.a(alt_dev.o)
                0x00819f30                alt_fd_list_lock
 .sbss          0x00819f34        0xc ../MIDIGenerator_bsp/\libucosii_bsp.a(alt_main.o)
                0x00819f34                alt_argc
                0x00819f38                alt_argv
                0x00819f3c                alt_envp
 .sbss          0x00819f40        0x8 ../MIDIGenerator_bsp/\libucosii_bsp.a(alt_env_lock.o)
                0x00819f44                alt_envsem
 .sbss          0x00819f48        0x8 ../MIDIGenerator_bsp/\libucosii_bsp.a(alt_malloc_lock.o)
                0x00819f4c                alt_heapsem
 .sbss          0x00819f50       0x50 ../MIDIGenerator_bsp/\libucosii_bsp.a(os_core.o)
                0x00819f50                OSLockNesting
                0x00819f51                OSRunning
                0x00819f54                OSIdleCtr
                0x00819f58                OSPrioHighRdy
                0x00819f59                OSPrioCur
                0x00819f5c                OSTCBList
                0x00819f60                OSTickStepState
                0x00819f64                OSCtxSwCtr
                0x00819f68                OSIdleCtrMax
                0x00819f6c                OSTCBFreeList
                0x00819f70                OSCPUUsage
                0x00819f71                OSTaskCtr
                0x00819f74                OSMemFreeList
                0x00819f78                OSTCBHighRdy
                0x00819f7c                OSQFreeList
                0x00819f80                OSRdyGrp
                0x00819f81                OSRdyTbl
                0x00819f84                OSEventFreeList
                0x00819f88                OSIntNesting
                0x00819f8c                OSTCBCur
                0x00819f90                OSTime
                0x00819f94                OSFlagFreeList
                0x00819f98                OSStatRdy
                0x00819f9c                OSIdleCtrRun
 .sbss          0x00819fa0        0x4 ../MIDIGenerator_bsp/\libucosii_bsp.a(alt_irq_vars.o)
                0x00819fa0                alt_irq_active
 .sbss          0x00819fa4        0x8 ../MIDIGenerator_bsp/\libucosii_bsp.a(alt_tick.o)
                0x00819fa4                _alt_tick_rate
                0x00819fa8                _alt_nticks
 *(.sbss2 .sbss2.* .gnu.linkonce.sb2.*)
 *(.scommon)
                0x00819fac                PROVIDE (__sbss_end, ABSOLUTE (.))
                0x00819fac                PROVIDE (___sbss_end, ABSOLUTE (.))
 *(.dynbss)
 *(.bss .bss.* .gnu.linkonce.b.*)
 .bss           0x00819fac        0x0 ../MIDIGenerator_bsp//obj/HAL/src/crt0.o
 .bss           0x00819fac        0x9 obj/default/midi_generator.o
 .bss           0x00819fb5        0x0 c:/altera/12.1sp1/nios2eds/bin/gnu/h-i686-mingw32/bin/../lib/gcc/nios2-elf/4.1.2/../../../../nios2-elf/lib/mno-hw-mul\libc.a(lib_a-printf.o)
 .bss           0x00819fb5        0x0 c:/altera/12.1sp1/nios2eds/bin/gnu/h-i686-mingw32/bin/../lib/gcc/nios2-elf/4.1.2/../../../../nios2-elf/lib/mno-hw-mul\libc.a(lib_a-strcat.o)
 .bss           0x00819fb5        0x0 c:/altera/12.1sp1/nios2eds/bin/gnu/h-i686-mingw32/bin/../lib/gcc/nios2-elf/4.1.2/../../../../nios2-elf/lib/mno-hw-mul\libc.a(lib_a-strcpy.o)
 .bss           0x00819fb5        0x0 c:/altera/12.1sp1/nios2eds/bin/gnu/h-i686-mingw32/bin/../lib/gcc/nios2-elf/4.1.2/../../../../nios2-elf/lib/mno-hw-mul\libc.a(lib_a-vfprintf.o)
 .bss           0x00819fb5        0x0 c:/altera/12.1sp1/nios2eds/bin/gnu/h-i686-mingw32/bin/../lib/gcc/nios2-elf/4.1.2/../../../../nios2-elf/lib/mno-hw-mul\libc.a(lib_a-wsetup.o)
 .bss           0x00819fb5        0x0 c:/altera/12.1sp1/nios2eds/bin/gnu/h-i686-mingw32/bin/../lib/gcc/nios2-elf/4.1.2/../../../../nios2-elf/lib/mno-hw-mul\libc.a(lib_a-dtoa.o)
 .bss           0x00819fb5        0x0 c:/altera/12.1sp1/nios2eds/bin/gnu/h-i686-mingw32/bin/../lib/gcc/nios2-elf/4.1.2/../../../../nios2-elf/lib/mno-hw-mul\libc.a(lib_a-fflush.o)
 .bss           0x00819fb5        0x0 c:/altera/12.1sp1/nios2eds/bin/gnu/h-i686-mingw32/bin/../lib/gcc/nios2-elf/4.1.2/../../../../nios2-elf/lib/mno-hw-mul\libc.a(lib_a-findfp.o)
 .bss           0x00819fb5        0x0 c:/altera/12.1sp1/nios2eds/bin/gnu/h-i686-mingw32/bin/../lib/gcc/nios2-elf/4.1.2/../../../../nios2-elf/lib/mno-hw-mul\libc.a(lib_a-freer.o)
 .bss           0x00819fb5        0x0 c:/altera/12.1sp1/nios2eds/bin/gnu/h-i686-mingw32/bin/../lib/gcc/nios2-elf/4.1.2/../../../../nios2-elf/lib/mno-hw-mul\libc.a(lib_a-fvwrite.o)
 .bss           0x00819fb5        0x0 c:/altera/12.1sp1/nios2eds/bin/gnu/h-i686-mingw32/bin/../lib/gcc/nios2-elf/4.1.2/../../../../nios2-elf/lib/mno-hw-mul\libc.a(lib_a-fwalk.o)
 .bss           0x00819fb5        0x0 c:/altera/12.1sp1/nios2eds/bin/gnu/h-i686-mingw32/bin/../lib/gcc/nios2-elf/4.1.2/../../../../nios2-elf/lib/mno-hw-mul\libc.a(lib_a-impure.o)
 .bss           0x00819fb5        0x0 c:/altera/12.1sp1/nios2eds/bin/gnu/h-i686-mingw32/bin/../lib/gcc/nios2-elf/4.1.2/../../../../nios2-elf/lib/mno-hw-mul\libc.a(lib_a-locale.o)
 .bss           0x00819fb5        0x0 c:/altera/12.1sp1/nios2eds/bin/gnu/h-i686-mingw32/bin/../lib/gcc/nios2-elf/4.1.2/../../../../nios2-elf/lib/mno-hw-mul\libc.a(lib_a-makebuf.o)
 *fill*         0x00819fb5        0x3 00
 .bss           0x00819fb8       0x28 c:/altera/12.1sp1/nios2eds/bin/gnu/h-i686-mingw32/bin/../lib/gcc/nios2-elf/4.1.2/../../../../nios2-elf/lib/mno-hw-mul\libc.a(lib_a-mallocr.o)
                0x00819fb8                __malloc_current_mallinfo
 .bss           0x00819fe0        0x0 c:/altera/12.1sp1/nios2eds/bin/gnu/h-i686-mingw32/bin/../lib/gcc/nios2-elf/4.1.2/../../../../nios2-elf/lib/mno-hw-mul\libc.a(lib_a-memchr.o)
 .bss           0x00819fe0        0x0 c:/altera/12.1sp1/nios2eds/bin/gnu/h-i686-mingw32/bin/../lib/gcc/nios2-elf/4.1.2/../../../../nios2-elf/lib/mno-hw-mul\libc.a(lib_a-memcpy.o)
 .bss           0x00819fe0        0x0 c:/altera/12.1sp1/nios2eds/bin/gnu/h-i686-mingw32/bin/../lib/gcc/nios2-elf/4.1.2/../../../../nios2-elf/lib/mno-hw-mul\libc.a(lib_a-memmove.o)
 .bss           0x00819fe0        0x0 c:/altera/12.1sp1/nios2eds/bin/gnu/h-i686-mingw32/bin/../lib/gcc/nios2-elf/4.1.2/../../../../nios2-elf/lib/mno-hw-mul\libc.a(lib_a-memset.o)
 .bss           0x00819fe0        0x0 c:/altera/12.1sp1/nios2eds/bin/gnu/h-i686-mingw32/bin/../lib/gcc/nios2-elf/4.1.2/../../../../nios2-elf/lib/mno-hw-mul\libc.a(lib_a-mprec.o)
 .bss           0x00819fe0        0x0 c:/altera/12.1sp1/nios2eds/bin/gnu/h-i686-mingw32/bin/../lib/gcc/nios2-elf/4.1.2/../../../../nios2-elf/lib/mno-hw-mul\libc.a(lib_a-reallocr.o)
 .bss           0x00819fe0        0x0 c:/altera/12.1sp1/nios2eds/bin/gnu/h-i686-mingw32/bin/../lib/gcc/nios2-elf/4.1.2/../../../../nios2-elf/lib/mno-hw-mul\libc.a(lib_a-s_isinfd.o)
 .bss           0x00819fe0        0x0 c:/altera/12.1sp1/nios2eds/bin/gnu/h-i686-mingw32/bin/../lib/gcc/nios2-elf/4.1.2/../../../../nios2-elf/lib/mno-hw-mul\libc.a(lib_a-s_isnand.o)
 .bss           0x00819fe0        0x0 c:/altera/12.1sp1/nios2eds/bin/gnu/h-i686-mingw32/bin/../lib/gcc/nios2-elf/4.1.2/../../../../nios2-elf/lib/mno-hw-mul\libc.a(lib_a-sbrkr.o)
 .bss           0x00819fe0        0x0 c:/altera/12.1sp1/nios2eds/bin/gnu/h-i686-mingw32/bin/../lib/gcc/nios2-elf/4.1.2/../../../../nios2-elf/lib/mno-hw-mul\libc.a(lib_a-stdio.o)
 .bss           0x00819fe0        0x0 c:/altera/12.1sp1/nios2eds/bin/gnu/h-i686-mingw32/bin/../lib/gcc/nios2-elf/4.1.2/../../../../nios2-elf/lib/mno-hw-mul\libc.a(lib_a-strcmp.o)
 .bss           0x00819fe0        0x0 c:/altera/12.1sp1/nios2eds/bin/gnu/h-i686-mingw32/bin/../lib/gcc/nios2-elf/4.1.2/../../../../nios2-elf/lib/mno-hw-mul\libc.a(lib_a-strlen.o)
 .bss           0x00819fe0        0x0 c:/altera/12.1sp1/nios2eds/bin/gnu/h-i686-mingw32/bin/../lib/gcc/nios2-elf/4.1.2/../../../../nios2-elf/lib/mno-hw-mul\libc.a(lib_a-writer.o)
 .bss           0x00819fe0        0x0 c:/altera/12.1sp1/nios2eds/bin/gnu/h-i686-mingw32/bin/../lib/gcc/nios2-elf/4.1.2/../../../../nios2-elf/lib/mno-hw-mul\libc.a(lib_a-callocr.o)
 .bss           0x00819fe0        0x0 c:/altera/12.1sp1/nios2eds/bin/gnu/h-i686-mingw32/bin/../lib/gcc/nios2-elf/4.1.2/../../../../nios2-elf/lib/mno-hw-mul\libc.a(lib_a-closer.o)
 .bss           0x00819fe0        0x0 c:/altera/12.1sp1/nios2eds/bin/gnu/h-i686-mingw32/bin/../lib/gcc/nios2-elf/4.1.2/../../../../nios2-elf/lib/mno-hw-mul\libc.a(lib_a-fclose.o)
 .bss           0x00819fe0        0x0 c:/altera/12.1sp1/nios2eds/bin/gnu/h-i686-mingw32/bin/../lib/gcc/nios2-elf/4.1.2/../../../../nios2-elf/lib/mno-hw-mul\libc.a(lib_a-fstatr.o)
 .bss           0x00819fe0        0x0 c:/altera/12.1sp1/nios2eds/bin/gnu/h-i686-mingw32/bin/../lib/gcc/nios2-elf/4.1.2/../../../../nios2-elf/lib/mno-hw-mul\libc.a(lib_a-int_errno.o)
 .bss           0x00819fe0        0x0 c:/altera/12.1sp1/nios2eds/bin/gnu/h-i686-mingw32/bin/../lib/gcc/nios2-elf/4.1.2/../../../../nios2-elf/lib/mno-hw-mul\libc.a(lib_a-isattyr.o)
 .bss           0x00819fe0        0x0 c:/altera/12.1sp1/nios2eds/bin/gnu/h-i686-mingw32/bin/../lib/gcc/nios2-elf/4.1.2/../../../../nios2-elf/lib/mno-hw-mul\libc.a(lib_a-lseekr.o)
 .bss           0x00819fe0        0x0 c:/altera/12.1sp1/nios2eds/bin/gnu/h-i686-mingw32/bin/../lib/gcc/nios2-elf/4.1.2/../../../../nios2-elf/lib/mno-hw-mul\libc.a(lib_a-readr.o)
 .bss           0x00819fe0        0x0 c:/altera/12.1sp1/nios2eds/bin/gnu/h-i686-mingw32/bin/../lib/gcc/nios2-elf/4.1.2/mno-hw-mul\libgcc.a(_udivdi3.o)
 .bss           0x00819fe0        0x0 c:/altera/12.1sp1/nios2eds/bin/gnu/h-i686-mingw32/bin/../lib/gcc/nios2-elf/4.1.2/mno-hw-mul\libgcc.a(_umoddi3.o)
 .bss           0x00819fe0        0x0 c:/altera/12.1sp1/nios2eds/bin/gnu/h-i686-mingw32/bin/../lib/gcc/nios2-elf/4.1.2/mno-hw-mul\libgcc.a(_addsub_df.o)
 .bss           0x00819fe0        0x0 c:/altera/12.1sp1/nios2eds/bin/gnu/h-i686-mingw32/bin/../lib/gcc/nios2-elf/4.1.2/mno-hw-mul\libgcc.a(_mul_df.o)
 .bss           0x00819fe0        0x0 c:/altera/12.1sp1/nios2eds/bin/gnu/h-i686-mingw32/bin/../lib/gcc/nios2-elf/4.1.2/mno-hw-mul\libgcc.a(_div_df.o)
 .bss           0x00819fe0        0x0 c:/altera/12.1sp1/nios2eds/bin/gnu/h-i686-mingw32/bin/../lib/gcc/nios2-elf/4.1.2/mno-hw-mul\libgcc.a(_eq_df.o)
 .bss           0x00819fe0        0x0 c:/altera/12.1sp1/nios2eds/bin/gnu/h-i686-mingw32/bin/../lib/gcc/nios2-elf/4.1.2/mno-hw-mul\libgcc.a(_ne_df.o)
 .bss           0x00819fe0        0x0 c:/altera/12.1sp1/nios2eds/bin/gnu/h-i686-mingw32/bin/../lib/gcc/nios2-elf/4.1.2/mno-hw-mul\libgcc.a(_gt_df.o)
 .bss           0x00819fe0        0x0 c:/altera/12.1sp1/nios2eds/bin/gnu/h-i686-mingw32/bin/../lib/gcc/nios2-elf/4.1.2/mno-hw-mul\libgcc.a(_ge_df.o)
 .bss           0x00819fe0        0x0 c:/altera/12.1sp1/nios2eds/bin/gnu/h-i686-mingw32/bin/../lib/gcc/nios2-elf/4.1.2/mno-hw-mul\libgcc.a(_lt_df.o)
 .bss           0x00819fe0        0x0 c:/altera/12.1sp1/nios2eds/bin/gnu/h-i686-mingw32/bin/../lib/gcc/nios2-elf/4.1.2/mno-hw-mul\libgcc.a(_si_to_df.o)
 .bss           0x00819fe0        0x0 c:/altera/12.1sp1/nios2eds/bin/gnu/h-i686-mingw32/bin/../lib/gcc/nios2-elf/4.1.2/mno-hw-mul\libgcc.a(_df_to_si.o)
 .bss           0x00819fe0        0x0 c:/altera/12.1sp1/nios2eds/bin/gnu/h-i686-mingw32/bin/../lib/gcc/nios2-elf/4.1.2/mno-hw-mul\libgcc.a(_thenan_df.o)
 .bss           0x00819fe0        0x0 c:/altera/12.1sp1/nios2eds/bin/gnu/h-i686-mingw32/bin/../lib/gcc/nios2-elf/4.1.2/mno-hw-mul\libgcc.a(_usi_to_df.o)
 .bss           0x00819fe0        0x0 c:/altera/12.1sp1/nios2eds/bin/gnu/h-i686-mingw32/bin/../lib/gcc/nios2-elf/4.1.2/mno-hw-mul\libgcc.a(lib2-divmod.o)
 .bss           0x00819fe0        0x0 c:/altera/12.1sp1/nios2eds/bin/gnu/h-i686-mingw32/bin/../lib/gcc/nios2-elf/4.1.2/mno-hw-mul\libgcc.a(lib2-mul.o)
 .bss           0x00819fe0        0x0 c:/altera/12.1sp1/nios2eds/bin/gnu/h-i686-mingw32/bin/../lib/gcc/nios2-elf/4.1.2/mno-hw-mul\libgcc.a(_muldi3.o)
 .bss           0x00819fe0        0x0 c:/altera/12.1sp1/nios2eds/bin/gnu/h-i686-mingw32/bin/../lib/gcc/nios2-elf/4.1.2/mno-hw-mul\libgcc.a(_clz.o)
 .bss           0x00819fe0        0x0 c:/altera/12.1sp1/nios2eds/bin/gnu/h-i686-mingw32/bin/../lib/gcc/nios2-elf/4.1.2/mno-hw-mul\libgcc.a(_clzsi2.o)
 .bss           0x00819fe0        0x0 c:/altera/12.1sp1/nios2eds/bin/gnu/h-i686-mingw32/bin/../lib/gcc/nios2-elf/4.1.2/mno-hw-mul\libgcc.a(_pack_df.o)
 .bss           0x00819fe0        0x0 c:/altera/12.1sp1/nios2eds/bin/gnu/h-i686-mingw32/bin/../lib/gcc/nios2-elf/4.1.2/mno-hw-mul\libgcc.a(_unpack_df.o)
 .bss           0x00819fe0        0x0 c:/altera/12.1sp1/nios2eds/bin/gnu/h-i686-mingw32/bin/../lib/gcc/nios2-elf/4.1.2/mno-hw-mul\libgcc.a(_fpcmp_parts_df.o)
 .bss           0x00819fe0        0x0 ../MIDIGenerator_bsp/\libucosii_bsp.a(alt_close.o)
 .bss           0x00819fe0        0x0 ../MIDIGenerator_bsp/\libucosii_bsp.a(alt_dev.o)
 .bss           0x00819fe0        0x0 ../MIDIGenerator_bsp/\libucosii_bsp.a(alt_errno.o)
 .bss           0x00819fe0        0x0 ../MIDIGenerator_bsp/\libucosii_bsp.a(alt_fstat.o)
 .bss           0x00819fe0        0x0 ../MIDIGenerator_bsp/\libucosii_bsp.a(alt_isatty.o)
 .bss           0x00819fe0        0x0 ../MIDIGenerator_bsp/\libucosii_bsp.a(alt_load.o)
 .bss           0x00819fe0        0x0 ../MIDIGenerator_bsp/\libucosii_bsp.a(alt_lseek.o)
 .bss           0x00819fe0        0x0 ../MIDIGenerator_bsp/\libucosii_bsp.a(alt_main.o)
 .bss           0x00819fe0        0x0 ../MIDIGenerator_bsp/\libucosii_bsp.a(alt_printf.o)
 .bss           0x00819fe0        0x0 ../MIDIGenerator_bsp/\libucosii_bsp.a(alt_putchar.o)
 .bss           0x00819fe0        0x0 ../MIDIGenerator_bsp/\libucosii_bsp.a(alt_read.o)
 .bss           0x00819fe0        0x0 ../MIDIGenerator_bsp/\libucosii_bsp.a(alt_release_fd.o)
 .bss           0x00819fe0        0x0 ../MIDIGenerator_bsp/\libucosii_bsp.a(alt_sbrk.o)
 .bss           0x00819fe0        0x0 ../MIDIGenerator_bsp/\libucosii_bsp.a(alt_write.o)
 .bss           0x00819fe0        0x0 ../MIDIGenerator_bsp/\libucosii_bsp.a(alt_env_lock.o)
 .bss           0x00819fe0        0x0 ../MIDIGenerator_bsp/\libucosii_bsp.a(alt_malloc_lock.o)
 .bss           0x00819fe0        0x0 ../MIDIGenerator_bsp/\libucosii_bsp.a(os_core.o)
 .bss           0x00819fe0        0x0 ../MIDIGenerator_bsp/\libucosii_bsp.a(os_dbg.o)
 .bss           0x00819fe0        0x0 ../MIDIGenerator_bsp/\libucosii_bsp.a(os_flag.o)
 .bss           0x00819fe0        0x0 ../MIDIGenerator_bsp/\libucosii_bsp.a(os_mem.o)
 .bss           0x00819fe0        0x0 ../MIDIGenerator_bsp/\libucosii_bsp.a(os_q.o)
 .bss           0x00819fe0        0x0 ../MIDIGenerator_bsp/\libucosii_bsp.a(os_sem.o)
 .bss           0x00819fe0        0x0 ../MIDIGenerator_bsp/\libucosii_bsp.a(os_task.o)
 .bss           0x00819fe0        0x0 ../MIDIGenerator_bsp/\libucosii_bsp.a(os_time.o)
 .bss           0x00819fe0        0x0 ../MIDIGenerator_bsp/\libucosii_bsp.a(alt_sys_init.o)
 .bss           0x00819fe0        0x0 ../MIDIGenerator_bsp/\libucosii_bsp.a(altera_avalon_jtag_uart_fd.o)
 .bss           0x00819fe0        0x0 ../MIDIGenerator_bsp/\libucosii_bsp.a(altera_avalon_jtag_uart_init.o)
 .bss           0x00819fe0        0x0 ../MIDIGenerator_bsp/\libucosii_bsp.a(altera_avalon_jtag_uart_ioctl.o)
 .bss           0x00819fe0        0x0 ../MIDIGenerator_bsp/\libucosii_bsp.a(altera_avalon_jtag_uart_read.o)
 .bss           0x00819fe0        0x0 ../MIDIGenerator_bsp/\libucosii_bsp.a(altera_avalon_jtag_uart_write.o)
 .bss           0x00819fe0        0x0 ../MIDIGenerator_bsp/\libucosii_bsp.a(altera_avalon_timer_sc.o)
 .bss           0x00819fe0        0x0 ../MIDIGenerator_bsp/\libucosii_bsp.a(altera_up_avalon_character_lcd.o)
 .bss           0x00819fe0        0x0 ../MIDIGenerator_bsp/\libucosii_bsp.a(alt_alarm_start.o)
 .bss           0x00819fe0        0x0 ../MIDIGenerator_bsp/\libucosii_bsp.a(alt_dcache_flush_all.o)
 .bss           0x00819fe0        0x0 ../MIDIGenerator_bsp/\libucosii_bsp.a(alt_dev_llist_insert.o)
 .bss           0x00819fe0        0x0 ../MIDIGenerator_bsp/\libucosii_bsp.a(alt_do_ctors.o)
 .bss           0x00819fe0        0x0 ../MIDIGenerator_bsp/\libucosii_bsp.a(alt_do_dtors.o)
 .bss           0x00819fe0        0x0 ../MIDIGenerator_bsp/\libucosii_bsp.a(alt_find_dev.o)
 .bss           0x00819fe0        0x0 ../MIDIGenerator_bsp/\libucosii_bsp.a(alt_icache_flush_all.o)
 .bss           0x00819fe0        0x0 ../MIDIGenerator_bsp/\libucosii_bsp.a(alt_iic.o)
 .bss           0x00819fe0        0x0 ../MIDIGenerator_bsp/\libucosii_bsp.a(alt_iic_isr_register.o)
 .bss           0x00819fe0        0x0 ../MIDIGenerator_bsp/\libucosii_bsp.a(alt_io_redirect.o)
 .bss           0x00819fe0        0x0 ../MIDIGenerator_bsp/\libucosii_bsp.a(alt_irq_entry.o)
 .bss           0x00819fe0        0x0 ../MIDIGenerator_bsp/\libucosii_bsp.a(alt_irq_handler.o)
 .bss           0x00819fe0        0x0 ../MIDIGenerator_bsp/\libucosii_bsp.a(alt_irq_vars.o)
 .bss           0x00819fe0        0x0 ../MIDIGenerator_bsp/\libucosii_bsp.a(alt_open.o)
 .bss           0x00819fe0        0x0 ../MIDIGenerator_bsp/\libucosii_bsp.a(alt_tick.o)
 .bss           0x00819fe0        0x0 ../MIDIGenerator_bsp/\libucosii_bsp.a(altera_nios2_qsys_irq.o)
 .bss           0x00819fe0        0x0 ../MIDIGenerator_bsp/\libucosii_bsp.a(os_cpu_a.o)
 .bss           0x00819fe0        0x0 ../MIDIGenerator_bsp/\libucosii_bsp.a(os_cpu_c.o)
 .bss           0x00819fe0        0x0 ../MIDIGenerator_bsp/\libucosii_bsp.a(alt_exception_entry.o)
 .bss           0x00819fe0        0x0 ../MIDIGenerator_bsp/\libucosii_bsp.a(alt_find_file.o)
 .bss           0x00819fe0        0x0 ../MIDIGenerator_bsp/\libucosii_bsp.a(alt_get_fd.o)
 .bss           0x00819fe0        0x0 c:/altera/12.1sp1/nios2eds/bin/gnu/h-i686-mingw32/bin/../lib/gcc/nios2-elf/4.1.2/../../../../nios2-elf/lib/mno-hw-mul\libc.a(lib_a-atexit.o)
 .bss           0x00819fe0        0x0 c:/altera/12.1sp1/nios2eds/bin/gnu/h-i686-mingw32/bin/../lib/gcc/nios2-elf/4.1.2/../../../../nios2-elf/lib/mno-hw-mul\libc.a(lib_a-exit.o)
 .bss           0x00819fe0        0x0 c:/altera/12.1sp1/nios2eds/bin/gnu/h-i686-mingw32/bin/../lib/gcc/nios2-elf/4.1.2/../../../../nios2-elf/lib/mno-hw-mul\libc.a(lib_a-memcmp.o)
 .bss           0x00819fe0        0x0 c:/altera/12.1sp1/nios2eds/bin/gnu/h-i686-mingw32/bin/../lib/gcc/nios2-elf/4.1.2/../../../../nios2-elf/lib/mno-hw-mul\libc.a(lib_a-putc.o)
 .bss           0x00819fe0        0x0 c:/altera/12.1sp1/nios2eds/bin/gnu/h-i686-mingw32/bin/../lib/gcc/nios2-elf/4.1.2/../../../../nios2-elf/lib/mno-hw-mul\libc.a(lib_a-wbuf.o)
 .bss           0x00819fe0        0x0 c:/altera/12.1sp1/nios2eds/bin/gnu/h-i686-mingw32/bin/../lib/gcc/nios2-elf/4.1.2/../../../../nios2-elf/lib/mno-hw-mul\libc.a(lib_a-__atexit.o)
 .bss           0x00819fe0        0x0 c:/altera/12.1sp1/nios2eds/bin/gnu/h-i686-mingw32/bin/../lib/gcc/nios2-elf/4.1.2/../../../../nios2-elf/lib/mno-hw-mul\libc.a(lib_a-__call_atexit.o)
 .bss           0x00819fe0        0x0 ../MIDIGenerator_bsp/\libucosii_bsp.a(alt_exit.o)
 *(COMMON)
 COMMON         0x00819fe0     0x2000 obj/default/midi_generator.o
                0x00819fe0                inputPollingTaskStack
 COMMON         0x0081bfe0     0x3224 ../MIDIGenerator_bsp/\libucosii_bsp.a(os_core.o)
                0x0081bfe0                OSFlagTbl
                0x0081c350                OSMemTbl
                0x0081cf80                OSTaskStatStk
                0x0081d780                OSQTbl
                0x0081d960                OSTaskIdleStk
                0x0081e160                OSEventTbl
                0x0081eca0                OSTCBTbl
                0x0081f1b0                OSTCBPrioTbl
 COMMON         0x0081f204      0x100 ../MIDIGenerator_bsp/\libucosii_bsp.a(alt_irq_handler.o)
                0x0081f204                alt_irq
 COMMON         0x0081f304      0x190 c:/altera/12.1sp1/nios2eds/bin/gnu/h-i686-mingw32/bin/../lib/gcc/nios2-elf/4.1.2/../../../../nios2-elf/lib/mno-hw-mul\libc.a(lib_a-atexit.o)
                0x0081f304                _atexit0
                0x0081f494                . = ALIGN (0x4)
                0x0081f494                __bss_end = ABSOLUTE (.)

.sdram_0        0x0081f494        0x0
                0x0081f494                PROVIDE (_alt_partition_sdram_0_start, ABSOLUTE (.))
 *(.sdram_0. sdram_0.*)
                0x0081f494                . = ALIGN (0x4)
                0x0081f494                PROVIDE (_alt_partition_sdram_0_end, ABSOLUTE (.))
                0x0081f494                _end = ABSOLUTE (.)
                0x0081f494                end = ABSOLUTE (.)
                0x0081f494                __alt_stack_base = ABSOLUTE (.)
                0x0081f494                PROVIDE (_alt_partition_sdram_0_load_addr, LOADADDR (.sdram_0))

.sram_0         0x01080000        0x0 load address 0x0081f494
                0x01080000                PROVIDE (_alt_partition_sram_0_start, ABSOLUTE (.))
 *(.sram_0. sram_0.*)
                0x01080000                . = ALIGN (0x4)
                0x01080000                PROVIDE (_alt_partition_sram_0_end, ABSOLUTE (.))
                0x0081f494                PROVIDE (_alt_partition_sram_0_load_addr, LOADADDR (.sram_0))

.onchip_memory2_0
                0x011041bc        0x0 load address 0x0081f494
                0x011041bc                PROVIDE (_alt_partition_onchip_memory2_0_start, ABSOLUTE (.))
 *(.onchip_memory2_0. onchip_memory2_0.*)
                0x011041bc                . = ALIGN (0x4)
                0x011041bc                PROVIDE (_alt_partition_onchip_memory2_0_end, ABSOLUTE (.))
                0x0081f494                PROVIDE (_alt_partition_onchip_memory2_0_load_addr, LOADADDR (.onchip_memory2_0))

.stab
 *(.stab)

.stabstr
 *(.stabstr)

.stab.excl
 *(.stab.excl)

.stab.exclstr
 *(.stab.exclstr)

.stab.index
 *(.stab.index)

.stab.indexstr
 *(.stab.indexstr)

.comment        0x00000000       0x26
 *(.comment)
 .comment       0x00000000       0x26 obj/default/midi_generator.o
                                 0x27 (size before relaxing)
 .comment       0x00000000       0x27 c:/altera/12.1sp1/nios2eds/bin/gnu/h-i686-mingw32/bin/../lib/gcc/nios2-elf/4.1.2/../../../../nios2-elf/lib/mno-hw-mul\libc.a(lib_a-printf.o)
 .comment       0x00000000       0x27 c:/altera/12.1sp1/nios2eds/bin/gnu/h-i686-mingw32/bin/../lib/gcc/nios2-elf/4.1.2/../../../../nios2-elf/lib/mno-hw-mul\libc.a(lib_a-strcat.o)
 .comment       0x00000000       0x27 c:/altera/12.1sp1/nios2eds/bin/gnu/h-i686-mingw32/bin/../lib/gcc/nios2-elf/4.1.2/../../../../nios2-elf/lib/mno-hw-mul\libc.a(lib_a-strcpy.o)
 .comment       0x00000000       0x27 c:/altera/12.1sp1/nios2eds/bin/gnu/h-i686-mingw32/bin/../lib/gcc/nios2-elf/4.1.2/../../../../nios2-elf/lib/mno-hw-mul\libc.a(lib_a-vfprintf.o)
 .comment       0x00000000       0x27 c:/altera/12.1sp1/nios2eds/bin/gnu/h-i686-mingw32/bin/../lib/gcc/nios2-elf/4.1.2/../../../../nios2-elf/lib/mno-hw-mul\libc.a(lib_a-wsetup.o)
 .comment       0x00000000       0x27 c:/altera/12.1sp1/nios2eds/bin/gnu/h-i686-mingw32/bin/../lib/gcc/nios2-elf/4.1.2/../../../../nios2-elf/lib/mno-hw-mul\libc.a(lib_a-dtoa.o)
 .comment       0x00000000       0x27 c:/altera/12.1sp1/nios2eds/bin/gnu/h-i686-mingw32/bin/../lib/gcc/nios2-elf/4.1.2/../../../../nios2-elf/lib/mno-hw-mul\libc.a(lib_a-fflush.o)
 .comment       0x00000000       0x27 c:/altera/12.1sp1/nios2eds/bin/gnu/h-i686-mingw32/bin/../lib/gcc/nios2-elf/4.1.2/../../../../nios2-elf/lib/mno-hw-mul\libc.a(lib_a-findfp.o)
 .comment       0x00000000       0x27 c:/altera/12.1sp1/nios2eds/bin/gnu/h-i686-mingw32/bin/../lib/gcc/nios2-elf/4.1.2/../../../../nios2-elf/lib/mno-hw-mul\libc.a(lib_a-freer.o)
 .comment       0x00000000       0x27 c:/altera/12.1sp1/nios2eds/bin/gnu/h-i686-mingw32/bin/../lib/gcc/nios2-elf/4.1.2/../../../../nios2-elf/lib/mno-hw-mul\libc.a(lib_a-fvwrite.o)
 .comment       0x00000000       0x27 c:/altera/12.1sp1/nios2eds/bin/gnu/h-i686-mingw32/bin/../lib/gcc/nios2-elf/4.1.2/../../../../nios2-elf/lib/mno-hw-mul\libc.a(lib_a-fwalk.o)
 .comment       0x00000000       0x27 c:/altera/12.1sp1/nios2eds/bin/gnu/h-i686-mingw32/bin/../lib/gcc/nios2-elf/4.1.2/../../../../nios2-elf/lib/mno-hw-mul\libc.a(lib_a-impure.o)
 .comment       0x00000000       0x27 c:/altera/12.1sp1/nios2eds/bin/gnu/h-i686-mingw32/bin/../lib/gcc/nios2-elf/4.1.2/../../../../nios2-elf/lib/mno-hw-mul\libc.a(lib_a-locale.o)
 .comment       0x00000000       0x27 c:/altera/12.1sp1/nios2eds/bin/gnu/h-i686-mingw32/bin/../lib/gcc/nios2-elf/4.1.2/../../../../nios2-elf/lib/mno-hw-mul\libc.a(lib_a-makebuf.o)
 .comment       0x00000000       0x27 c:/altera/12.1sp1/nios2eds/bin/gnu/h-i686-mingw32/bin/../lib/gcc/nios2-elf/4.1.2/../../../../nios2-elf/lib/mno-hw-mul\libc.a(lib_a-mallocr.o)
 .comment       0x00000000       0x27 c:/altera/12.1sp1/nios2eds/bin/gnu/h-i686-mingw32/bin/../lib/gcc/nios2-elf/4.1.2/../../../../nios2-elf/lib/mno-hw-mul\libc.a(lib_a-memchr.o)
 .comment       0x00000000       0x27 c:/altera/12.1sp1/nios2eds/bin/gnu/h-i686-mingw32/bin/../lib/gcc/nios2-elf/4.1.2/../../../../nios2-elf/lib/mno-hw-mul\libc.a(lib_a-memcpy.o)
 .comment       0x00000000       0x27 c:/altera/12.1sp1/nios2eds/bin/gnu/h-i686-mingw32/bin/../lib/gcc/nios2-elf/4.1.2/../../../../nios2-elf/lib/mno-hw-mul\libc.a(lib_a-memmove.o)
 .comment       0x00000000       0x27 c:/altera/12.1sp1/nios2eds/bin/gnu/h-i686-mingw32/bin/../lib/gcc/nios2-elf/4.1.2/../../../../nios2-elf/lib/mno-hw-mul\libc.a(lib_a-memset.o)
 .comment       0x00000000       0x27 c:/altera/12.1sp1/nios2eds/bin/gnu/h-i686-mingw32/bin/../lib/gcc/nios2-elf/4.1.2/../../../../nios2-elf/lib/mno-hw-mul\libc.a(lib_a-mprec.o)
 .comment       0x00000000       0x27 c:/altera/12.1sp1/nios2eds/bin/gnu/h-i686-mingw32/bin/../lib/gcc/nios2-elf/4.1.2/../../../../nios2-elf/lib/mno-hw-mul\libc.a(lib_a-reallocr.o)
 .comment       0x00000000       0x27 c:/altera/12.1sp1/nios2eds/bin/gnu/h-i686-mingw32/bin/../lib/gcc/nios2-elf/4.1.2/../../../../nios2-elf/lib/mno-hw-mul\libc.a(lib_a-s_isinfd.o)
 .comment       0x00000000       0x27 c:/altera/12.1sp1/nios2eds/bin/gnu/h-i686-mingw32/bin/../lib/gcc/nios2-elf/4.1.2/../../../../nios2-elf/lib/mno-hw-mul\libc.a(lib_a-s_isnand.o)
 .comment       0x00000000       0x27 c:/altera/12.1sp1/nios2eds/bin/gnu/h-i686-mingw32/bin/../lib/gcc/nios2-elf/4.1.2/../../../../nios2-elf/lib/mno-hw-mul\libc.a(lib_a-sbrkr.o)
 .comment       0x00000000       0x27 c:/altera/12.1sp1/nios2eds/bin/gnu/h-i686-mingw32/bin/../lib/gcc/nios2-elf/4.1.2/../../../../nios2-elf/lib/mno-hw-mul\libc.a(lib_a-stdio.o)
 .comment       0x00000000       0x27 c:/altera/12.1sp1/nios2eds/bin/gnu/h-i686-mingw32/bin/../lib/gcc/nios2-elf/4.1.2/../../../../nios2-elf/lib/mno-hw-mul\libc.a(lib_a-strcmp.o)
 .comment       0x00000000       0x27 c:/altera/12.1sp1/nios2eds/bin/gnu/h-i686-mingw32/bin/../lib/gcc/nios2-elf/4.1.2/../../../../nios2-elf/lib/mno-hw-mul\libc.a(lib_a-strlen.o)
 .comment       0x00000000       0x27 c:/altera/12.1sp1/nios2eds/bin/gnu/h-i686-mingw32/bin/../lib/gcc/nios2-elf/4.1.2/../../../../nios2-elf/lib/mno-hw-mul\libc.a(lib_a-writer.o)
 .comment       0x00000000       0x27 c:/altera/12.1sp1/nios2eds/bin/gnu/h-i686-mingw32/bin/../lib/gcc/nios2-elf/4.1.2/../../../../nios2-elf/lib/mno-hw-mul\libc.a(lib_a-callocr.o)
 .comment       0x00000000       0x27 c:/altera/12.1sp1/nios2eds/bin/gnu/h-i686-mingw32/bin/../lib/gcc/nios2-elf/4.1.2/../../../../nios2-elf/lib/mno-hw-mul\libc.a(lib_a-closer.o)
 .comment       0x00000000       0x27 c:/altera/12.1sp1/nios2eds/bin/gnu/h-i686-mingw32/bin/../lib/gcc/nios2-elf/4.1.2/../../../../nios2-elf/lib/mno-hw-mul\libc.a(lib_a-fclose.o)
 .comment       0x00000000       0x27 c:/altera/12.1sp1/nios2eds/bin/gnu/h-i686-mingw32/bin/../lib/gcc/nios2-elf/4.1.2/../../../../nios2-elf/lib/mno-hw-mul\libc.a(lib_a-fstatr.o)
 .comment       0x00000000       0x27 c:/altera/12.1sp1/nios2eds/bin/gnu/h-i686-mingw32/bin/../lib/gcc/nios2-elf/4.1.2/../../../../nios2-elf/lib/mno-hw-mul\libc.a(lib_a-int_errno.o)
 .comment       0x00000000       0x27 c:/altera/12.1sp1/nios2eds/bin/gnu/h-i686-mingw32/bin/../lib/gcc/nios2-elf/4.1.2/../../../../nios2-elf/lib/mno-hw-mul\libc.a(lib_a-isattyr.o)
 .comment       0x00000000       0x27 c:/altera/12.1sp1/nios2eds/bin/gnu/h-i686-mingw32/bin/../lib/gcc/nios2-elf/4.1.2/../../../../nios2-elf/lib/mno-hw-mul\libc.a(lib_a-lseekr.o)
 .comment       0x00000000       0x27 c:/altera/12.1sp1/nios2eds/bin/gnu/h-i686-mingw32/bin/../lib/gcc/nios2-elf/4.1.2/../../../../nios2-elf/lib/mno-hw-mul\libc.a(lib_a-readr.o)
 .comment       0x00000000       0x27 c:/altera/12.1sp1/nios2eds/bin/gnu/h-i686-mingw32/bin/../lib/gcc/nios2-elf/4.1.2/mno-hw-mul\libgcc.a(_udivdi3.o)
 .comment       0x00000000       0x27 c:/altera/12.1sp1/nios2eds/bin/gnu/h-i686-mingw32/bin/../lib/gcc/nios2-elf/4.1.2/mno-hw-mul\libgcc.a(_umoddi3.o)
 .comment       0x00000000       0x27 c:/altera/12.1sp1/nios2eds/bin/gnu/h-i686-mingw32/bin/../lib/gcc/nios2-elf/4.1.2/mno-hw-mul\libgcc.a(_addsub_df.o)
 .comment       0x00000000       0x27 c:/altera/12.1sp1/nios2eds/bin/gnu/h-i686-mingw32/bin/../lib/gcc/nios2-elf/4.1.2/mno-hw-mul\libgcc.a(_mul_df.o)
 .comment       0x00000000       0x27 c:/altera/12.1sp1/nios2eds/bin/gnu/h-i686-mingw32/bin/../lib/gcc/nios2-elf/4.1.2/mno-hw-mul\libgcc.a(_div_df.o)
 .comment       0x00000000       0x27 c:/altera/12.1sp1/nios2eds/bin/gnu/h-i686-mingw32/bin/../lib/gcc/nios2-elf/4.1.2/mno-hw-mul\libgcc.a(_eq_df.o)
 .comment       0x00000000       0x27 c:/altera/12.1sp1/nios2eds/bin/gnu/h-i686-mingw32/bin/../lib/gcc/nios2-elf/4.1.2/mno-hw-mul\libgcc.a(_ne_df.o)
 .comment       0x00000000       0x27 c:/altera/12.1sp1/nios2eds/bin/gnu/h-i686-mingw32/bin/../lib/gcc/nios2-elf/4.1.2/mno-hw-mul\libgcc.a(_gt_df.o)